### AI Lover Log - Last updated at 2025-09-30T00:30:59.641218 ###

2025-09-30 00:02:52 - [INFO] -   [Doc 16] Metadata: {'source': 'lore', 'category': 'npc_profile', 'key': 'è²§æ°‘çªŸ > è–éœ²ä¿®é“é™¢ > ç‘ªå€«'}
2025-09-30 00:02:52 - [INFO] -   [Doc 16] Content: ã€NPC æª”æ¡ˆ: ç‘ªå€«ã€‘
- Gender: å¥³æ€§
- Age: å¹´è¿‘å…­åæ­²
- Race: äººé¡
- Appearance: å¤–è²Œè’¼è€ã€‚
- Skills: æ‰¿å—ç—›è‹¦
- Description: è’™æ©è€…ã€‚é‡Œæ–¯ (Rhys) çš„æ¯è¦ªï¼Œå¹´è¿‘å…­åæ­²ï¼Œå¤–è²Œè’¼è€ã€‚é•·æœŸè¢«åš´é‡çš„é¢¨æ¿•ç—…æ‰€æŠ˜ç£¨ã€‚å¥¹çš„åº·å¾©å°‡ã€Œç¥æ©...
2025-09-30 00:02:52 - [INFO] -   [Doc 17] Metadata: {'source': 'canon'}
2025-09-30 00:02:52 - [INFO] -   [Doc 17] Content: * èº«ä»½/å¤–è²Œ: æ€§ç¥æ•™å¾’ã€æ¯ç•œã€è’™æ©è€…ã€‚

   * èƒŒæ™¯/å–œå¥½/æ…¾æœ›: ä¾†è‡ªè²§æ°‘çªŸï¼Œæ›¾å› ã€Œå¿ƒç—›ã€ï¼ˆæ¨æ¸¬ç‚ºå¿ƒè‡Ÿç›¸é—œç–¾ç—…ï¼‰è€Œå°‹æ±‚ç¥æ©ã€‚

   * é—œéµé­é‡: åœ¨å·¥å ´äº‹æ•…ä¸­å³å¤§è…¿è¢«æ°´æ³¥ç ¸æˆç²‰ç¢ã€‚åœ¨å°å¤å¡çˆ¾ç™¼å‡ºæœ€æƒ¡æ¯’çš„ã€Œå›æ•™å®£è¨€ã€å¾Œè¢«ç±³å©­å¸¶å›ä¿®é“é™¢ï¼Œç¶“éå‡±çˆ¾èˆ‡æ¹¯å§†é•·é”å…©å¤©å…©å¤œä¸é–“æ–·çš„ã€Œè¼ªå§¦æ²»ç™‚ã€å¾Œæ–·è…¿...
2025-09-30 00:02:52 - [INFO] -   [Doc 18] Metadata: {'source': 'lore', 'category': 'npc_profile', 'key': 'è²§æ°‘çªŸ > è–éœ²ä¿®é“é™¢ > ç´¢è²äº'}
2025-09-30 00:02:52 - [INFO] -   [Doc 18] Content: ã€NPC æª”æ¡ˆ: ç´¢è²äºã€‘
- Gender: å¥³æ€§
- Age: æœªçŸ¥
- Race: äººé¡
- Appearance: æœªçŸ¥
- Skills: å›æ•™, é‡ç”Ÿ
- Description: æ€§ç¥æ•™å¾’ã€æ¯ç•œã€è’™æ©è€…ã€‚ä¾†è‡ªè²§æ°‘çªŸï¼Œæ›¾å› ã€Œå¿ƒç—›ã€ï¼ˆæ¨æ¸¬ç‚ºå¿ƒè‡Ÿç›¸é—œç–¾ç—…ï¼‰è€Œå°‹æ±‚ç¥æ©ã€‚åœ¨å·¥å ´äº‹æ•…ä¸­å³å¤§è…¿è¢«æ°´æ³¥...
2025-09-30 00:02:52 - [INFO] -   [Doc 19] Metadata: {'source': 'canon'}
2025-09-30 00:02:52 - [INFO] -   [Doc 19] Content: * æ¼¢å¾·ç‘å…‹å¸«å‚… (Master Hendrick): æ´æ‚‰ä¸–äº‹ã€æ•¬ç•æ¬Šå¨ã€å‹¸èª¡å¤§å®¶æ˜å“²ä¿èº«çš„å¹´é•·éºµåŒ…å¸«ã€‚

2. æ–°å¢åŠ‡æƒ…:

   * é€éé€™å››ä½å¹³æ°‘çš„å°è©±ï¼Œå´é¢æå¯«äº†ã€Œç”Ÿå‘½ä¹‹ç¥ã€åœ¨ä¸€èˆ¬åŸå€çš„æµå‚³æƒ…æ³ï¼šå……æ»¿äº†çŸ›ç›¾ã€æ‰­æ›²èˆ‡åŠä¿¡åŠç–‘ã€‚

   * æåŠäº†å…·é«”çš„ã€Œç¥è¹Ÿã€æ¡ˆä¾‹ï¼Œå¦‚æ²»ç™’æ–·è…¿çš„ç´¢è²äº (So...
2025-09-30 00:02:52 - [INFO] - ----------------------------------------------------
2025-09-30 00:02:52 - [INFO] - --- [RAG é€æ˜åº¦æ—¥èªŒ Step 2/4] å¾Œè™•ç†ç¯©é¸å¾Œå‰©é¤˜ 17 æ¢æ–‡æª” ---
2025-09-30 00:02:52 - [INFO] -   [Filtered Doc 1] Metadata: {'source': 'lore', 'category': 'npc_profile', 'key': 'è²§æ°‘çªŸ > è–éœ²ä¿®é“é™¢ > æ³°è'}
2025-09-30 00:02:52 - [INFO] -   [Filtered Doc 2] Metadata: {'source': 'lore', 'category': 'npc_profile', 'key': 'è²§æ°‘çªŸ > è–éœ²ä¿®é“é™¢ > å¡è“®'}
2025-09-30 00:02:52 - [INFO] -   [Filtered Doc 3] Metadata: {'source': 'canon'}
2025-09-30 00:02:52 - [INFO] -   [Filtered Doc 4] Metadata: {'source': 'lore', 'category': 'npc_profile', 'key': 'ç¶­åˆ©çˆ¾æ–¯èŠåœ’ > è–å‡±ç‘Ÿç³å­¸é™¢ > è‰è‰çµ²'}
2025-09-30 00:02:52 - [INFO] -   [Filtered Doc 5] Metadata: {'source': 'canon'}
2025-09-30 00:02:52 - [INFO] -   [Filtered Doc 6] Metadata: {'source': 'lore', 'category': 'npc_profile', 'key': 'è²§æ°‘çªŸ > è–éœ²ä¿®é“é™¢ > ç¶­åˆ©çˆ¾æ–¯èŠåœ’ > ç±³å©­'}
2025-09-30 00:02:52 - [INFO] -   [Filtered Doc 7] Metadata: {'category': 'location_info', 'key': 'è–éœ²ä¿®é“é™¢', 'source': 'lore'}
2025-09-30 00:02:52 - [INFO] -   [Filtered Doc 8] Metadata: {'source': 'canon'}
2025-09-30 00:02:52 - [INFO] -   [Filtered Doc 9] Metadata: {'source': 'canon'}
2025-09-30 00:02:52 - [INFO] -   [Filtered Doc 10] Metadata: {'source': 'lore', 'category': 'npc_profile', 'key': 'è²§æ°‘çªŸ > è–éœ²ä¿®é“é™¢ > è‰¾æ‹‰'}
2025-09-30 00:02:52 - [INFO] -   [Filtered Doc 11] Metadata: {'source': 'canon'}
2025-09-30 00:02:52 - [INFO] -   [Filtered Doc 12] Metadata: {'source': 'lore', 'category': 'npc_profile', 'key': 'è²§æ°‘çªŸ > è–éœ²ä¿®é“é™¢ > å‡±çˆ¾'}
2025-09-30 00:02:52 - [INFO] -   [Filtered Doc 13] Metadata: {'source': 'canon'}
2025-09-30 00:02:52 - [INFO] -   [Filtered Doc 14] Metadata: {'source': 'lore', 'category': 'npc_profile', 'key': 'è²§æ°‘çªŸ > è–éœ²ä¿®é“é™¢ > é‡Œæ–¯'}
2025-09-30 00:02:52 - [INFO] -   [Filtered Doc 15] Metadata: {'source': 'lore', 'category': 'npc_profile', 'key': 'è²§æ°‘çªŸ > è–éœ²ä¿®é“é™¢ > ç‘ªå€«'}
2025-09-30 00:02:52 - [INFO] -   [Filtered Doc 16] Metadata: {'source': 'canon'}
2025-09-30 00:02:52 - [INFO] -   [Filtered Doc 17] Metadata: {'source': 'lore', 'category': 'npc_profile', 'key': 'è²§æ°‘çªŸ > è–éœ²ä¿®é“é™¢ > ç´¢è²äº'}
2025-09-30 00:02:52 - [INFO] - ----------------------------------------------------
2025-09-30 00:02:52 - [INFO] - --- [RAG é€æ˜åº¦æ—¥èªŒ Step 3/4] æ–‡æª”åˆ†é›¢çµæœ ---
2025-09-30 00:02:52 - [INFO] -   æ­¸é¡ç‚ºã€è¦å‰‡ã€‘çš„æ–‡æª” (0 æ¢): []
2025-09-30 00:02:52 - [INFO] -   æ­¸é¡ç‚ºã€å¾…æ‘˜è¦ã€‘çš„æ–‡æª” (17 æ¢): ['è²§æ°‘çªŸ > è–éœ²ä¿®é“é™¢ > æ³°è', 'è²§æ°‘çªŸ > è–éœ²ä¿®é“é™¢ > å¡è“®', 'Memory', 'ç¶­åˆ©çˆ¾æ–¯èŠåœ’ > è–å‡±ç‘Ÿç³å­¸é™¢ > è‰è‰çµ²', 'Memory', 'è²§æ°‘çªŸ > è–éœ²ä¿®é“é™¢ > ç¶­åˆ©çˆ¾æ–¯èŠåœ’ > ç±³å©­', 'è–éœ²ä¿®é“é™¢', 'Memory', 'Memory', 'è²§æ°‘çªŸ > è–éœ²ä¿®é“é™¢ > è‰¾æ‹‰', 'Memory', 'è²§æ°‘çªŸ > è–éœ²ä¿®é“é™¢ > å‡±çˆ¾', 'Memory', 'è²§æ°‘çªŸ > è–éœ²ä¿®é“é™¢ > é‡Œæ–¯', 'è²§æ°‘çªŸ > è–éœ²ä¿®é“é™¢ > ç‘ªå€«', 'Memory', 'è²§æ°‘çªŸ > è–éœ²ä¿®é“é™¢ > ç´¢è²äº']
2025-09-30 00:02:52 - [INFO] -   [æœ€çµ‚ç”Ÿæˆçš„ rules_context] (å‚³éçµ¦å°æ¼”):
---
ï¼ˆç•¶å‰å ´æ™¯ç„¡ç‰¹å®šçš„è¡Œç‚ºæº–å‰‡æˆ–ä¸–ç•Œè§€è¨­å®šï¼‰
---
2025-09-30 00:02:52 - [INFO] - ----------------------------------------------------
2025-09-30 00:02:52 - [INFO] - [512280345618546699] [RAGäº‹å¯¦æå–-1] å¿«é€Ÿå˜—è©¦ï¼šé›²ç«¯æ¨¡å‹...
2025-09-30 00:03:14 - [INFO] - [512280345618546699] [LLM Success] Generation successful using model 'gemini-2.5-flash-lite' with API Key #3.
2025-09-30 00:03:14 - [INFO] - [512280345618546699] [RAGäº‹å¯¦æå–] âœ… æˆåŠŸæå–äº‹å¯¦æ¸…å–®ã€‚
2025-09-30 00:03:14 - [INFO] - --- [RAG é€æ˜åº¦æ—¥èªŒ Step 4/4] æœ€çµ‚è¼¸å‡º ---
2025-09-30 00:03:14 - [INFO] -   [æœ€çµ‚ rules_context é•·åº¦]: 20
2025-09-30 00:03:14 - [INFO] -   [æœ€çµ‚ summary_context é•·åº¦]: 15
2025-09-30 00:03:14 - [INFO] - --- RAG æµç¨‹çµæŸ ---
2025-09-30 00:03:14 - [INFO] - [512280345618546699] [AIå°æ¼”] æ­£åœ¨å•Ÿå‹•å°æ¼”æ±ºç­–æ¨¡çµ„...
2025-09-30 00:03:14 - [INFO] - --- [AI å°æ¼”é€æ˜åº¦æ—¥èªŒ] å‚³éçµ¦å°æ¼”çš„å®Œæ•´ä¸Šä¸‹æ–‡ ---
2025-09-30 00:03:14 - [INFO] -   [WORLD_SETTINGS]:
---
é€™æ˜¯ä¸€å€‹é­”æ³•çš„å¹»æƒ³ä¸–ç•Œã€‚
---
2025-09-30 00:03:14 - [INFO] -   [RELEVANT_CHARACTERS_SUMMARY]:
---
ç±³å©­ (èº«ä»½: ['è–å¥³', 'Mia', 'æ´»ç¥è¹Ÿ', 'è–éœ²ä¿®é“é™¢è–å¥³']), DINO (èº«ä»½: ç„¡)
---
2025-09-30 00:03:14 - [INFO] -   [LOCATION_DESCRIPTION]:
---
å®…é‚¸: ä¸€å€‹ç¥ç§˜çš„åœ°æ–¹
---
2025-09-30 00:03:14 - [INFO] -   [RAG_SUMMARY]:
---
ã€èƒŒæ™¯æ­·å²åƒè€ƒï¼ˆäº‹å¯¦è¦é»ï¼‰ã€‘:
---
2025-09-30 00:03:14 - [INFO] -   [SCENE_RULES_CONTEXT]:
---
ï¼ˆç•¶å‰å ´æ™¯ç„¡ç‰¹å®šçš„è¡Œç‚ºæº–å‰‡æˆ–ä¸–ç•Œè§€è¨­å®šï¼‰
---
2025-09-30 00:03:14 - [INFO] -   [USER_INPUT]:
---
æè¿°ç±³å©­åœ¨å®…é‚¸é‡åˆ°å‹›çˆµ
---
2025-09-30 00:03:14 - [INFO] - ----------------------------------------------------
2025-09-30 00:03:15 - [INFO] - [512280345618546699] [LLM Success] Generation successful using model 'gemini-2.5-flash-lite' with API Key #4.
2025-09-30 00:03:15 - [INFO] - [512280345618546699] [AIå°æ¼”] æ±ºç­–å®Œæˆã€‚æœ€çµ‚åŠ‡æœ¬å¤§ç¶±: 'æ•…äº‹å‘ç”Ÿåœ¨å®…é‚¸ã€‚ç±³å¨…ï¼Œä¸€ä½æ‹¥æœ‰ã€åœ£å¥³ã€ã€ã€Miaã€ã€ã€æ´»ç¥è¹Ÿã€ã€ã€åœ£éœ²ä¿®é“é™¢åœ£å¥³ã€èº«ä»½çš„è§’è‰²ï¼Œåœ¨æ­¤åœ°é­é‡äº†å‹‹çˆµã€‚å½“å‰åœºæ™¯æ²¡æœ‰ç‰¹å®šçš„è¡Œä¸ºå‡†åˆ™æˆ–ä¸–ç•Œè§‚è®¾å®šéœ€è¦å¼ºåˆ¶æ‰§è¡Œã€‚è¯·ç”Ÿæˆä¸€ä¸ªæè¿°ç±³å¨…åœ¨å®…é‚¸ä¸­é‡åˆ°å‹‹çˆµçš„åœºæ™¯ï¼Œå¹¶ç¡®ä¿åœºæ™¯çš„ç»†èŠ‚å’Œå‘å±•ç¬¦åˆè¿™ä¸€æ ¸å¿ƒæŒ‡ä»¤ã€‚'
2025-09-30 00:03:15 - [INFO] - [512280345618546699] [ç´”ç²¹ç”Ÿæˆæµç¨‹] æ­£åœ¨åŸ·è¡Œå°èªªç”Ÿæˆ...
2025-09-30 00:03:58 - [INFO] - [512280345618546699] [LLM Success] Generation successful using model 'gemini-2.5-pro' with API Key #5.
2025-09-30 00:04:00 - [INFO] - [512280345618546699] [ç´”ç²¹ç”Ÿæˆæµç¨‹] å°èªªæ–‡æœ¬ç”ŸæˆæˆåŠŸï¼Œä¸¦å·²ç‚ºäº‹å¾Œåˆ†æå‰µå»ºè©³ç´°ä¸Šä¸‹æ–‡å¿«ç…§ã€‚
2025-09-30 00:04:01 - [INFO] - [512280345618546699] å›æ‡‰å·²ç™¼é€ã€‚æ­£åœ¨å•Ÿå‹•çµ±ä¸€çš„ã€Œäº‹å¾Œåˆ†æã€ä»»å‹™...
2025-09-30 00:04:03 - [INFO] - [512280345618546699] [äº‹å¾Œåˆ†æ] æ­£åœ¨å•Ÿå‹•èƒŒæ™¯åˆ†æä»»å‹™...
2025-09-30 00:04:05 - [INFO] - [512280345618546699] [LLM Success] Generation successful using model 'gemini-2.5-flash-lite' with API Key #0.
2025-09-30 00:04:05 - [INFO] - [512280345618546699] [é•·æœŸè¨˜æ†¶å¯«å…¥] æ­£åœ¨ä¿å­˜é ç”Ÿæˆçš„å®‰å…¨æ‘˜è¦...
2025-09-30 00:04:05 - [INFO] - [512280345618546699] [é•·æœŸè¨˜æ†¶å¯«å…¥] äº’å‹•è¨˜éŒ„å·²æˆåŠŸä¿å­˜åˆ° SQL è³‡æ–™åº«ã€‚
2025-09-30 00:04:05 - [INFO] - [512280345618546699] [é•·æœŸè¨˜æ†¶å¯«å…¥] å®‰å…¨æ‘˜è¦ä¿å­˜å®Œç•¢ã€‚
2025-09-30 00:04:05 - [INFO] - [512280345618546699] [äº‹å¾Œåˆ†æ] èƒŒæ™¯åˆ†æèˆ‡è™•ç†ä»»å‹™å®Œæˆã€‚
2025-09-30 00:12:10 - [INFO] - æ‰€æœ‰æŒä¹…åŒ– UI è¦–åœ–å·²æˆåŠŸè¨»å†Šã€‚
2025-09-30 00:12:10 - [INFO] - æ­£åœ¨å˜—è©¦å°‡æ‡‰ç”¨ç¨‹å¼æŒ‡ä»¤ (Slash Commands) å…¨åŸŸåŒæ­¥åˆ° Discord...
2025-09-30 00:12:11 - [INFO] - âœ… æ‡‰ç”¨ç¨‹å¼æŒ‡ä»¤å…¨åŸŸåŒæ­¥æˆåŠŸï¼(æ³¨æ„ï¼šå…¨åŸŸæŒ‡ä»¤æ›´æ–°å¯èƒ½éœ€è¦é•·é”ä¸€å°æ™‚æ‰èƒ½åœ¨æ‰€æœ‰ä¼ºæœå™¨ç”Ÿæ•ˆ)
2025-09-30 00:12:11 - [INFO] - Discord Bot is ready!
2025-09-30 00:12:13 - [INFO] - ã€å¥åº·æª¢æŸ¥ & Keep-Aliveã€‘èƒŒæ™¯ä»»å‹™å·²å•Ÿå‹•ã€‚
2025-09-30 00:12:13 - [INFO] - Logged in as AI#4450 (ID: 1358417100250808531)
2025-09-30 00:12:14 - [INFO] - å·²æˆåŠŸç™¼é€å•Ÿå‹•æˆåŠŸé€šçŸ¥çµ¦ç®¡ç†å“¡ã€‚
2025-09-30 00:20:15 - [INFO] - æ‰€æœ‰æŒä¹…åŒ– UI è¦–åœ–å·²æˆåŠŸè¨»å†Šã€‚
2025-09-30 00:20:15 - [INFO] - æ­£åœ¨å˜—è©¦å°‡æ‡‰ç”¨ç¨‹å¼æŒ‡ä»¤ (Slash Commands) å…¨åŸŸåŒæ­¥åˆ° Discord...
2025-09-30 00:20:15 - [INFO] - âœ… æ‡‰ç”¨ç¨‹å¼æŒ‡ä»¤å…¨åŸŸåŒæ­¥æˆåŠŸï¼(æ³¨æ„ï¼šå…¨åŸŸæŒ‡ä»¤æ›´æ–°å¯èƒ½éœ€è¦é•·é”ä¸€å°æ™‚æ‰èƒ½åœ¨æ‰€æœ‰ä¼ºæœå™¨ç”Ÿæ•ˆ)
2025-09-30 00:20:15 - [INFO] - Discord Bot is ready!
2025-09-30 00:20:18 - [INFO] - ã€å¥åº·æª¢æŸ¥ & Keep-Aliveã€‘èƒŒæ™¯ä»»å‹™å·²å•Ÿå‹•ã€‚
2025-09-30 00:20:18 - [INFO] - Logged in as AI#4450 (ID: 1358417100250808531)
2025-09-30 00:20:19 - [INFO] - å·²æˆåŠŸç™¼é€å•Ÿå‹•æˆåŠŸé€šçŸ¥çµ¦ç®¡ç†å“¡ã€‚
2025-09-30 00:21:42 - [INFO] - [512280345618546699] å¾Œå°é‡ç½®ä»»å‹™é–‹å§‹...
2025-09-30 00:21:42 - [INFO] - ä½¿ç”¨è€… 512280345618546699 æ²’æœ‰æ´»èºçš„ AI å¯¦ä¾‹ï¼Œå˜—è©¦å‰µå»º...
2025-09-30 00:21:42 - [INFO] - [512280345618546699] æ ¸å¿ƒæ•¸æ“šæ¨¡æ¿ 'world_snapshot_template.txt' å·²æˆåŠŸåŠ è¼‰ã€‚
2025-09-30 00:21:42 - [INFO] - [512280345618546699] æ ¸å¿ƒå”è­° '00_supreme_directive.txt' å·²æˆåŠŸåŠ è¼‰ã€‚
2025-09-30 00:21:42 - [INFO] - [512280345618546699] æ­£åœ¨å‰µå»ºæœ¬åœ° Embedding æ¨¡å‹ 'infgrad/stella-base-zh-v2' å¯¦ä¾‹...
2025-09-30 00:21:45 - [INFO] - [512280345618546699] âœ… æœ¬åœ° Embedding æ¨¡å‹å¯¦ä¾‹å‰µå»ºæˆåŠŸã€‚
2025-09-30 00:21:45 - [INFO] - [512280345618546699] (Retriever Builder) æª¢æ¸¬åˆ°ç¾æœ‰ RAG ç´¢å¼•ï¼Œæ­£åœ¨åŠ è¼‰...
2025-09-30 00:21:45 - [INFO] - [512280345618546699] [RAGæŒä¹…åŒ–] æˆåŠŸå¾ç£ç¢ŸåŠ è¼‰äº† 80 æ¢æ–‡æª”åˆ° RAG èªæ–™åº«ã€‚
2025-09-30 00:21:47 - [INFO] - [512280345618546699] (Retriever Builder) âœ… æ··åˆæª¢ç´¢å™¨å·²æˆåŠŸå¾æŒä¹…åŒ–ç´¢å¼•åŠ è¼‰ã€‚
2025-09-30 00:21:47 - [INFO] - [512280345618546699] æ‰€æœ‰æ§‹å»ºéˆçš„å‰ç½®è³‡æºå·²æº–å‚™å°±ç·’ã€‚
2025-09-30 00:21:47 - [INFO] - ç‚ºä½¿ç”¨è€… 512280345618546699 æˆåŠŸå‰µå»ºä¸¦åˆå§‹åŒ– AI å¯¦ä¾‹ã€‚
2025-09-30 00:21:47 - [INFO] - [512280345618546699] æ­£åœ¨å¾è³‡æ–™åº«æ¢å¾©çŸ­æœŸå ´æ™¯è¨˜æ†¶...
2025-09-30 00:21:47 - [INFO] - [512280345618546699] æˆåŠŸæ¢å¾©äº† 1 å€‹å ´æ™¯çš„å°è©±æ­·å²ï¼Œç¸½è¨ˆ 5 æ¢è¨Šæ¯ã€‚
2025-09-30 00:21:47 - [INFO] - [512280345618546699] æ­£åœ¨é—œé–‰ AI å¯¦ä¾‹ä¸¦é‡‹æ”¾è³‡æº...
2025-09-30 00:21:47 - [INFO] - [512280345618546699] ChromaDB å¾Œå°æœå‹™å·²è«‹æ±‚åœæ­¢ã€‚
2025-09-30 00:21:48 - [INFO] - [512280345618546699] AI å¯¦ä¾‹è³‡æºå·²é‡‹æ”¾ã€‚
2025-09-30 00:21:50 - [INFO] - [512280345618546699] æ­£åœ¨æ¸…é™¤æ‰€æœ‰çŸ­æœŸå ´æ™¯è¨˜æ†¶...
2025-09-30 00:21:50 - [INFO] - [512280345618546699] å·²æˆåŠŸå¾è³‡æ–™åº«ä¸­åˆªé™¤ 5 æ¢å ´æ™¯æ­·å²è¨˜éŒ„ã€‚
2025-09-30 00:22:05 - [INFO] - [512280345618546699] (UI Event) Persistent 'StartSetupView' button clicked.
2025-09-30 00:22:21 - [INFO] - [512280345618546699] (UI Event) WorldSettingsModal submitted. is_setup_flow: True
2025-09-30 00:22:21 - [INFO] - ä½¿ç”¨è€… 512280345618546699 æ²’æœ‰æ´»èºçš„ AI å¯¦ä¾‹ï¼Œå˜—è©¦å‰µå»º...
2025-09-30 00:22:21 - [INFO] - [512280345618546699] è™•æ–¼è¨­å®šæµç¨‹ä¸­ï¼Œå³ä½¿è³‡æ–™åº«ç„¡è¨˜éŒ„ï¼Œä¹Ÿå‰µå»ºä¸€å€‹è‡¨æ™‚çš„è¨˜æ†¶é«”å¯¦ä¾‹ã€‚
2025-09-30 00:22:21 - [INFO] - [512280345618546699] æ ¸å¿ƒæ•¸æ“šæ¨¡æ¿ 'world_snapshot_template.txt' å·²æˆåŠŸåŠ è¼‰ã€‚
2025-09-30 00:22:21 - [INFO] - [512280345618546699] æ ¸å¿ƒå”è­° '00_supreme_directive.txt' å·²æˆåŠŸåŠ è¼‰ã€‚
2025-09-30 00:22:21 - [INFO] - [512280345618546699] æ­£åœ¨å‰µå»ºæœ¬åœ° Embedding æ¨¡å‹ 'infgrad/stella-base-zh-v2' å¯¦ä¾‹...
2025-09-30 00:22:22 - [INFO] - [512280345618546699] âœ… æœ¬åœ° Embedding æ¨¡å‹å¯¦ä¾‹å‰µå»ºæˆåŠŸã€‚
2025-09-30 00:22:22 - [INFO] - [512280345618546699] (Retriever Builder) æœªæ‰¾åˆ°æŒä¹…åŒ– RAG ç´¢å¼•ï¼Œæ­£åœ¨å¾è³‡æ–™åº«åŸ·è¡Œå…¨é‡å‰µå§‹æ§‹å»º...
2025-09-30 00:22:22 - [INFO] - [512280345618546699] (Retriever Builder) å·²å¾ SQL å’Œ LORE åŠ è¼‰ 0 æ¢æ–‡æª”ç”¨æ–¼å‰µå§‹æ§‹å»ºã€‚
2025-09-30 00:22:22 - [INFO] - [512280345618546699] (Retriever Builder) çŸ¥è­˜åº«ç‚ºç©ºï¼Œå‰µå§‹æ§‹å»ºç‚ºç©ºã€‚
2025-09-30 00:22:22 - [INFO] - [512280345618546699] æ‰€æœ‰æ§‹å»ºéˆçš„å‰ç½®è³‡æºå·²æº–å‚™å°±ç·’ã€‚
2025-09-30 00:22:22 - [INFO] - [512280345618546699] æ¥æ”¶åˆ° profile æ›´æ–°è«‹æ±‚: ['world_settings']
2025-09-30 00:22:22 - [WARNING] - [512280345618546699] åœ¨æŒä¹…åŒ–æ›´æ–°æ™‚æ‰¾ä¸åˆ°ä½¿ç”¨è€…è³‡æ–™ï¼Œå°‡å‰µå»ºæ–°è¨˜éŒ„ã€‚
2025-09-30 00:22:23 - [INFO] - [512280345618546699] Profile æ›´æ–°ä¸¦æŒä¹…åŒ–æˆåŠŸã€‚
2025-09-30 00:22:30 - [INFO] - [512280345618546699] (UI Event) Persistent 'ContinueToUserSetupView' button clicked.
2025-09-30 00:22:54 - [INFO] - [512280345618546699] (UI Event) CharacterSettingsModal submitted for profile_type: 'user', is_setup_flow: True
2025-09-30 00:22:55 - [INFO] - [512280345618546699] æ¥æ”¶åˆ° profile æ›´æ–°è«‹æ±‚: ['user_profile']
2025-09-30 00:22:55 - [INFO] - [512280345618546699] Profile æ›´æ–°ä¸¦æŒä¹…åŒ–æˆåŠŸã€‚
2025-09-30 00:22:57 - [INFO] - [512280345618546699] (UI Event) Persistent 'ContinueToAiSetupView' button clicked.
2025-09-30 00:23:32 - [INFO] - [512280345618546699] (UI Event) CharacterSettingsModal submitted for profile_type: 'ai', is_setup_flow: True
2025-09-30 00:23:32 - [INFO] - [512280345618546699] æ¥æ”¶åˆ° profile æ›´æ–°è«‹æ±‚: ['ai_profile']
2025-09-30 00:23:33 - [INFO] - [512280345618546699] Profile æ›´æ–°ä¸¦æŒä¹…åŒ–æˆåŠŸã€‚
2025-09-30 00:23:35 - [INFO] - [512280345618546699] [åˆ›ä¸–æµç¨‹] æ¡£æ¡ˆä¸Šä¼ å¼€å§‹ï¼Œå·²è®¾ç½® active_setups çŠ¶æ€é”ã€‚
2025-09-30 00:23:42 - [INFO] - [512280345618546699] (on_message) åµæ¸¬åˆ°ç”¨æˆ¶è™•æ–¼æ´»èºçš„å‰µä¸–æµç¨‹ä¸­ï¼Œå·²å¿½ç•¥å¸¸è¦è¨Šæ¯ '...' ä»¥é˜²æ­¢ç«¶çˆ­ã€‚
2025-09-30 00:23:45 - [INFO] - [512280345618546699] ç‹¬ç«‹çš„åå°åˆ›ä¸–æµç¨‹å·²ä¸ºç”¨æˆ·å¯åŠ¨ã€‚
2025-09-30 00:23:45 - [INFO] - [512280345618546699] [åå°åˆ›ä¸– 1/4] æ­£åœ¨å¤„ç†ä¸–ç•Œåœ£ç»...
2025-09-30 00:23:45 - [ERROR] - [512280345618546699] (Canon Processor) Vector store æœªåˆå§‹åŒ–ï¼Œç„¡æ³•æ·»åŠ ä¸–ç•Œè–ç¶“ã€‚
2025-09-30 00:23:45 - [INFO] - [512280345618546699] (Retriever Builder) å¼·åˆ¶é‡å»ºè§¸ç™¼ï¼Œæ­£åœ¨å¾è³‡æ–™åº«åŸ·è¡Œå…¨é‡å‰µå§‹æ§‹å»º...
2025-09-30 00:23:45 - [INFO] - [512280345618546699] (Retriever Builder) å·²å¾ SQL å’Œ LORE åŠ è¼‰ 0 æ¢æ–‡æª”ç”¨æ–¼å‰µå§‹æ§‹å»ºã€‚
2025-09-30 00:23:45 - [INFO] - [512280345618546699] (Retriever Builder) çŸ¥è­˜åº«ç‚ºç©ºï¼Œå‰µå§‹æ§‹å»ºç‚ºç©ºã€‚
2025-09-30 00:23:45 - [ERROR] - [512280345618546699] åå°åˆ›ä¸–æµç¨‹å‘ç”Ÿä¸¥é‡é”™è¯¯: å³ä½¿åœ¨å¼·åˆ¶é‡å»ºå¾Œï¼ŒVector Store ä»ç„¶ç„¡æ³•åˆå§‹åŒ–ã€‚
Traceback (most recent call last):
  File "D:\DINO\SD\ComfyUI\personal_server\ai_lover_service\src\discord_bot.py", line 1303, in _perform_full_setup_flow
    await ai_instance.add_canon_to_vector_store(canon_text)
  File "D:\DINO\SD\ComfyUI\personal_server\ai_lover_service\src\ai_core.py", line 3649, in add_canon_to_vector_store
    raise RuntimeError("å³ä½¿åœ¨å¼·åˆ¶é‡å»ºå¾Œï¼ŒVector Store ä»ç„¶ç„¡æ³•åˆå§‹åŒ–ã€‚")
RuntimeError: å³ä½¿åœ¨å¼·åˆ¶é‡å»ºå¾Œï¼ŒVector Store ä»ç„¶ç„¡æ³•åˆå§‹åŒ–ã€‚
2025-09-30 00:23:45 - [INFO] - [512280345618546699] åå°åˆ›ä¸–æµç¨‹ç»“æŸï¼ŒçŠ¶æ€é”å·²é‡Šæ”¾ã€‚
2025-09-30 00:25:49 - [INFO] - æ‰€æœ‰æŒä¹…åŒ– UI è¦–åœ–å·²æˆåŠŸè¨»å†Šã€‚
2025-09-30 00:25:49 - [INFO] - æ­£åœ¨å˜—è©¦å°‡æ‡‰ç”¨ç¨‹å¼æŒ‡ä»¤ (Slash Commands) å…¨åŸŸåŒæ­¥åˆ° Discord...
2025-09-30 00:25:50 - [INFO] - âœ… æ‡‰ç”¨ç¨‹å¼æŒ‡ä»¤å…¨åŸŸåŒæ­¥æˆåŠŸï¼(æ³¨æ„ï¼šå…¨åŸŸæŒ‡ä»¤æ›´æ–°å¯èƒ½éœ€è¦é•·é”ä¸€å°æ™‚æ‰èƒ½åœ¨æ‰€æœ‰ä¼ºæœå™¨ç”Ÿæ•ˆ)
2025-09-30 00:25:50 - [INFO] - Discord Bot is ready!
2025-09-30 00:25:52 - [INFO] - ã€å¥åº·æª¢æŸ¥ & Keep-Aliveã€‘èƒŒæ™¯ä»»å‹™å·²å•Ÿå‹•ã€‚
2025-09-30 00:25:52 - [INFO] - Logged in as AI#4450 (ID: 1358417100250808531)
2025-09-30 00:25:53 - [INFO] - å·²æˆåŠŸç™¼é€å•Ÿå‹•æˆåŠŸé€šçŸ¥çµ¦ç®¡ç†å“¡ã€‚
2025-09-30 00:26:05 - [INFO] - [512280345618546699] å¾Œå°é‡ç½®ä»»å‹™é–‹å§‹...
2025-09-30 00:26:05 - [INFO] - ä½¿ç”¨è€… 512280345618546699 æ²’æœ‰æ´»èºçš„ AI å¯¦ä¾‹ï¼Œå˜—è©¦å‰µå»º...
2025-09-30 00:26:05 - [INFO] - [512280345618546699] æ ¸å¿ƒæ•¸æ“šæ¨¡æ¿ 'world_snapshot_template.txt' å·²æˆåŠŸåŠ è¼‰ã€‚
2025-09-30 00:26:05 - [INFO] - [512280345618546699] æ ¸å¿ƒå”è­° '00_supreme_directive.txt' å·²æˆåŠŸåŠ è¼‰ã€‚
2025-09-30 00:26:05 - [INFO] - [512280345618546699] æ­£åœ¨å‰µå»ºæœ¬åœ° Embedding æ¨¡å‹ 'infgrad/stella-base-zh-v2' å¯¦ä¾‹...
2025-09-30 00:26:08 - [INFO] - [512280345618546699] âœ… æœ¬åœ° Embedding æ¨¡å‹å¯¦ä¾‹å‰µå»ºæˆåŠŸã€‚
2025-09-30 00:26:08 - [INFO] - [512280345618546699] (Retriever Builder) æœªæ‰¾åˆ°æŒä¹…åŒ– RAG ç´¢å¼•ï¼Œæ­£åœ¨å¾è³‡æ–™åº«åŸ·è¡Œå…¨é‡å‰µå§‹æ§‹å»º...
2025-09-30 00:26:08 - [INFO] - [512280345618546699] (Retriever Builder) å·²å¾ SQL å’Œ LORE åŠ è¼‰ 0 æ¢æ–‡æª”ç”¨æ–¼å‰µå§‹æ§‹å»ºã€‚
2025-09-30 00:26:19 - [INFO] - [512280345618546699] (Retriever Builder) çŸ¥è­˜åº«ç‚ºç©ºï¼Œå·²å‰µå§‹åŒ–ä¸€å€‹ç©ºçš„ RAG ç³»çµ±ã€‚
2025-09-30 00:26:19 - [INFO] - [512280345618546699] æ‰€æœ‰æ§‹å»ºéˆçš„å‰ç½®è³‡æºå·²æº–å‚™å°±ç·’ã€‚
2025-09-30 00:26:19 - [INFO] - ç‚ºä½¿ç”¨è€… 512280345618546699 æˆåŠŸå‰µå»ºä¸¦åˆå§‹åŒ– AI å¯¦ä¾‹ã€‚
2025-09-30 00:26:19 - [INFO] - [512280345618546699] æ­£åœ¨å¾è³‡æ–™åº«æ¢å¾©çŸ­æœŸå ´æ™¯è¨˜æ†¶...
2025-09-30 00:26:19 - [INFO] - [512280345618546699] è³‡æ–™åº«ä¸­æ²’æœ‰æ‰¾åˆ°æ­·å²å ´æ™¯è¨˜æ†¶ã€‚
2025-09-30 00:26:19 - [INFO] - [512280345618546699] æ­£åœ¨é—œé–‰ AI å¯¦ä¾‹ä¸¦é‡‹æ”¾è³‡æº...
2025-09-30 00:26:19 - [INFO] - [512280345618546699] ChromaDB å¾Œå°æœå‹™å·²è«‹æ±‚åœæ­¢ã€‚
2025-09-30 00:26:20 - [INFO] - [512280345618546699] AI å¯¦ä¾‹è³‡æºå·²é‡‹æ”¾ã€‚
2025-09-30 00:26:22 - [INFO] - [512280345618546699] æ­£åœ¨æ¸…é™¤æ‰€æœ‰çŸ­æœŸå ´æ™¯è¨˜æ†¶...
2025-09-30 00:26:22 - [INFO] - [512280345618546699] å·²æˆåŠŸå¾è³‡æ–™åº«ä¸­åˆªé™¤ 0 æ¢å ´æ™¯æ­·å²è¨˜éŒ„ã€‚
2025-09-30 00:26:27 - [INFO] - [512280345618546699] (UI Event) Persistent 'StartSetupView' button clicked.
2025-09-30 00:27:18 - [INFO] - [512280345618546699] (UI Event) WorldSettingsModal submitted. is_setup_flow: True
2025-09-30 00:27:19 - [INFO] - ä½¿ç”¨è€… 512280345618546699 æ²’æœ‰æ´»èºçš„ AI å¯¦ä¾‹ï¼Œå˜—è©¦å‰µå»º...
2025-09-30 00:27:19 - [INFO] - [512280345618546699] è™•æ–¼è¨­å®šæµç¨‹ä¸­ï¼Œå³ä½¿è³‡æ–™åº«ç„¡è¨˜éŒ„ï¼Œä¹Ÿå‰µå»ºä¸€å€‹è‡¨æ™‚çš„è¨˜æ†¶é«”å¯¦ä¾‹ã€‚
2025-09-30 00:27:19 - [INFO] - [512280345618546699] æ ¸å¿ƒæ•¸æ“šæ¨¡æ¿ 'world_snapshot_template.txt' å·²æˆåŠŸåŠ è¼‰ã€‚
2025-09-30 00:27:19 - [INFO] - [512280345618546699] æ ¸å¿ƒå”è­° '00_supreme_directive.txt' å·²æˆåŠŸåŠ è¼‰ã€‚
2025-09-30 00:27:19 - [INFO] - [512280345618546699] æ­£åœ¨å‰µå»ºæœ¬åœ° Embedding æ¨¡å‹ 'infgrad/stella-base-zh-v2' å¯¦ä¾‹...
2025-09-30 00:27:20 - [INFO] - [512280345618546699] âœ… æœ¬åœ° Embedding æ¨¡å‹å¯¦ä¾‹å‰µå»ºæˆåŠŸã€‚
2025-09-30 00:27:20 - [INFO] - [512280345618546699] (Retriever Builder) æœªæ‰¾åˆ°æŒä¹…åŒ– RAG ç´¢å¼•ï¼Œæ­£åœ¨å¾è³‡æ–™åº«åŸ·è¡Œå…¨é‡å‰µå§‹æ§‹å»º...
2025-09-30 00:27:20 - [INFO] - [512280345618546699] (Retriever Builder) å·²å¾ SQL å’Œ LORE åŠ è¼‰ 0 æ¢æ–‡æª”ç”¨æ–¼å‰µå§‹æ§‹å»ºã€‚
2025-09-30 00:27:20 - [ERROR] - [512280345618546699] (Retriever Builder) ğŸ”¥ åœ¨å‰µå§‹åŒ–ç©ºçš„ RAG ç³»çµ±æ™‚ç™¼ç”Ÿåš´é‡éŒ¯èª¤: Could not connect to tenant default_tenant. Are you sure it exists?
Traceback (most recent call last):
  File "C:\Users\USER\AppData\Local\Programs\Python\Python310\lib\site-packages\chromadb\api\client.py", line 351, in _validate_tenant_database
    self._admin_client.get_tenant(name=tenant)
  File "C:\Users\USER\AppData\Local\Programs\Python\Python310\lib\site-packages\chromadb\api\client.py", line 399, in get_tenant
    return self._server.get_tenant(name=name)
  File "C:\Users\USER\AppData\Local\Programs\Python\Python310\lib\site-packages\chromadb\telemetry\opentelemetry\__init__.py", line 146, in wrapper
    return f(*args, **kwargs)
  File "C:\Users\USER\AppData\Local\Programs\Python\Python310\lib\site-packages\chromadb\api\segment.py", line 144, in get_tenant
    return self._sysdb.get_tenant(name=name)
  File "C:\Users\USER\AppData\Local\Programs\Python\Python310\lib\site-packages\chromadb\db\mixins\sysdb.py", line 132, in get_tenant
    row = cur.execute(sql, params).fetchone()
sqlite3.OperationalError: no such table: tenants

During handling of the above exception, another exception occurred:

Traceback (most recent call last):
  File "D:\DINO\SD\ComfyUI\personal_server\ai_lover_service\src\ai_core.py", line 583, in _load_or_build_rag_retriever
    self.vector_store = Chroma(
  File "C:\Users\USER\AppData\Local\Programs\Python\Python310\lib\site-packages\langchain_chroma\vectorstores.py", line 194, in __init__
    self._client = chromadb.Client(_client_settings)
  File "C:\Users\USER\AppData\Local\Programs\Python\Python310\lib\site-packages\chromadb\__init__.py", line 334, in Client
    return ClientCreator(tenant=tenant, database=database, settings=settings)
  File "C:\Users\USER\AppData\Local\Programs\Python\Python310\lib\site-packages\chromadb\api\client.py", line 60, in __init__
    self._validate_tenant_database(tenant=tenant, database=database)
  File "C:\Users\USER\AppData\Local\Programs\Python\Python310\lib\site-packages\chromadb\api\client.py", line 360, in _validate_tenant_database
    raise ValueError(
ValueError: Could not connect to tenant default_tenant. Are you sure it exists?
2025-09-30 00:27:20 - [INFO] - [512280345618546699] æ‰€æœ‰æ§‹å»ºéˆçš„å‰ç½®è³‡æºå·²æº–å‚™å°±ç·’ã€‚
2025-09-30 00:27:20 - [INFO] - [512280345618546699] æ¥æ”¶åˆ° profile æ›´æ–°è«‹æ±‚: ['world_settings']
2025-09-30 00:27:20 - [WARNING] - [512280345618546699] åœ¨æŒä¹…åŒ–æ›´æ–°æ™‚æ‰¾ä¸åˆ°ä½¿ç”¨è€…è³‡æ–™ï¼Œå°‡å‰µå»ºæ–°è¨˜éŒ„ã€‚
2025-09-30 00:27:22 - [INFO] - [512280345618546699] Profile æ›´æ–°ä¸¦æŒä¹…åŒ–æˆåŠŸã€‚
2025-09-30 00:27:24 - [INFO] - [512280345618546699] (UI Event) Persistent 'ContinueToUserSetupView' button clicked.
2025-09-30 00:27:33 - [INFO] - [512280345618546699] (UI Event) CharacterSettingsModal submitted for profile_type: 'user', is_setup_flow: True
2025-09-30 00:27:33 - [INFO] - [512280345618546699] æ¥æ”¶åˆ° profile æ›´æ–°è«‹æ±‚: ['user_profile']
2025-09-30 00:27:33 - [INFO] - [512280345618546699] Profile æ›´æ–°ä¸¦æŒä¹…åŒ–æˆåŠŸã€‚
2025-09-30 00:27:34 - [INFO] - [512280345618546699] (UI Event) Persistent 'ContinueToAiSetupView' button clicked.
2025-09-30 00:27:45 - [INFO] - [512280345618546699] (UI Event) CharacterSettingsModal submitted for profile_type: 'ai', is_setup_flow: True
2025-09-30 00:27:45 - [INFO] - [512280345618546699] æ¥æ”¶åˆ° profile æ›´æ–°è«‹æ±‚: ['ai_profile']
2025-09-30 00:27:46 - [INFO] - [512280345618546699] Profile æ›´æ–°ä¸¦æŒä¹…åŒ–æˆåŠŸã€‚
2025-09-30 00:27:48 - [INFO] - [512280345618546699] [åˆ›ä¸–æµç¨‹] æ¡£æ¡ˆä¸Šä¼ å¼€å§‹ï¼Œå·²è®¾ç½® active_setups çŠ¶æ€é”ã€‚
2025-09-30 00:27:55 - [INFO] - [512280345618546699] (on_message) åµæ¸¬åˆ°ç”¨æˆ¶è™•æ–¼æ´»èºçš„å‰µä¸–æµç¨‹ä¸­ï¼Œå·²å¿½ç•¥å¸¸è¦è¨Šæ¯ '...' ä»¥é˜²æ­¢ç«¶çˆ­ã€‚
2025-09-30 00:27:58 - [INFO] - [512280345618546699] ç‹¬ç«‹çš„åå°åˆ›ä¸–æµç¨‹å·²ä¸ºç”¨æˆ·å¯åŠ¨ã€‚
2025-09-30 00:27:58 - [INFO] - [512280345618546699] [åå°åˆ›ä¸– 1/4] æ­£åœ¨å¤„ç†ä¸–ç•Œåœ£ç»...
2025-09-30 00:27:58 - [ERROR] - [512280345618546699] (Canon Processor) Vector store æœªåˆå§‹åŒ–ï¼Œç„¡æ³•æ·»åŠ ä¸–ç•Œè–ç¶“ã€‚
2025-09-30 00:27:58 - [INFO] - [512280345618546699] (Retriever Builder) å¼·åˆ¶é‡å»ºè§¸ç™¼ï¼Œæ­£åœ¨å¾è³‡æ–™åº«åŸ·è¡Œå…¨é‡å‰µå§‹æ§‹å»º...
2025-09-30 00:27:58 - [INFO] - [512280345618546699] (Retriever Builder) å·²å¾ SQL å’Œ LORE åŠ è¼‰ 0 æ¢æ–‡æª”ç”¨æ–¼å‰µå§‹æ§‹å»ºã€‚
2025-09-30 00:27:58 - [ERROR] - [512280345618546699] (Retriever Builder) ğŸ”¥ åœ¨å‰µå§‹åŒ–ç©ºçš„ RAG ç³»çµ±æ™‚ç™¼ç”Ÿåš´é‡éŒ¯èª¤: Could not connect to tenant default_tenant. Are you sure it exists?
Traceback (most recent call last):
  File "C:\Users\USER\AppData\Local\Programs\Python\Python310\lib\site-packages\chromadb\api\client.py", line 351, in _validate_tenant_database
    self._admin_client.get_tenant(name=tenant)
  File "C:\Users\USER\AppData\Local\Programs\Python\Python310\lib\site-packages\chromadb\api\client.py", line 399, in get_tenant
    return self._server.get_tenant(name=name)
  File "C:\Users\USER\AppData\Local\Programs\Python\Python310\lib\site-packages\chromadb\telemetry\opentelemetry\__init__.py", line 146, in wrapper
    return f(*args, **kwargs)
  File "C:\Users\USER\AppData\Local\Programs\Python\Python310\lib\site-packages\chromadb\api\segment.py", line 144, in get_tenant
    return self._sysdb.get_tenant(name=name)
  File "C:\Users\USER\AppData\Local\Programs\Python\Python310\lib\site-packages\chromadb\db\mixins\sysdb.py", line 132, in get_tenant
    row = cur.execute(sql, params).fetchone()
sqlite3.OperationalError: no such table: tenants

During handling of the above exception, another exception occurred:

Traceback (most recent call last):
  File "D:\DINO\SD\ComfyUI\personal_server\ai_lover_service\src\ai_core.py", line 583, in _load_or_build_rag_retriever
    self.vector_store = Chroma(
  File "C:\Users\USER\AppData\Local\Programs\Python\Python310\lib\site-packages\langchain_chroma\vectorstores.py", line 194, in __init__
    self._client = chromadb.Client(_client_settings)
  File "C:\Users\USER\AppData\Local\Programs\Python\Python310\lib\site-packages\chromadb\__init__.py", line 334, in Client
    return ClientCreator(tenant=tenant, database=database, settings=settings)
  File "C:\Users\USER\AppData\Local\Programs\Python\Python310\lib\site-packages\chromadb\api\client.py", line 60, in __init__
    self._validate_tenant_database(tenant=tenant, database=database)
  File "C:\Users\USER\AppData\Local\Programs\Python\Python310\lib\site-packages\chromadb\api\client.py", line 360, in _validate_tenant_database
    raise ValueError(
ValueError: Could not connect to tenant default_tenant. Are you sure it exists?
2025-09-30 00:27:58 - [ERROR] - [512280345618546699] åå°åˆ›ä¸–æµç¨‹å‘ç”Ÿä¸¥é‡é”™è¯¯: å³ä½¿åœ¨å¼·åˆ¶é‡å»ºå¾Œï¼ŒVector Store ä»ç„¶ç„¡æ³•åˆå§‹åŒ–ã€‚
Traceback (most recent call last):
  File "D:\DINO\SD\ComfyUI\personal_server\ai_lover_service\src\discord_bot.py", line 1303, in _perform_full_setup_flow
    await ai_instance.add_canon_to_vector_store(canon_text)
  File "D:\DINO\SD\ComfyUI\personal_server\ai_lover_service\src\ai_core.py", line 3660, in add_canon_to_vector_store
    raise RuntimeError("å³ä½¿åœ¨å¼·åˆ¶é‡å»ºå¾Œï¼ŒVector Store ä»ç„¶ç„¡æ³•åˆå§‹åŒ–ã€‚")
RuntimeError: å³ä½¿åœ¨å¼·åˆ¶é‡å»ºå¾Œï¼ŒVector Store ä»ç„¶ç„¡æ³•åˆå§‹åŒ–ã€‚
2025-09-30 00:27:58 - [INFO] - [512280345618546699] åå°åˆ›ä¸–æµç¨‹ç»“æŸï¼ŒçŠ¶æ€é”å·²é‡Šæ”¾ã€‚
2025-09-30 00:30:45 - [INFO] - æ‰€æœ‰æŒä¹…åŒ– UI è¦–åœ–å·²æˆåŠŸè¨»å†Šã€‚
2025-09-30 00:30:45 - [INFO] - æ­£åœ¨å˜—è©¦å°‡æ‡‰ç”¨ç¨‹å¼æŒ‡ä»¤ (Slash Commands) å…¨åŸŸåŒæ­¥åˆ° Discord...
2025-09-30 00:30:45 - [INFO] - âœ… æ‡‰ç”¨ç¨‹å¼æŒ‡ä»¤å…¨åŸŸåŒæ­¥æˆåŠŸï¼(æ³¨æ„ï¼šå…¨åŸŸæŒ‡ä»¤æ›´æ–°å¯èƒ½éœ€è¦é•·é”ä¸€å°æ™‚æ‰èƒ½åœ¨æ‰€æœ‰ä¼ºæœå™¨ç”Ÿæ•ˆ)
2025-09-30 00:30:45 - [INFO] - Discord Bot is ready!
2025-09-30 00:30:48 - [INFO] - ã€å¥åº·æª¢æŸ¥ & Keep-Aliveã€‘èƒŒæ™¯ä»»å‹™å·²å•Ÿå‹•ã€‚
2025-09-30 00:30:48 - [INFO] - Logged in as AI#4450 (ID: 1358417100250808531)
2025-09-30 00:30:49 - [INFO] - å·²æˆåŠŸç™¼é€å•Ÿå‹•æˆåŠŸé€šçŸ¥çµ¦ç®¡ç†å“¡ã€‚
