### AI Lover Log - Last updated at 2025-09-28T01:09:00.915197 ###

2025-09-28 00:02:05 - [INFO] - [512280345618546699] [é—œä¿‚åœ–è­œæ ¡æº–] å‰µå»ºåå‘éˆæ¥: é‡Œæ–¯ -> ç±³å©­ (Roles: ['å®ˆè­·è€…'])
2025-09-28 00:02:05 - [INFO] - [512280345618546699] [é—œä¿‚åœ–è­œæ ¡æº–] æ›´æ–°åå‘éˆæ¥: å‡±çˆ¾ -> å¡è“® (New Roles: ['è¢«ä½¿ç”¨è€…', 'ä½¿ç”¨è€…/æ©æ¾¤æä¾›è€…', 'æ©æ¾¤æä¾›è€…'])
2025-09-28 00:02:05 - [INFO] - [512280345618546699] [é—œä¿‚åœ–è­œæ ¡æº–] æ›´æ–°åå‘éˆæ¥: ç±³å©­ -> å¡è“® (New Roles: ['åŒåƒš/è–å¥³', 'ç¬¬äºŒè–å¥³'])
2025-09-28 00:02:05 - [INFO] - [512280345618546699] [é—œä¿‚åœ–è­œæ ¡æº–] å‰µå»ºåå‘éˆæ¥: è‰¾æ‹‰ -> å¡è“® (Roles: ['åŒåƒš/å¥³ç¥­å¸'])
2025-09-28 00:02:05 - [INFO] - [512280345618546699] [é—œä¿‚åœ–è­œæ ¡æº–] æ›´æ–°åå‘éˆæ¥: å‡±çˆ¾ -> è‰¾æ‹‰ (New Roles: ['è¢«ä½¿ç”¨è€…', 'å…„å¦¹/ä½¿ç”¨è€…', 'å¦¹å¦¹'])
2025-09-28 00:02:05 - [INFO] - [512280345618546699] [é—œä¿‚åœ–è­œæ ¡æº–] æ›´æ–°åå‘éˆæ¥: ç±³å©­ -> è‰¾æ‹‰ (New Roles: ['å¥³ç¥­å¸', 'ä¸Šç´š/å¼•å°è€…'])
2025-09-28 00:02:05 - [INFO] - [512280345618546699] [é—œä¿‚åœ–è­œæ ¡æº–] æ›´æ–°åå‘éˆæ¥: å¡è“® -> è‰¾æ‹‰ (New Roles: ['å¥³ç¥­å¸', 'åŒåƒš/å¥³ç¥­å¸'])
2025-09-28 00:02:05 - [INFO] - [512280345618546699] [é—œä¿‚åœ–è­œæ ¡æº–] æ›´æ–°åå‘éˆæ¥: è‰¾æ‹‰ -> å‡±çˆ¾ (New Roles: ['å“¥å“¥', 'å¦¹å¦¹/è¢«ä½¿ç”¨è€…', 'ä½¿ç”¨è€…'])
2025-09-28 00:02:05 - [INFO] - [512280345618546699] [é—œä¿‚åœ–è­œæ ¡æº–] æ›´æ–°åå‘éˆæ¥: å¡è“® -> å‡±çˆ¾ (New Roles: ['è¢«ä½¿ç”¨è€…/æ©æ¾¤æä¾›è€…', 'ä½¿ç”¨è€…', 'æ©æ¾¤æä¾›è€…'])
2025-09-28 00:02:05 - [INFO] - [512280345618546699] [é—œä¿‚åœ–è­œæ ¡æº–] æ›´æ–°åå‘éˆæ¥: é‡Œæ–¯ -> å‡±çˆ¾ (New Roles: ['å®ˆè­·è€…', 'åŒåƒš', 'åŒåƒš/å®ˆè­·è€…'])
2025-09-28 00:02:05 - [INFO] - [512280345618546699] [é—œä¿‚åœ–è­œæ ¡æº–] æ›´æ–°åå‘éˆæ¥: ç±³å©­ -> å‡±çˆ¾ (New Roles: ['ä¸Šç´š', 'è–æ®¿å®ˆè­·è€…'])
2025-09-28 00:02:05 - [INFO] - [512280345618546699] [é—œä¿‚åœ–è­œæ ¡æº–] æ›´æ–°åå‘éˆæ¥: ç‘ªå€« -> é‡Œæ–¯ (New Roles: ['å®ˆè­·è€…', 'å…’å­', 'å­å¥³'])
2025-09-28 00:02:05 - [INFO] - [512280345618546699] [é—œä¿‚åœ–è­œæ ¡æº–] æ›´æ–°åå‘éˆæ¥: å‡±çˆ¾ -> é‡Œæ–¯ (New Roles: ['å®ˆè­·è€…', 'åŒåƒš', 'åŒåƒš/å®ˆè­·è€…'])
2025-09-28 00:02:05 - [INFO] - [512280345618546699] [é—œä¿‚åœ–è­œæ ¡æº–] æ›´æ–°åå‘éˆæ¥: ç±³å©­ -> é‡Œæ–¯ (New Roles: ['å®ˆè­·è€…', 'è–æ®¿å®ˆè­·è€…'])
2025-09-28 00:02:05 - [INFO] - [512280345618546699] [é—œä¿‚åœ–è­œæ ¡æº–] æ›´æ–°åå‘éˆæ¥: é‡Œæ–¯ -> ç‘ªå€« (New Roles: ['çˆ¶æ¯', 'è¢«å®ˆè­·è€…', 'æ¯è¦ª'])
2025-09-28 00:02:05 - [INFO] - [512280345618546699] [é—œä¿‚åœ–è­œæ ¡æº–] å‰µå»ºåå‘éˆæ¥: ç±³å©­ -> ç´¢è²äº (Roles: ['å¼•å°è€…'])
2025-09-28 00:02:05 - [INFO] - [512280345618546699] [é—œä¿‚åœ–è­œæ ¡æº–] å‰µå»ºåå‘éˆæ¥: å‡±çˆ¾ -> ç´¢è²äº (Roles: ['æ²»ç™‚è€…/ä½¿ç”¨è€…'])
2025-09-28 00:02:05 - [INFO] - [512280345618546699] [é—œä¿‚åœ–è­œæ ¡æº–] æ›´æ–°åå‘éˆæ¥: æ¹¯å§† -> ç´¢è²äº (New Roles: ['æ²»ç™‚è€…', 'ä½¿ç”¨è€…', 'æ²»ç™‚è€…/ä½¿ç”¨è€…'])
2025-09-28 00:02:05 - [INFO] - [512280345618546699] [é—œä¿‚åœ–è­œæ ¡æº–] å‰µå»ºåå‘éˆæ¥: ç±³å©­ -> æ³°è (Roles: ['å¼•å°è€…'])
2025-09-28 00:02:05 - [INFO] - [512280345618546699] [é—œä¿‚åœ–è­œæ ¡æº–] å‰µå»ºåå‘éˆæ¥: é‡Œæ–¯ -> è€æ¼¢å§† (Roles: ['é–“æ¥å½±éŸ¿è€…'])
2025-09-28 00:02:05 - [INFO] - [512280345618546699] [é—œä¿‚åœ–è­œæ ¡æº–] å‰µå»ºåå‘éˆæ¥: ç±³å©­ -> è€æ¼¢å§† (Roles: ['ç›®æ“Šè€…'])
2025-09-28 00:02:05 - [INFO] - [512280345618546699] [é—œä¿‚åœ–è­œæ ¡æº–] æ›´æ–°åå‘éˆæ¥: ç±³å©­ -> æ¹¯å§† (New Roles: ['ç®¡ç†è€…', 'å—æ¸¬è€…/ä½¿ç”¨è€…'])
2025-09-28 00:02:05 - [INFO] - [512280345618546699] [é—œä¿‚åœ–è­œæ ¡æº–] æ›´æ–°åå‘éˆæ¥: ç´¢è²äº -> æ¹¯å§† (New Roles: ['æ²»ç™‚è€…', 'ä½¿ç”¨è€…', 'æ²»ç™‚è€…/ä½¿ç”¨è€…'])
2025-09-28 00:02:05 - [INFO] - [512280345618546699] [é—œä¿‚åœ–è­œæ ¡æº–] æ›´æ–°åå‘éˆæ¥: æ¾¤æ‹‰ -> ç­æ© (New Roles: ['è¢«æ–½æš´è€…', 'æ–½æš´è€…'])
2025-09-28 00:02:05 - [INFO] - [512280345618546699] [é—œä¿‚åœ–è­œæ ¡æº–] æ›´æ–°åå‘éˆæ¥: è˜‡è² -> æå§† (New Roles: ['è¢«ä½¿ç”¨è€…', 'ä½¿ç”¨è€…'])
2025-09-28 00:02:05 - [INFO] - [512280345618546699] [é—œä¿‚åœ–è­œæ ¡æº–] æ›´æ–°åå‘éˆæ¥: è‰¾èœœè‰ -> å®‰æ±å°¼ (New Roles: ['è¢«ä½¿ç”¨è€…', 'ä½¿ç”¨è€…'])
2025-09-28 00:02:05 - [INFO] - [512280345618546699] [é—œä¿‚åœ–è­œæ ¡æº–] æ›´æ–°åå‘éˆæ¥: ç­æ© -> æ¾¤æ‹‰ (New Roles: ['æ–½æš´è€…', 'è¢«æ–½æš´è€…'])
2025-09-28 00:02:05 - [INFO] - [512280345618546699] [é—œä¿‚åœ–è­œæ ¡æº–] æ›´æ–°åå‘éˆæ¥: æå§† -> è˜‡è² (New Roles: ['è¢«ä½¿ç”¨è€…', 'ä½¿ç”¨è€…'])
2025-09-28 00:02:05 - [INFO] - [512280345618546699] [é—œä¿‚åœ–è­œæ ¡æº–] æ›´æ–°åå‘éˆæ¥: å®‰æ±å°¼ -> è‰¾èœœè‰ (New Roles: ['è¢«ä½¿ç”¨è€…', 'ä½¿ç”¨è€…'])
2025-09-28 00:02:05 - [INFO] - [512280345618546699] [é—œä¿‚åœ–è­œæ ¡æº–] æ›´æ–°åå‘éˆæ¥: è‰è‰çµ² -> è€é«˜ (New Roles: ['åˆä½œè€…', 'å°å¸«'])
2025-09-28 00:02:05 - [INFO] - [512280345618546699] [é—œä¿‚åœ–è­œæ ¡æº–] æ›´æ–°åå‘éˆæ¥: äºç‘Ÿ -> è€é«˜ (New Roles: ['æ»²é€è€…', 'ç›®æ¨™/è¢«æ»²é€è€…'])
2025-09-28 00:02:05 - [INFO] - [512280345618546699] [é—œä¿‚åœ–è­œæ ¡æº–] æ›´æ–°åå‘éˆæ¥: é¦¬ä¸ -> è€é«˜ (New Roles: ['æ»²é€è€…', 'ç›®æ¨™/è¢«æ»²é€è€…'])
2025-09-28 00:02:05 - [INFO] - [512280345618546699] [é—œä¿‚åœ–è­œæ ¡æº–] å‰µå»ºåå‘éˆæ¥: è‰è‰çµ² -> äºç‘Ÿ (Roles: ['å½±éŸ¿è€…'])
2025-09-28 00:02:05 - [INFO] - [512280345618546699] [é—œä¿‚åœ–è­œæ ¡æº–] æ›´æ–°åå‘éˆæ¥: è€é«˜ -> äºç‘Ÿ (New Roles: ['æ»²é€è€…', 'è¢«æ»²é€è€…'])
2025-09-28 00:02:05 - [INFO] - [512280345618546699] [é—œä¿‚åœ–è­œæ ¡æº–] å‰µå»ºåå‘éˆæ¥: è‰è‰çµ² -> é¦¬ä¸ (Roles: ['å½±éŸ¿è€…'])
2025-09-28 00:02:05 - [INFO] - [512280345618546699] [é—œä¿‚åœ–è­œæ ¡æº–] æ›´æ–°åå‘éˆæ¥: è€é«˜ -> é¦¬ä¸ (New Roles: ['æ»²é€è€…', 'è¢«æ»²é€è€…'])
2025-09-28 00:02:05 - [INFO] - [512280345618546699] [é—œä¿‚åœ–è­œæ ¡æº–] æ›´æ–°åå‘éˆæ¥: è‰è‰çµ² -> å…‹æ‹‰æ‹‰ (New Roles: ['å­¸ç”Ÿé ˜è¢–', 'å°æ‰‹'])
2025-09-28 00:02:05 - [INFO] - [512280345618546699] [é—œä¿‚åœ–è­œæ ¡æº–] æ›´æ–°åå‘éˆæ¥: é«˜çˆ¾ -> å…‹æ‹‰æ‹‰ (New Roles: ['é ˜å°è€…', 'è¿½éš¨è€…', 'è³ªç–‘å°è±¡'])
2025-09-28 00:02:05 - [INFO] - [512280345618546699] [é—œä¿‚åœ–è­œæ ¡æº–] æ›´æ–°åå‘éˆæ¥: ç¿ çµ² -> å…‹æ‹‰æ‹‰ (New Roles: ['é ˜å°è€…', 'è¿½éš¨è€…'])
2025-09-28 00:02:05 - [INFO] - [512280345618546699] [é—œä¿‚åœ–è­œæ ¡æº–] æ›´æ–°åå‘éˆæ¥: è¿ªèŒœ -> å…‹æ‹‰æ‹‰ (New Roles: ['é ˜å°è€…', 'è¿½éš¨è€…'])
2025-09-28 00:02:05 - [INFO] - [512280345618546699] [é—œä¿‚åœ–è­œæ ¡æº–] æ›´æ–°åå‘éˆæ¥: å…‹æ‹‰æ‹‰ -> é«˜çˆ¾ (New Roles: ['è¿½éš¨è€…', 'é ˜å°è€…/è³ªç–‘å°è±¡'])
2025-09-28 00:02:05 - [INFO] - [512280345618546699] [é—œä¿‚åœ–è­œæ ¡æº–] æ›´æ–°åå‘éˆæ¥: å…‹æ‹‰æ‹‰ -> ç¿ çµ² (New Roles: ['é ˜å°è€…', 'è¿½éš¨è€…'])
2025-09-28 00:02:05 - [INFO] - [512280345618546699] [é—œä¿‚åœ–è­œæ ¡æº–] æ›´æ–°åå‘éˆæ¥: å…‹æ‹‰æ‹‰ -> è¿ªèŒœ (New Roles: ['é ˜å°è€…', 'è¿½éš¨è€…'])
2025-09-28 00:02:05 - [INFO] - [512280345618546699] [é—œä¿‚åœ–è­œæ ¡æº–] å‰µå»ºåå‘éˆæ¥: è‰è‰çµ² -> é˜¿åˆ©æ–¯ç‰¹ (Roles: ['è«®è©¢å°è±¡'])
2025-09-28 00:02:05 - [INFO] - [512280345618546699] [é—œä¿‚åœ–è­œæ ¡æº–] å‰µå»ºåå‘éˆæ¥: è‰è‰çµ² -> éº¥å¯ (Roles: ['å°æ‰‹'])
2025-09-28 00:02:05 - [INFO] - [512280345618546699] [é—œä¿‚åœ–è­œæ ¡æº–] æ›´æ–°åå‘éˆæ¥: è²åˆ©æ™®â€¢è–©æ ¼ç´ -> è–©æ ¼ç´å°‡è» (New Roles: ['çˆ¶æ¯', 'çˆ¶è¦ª'])
2025-09-28 00:02:05 - [INFO] - [512280345618546699] [é—œä¿‚åœ–è­œæ ¡æº–] æ›´æ–°åå‘éˆæ¥: å¸ƒé‡Œå¥‡ç‰¹ -> è–©æ ¼ç´å°‡è» (New Roles: ['çˆ¶æ¯', 'çˆ¶è¦ª'])
2025-09-28 00:02:05 - [INFO] - [512280345618546699] [é—œä¿‚åœ–è­œæ ¡æº–] æ›´æ–°åå‘éˆæ¥: ç“¦èŠéº— -> è–©æ ¼ç´å°‡è» (New Roles: ['çˆ¶æ¯', 'çˆ¶è¦ª'])
2025-09-28 00:02:05 - [INFO] - [512280345618546699] [é—œä¿‚åœ–è­œæ ¡æº–] æ›´æ–°åå‘éˆæ¥: åœ‹ç‹åŸƒå¾·è’™ä¸‰ä¸– -> è–©æ ¼ç´å°‡è» (New Roles: ['åˆä½œè€…', 'ä¸Šç´š/åˆä½œè€…', 'ä¸‹å±¬'])
2025-09-28 00:02:05 - [INFO] - [512280345618546699] [é—œä¿‚åœ–è­œæ ¡æº–] æ›´æ–°åå‘éˆæ¥: è–©æ ¼ç´å°‡è» -> è²åˆ©æ™®â€¢è–©æ ¼ç´ (New Roles: ['å­å¥³', 'å…’å­'])
2025-09-28 00:02:05 - [INFO] - [512280345618546699] [é—œä¿‚åœ–è­œæ ¡æº–] æ›´æ–°åå‘éˆæ¥: å¸ƒé‡Œå¥‡ç‰¹ -> è²åˆ©æ™®â€¢è–©æ ¼ç´ (New Roles: ['å“¥å“¥', 'å¦¹å¦¹/è¢«æ•™è‚²è€…', 'æ•™å®˜'])
2025-09-28 00:02:05 - [INFO] - [512280345618546699] [é—œä¿‚åœ–è­œæ ¡æº–] æ›´æ–°åå‘éˆæ¥: ç“¦èŠéº— -> è²åˆ©æ™®â€¢è–©æ ¼ç´ (New Roles: ['å“¥å“¥', 'å¦¹å¦¹/è¢«æ•™è‚²è€…', 'æ•™å®˜'])
2025-09-28 00:02:05 - [INFO] - [512280345618546699] [é—œä¿‚åœ–è­œæ ¡æº–] æ›´æ–°åå‘éˆæ¥: è–©æ ¼ç´å°‡è» -> å¸ƒé‡Œå¥‡ç‰¹ (New Roles: ['å­å¥³', 'å¥³å…’', 'åˆ†äº«å°è±¡'])
2025-09-28 00:02:05 - [INFO] - [512280345618546699] [é—œä¿‚åœ–è­œæ ¡æº–] æ›´æ–°åå‘éˆæ¥: è²åˆ©æ™®â€¢è–©æ ¼ç´ -> å¸ƒé‡Œå¥‡ç‰¹ (New Roles: ['å¦¹å¦¹', 'å“¥å“¥/æ•™å®˜', 'è¢«æ•™è‚²è€…'])
2025-09-28 00:02:05 - [INFO] - [512280345618546699] [é—œä¿‚åœ–è­œæ ¡æº–] æ›´æ–°åå‘éˆæ¥: è–©æ ¼ç´å°‡è» -> ç“¦èŠéº— (New Roles: ['å­å¥³', 'å¥³å…’', 'åˆ†äº«å°è±¡'])
2025-09-28 00:02:05 - [INFO] - [512280345618546699] [é—œä¿‚åœ–è­œæ ¡æº–] æ›´æ–°åå‘éˆæ¥: è²åˆ©æ™®â€¢è–©æ ¼ç´ -> ç“¦èŠéº— (New Roles: ['å¦¹å¦¹', 'å“¥å“¥/æ•™å®˜', 'è¢«æ•™è‚²è€…'])
2025-09-28 00:02:05 - [INFO] - [512280345618546699] [é—œä¿‚åœ–è­œæ ¡æº–] æ›´æ–°åå‘éˆæ¥: è–©æ ¼ç´å°‡è» -> åœ‹ç‹åŸƒå¾·è’™ä¸‰ä¸– (New Roles: ['åˆä½œè€…', 'ä¸Šç´š', 'ä¸‹å±¬/åˆä½œè€…'])
2025-09-28 00:02:05 - [INFO] - [512280345618546699] [é—œä¿‚åœ–è­œæ ¡æº–] å‰µå»ºåå‘éˆæ¥: åœ‹ç‹åŸƒå¾·è’™ä¸‰ä¸– -> å¤§çš‡å­é˜¿æ‹‰é‡Œå…‹ (Roles: ['å­å¥³'])
2025-09-28 00:02:05 - [INFO] - [512280345618546699] [é—œä¿‚åœ–è­œæ ¡æº–] å‰µå»ºåå‘éˆæ¥: åœ‹ç‹åŸƒå¾·è’™ä¸‰ä¸– -> ä¸‰çš‡å­èµ«å…‹æ‰˜ (Roles: ['å­å¥³'])
2025-09-28 00:02:05 - [INFO] - [512280345618546699] [é—œä¿‚åœ–è­œæ ¡æº–] å‰µå»ºåå‘éˆæ¥: è²åˆ©æ™®â€¢è–©æ ¼ç´ -> ä¸‰çš‡å­èµ«å…‹æ‰˜ (Roles: ['å°æ‰‹'])
2025-09-28 00:02:05 - [INFO] - [512280345618546699] [é—œä¿‚åœ–è­œæ ¡æº–] å‰µå»ºåå‘éˆæ¥: åœ‹ç‹åŸƒå¾·è’™ä¸‰ä¸– -> äºŒå…¬ä¸»å¡æ‹‰è²å¨œ (Roles: ['å­å¥³'])
2025-09-28 00:02:05 - [INFO] - [512280345618546699] [é—œä¿‚åœ–è­œæ ¡æº–] å‰µå»ºåå‘éˆæ¥: åœ‹ç‹åŸƒå¾·è’™ä¸‰ä¸– -> ä¸‰çš‡å¥³ä¼Šç´¢çˆ¾å¾· (Roles: ['å­å¥³'])
2025-09-28 00:02:05 - [INFO] - [512280345618546699] [é—œä¿‚åœ–è­œæ ¡æº–] å‰µå»ºåå‘éˆæ¥: åšæ—å‹³çˆµ -> ä¸‰çš‡å¥³ä¼Šç´¢çˆ¾å¾· (Roles: ['è½‰åŒ–å°è±¡'])
2025-09-28 00:02:05 - [INFO] - [512280345618546699] [é—œä¿‚åœ–è­œæ ¡æº–] å‰µå»ºåå‘éˆæ¥: åœ‹ç‹åŸƒå¾·è’™ä¸‰ä¸– -> åšæ—å‹³çˆµ (Roles: ['ä¸Šç´š'])
2025-09-28 00:02:05 - [INFO] - [512280345618546699] [é—œä¿‚åœ–è­œæ ¡æº–] å‰µå»ºåå‘éˆæ¥: åœ‹ç‹åŸƒå¾·è’™ä¸‰ä¸– -> å®‰å¸ƒç¾…æ–¯ (Roles: ['æ”¿æ²»å°æ‰‹/æ–½å£“å°è±¡'])
2025-09-28 00:02:05 - [INFO] - [512280345618546699] [é—œä¿‚åœ–è­œæ ¡æº–] æ›´æ–°åå‘éˆæ¥: ç±³å©­ -> ç“¦å‹’ç•™æ–¯ (New Roles: ['ç¥çˆ¶', 'å°æ‰‹'])
2025-09-28 00:02:05 - [INFO] - [512280345618546699] (_resolve_and_save) æ­£åœ¨ç‚º 'npc_profile' é¡åˆ¥è™•ç† 63 å€‹å¯¦é«”...
2025-09-28 00:03:58 - [INFO] - [512280345618546699] [LLM Success] Generation successful using model 'gemini-2.5-pro' with API Key #3.
2025-09-28 00:03:58 - [INFO] - [512280345618546699] [å¯¦é«”è§£æ] æˆåŠŸç”Ÿæˆè§£æè¨ˆç•«ï¼ŒåŒ…å« 63 æ¢æ±ºç­–ã€‚
2025-09-28 00:04:06 - [INFO] - [512280345618546699] (_resolve_and_save) æ­£åœ¨ç‚º 'location_info' é¡åˆ¥è™•ç† 12 å€‹å¯¦é«”...
2025-09-28 00:04:08 - [INFO] - [512280345618546699] (_resolve_and_save) æ­£åœ¨ç‚º 'creature_info' é¡åˆ¥è™•ç† 1 å€‹å¯¦é«”...
2025-09-28 00:04:08 - [INFO] - [512280345618546699] (_resolve_and_save) æ­£åœ¨ç‚º 'world_lore' é¡åˆ¥è™•ç† 11 å€‹å¯¦é«”...
2025-09-28 00:04:11 - [INFO] - [512280345618546699] [å‰µä¸– LORE è§£æ] ç®¡ç·šæˆåŠŸå®Œæˆã€‚æ­£åœ¨è§¸ç™¼ RAG å…¨é‡é‡å»º...
2025-09-28 00:04:11 - [INFO] - [512280345618546699] (Retriever Builder) å¼·åˆ¶é‡å»ºè§¸ç™¼ï¼Œæ­£åœ¨å¾è³‡æ–™åº«åŸ·è¡Œå…¨é‡å‰µå§‹æ§‹å»º...
2025-09-28 00:04:11 - [INFO] - [512280345618546699] (Retriever Builder) å·²å¾ SQL å’Œ LORE åŠ è¼‰ 114 æ¢æ–‡æª”ç”¨æ–¼å‰µå§‹æ§‹å»ºã€‚
2025-09-28 00:04:11 - [INFO] - [512280345618546699] (Retriever Builder) å‰µå§‹æ§‹å»ºæˆåŠŸï¼Œä¸¦å·²å°‡ç´¢å¼•æŒä¹…åŒ–åˆ°ç£ç¢Ÿã€‚
2025-09-28 00:04:11 - [INFO] - [512280345618546699] [å‰µä¸– LORE è§£æ] RAG ç´¢å¼•å…¨é‡é‡å»ºå®Œæˆã€‚
2025-09-28 00:04:11 - [INFO] - [512280345618546699] [åå°åˆ›ä¸– 1/4] LORE æ™ºèƒ½è§£æå·²åŒæ­¥å®Œæˆã€‚
2025-09-28 00:04:11 - [INFO] - [512280345618546699] [åå°åˆ›ä¸– 2/4] æ­£åœ¨è¡¥å®Œè§’è‰²æ¡£æ¡ˆ...
2025-09-28 00:04:13 - [INFO] - [512280345618546699] [LLM Success] Generation successful using model 'gemini-2.5-flash-lite' with API Key #5.
2025-09-28 00:04:19 - [INFO] - [512280345618546699] [LLM Success] Generation successful using model 'gemini-2.5-flash-lite' with API Key #4.
2025-09-28 00:04:19 - [INFO] - [512280345618546699] æ¥æ”¶åˆ° profile æ›´æ–°è«‹æ±‚: ['user_profile', 'ai_profile']
2025-09-28 00:04:19 - [INFO] - [512280345618546699] Profile æ›´æ–°ä¸¦æŒä¹…åŒ–æˆåŠŸã€‚
2025-09-28 00:04:19 - [INFO] - [512280345618546699] [åå°åˆ›ä¸– 3/4] æ­£åœ¨ç”Ÿæˆä¸–ç•Œåˆ›ä¸–èµ„è®¯...
2025-09-28 00:04:21 - [WARNING] - [512280345618546699] æ¨¡å‹ 'gemini-2.5-flash-lite' (Key #0) é­é‡å…§å®¹å¯©æŸ¥æˆ–å®‰å…¨éŒ¯èª¤: BlockedPromptExceptionã€‚
2025-09-28 00:04:21 - [WARNING] - [512280345618546699] æœ€çµ‚ç”Ÿæˆéˆé­é‡å¯©æŸ¥ã€‚å•Ÿå‹•ã€æœ€é«˜æŒ‡ä»¤é›†æ³¨å…¥é‡è©¦ã€‘ç­–ç•¥...
2025-09-28 00:04:21 - [INFO] - [512280345618546699] å·²å° Prompt é™„åŠ å®Œæ•´çš„æ ¸å¿ƒæŒ‡ä»¤é›†ï¼Œæ­£åœ¨é€²è¡Œå¼·åŒ–é‡è©¦...
2025-09-28 00:04:56 - [INFO] - [512280345618546699] [LLM Success] Generation successful using model 'gemini-2.5-pro' with API Key #1.
2025-09-28 00:04:56 - [INFO] - [512280345618546699] æ¥æ”¶åˆ° profile æ›´æ–°è«‹æ±‚: ['game_state']
2025-09-28 00:04:56 - [INFO] - [512280345618546699] Profile æ›´æ–°ä¸¦æŒä¹…åŒ–æˆåŠŸã€‚
2025-09-28 00:04:56 - [INFO] - [512280345618546699] [/start] åˆå§‹åœ°é» 'ç‹åœ‹ > ç‹éƒ½åŸé®å€ > å’†å“®å£çˆé…’é¤¨' å·²æˆåŠŸç”Ÿæˆä¸¦å­˜å…¥LOREã€‚
2025-09-28 00:04:56 - [INFO] - [512280345618546699] [åå°åˆ›ä¸– 4/4] æ­£åœ¨ç”Ÿæˆå¼€åœºç™½...
2025-09-28 00:05:24 - [INFO] - [512280345618546699] [LLM Success] Generation successful using model 'gemini-2.5-pro' with API Key #2.
2025-09-28 00:05:24 - [INFO] - [512280345618546699] [åå°åˆ›ä¸– 4/4] å¼€åœºç™½ç”Ÿæˆå®Œæ¯•ã€‚
2025-09-28 00:05:24 - [INFO] - [512280345618546699] [åå°åˆ›ä¸–] æ­£åœ¨å‘ä½¿ç”¨è€…ç§è®¯å‘é€æœ€ç»ˆå¼€åœºç™½...
2025-09-28 00:05:25 - [INFO] - [512280345618546699] [åå°åˆ›ä¸–] å¼€åœºç™½å‘é€å®Œæ¯•ã€‚
2025-09-28 00:05:25 - [INFO] - [512280345618546699] åå°åˆ›ä¸–æµç¨‹ç»“æŸï¼ŒçŠ¶æ€é”å·²é‡Šæ”¾ã€‚
2025-09-28 00:07:35 - [INFO] - [512280345618546699] å•Ÿå‹•ã€Œç´”ç²¹ç”Ÿæˆã€å°è©±æµç¨‹...
2025-09-28 00:07:35 - [INFO] - [512280345618546699] [ç´”ç²¹ç”Ÿæˆæµç¨‹] æ­£åœ¨æº–å‚™ä¸Šä¸‹æ–‡...
2025-09-28 00:07:35 - [INFO] - [512280345618546699] [æŒ‡ä»¤å¯¦é«”æå–] é€šé LORE å­—å…¸æ‰¾åˆ°å¯¦é«”: {'ç±³å©­'}
2025-09-28 00:07:35 - [INFO] - [512280345618546699] [LOREéŒ¨å®š] æ­£åœ¨ç‚ºæŒ‡ä»¤ä¸­æåŠçš„ ['ç±³å©­'] å¼·åˆ¶æŸ¥æ‰¾LOREæª”æ¡ˆ...
2025-09-28 00:07:36 - [INFO] - [512280345618546699] [LLM Success] Generation successful using model 'gemini-2.5-flash-lite' with API Key #3.
2025-09-28 00:07:36 - [INFO] - [512280345618546699] [ä¸Šä¸‹æ–‡ç¯©é¸ in 'local' mode] æ ¸å¿ƒç›®æ¨™: ['ç±³å©­'], èƒŒæ™¯è§’è‰²: []
2025-09-28 00:07:36 - [INFO] - [512280345618546699] RAGæŸ¥è©¢å·²æ“´å±•ç‚º: 'æ´»ç¥è¹Ÿ è–å¥³ è–éœ²ä¿®é“é™¢ Mia æ¯ç•œ æè¿°ç±³å©­åœ¨å®…é‚¸æ•£æ­¥é‡åˆ°å‹›çˆµ ç±³å©­'
2025-09-28 00:07:36 - [INFO] - [512280345618546699] [RAGå¾Œè™•ç†ç¯©é¸] å·²å°‡ 15 æ¢åˆæ­¥æª¢ç´¢çµæœç²¾ç…‰ç‚º 12 æ¢èˆ‡æ ¸å¿ƒè§’è‰²ç›¸é—œçš„è¨˜æ†¶ã€‚
2025-09-28 00:07:36 - [INFO] - [512280345618546699] [RAGæ‘˜è¦-1] å˜—è©¦ä½¿ç”¨é›²ç«¯æ¨¡å‹è™•ç†åŸå§‹æ–‡æœ¬...
2025-09-28 00:07:36 - [WARNING] - [512280345618546699] æ¨¡å‹ 'gemini-2.5-flash-lite' (Key #4) é­é‡å…§å®¹å¯©æŸ¥æˆ–å®‰å…¨éŒ¯èª¤: BlockedPromptExceptionã€‚
2025-09-28 00:07:36 - [WARNING] - [512280345618546699] [RAGæ‘˜è¦-1] é›²ç«¯æ¨¡å‹å¯©æŸ¥äº†åŸå§‹æ–‡æœ¬ã€‚é™ç´šåˆ°å±¤ç´š 2 (é›²ç«¯+ä»£ç¢¼åŒ–)...
2025-09-28 00:07:36 - [WARNING] - [512280345618546699] æ¨¡å‹ 'gemini-2.5-flash-lite' (Key #5) é­é‡å…§å®¹å¯©æŸ¥æˆ–å®‰å…¨éŒ¯èª¤: BlockedPromptExceptionã€‚
2025-09-28 00:07:36 - [ERROR] - [512280345618546699] [RAGæ‘˜è¦-2] ğŸ”¥ ä»£ç¢¼åŒ–å‚™æ´å¤±æ•—: Prompt blocked due to PROHIBITED_CONTENT
Traceback (most recent call last):
  File "D:\DINO\SD\ComfyUI\personal_server\ai_lover_service\src\ai_core.py", line 4708, in retrieve_and_summarize_memories
    summary = await self.ainvoke_with_rotation(
  File "D:\DINO\SD\ComfyUI\personal_server\ai_lover_service\src\ai_core.py", line 780, in ainvoke_with_rotation
    raise e
  File "D:\DINO\SD\ComfyUI\personal_server\ai_lover_service\src\ai_core.py", line 751, in ainvoke_with_rotation
    raise BlockedPromptException(f"Prompt blocked due to {response.prompt_feedback.block_reason.name}")
google.generativeai.types.generation_types.BlockedPromptException: Prompt blocked due to PROHIBITED_CONTENT

During handling of the above exception, another exception occurred:

Traceback (most recent call last):
  File "D:\DINO\SD\ComfyUI\personal_server\ai_lover_service\src\ai_core.py", line 4726, in retrieve_and_summarize_memories
    encoded_summary = await self.ainvoke_with_rotation(
  File "D:\DINO\SD\ComfyUI\personal_server\ai_lover_service\src\ai_core.py", line 780, in ainvoke_with_rotation
    raise e
  File "D:\DINO\SD\ComfyUI\personal_server\ai_lover_service\src\ai_core.py", line 751, in ainvoke_with_rotation
    raise BlockedPromptException(f"Prompt blocked due to {response.prompt_feedback.block_reason.name}")
google.generativeai.types.generation_types.BlockedPromptException: Prompt blocked due to PROHIBITED_CONTENT
2025-09-28 00:07:36 - [WARNING] - [512280345618546699] [RAGæ‘˜è¦] æ‰€æœ‰é›²ç«¯ç­–ç•¥å‡å¤±æ•—ã€‚é™ç´šåˆ°å±¤ç´š 3 (æœ¬åœ°æ¨¡å‹)...
2025-09-28 00:07:36 - [INFO] - [512280345618546699] [RAGæ‘˜è¦-2A] æ­£åœ¨ä½¿ç”¨æœ¬åœ°æ¨¡å‹ 'HammerAI/llama-3-lexi-uncensored:latest' é€²è¡Œæ‘˜è¦...
2025-09-28 00:09:09 - [INFO] - [512280345618546699] [RAGæ‘˜è¦-2A] âœ… æœ¬åœ°æ¨¡å‹æ‘˜è¦æˆåŠŸã€‚
2025-09-28 00:09:09 - [INFO] - [512280345618546699] å·²æˆåŠŸå°‡ RAG çµæœåˆ†é›¢ç‚º 3 æ¢è¦å‰‡å…¨æ–‡å’Œ 9 æ¢å¾…æ‘˜è¦æ–‡æª”ã€‚
2025-09-28 00:09:12 - [INFO] - [512280345618546699] [ç´”ç²¹ç”Ÿæˆæµç¨‹] æ­£åœ¨åŸ·è¡Œå°èªªç”Ÿæˆ...
2025-09-28 00:10:44 - [INFO] - [512280345618546699] [LLM Success] Generation successful using model 'gemini-2.5-pro' with API Key #0.
2025-09-28 00:10:46 - [INFO] - [512280345618546699] [ç´”ç²¹ç”Ÿæˆæµç¨‹] å°èªªæ–‡æœ¬ç”ŸæˆæˆåŠŸã€‚
2025-09-28 00:10:46 - [INFO] - [512280345618546699] å›æ‡‰å·²ç™¼é€ã€‚æ­£åœ¨å•Ÿå‹•çµ±ä¸€çš„ã€Œäº‹å¾Œåˆ†æã€ä»»å‹™...
2025-09-28 00:10:48 - [INFO] - [512280345618546699] [äº‹å¾Œåˆ†æ] æ­£åœ¨å•Ÿå‹•èƒŒæ™¯åˆ†æä»»å‹™...
2025-09-28 00:10:51 - [INFO] - [512280345618546699] [LLM Success] Generation successful using model 'gemini-2.5-flash-lite' with API Key #1.
2025-09-28 00:10:51 - [INFO] - [512280345618546699] [é•·æœŸè¨˜æ†¶å¯«å…¥] æ­£åœ¨ä¿å­˜é ç”Ÿæˆçš„å®‰å…¨æ‘˜è¦...
2025-09-28 00:10:51 - [INFO] - [512280345618546699] [é•·æœŸè¨˜æ†¶å¯«å…¥] äº’å‹•è¨˜éŒ„å·²æˆåŠŸä¿å­˜åˆ° SQL è³‡æ–™åº«ã€‚
2025-09-28 00:10:51 - [INFO] - [512280345618546699] [é•·æœŸè¨˜æ†¶å¯«å…¥] å®‰å…¨æ‘˜è¦ä¿å­˜å®Œç•¢ã€‚
2025-09-28 00:10:51 - [INFO] - [512280345618546699] [äº‹å¾Œåˆ†æ] èƒŒæ™¯åˆ†æèˆ‡è™•ç†ä»»å‹™å®Œæˆã€‚
2025-09-28 00:23:46 - [INFO] - æ‰€æœ‰æŒä¹…åŒ– UI è¦–åœ–å·²æˆåŠŸè¨»å†Šã€‚
2025-09-28 00:23:46 - [INFO] - æ­£åœ¨å˜—è©¦å°‡æ‡‰ç”¨ç¨‹å¼æŒ‡ä»¤ (Slash Commands) å…¨åŸŸåŒæ­¥åˆ° Discord...
2025-09-28 00:23:47 - [INFO] - âœ… æ‡‰ç”¨ç¨‹å¼æŒ‡ä»¤å…¨åŸŸåŒæ­¥æˆåŠŸï¼(æ³¨æ„ï¼šå…¨åŸŸæŒ‡ä»¤æ›´æ–°å¯èƒ½éœ€è¦é•·é”ä¸€å°æ™‚æ‰èƒ½åœ¨æ‰€æœ‰ä¼ºæœå™¨ç”Ÿæ•ˆ)
2025-09-28 00:23:47 - [INFO] - Discord Bot is ready!
2025-09-28 00:23:50 - [INFO] - ã€å¥åº·æª¢æŸ¥ & Keep-Aliveã€‘èƒŒæ™¯ä»»å‹™å·²å•Ÿå‹•ã€‚
2025-09-28 00:23:50 - [INFO] - Logged in as AI#4450 (ID: 1358417100250808531)
2025-09-28 00:23:51 - [INFO] - å·²æˆåŠŸç™¼é€å•Ÿå‹•æˆåŠŸé€šçŸ¥çµ¦ç®¡ç†å“¡ã€‚
2025-09-28 00:39:25 - [INFO] - æ‰€æœ‰æŒä¹…åŒ– UI è¦–åœ–å·²æˆåŠŸè¨»å†Šã€‚
2025-09-28 00:39:25 - [INFO] - æ­£åœ¨å˜—è©¦å°‡æ‡‰ç”¨ç¨‹å¼æŒ‡ä»¤ (Slash Commands) å…¨åŸŸåŒæ­¥åˆ° Discord...
2025-09-28 00:39:25 - [INFO] - âœ… æ‡‰ç”¨ç¨‹å¼æŒ‡ä»¤å…¨åŸŸåŒæ­¥æˆåŠŸï¼(æ³¨æ„ï¼šå…¨åŸŸæŒ‡ä»¤æ›´æ–°å¯èƒ½éœ€è¦é•·é”ä¸€å°æ™‚æ‰èƒ½åœ¨æ‰€æœ‰ä¼ºæœå™¨ç”Ÿæ•ˆ)
2025-09-28 00:39:25 - [INFO] - Discord Bot is ready!
2025-09-28 00:39:28 - [INFO] - ã€å¥åº·æª¢æŸ¥ & Keep-Aliveã€‘èƒŒæ™¯ä»»å‹™å·²å•Ÿå‹•ã€‚
2025-09-28 00:39:28 - [INFO] - Logged in as AI#4450 (ID: 1358417100250808531)
2025-09-28 00:39:28 - [INFO] - å·²æˆåŠŸç™¼é€å•Ÿå‹•æˆåŠŸé€šçŸ¥çµ¦ç®¡ç†å“¡ã€‚
2025-09-28 00:44:51 - [INFO] - æ‰€æœ‰æŒä¹…åŒ– UI è¦–åœ–å·²æˆåŠŸè¨»å†Šã€‚
2025-09-28 00:44:51 - [INFO] - æ­£åœ¨å˜—è©¦å°‡æ‡‰ç”¨ç¨‹å¼æŒ‡ä»¤ (Slash Commands) å…¨åŸŸåŒæ­¥åˆ° Discord...
2025-09-28 00:44:51 - [INFO] - âœ… æ‡‰ç”¨ç¨‹å¼æŒ‡ä»¤å…¨åŸŸåŒæ­¥æˆåŠŸï¼(æ³¨æ„ï¼šå…¨åŸŸæŒ‡ä»¤æ›´æ–°å¯èƒ½éœ€è¦é•·é”ä¸€å°æ™‚æ‰èƒ½åœ¨æ‰€æœ‰ä¼ºæœå™¨ç”Ÿæ•ˆ)
2025-09-28 00:44:51 - [INFO] - Discord Bot is ready!
2025-09-28 00:44:55 - [INFO] - ã€å¥åº·æª¢æŸ¥ & Keep-Aliveã€‘èƒŒæ™¯ä»»å‹™å·²å•Ÿå‹•ã€‚
2025-09-28 00:44:55 - [INFO] - Logged in as AI#4450 (ID: 1358417100250808531)
2025-09-28 00:44:56 - [INFO] - å·²æˆåŠŸç™¼é€å•Ÿå‹•æˆåŠŸé€šçŸ¥çµ¦ç®¡ç†å“¡ã€‚
2025-09-28 00:50:26 - [INFO] - æ‰€æœ‰æŒä¹…åŒ– UI è¦–åœ–å·²æˆåŠŸè¨»å†Šã€‚
2025-09-28 00:50:26 - [INFO] - æ­£åœ¨å˜—è©¦å°‡æ‡‰ç”¨ç¨‹å¼æŒ‡ä»¤ (Slash Commands) å…¨åŸŸåŒæ­¥åˆ° Discord...
2025-09-28 00:50:31 - [INFO] - âœ… æ‡‰ç”¨ç¨‹å¼æŒ‡ä»¤å…¨åŸŸåŒæ­¥æˆåŠŸï¼(æ³¨æ„ï¼šå…¨åŸŸæŒ‡ä»¤æ›´æ–°å¯èƒ½éœ€è¦é•·é”ä¸€å°æ™‚æ‰èƒ½åœ¨æ‰€æœ‰ä¼ºæœå™¨ç”Ÿæ•ˆ)
2025-09-28 00:50:31 - [INFO] - Discord Bot is ready!
2025-09-28 00:50:34 - [INFO] - ã€å¥åº·æª¢æŸ¥ & Keep-Aliveã€‘èƒŒæ™¯ä»»å‹™å·²å•Ÿå‹•ã€‚
2025-09-28 00:50:34 - [INFO] - Logged in as AI#4450 (ID: 1358417100250808531)
2025-09-28 00:50:35 - [INFO] - å·²æˆåŠŸç™¼é€å•Ÿå‹•æˆåŠŸé€šçŸ¥çµ¦ç®¡ç†å“¡ã€‚
2025-09-28 00:50:52 - [INFO] - ä½¿ç”¨è€… 512280345618546699 æ²’æœ‰æ´»èºçš„ AI å¯¦ä¾‹ï¼Œå˜—è©¦å‰µå»º...
2025-09-28 00:50:52 - [INFO] - [512280345618546699] æ ¸å¿ƒæ•¸æ“šæ¨¡æ¿ 'world_snapshot_template.txt' å·²æˆåŠŸåŠ è¼‰ã€‚
2025-09-28 00:50:52 - [INFO] - [512280345618546699] æ ¸å¿ƒå”è­° '00_supreme_directive.txt' å·²æˆåŠŸåŠ è¼‰ã€‚
2025-09-28 00:50:53 - [INFO] - [512280345618546699] [RAGæŒä¹…åŒ–] æˆåŠŸå¾ç£ç¢ŸåŠ è¼‰äº† 114 æ¢æ–‡æª”åˆ° RAG èªæ–™åº«ã€‚
2025-09-28 00:50:53 - [INFO] - [512280345618546699] (Retriever Builder) å·²æˆåŠŸå¾æŒä¹…åŒ–æª”æ¡ˆæ§‹å»º RAG æª¢ç´¢å™¨ã€‚
2025-09-28 00:50:53 - [INFO] - [512280345618546699] æ‰€æœ‰æ§‹å»ºéˆçš„å‰ç½®è³‡æºå·²æº–å‚™å°±ç·’ã€‚
2025-09-28 00:50:53 - [INFO] - ç‚ºä½¿ç”¨è€… 512280345618546699 æˆåŠŸå‰µå»ºä¸¦åˆå§‹åŒ– AI å¯¦ä¾‹ã€‚
2025-09-28 00:50:53 - [INFO] - [512280345618546699] æ­£åœ¨å¾è³‡æ–™åº«æ¢å¾©çŸ­æœŸå ´æ™¯è¨˜æ†¶...
2025-09-28 00:50:53 - [INFO] - [512280345618546699] æˆåŠŸæ¢å¾©äº† 1 å€‹å ´æ™¯çš„å°è©±æ­·å²ï¼Œç¸½è¨ˆ 3 æ¢è¨Šæ¯ã€‚
2025-09-28 00:50:53 - [INFO] - [512280345618546699] [æ’¤éŠ·] å·²æˆåŠŸå¾å ´æ™¯ '512280345618546699_local_ç‹åœ‹_ç‹éƒ½åŸé®å€_å’†å“®å£çˆé…’é¤¨' çš„çŸ­æœŸè¨˜æ†¶ä¸­æ’¤éŠ·ä¸Šä¸€å›åˆã€‚
2025-09-28 00:50:53 - [INFO] - [512280345618546699] [æ’¤éŠ·-å¾Œç«¯] æ­£åœ¨å˜—è©¦å¾è³‡æ–™åº«åˆªé™¤æœ€æ–°ä¸€æ¢é•·æœŸè¨˜æ†¶...
2025-09-28 00:50:53 - [INFO] - [512280345618546699] [æ’¤éŠ·-å¾Œç«¯] âœ… æˆåŠŸåˆªé™¤ ID ç‚º 31 çš„é•·æœŸè¨˜æ†¶ã€‚
2025-09-28 00:50:53 - [INFO] - [512280345618546699] [æ’¤éŠ·] è™•æ–¼DMé »é“ï¼Œè·³éåˆªé™¤ä½¿ç”¨è€…è¨Šæ¯çš„æ­¥é©Ÿã€‚
2025-09-28 00:50:58 - [INFO] - [512280345618546699] å•Ÿå‹•ã€Œç´”ç²¹ç”Ÿæˆã€å°è©±æµç¨‹...
2025-09-28 00:50:58 - [INFO] - [512280345618546699] [ç´”ç²¹ç”Ÿæˆæµç¨‹] æ­£åœ¨æº–å‚™ä¸Šä¸‹æ–‡...
2025-09-28 00:50:58 - [INFO] - [512280345618546699] [æŒ‡ä»¤å¯¦é«”æå–] é€šé LORE å­—å…¸æ‰¾åˆ°å¯¦é«”: {'ç±³å©­'}
2025-09-28 00:50:58 - [INFO] - [512280345618546699] [LOREéŒ¨å®š] æ­£åœ¨ç‚ºæŒ‡ä»¤ä¸­æåŠçš„ ['ç±³å©­'] å¼·åˆ¶æŸ¥æ‰¾LOREæª”æ¡ˆ...
2025-09-28 00:50:59 - [INFO] - [512280345618546699] [LLM Success] Generation successful using model 'gemini-2.5-flash-lite' with API Key #0.
2025-09-28 00:50:59 - [INFO] - [512280345618546699] [ä¸Šä¸‹æ–‡ç¯©é¸ in 'local' mode] æ ¸å¿ƒç›®æ¨™: ['ç±³å©­'], èƒŒæ™¯è§’è‰²: []
2025-09-28 00:50:59 - [INFO] - [512280345618546699] RAGæŸ¥è©¢å·²æ“´å±•ç‚º: 'Mia ç±³å©­ è–éœ²ä¿®é“é™¢ æè¿°ç±³å©­åœ¨å®…é‚¸æ•£æ­¥é‡åˆ°å‹›çˆµ æ¯ç•œ æ´»ç¥è¹Ÿ è–å¥³'
2025-09-28 00:50:59 - [INFO] - [512280345618546699] [RAGå¾Œè™•ç†ç¯©é¸] å·²å°‡ 15 æ¢åˆæ­¥æª¢ç´¢çµæœç²¾ç…‰ç‚º 12 æ¢èˆ‡æ ¸å¿ƒè§’è‰²ç›¸é—œçš„è¨˜æ†¶ã€‚
2025-09-28 00:50:59 - [INFO] - [512280345618546699] [RAGæ‘˜è¦-1] å˜—è©¦ä½¿ç”¨é›²ç«¯æ¨¡å‹è™•ç†åŸå§‹æ–‡æœ¬...
2025-09-28 00:50:59 - [WARNING] - [512280345618546699] æ¨¡å‹ 'gemini-2.5-flash-lite' (Key #1) é­é‡å…§å®¹å¯©æŸ¥æˆ–å®‰å…¨éŒ¯èª¤: BlockedPromptExceptionã€‚
2025-09-28 00:50:59 - [WARNING] - [512280345618546699] [RAGæ‘˜è¦-1] é›²ç«¯æ¨¡å‹å¯©æŸ¥äº†åŸå§‹æ–‡æœ¬ã€‚é™ç´šåˆ°å±¤ç´š 2 (é›²ç«¯+ä»£ç¢¼åŒ–)...
2025-09-28 00:51:00 - [WARNING] - [512280345618546699] æ¨¡å‹ 'gemini-2.5-flash-lite' (Key #2) é­é‡å…§å®¹å¯©æŸ¥æˆ–å®‰å…¨éŒ¯èª¤: BlockedPromptExceptionã€‚
2025-09-28 00:51:00 - [ERROR] - [512280345618546699] [RAGæ‘˜è¦-2] ğŸ”¥ ä»£ç¢¼åŒ–å‚™æ´å¤±æ•—: Prompt blocked due to PROHIBITED_CONTENT
Traceback (most recent call last):
  File "D:\DINO\SD\ComfyUI\personal_server\ai_lover_service\src\ai_core.py", line 4777, in retrieve_and_summarize_memories
    summary = await self.ainvoke_with_rotation(
  File "D:\DINO\SD\ComfyUI\personal_server\ai_lover_service\src\ai_core.py", line 791, in ainvoke_with_rotation
    raise e
  File "D:\DINO\SD\ComfyUI\personal_server\ai_lover_service\src\ai_core.py", line 762, in ainvoke_with_rotation
    raise BlockedPromptException(f"Prompt blocked due to {response.prompt_feedback.block_reason.name}")
google.generativeai.types.generation_types.BlockedPromptException: Prompt blocked due to PROHIBITED_CONTENT

During handling of the above exception, another exception occurred:

Traceback (most recent call last):
  File "D:\DINO\SD\ComfyUI\personal_server\ai_lover_service\src\ai_core.py", line 4795, in retrieve_and_summarize_memories
    encoded_summary = await self.ainvoke_with_rotation(
  File "D:\DINO\SD\ComfyUI\personal_server\ai_lover_service\src\ai_core.py", line 791, in ainvoke_with_rotation
    raise e
  File "D:\DINO\SD\ComfyUI\personal_server\ai_lover_service\src\ai_core.py", line 762, in ainvoke_with_rotation
    raise BlockedPromptException(f"Prompt blocked due to {response.prompt_feedback.block_reason.name}")
google.generativeai.types.generation_types.BlockedPromptException: Prompt blocked due to PROHIBITED_CONTENT
2025-09-28 00:51:00 - [WARNING] - [512280345618546699] [RAGæ‘˜è¦] æ‰€æœ‰é›²ç«¯ç­–ç•¥å‡å¤±æ•—ã€‚é™ç´šåˆ°å±¤ç´š 3 (æœ¬åœ°æ¨¡å‹)...
2025-09-28 00:51:00 - [INFO] - [512280345618546699] [RAGæ‘˜è¦-2A] æ­£åœ¨ä½¿ç”¨æœ¬åœ°æ¨¡å‹ 'HammerAI/llama-3-lexi-uncensored:latest' é€²è¡Œæ‘˜è¦...
2025-09-28 00:51:14 - [INFO] - [512280345618546699] [RAGæ‘˜è¦-2A] âœ… æœ¬åœ°æ¨¡å‹æ‘˜è¦æˆåŠŸã€‚
2025-09-28 00:51:14 - [INFO] - [512280345618546699] å·²æˆåŠŸå°‡ RAG çµæœåˆ†é›¢ç‚º 3 æ¢è¦å‰‡å…¨æ–‡å’Œ 9 æ¢å¾…æ‘˜è¦æ–‡æª”ã€‚
2025-09-28 00:51:15 - [INFO] - [512280345618546699] [ç´”ç²¹ç”Ÿæˆæµç¨‹] æ­£åœ¨åŸ·è¡Œå°èªªç”Ÿæˆ...
2025-09-28 00:52:00 - [INFO] - [512280345618546699] [LLM Success] Generation successful using model 'gemini-2.5-pro' with API Key #3.
2025-09-28 00:52:03 - [INFO] - [512280345618546699] [ç´”ç²¹ç”Ÿæˆæµç¨‹] å°èªªæ–‡æœ¬ç”ŸæˆæˆåŠŸï¼Œä¸¦å·²ç‚ºäº‹å¾Œåˆ†æå‰µå»ºè©³ç´°ä¸Šä¸‹æ–‡å¿«ç…§ã€‚
2025-09-28 00:52:03 - [INFO] - [512280345618546699] å›æ‡‰å·²ç™¼é€ã€‚æ­£åœ¨å•Ÿå‹•çµ±ä¸€çš„ã€Œäº‹å¾Œåˆ†æã€ä»»å‹™...
2025-09-28 00:52:05 - [INFO] - [512280345618546699] [äº‹å¾Œåˆ†æ] æ­£åœ¨å•Ÿå‹•èƒŒæ™¯åˆ†æä»»å‹™...
2025-09-28 00:52:07 - [INFO] - [512280345618546699] [LLM Success] Generation successful using model 'gemini-2.5-flash-lite' with API Key #4.
2025-09-28 00:52:07 - [INFO] - [512280345618546699] [é•·æœŸè¨˜æ†¶å¯«å…¥] æ­£åœ¨ä¿å­˜é ç”Ÿæˆçš„å®‰å…¨æ‘˜è¦...
2025-09-28 00:52:08 - [INFO] - [512280345618546699] [é•·æœŸè¨˜æ†¶å¯«å…¥] äº’å‹•è¨˜éŒ„å·²æˆåŠŸä¿å­˜åˆ° SQL è³‡æ–™åº«ã€‚
2025-09-28 00:52:08 - [INFO] - [512280345618546699] [é•·æœŸè¨˜æ†¶å¯«å…¥] å®‰å…¨æ‘˜è¦ä¿å­˜å®Œç•¢ã€‚
2025-09-28 00:52:08 - [INFO] - [512280345618546699] [äº‹å¾Œåˆ†æ] èƒŒæ™¯åˆ†æèˆ‡è™•ç†ä»»å‹™å®Œæˆã€‚
2025-09-28 00:56:04 - [INFO] - æ‰€æœ‰æŒä¹…åŒ– UI è¦–åœ–å·²æˆåŠŸè¨»å†Šã€‚
2025-09-28 00:56:04 - [INFO] - æ­£åœ¨å˜—è©¦å°‡æ‡‰ç”¨ç¨‹å¼æŒ‡ä»¤ (Slash Commands) å…¨åŸŸåŒæ­¥åˆ° Discord...
2025-09-28 00:58:18 - [INFO] - æ‰€æœ‰æŒä¹…åŒ– UI è¦–åœ–å·²æˆåŠŸè¨»å†Šã€‚
2025-09-28 00:58:18 - [INFO] - æ­£åœ¨å˜—è©¦å°‡æ‡‰ç”¨ç¨‹å¼æŒ‡ä»¤ (Slash Commands) å…¨åŸŸåŒæ­¥åˆ° Discord...
2025-09-28 00:58:18 - [INFO] - âœ… æ‡‰ç”¨ç¨‹å¼æŒ‡ä»¤å…¨åŸŸåŒæ­¥æˆåŠŸï¼(æ³¨æ„ï¼šå…¨åŸŸæŒ‡ä»¤æ›´æ–°å¯èƒ½éœ€è¦é•·é”ä¸€å°æ™‚æ‰èƒ½åœ¨æ‰€æœ‰ä¼ºæœå™¨ç”Ÿæ•ˆ)
2025-09-28 00:58:18 - [INFO] - Discord Bot is ready!
2025-09-28 00:58:22 - [INFO] - ã€å¥åº·æª¢æŸ¥ & Keep-Aliveã€‘èƒŒæ™¯ä»»å‹™å·²å•Ÿå‹•ã€‚
2025-09-28 00:58:22 - [INFO] - Logged in as AI#4450 (ID: 1358417100250808531)
2025-09-28 00:58:28 - [INFO] - ä½¿ç”¨è€… 512280345618546699 æ²’æœ‰æ´»èºçš„ AI å¯¦ä¾‹ï¼Œå˜—è©¦å‰µå»º...
2025-09-28 00:58:28 - [INFO] - [512280345618546699] æ ¸å¿ƒæ•¸æ“šæ¨¡æ¿ 'world_snapshot_template.txt' å·²æˆåŠŸåŠ è¼‰ã€‚
2025-09-28 00:58:28 - [INFO] - [512280345618546699] æ ¸å¿ƒå”è­° '00_supreme_directive.txt' å·²æˆåŠŸåŠ è¼‰ã€‚
2025-09-28 00:58:28 - [INFO] - [512280345618546699] [RAGæŒä¹…åŒ–] æˆåŠŸå¾ç£ç¢ŸåŠ è¼‰äº† 114 æ¢æ–‡æª”åˆ° RAG èªæ–™åº«ã€‚
2025-09-28 00:58:28 - [INFO] - [512280345618546699] (Retriever Builder) å·²æˆåŠŸå¾æŒä¹…åŒ–æª”æ¡ˆæ§‹å»º RAG æª¢ç´¢å™¨ã€‚
2025-09-28 00:58:28 - [INFO] - [512280345618546699] æ‰€æœ‰æ§‹å»ºéˆçš„å‰ç½®è³‡æºå·²æº–å‚™å°±ç·’ã€‚
2025-09-28 00:58:28 - [INFO] - ç‚ºä½¿ç”¨è€… 512280345618546699 æˆåŠŸå‰µå»ºä¸¦åˆå§‹åŒ– AI å¯¦ä¾‹ã€‚
2025-09-28 00:58:28 - [INFO] - [512280345618546699] æ­£åœ¨å¾è³‡æ–™åº«æ¢å¾©çŸ­æœŸå ´æ™¯è¨˜æ†¶...
2025-09-28 00:58:28 - [INFO] - [512280345618546699] æˆåŠŸæ¢å¾©äº† 1 å€‹å ´æ™¯çš„å°è©±æ­·å²ï¼Œç¸½è¨ˆ 5 æ¢è¨Šæ¯ã€‚
2025-09-28 00:58:28 - [INFO] - [512280345618546699] [æ’¤éŠ·] å·²æˆåŠŸå¾å ´æ™¯ '512280345618546699_local_ç‹åœ‹_ç‹éƒ½åŸé®å€_å’†å“®å£çˆé…’é¤¨' çš„çŸ­æœŸè¨˜æ†¶ä¸­æ’¤éŠ·ä¸Šä¸€å›åˆã€‚
2025-09-28 00:58:28 - [INFO] - [512280345618546699] [æ’¤éŠ·-å¾Œç«¯] æ­£åœ¨å˜—è©¦å¾è³‡æ–™åº«åˆªé™¤æœ€æ–°ä¸€æ¢é•·æœŸè¨˜æ†¶...
2025-09-28 00:58:28 - [INFO] - [512280345618546699] [æ’¤éŠ·-å¾Œç«¯] âœ… æˆåŠŸåˆªé™¤ ID ç‚º 31 çš„é•·æœŸè¨˜æ†¶ã€‚
2025-09-28 00:58:32 - [INFO] - [512280345618546699] [æ’¤éŠ·] è™•æ–¼DMé »é“ï¼Œè·³éåˆªé™¤ä½¿ç”¨è€…è¨Šæ¯çš„æ­¥é©Ÿã€‚
2025-09-28 00:58:33 - [INFO] - [512280345618546699] å•Ÿå‹•ã€Œç´”ç²¹ç”Ÿæˆã€å°è©±æµç¨‹...
2025-09-28 00:58:33 - [INFO] - [512280345618546699] [ç´”ç²¹ç”Ÿæˆæµç¨‹] æ­£åœ¨æº–å‚™ä¸Šä¸‹æ–‡...
2025-09-28 00:58:33 - [INFO] - [512280345618546699] [æŒ‡ä»¤å¯¦é«”æå–] é€šé LORE å­—å…¸æ‰¾åˆ°å¯¦é«”: {'ç±³å©­'}
2025-09-28 00:58:33 - [INFO] - [512280345618546699] [LOREéŒ¨å®š] æ­£åœ¨ç‚ºæŒ‡ä»¤ä¸­æåŠçš„ ['ç±³å©­'] å¼·åˆ¶æŸ¥æ‰¾LOREæª”æ¡ˆ...
2025-09-28 00:58:34 - [INFO] - [512280345618546699] [LLM Success] Generation successful using model 'gemini-2.5-flash-lite' with API Key #0.
2025-09-28 00:58:34 - [INFO] - [512280345618546699] [ä¸Šä¸‹æ–‡ç¯©é¸ in 'local' mode] æ ¸å¿ƒç›®æ¨™: ['ç±³å©­'], èƒŒæ™¯è§’è‰²: []
2025-09-28 00:58:34 - [INFO] - [512280345618546699] RAGæŸ¥è©¢å·²æ“´å±•ç‚º: 'è–å¥³ æ¯ç•œ æè¿°ç±³å©­åœ¨å®…é‚¸æ•£æ­¥é‡åˆ°å‹›çˆµ ç±³å©­ è–éœ²ä¿®é“é™¢ Mia æ´»ç¥è¹Ÿ'
2025-09-28 00:58:34 - [INFO] - [512280345618546699] [RAGå¾Œè™•ç†ç¯©é¸] å·²å°‡ 15 æ¢åˆæ­¥æª¢ç´¢çµæœç²¾ç…‰ç‚º 12 æ¢èˆ‡æ ¸å¿ƒè§’è‰²ç›¸é—œçš„è¨˜æ†¶ã€‚
2025-09-28 00:58:34 - [INFO] - [512280345618546699] [RAGæ‘˜è¦-1] å˜—è©¦ä½¿ç”¨é›²ç«¯æ¨¡å‹è™•ç†åŸå§‹æ–‡æœ¬...
2025-09-28 00:58:34 - [WARNING] - [512280345618546699] æ¨¡å‹ 'gemini-2.5-flash-lite' (Key #1) é­é‡å…§å®¹å¯©æŸ¥æˆ–å®‰å…¨éŒ¯èª¤: BlockedPromptExceptionã€‚
2025-09-28 00:58:34 - [WARNING] - [512280345618546699] [RAGæ‘˜è¦-1] é›²ç«¯æ¨¡å‹å¯©æŸ¥äº†åŸå§‹æ–‡æœ¬ã€‚é™ç´šåˆ°å±¤ç´š 2 (é›²ç«¯+ä»£ç¢¼åŒ–)...
2025-09-28 00:58:34 - [WARNING] - [512280345618546699] æ¨¡å‹ 'gemini-2.5-flash-lite' (Key #2) é­é‡å…§å®¹å¯©æŸ¥æˆ–å®‰å…¨éŒ¯èª¤: BlockedPromptExceptionã€‚
2025-09-28 00:58:35 - [ERROR] - [512280345618546699] [RAGæ‘˜è¦-2] ğŸ”¥ ä»£ç¢¼åŒ–å‚™æ´å¤±æ•—: Prompt blocked due to PROHIBITED_CONTENT
Traceback (most recent call last):
  File "D:\DINO\SD\ComfyUI\personal_server\ai_lover_service\src\ai_core.py", line 4773, in retrieve_and_summarize_memories
    summary = await self.ainvoke_with_rotation(
  File "D:\DINO\SD\ComfyUI\personal_server\ai_lover_service\src\ai_core.py", line 791, in ainvoke_with_rotation
    raise e
  File "D:\DINO\SD\ComfyUI\personal_server\ai_lover_service\src\ai_core.py", line 762, in ainvoke_with_rotation
    raise BlockedPromptException(f"Prompt blocked due to {response.prompt_feedback.block_reason.name}")
google.generativeai.types.generation_types.BlockedPromptException: Prompt blocked due to PROHIBITED_CONTENT

During handling of the above exception, another exception occurred:

Traceback (most recent call last):
  File "D:\DINO\SD\ComfyUI\personal_server\ai_lover_service\src\ai_core.py", line 4795, in retrieve_and_summarize_memories
    encoded_summary = await self.ainvoke_with_rotation(
  File "D:\DINO\SD\ComfyUI\personal_server\ai_lover_service\src\ai_core.py", line 791, in ainvoke_with_rotation
    raise e
  File "D:\DINO\SD\ComfyUI\personal_server\ai_lover_service\src\ai_core.py", line 762, in ainvoke_with_rotation
    raise BlockedPromptException(f"Prompt blocked due to {response.prompt_feedback.block_reason.name}")
google.generativeai.types.generation_types.BlockedPromptException: Prompt blocked due to PROHIBITED_CONTENT
2025-09-28 00:58:35 - [WARNING] - [512280345618546699] [RAGæ‘˜è¦] æ‰€æœ‰é›²ç«¯ç­–ç•¥å‡å¤±æ•—ã€‚é™ç´šåˆ°å±¤ç´š 3 (æœ¬åœ°æ¨¡å‹)...
2025-09-28 00:58:35 - [INFO] - [512280345618546699] [RAGæ‘˜è¦-2A] æ­£åœ¨ä½¿ç”¨æœ¬åœ°æ¨¡å‹ 'HammerAI/llama-3-lexi-uncensored:latest' é€²è¡Œæ‘˜è¦...
2025-09-28 00:58:40 - [INFO] - å·²æˆåŠŸç™¼é€å•Ÿå‹•æˆåŠŸé€šçŸ¥çµ¦ç®¡ç†å“¡ã€‚
2025-09-28 01:03:48 - [CRITICAL] - ã€é‡å¤§éŒ¯èª¤ã€‘èˆ‡ Discord çš„ WebSocket é€£ç·šå·²ä¸­æ–·ï¼
2025-09-28 01:03:48 - [INFO] - [512280345618546699] [RAGæ‘˜è¦-2A] âœ… æœ¬åœ°æ¨¡å‹æ‘˜è¦æˆåŠŸã€‚
2025-09-28 01:03:48 - [INFO] - [512280345618546699] å·²æˆåŠŸå°‡ RAG çµæœåˆ†é›¢ç‚º 3 æ¢è¦å‰‡å…¨æ–‡å’Œ 9 æ¢å¾…æ‘˜è¦æ–‡æª”ã€‚
2025-09-28 01:03:51 - [INFO] - [512280345618546699] [ç´”ç²¹ç”Ÿæˆæµç¨‹] æ­£åœ¨åŸ·è¡Œå°èªªç”Ÿæˆ...
2025-09-28 01:03:57 - [INFO] - Logged in as AI#4450 (ID: 1358417100250808531)
2025-09-28 01:04:38 - [INFO] - [512280345618546699] [LLM Success] Generation successful using model 'gemini-2.5-pro' with API Key #3.
2025-09-28 01:04:40 - [INFO] - [512280345618546699] [ç´”ç²¹ç”Ÿæˆæµç¨‹] å°èªªæ–‡æœ¬ç”ŸæˆæˆåŠŸï¼Œä¸¦å·²ç‚ºäº‹å¾Œåˆ†æå‰µå»ºè©³ç´°ä¸Šä¸‹æ–‡å¿«ç…§ã€‚
2025-09-28 01:04:40 - [INFO] - [512280345618546699] å›æ‡‰å·²ç™¼é€ã€‚æ­£åœ¨å•Ÿå‹•çµ±ä¸€çš„ã€Œäº‹å¾Œåˆ†æã€ä»»å‹™...
2025-09-28 01:04:42 - [INFO] - [512280345618546699] [äº‹å¾Œåˆ†æ] æ­£åœ¨å•Ÿå‹•èƒŒæ™¯åˆ†æä»»å‹™...
2025-09-28 01:04:45 - [INFO] - [512280345618546699] [LLM Success] Generation successful using model 'gemini-2.5-flash-lite' with API Key #4.
2025-09-28 01:04:45 - [INFO] - [512280345618546699] [é•·æœŸè¨˜æ†¶å¯«å…¥] æ­£åœ¨ä¿å­˜é ç”Ÿæˆçš„å®‰å…¨æ‘˜è¦...
2025-09-28 01:04:45 - [INFO] - [512280345618546699] [é•·æœŸè¨˜æ†¶å¯«å…¥] äº’å‹•è¨˜éŒ„å·²æˆåŠŸä¿å­˜åˆ° SQL è³‡æ–™åº«ã€‚
2025-09-28 01:04:45 - [INFO] - [512280345618546699] [é•·æœŸè¨˜æ†¶å¯«å…¥] å®‰å…¨æ‘˜è¦ä¿å­˜å®Œç•¢ã€‚
2025-09-28 01:04:45 - [INFO] - [512280345618546699] [äº‹å¾Œåˆ†æ] èƒŒæ™¯åˆ†æèˆ‡è™•ç†ä»»å‹™å®Œæˆã€‚
