### AI Lover Log - Last updated at 2025-10-11T17:11:14.021195 ###

2025-10-11 14:18:52 - [INFO] - Logged in as AI#4450 (ID: 1358417100250808531)
2025-10-11 14:18:53 - [INFO] - 已成功發送啟動成功通知給管理員。
2025-10-11 14:23:33 - [INFO] - [512280345618546699] [Data Reset] 正在啟動使用者資料重置流程...
2025-10-11 14:23:33 - [INFO] - [512280345618546699] [Data Reset] 所有相關的資料庫記錄已成功刪除。
2025-10-11 14:23:33 - [INFO] - [512280345618546699] [Data Reset] 向量儲存目錄 'D:\DINO\SD\ComfyUI\personal_server\ai_lover_service\data\vector_stores\512280345618546699' 已成功刪除。
2025-10-11 14:23:33 - [INFO] - [512280345618546699] [Data Reset] 資料重置流程已全部完成。
2025-10-11 14:23:35 - [INFO] - [512280345618546699] (UI Event) Persistent 'StartSetupView' button clicked.
2025-10-11 14:23:43 - [INFO] - 使用者 512280345618546699 沒有活躍的 AI 實例，嘗試創建...
2025-10-11 14:23:43 - [INFO] - [512280345618546699] 處於設定流程中，即使資料庫無記錄，也創建一個臨時的記憶體實例。
2025-10-11 14:23:43 - [INFO] - [512280345618546699] 核心數據模板 'world_snapshot_template.txt' 已成功加載。
2025-10-11 14:23:43 - [INFO] - [512280345618546699] 核心協議 '00_supreme_directive.txt' 已成功加載。
2025-10-11 14:23:43 - [INFO] - ℹ️ [Embedding Loader] 正在啟動【純本地 RAG】Embedding 引擎...
2025-10-11 14:23:43 - [INFO] -    - 檢測到本地模型路徑，正在嘗試從 'D:\DINO\SD\ComfyUI\personal_server\ai_lover_service\models\stella-base-zh-v2' 加載...
2025-10-11 14:23:45 - [INFO] - ✅ [Embedding Loader] 純本地 Embedding 模型成功加載。
2025-10-11 14:23:45 - [INFO] - [512280345618546699] 所有輕量級前置資源已準備就緒 (RAG 創建已延遲)。
2025-10-11 14:23:45 - [INFO] - [512280345618546699] 接收到 profile 更新請求: ['world_settings']
2025-10-11 14:23:45 - [WARNING] - [512280345618546699] 在持久化更新時找不到使用者資料，將創建新記錄。
2025-10-11 14:23:46 - [INFO] - [512280345618546699] Profile 更新並持久化成功。
2025-10-11 14:23:47 - [INFO] - [512280345618546699] (UI Event) Persistent 'ContinueToUserSetupView' button clicked.
2025-10-11 14:24:01 - [INFO] - [512280345618546699] (UI Event) CharacterSettingsModal submitted for profile_type: 'user', is_setup_flow: True
2025-10-11 14:24:01 - [INFO] - [512280345618546699] 接收到 profile 更新請求: ['user_profile']
2025-10-11 14:24:01 - [INFO] - [512280345618546699] Profile 更新並持久化成功。
2025-10-11 14:24:03 - [INFO] - [512280345618546699] (UI Event) Persistent 'ContinueToAiSetupView' button clicked.
2025-10-11 14:24:15 - [INFO] - [512280345618546699] (UI Event) CharacterSettingsModal submitted for profile_type: 'ai', is_setup_flow: True
2025-10-11 14:24:15 - [INFO] - [512280345618546699] 接收到 profile 更新請求: ['ai_profile']
2025-10-11 14:24:15 - [INFO] - [512280345618546699] Profile 更新並持久化成功。
2025-10-11 14:24:18 - [INFO] - [512280345618546699] [創世流程] 檔案上傳開始，已設定 active_setups 狀態鎖。
2025-10-11 14:24:27 - [INFO] - [512280345618546699] (on_message) 偵測到用戶處於活躍的創世流程中，已忽略常規訊息 '...' 以防止競爭。
2025-10-11 14:24:29 - [INFO] - [512280345618546699] [創世流程 v65.1] 原生 Python 驅動的流程已啟動。
2025-10-11 14:24:29 - [INFO] - [512280345618546699] [後台創世] 正在將世界聖經原文分割成文檔...
2025-10-11 14:24:29 - [INFO] - [512280345618546699] [後台創世] 正在觸發 RAG 索引創始構建...
2025-10-11 14:24:29 - [INFO] - [512280345618546699] (Retriever Builder) 進入外部文檔注入模式，使用 36 條傳入文檔，準備使用 36 條文檔進行構建...
2025-10-11 14:25:25 - [INFO] - [512280345618546699] (Retriever Builder) ✅ 統一的【混合檢索器】構建成功。
2025-10-11 14:25:25 - [INFO] - [512280345618546699] [後台創世] RAG 索引構建完成，準備執行原生創世步驟...
2025-10-11 14:25:25 - [INFO] - [512280345618546699] [後台創世-原生] 步驟 1/2: 正在補完角色檔案...
2025-10-11 14:25:27 - [INFO] - [512280345618546699] [LLM Success] Generation successful using model 'gemini-2.5-flash-lite' with API Key #0.
2025-10-11 14:25:28 - [INFO] - [512280345618546699] [LLM Success] Generation successful using model 'gemini-2.5-flash-lite' with API Key #0.
2025-10-11 14:25:28 - [INFO] - [512280345618546699] 接收到 profile 更新請求: ['user_profile', 'ai_profile']
2025-10-11 14:25:28 - [INFO] - [512280345618546699] Profile 更新並持久化成功。
2025-10-11 14:25:28 - [INFO] - [512280345618546699] [後台創世-原生] 角色檔案補完成功。
2025-10-11 14:25:28 - [INFO] - [512280345618546699] [後台創世-原生] 步驟 2/2: 正在生成開場白...
2025-10-11 14:25:28 - [INFO] - [512280345618546699] [/start] 正在使用【指令增強型 RAG】智能選擇並創作開場場景...
2025-10-11 14:25:28 - [INFO] - [512280345618546699] [鳳凰RAG] 啟動，原始查詢: '
指令：為主角 DINO 和 碧 尋找一個初始場景。
世界觀：這是一個魔法的幻想世界。
【嚴格篩選條...'
2025-10-11 14:25:30 - [INFO] - [512280345618546699] [雙引擎實體提取] 成功提取高質量實體: ['**:', '議會廳', '王座廳', '點類型']
2025-10-11 14:25:30 - [INFO] - [512280345618546699] [查詢擴展] 識別出核心實體: ['**:', '議會廳', '王座廳', '點類型']
2025-10-11 14:25:30 - [INFO] - [512280345618546699] [鳳凰RAG-1/5] 查詢已編碼，正在執行混合檢索...
2025-10-11 14:25:30 - [INFO] - [512280345618546699] [鳳凰RAG-2/5] 混合檢索成功，去重後共獲得 19 份候選文檔。
2025-10-11 14:25:41 - [WARNING] - [512280345618546699] 模型 'gemini-2.5-flash-lite' (Key #0) 遭遇靜默失敗，生成因 '8' 而提前終止。
2025-10-11 14:25:41 - [WARNING] - [512280345618546699] 模型 'gemini-2.5-flash-lite' (Key #0) 遭遇內容審查或安全錯誤: BlockedPromptException。
2025-10-11 14:25:41 - [WARNING] - [512280345618546699] [鳳凰RAG-3/5] LLM重排器失敗 (BlockedPromptException)，回退使用原始檢索結果。
2025-10-11 14:25:41 - [INFO] - [512280345618546699] [鳳凰RAG-4/5] 成功提取 5 份原始未審查文本。
2025-10-11 14:25:41 - [INFO] - [512280345618546699] [鳳凰RAG-5/5] ✅ 檢索管線完成，已生成高質量原始上下文。
2025-10-11 14:25:41 - [INFO] - [512280345618546699] [API Key Cooling] 跳過冷卻中的 API Key #1 (針對模型 gemini-2.5-pro，剩餘 37334 秒)。
2025-10-11 14:26:06 - [INFO] - [512280345618546699] [LLM Success] Generation successful using model 'gemini-2.5-pro' with API Key #0.
2025-10-11 14:26:06 - [INFO] - [512280345618546699] [/start] 開場白已生成，正在從中反向提取權威地點...
2025-10-11 14:26:07 - [INFO] - [512280345618546699] [LLM Success] Generation successful using model 'gemini-2.5-flash-lite' with API Key #1.
2025-10-11 14:26:07 - [INFO] - [512280345618546699] [/start] ✅ 地點提取成功: 王都。正在更新 GameState...
2025-10-11 14:26:07 - [INFO] - [512280345618546699] 接收到 profile 更新請求: ['game_state']
2025-10-11 14:26:07 - [INFO] - [512280345618546699] Profile 更新並持久化成功。
2025-10-11 14:26:07 - [INFO] - [512280345618546699] [後台創世-原生] 開場白生成成功。
2025-10-11 14:26:07 - [INFO] - [512280345618546699] [後台創世] 正在向使用者私訊發送最終開場白...
2025-10-11 14:26:08 - [INFO] - [512280345618546699] [後台創世] 開場白發送完畢。
2025-10-11 14:26:08 - [INFO] - [512280345618546699] 後台創世流程結束，狀態鎖已釋放。
2025-10-11 14:30:38 - [INFO] - [512280345618546699] 啟動 RAG 直通對話流程...
2025-10-11 14:30:38 - [INFO] - [512280345618546699] [Direct RAG] 啟動鳳凰架構 RAG 直通生成流程...
2025-10-11 14:30:38 - [INFO] - [512280345618546699] [鳳凰RAG] 啟動，原始查詢: '描述米婭在宅邸遇到勳爵...'
2025-10-11 14:30:39 - [INFO] - [512280345618546699] [雙引擎實體提取] 成功提取高質量實體: ['宅邸遇到勳爵']
2025-10-11 14:30:39 - [INFO] - [512280345618546699] [查詢擴展] 識別出核心實體: ['宅邸遇到勳爵']
2025-10-11 14:30:39 - [INFO] - [512280345618546699] [鳳凰RAG-1/5] 查詢已編碼，正在執行混合檢索...
2025-10-11 14:30:39 - [INFO] - [512280345618546699] [鳳凰RAG-2/5] 混合檢索成功，去重後共獲得 21 份候選文檔。
2025-10-11 14:30:50 - [INFO] - [512280345618546699] [LLM Success] Generation successful using model 'gemini-2.5-flash-lite' with API Key #1.
2025-10-11 14:30:50 - [INFO] - [512280345618546699] [鳳凰RAG-3/5] LLM重排器成功，篩選出 5 份最相關文檔。
2025-10-11 14:30:50 - [INFO] - [512280345618546699] [鳳凰RAG-4/5] 成功提取 5 份原始未審查文本。
2025-10-11 14:30:50 - [INFO] - [512280345618546699] [鳳凰RAG-5/5] ✅ 檢索管線完成，已生成高質量原始上下文。
2025-10-11 14:30:50 - [INFO] - [512280345618546699] [主生成] 正在構建結構化的消息列表...
2025-10-11 14:30:50 - [INFO] - [512280345618546699] [History Summarizer] 執行純程式化中性摘要...
2025-10-11 14:30:50 - [INFO] - [512280345618546699] [History Summarizer] ✅ 程式化中性摘要成功生成。
2025-10-11 14:30:50 - [INFO] - [512280345618546699] [API Key Cooling] 跳過冷卻中的 API Key #1 (針對模型 gemini-2.5-pro，剩餘 37025 秒)。
2025-10-11 14:30:50 - [INFO] - [512280345618546699] [API Key Cooling] 跳過冷卻中的 API Key #1 (針對模型 gemini-2.5-pro，剩餘 37025 秒)。
2025-10-11 14:31:22 - [INFO] - [512280345618546699] [LLM Success] Generation successful using model 'gemini-2.5-pro' with API Key #2.
2025-10-11 14:31:22 - [INFO] - [512280345618546699] [長期記憶寫入] 互動記錄已成功進行雙重持久化到 SQL 資料庫。
2025-10-11 14:31:23 - [INFO] - [512280345618546699] RAG 直通流程執行完畢，回應已發送。事後學習任務已在背景啟動。
2025-10-11 14:31:24 - [INFO] - [512280345618546699] [事後分析] 正在啟動鳳凰架構背景分析任務...
2025-10-11 14:31:27 - [INFO] - [512280345618546699] [LLM Success] Generation successful using model 'gemini-2.5-flash-lite' with API Key #3.
2025-10-11 14:31:27 - [INFO] - [512280345618546699] [事後分析] 檢測到 3 條【編碼的】LORE 更新，準備解碼並執行...
2025-10-11 14:31:27 - [INFO] - [512280345618546699] [事後分析] 鳳凰架構背景分析任務完成。
2025-10-11 14:48:16 - [INFO] - [512280345618546699] [Admin Command] 手動觸發強制更新與重啟流程...
2025-10-11 14:48:16 - [INFO] - [512280345618546699] [Admin Command] 已獲取 Git 鎖，開始執行同步...
2025-10-11 14:48:21 - [INFO] - [512280345618546699] [Admin Command] Git 鎖已釋放。
2025-10-11 14:49:45 - [INFO] - 正在加載核心 Cog (core_cog)...
2025-10-11 14:49:49 - [INFO] - ✅ 核心 Cog (core_cog) 已加載，並且所有持久化視圖已成功註冊。
2025-10-11 14:49:49 - [INFO] - ✅ 核心 Cog 加載成功。
2025-10-11 14:49:49 - [INFO] - 正在全域同步應用程式指令...
2025-10-11 14:49:49 - [INFO] - ✅ 指令已全域同步！
2025-10-11 14:49:49 - [INFO] - Discord Bot setup hook finished!
2025-10-11 14:49:52 - [INFO] - Logged in as AI#4450 (ID: 1358417100250808531)
2025-10-11 14:49:54 - [INFO] - 已成功發送啟動成功通知給管理員。
2025-10-11 14:50:12 - [INFO] - [512280345618546699] [Data Reset] 正在啟動使用者資料重置流程...
2025-10-11 14:50:12 - [INFO] - [512280345618546699] [Data Reset] 所有相關的資料庫記錄已成功刪除。
2025-10-11 14:50:12 - [INFO] - [512280345618546699] [Data Reset] 向量儲存目錄 'D:\DINO\SD\ComfyUI\personal_server\ai_lover_service\data\vector_stores\512280345618546699' 已成功刪除。
2025-10-11 14:50:12 - [INFO] - [512280345618546699] [Data Reset] 資料重置流程已全部完成。
2025-10-11 14:50:14 - [INFO] - [512280345618546699] (UI Event) Persistent 'StartSetupView' button clicked.
2025-10-11 14:50:20 - [INFO] - 使用者 512280345618546699 沒有活躍的 AI 實例，嘗試創建...
2025-10-11 14:50:20 - [INFO] - [512280345618546699] 處於設定流程中，即使資料庫無記錄，也創建一個臨時的記憶體實例。
2025-10-11 14:50:20 - [INFO] - [512280345618546699] 核心數據模板 'world_snapshot_template.txt' 已成功加載。
2025-10-11 14:50:20 - [INFO] - [512280345618546699] 核心協議 '00_supreme_directive.txt' 已成功加載。
2025-10-11 14:50:20 - [INFO] - ℹ️ [Embedding Loader] 正在啟動【純本地 RAG】Embedding 引擎...
2025-10-11 14:50:20 - [INFO] -    - 檢測到本地模型路徑，正在嘗試從 'D:\DINO\SD\ComfyUI\personal_server\ai_lover_service\models\stella-base-zh-v2' 加載...
2025-10-11 14:50:22 - [INFO] - ✅ [Embedding Loader] 純本地 Embedding 模型成功加載。
2025-10-11 14:50:22 - [INFO] - [512280345618546699] 所有輕量級前置資源已準備就緒 (RAG 創建已延遲)。
2025-10-11 14:50:22 - [INFO] - [512280345618546699] 接收到 profile 更新請求: ['world_settings']
2025-10-11 14:50:22 - [WARNING] - [512280345618546699] 在持久化更新時找不到使用者資料，將創建新記錄。
2025-10-11 14:50:22 - [INFO] - [512280345618546699] Profile 更新並持久化成功。
2025-10-11 14:50:24 - [INFO] - [512280345618546699] (UI Event) Persistent 'ContinueToUserSetupView' button clicked.
2025-10-11 14:50:36 - [INFO] - [512280345618546699] (UI Event) CharacterSettingsModal submitted for profile_type: 'user', is_setup_flow: True
2025-10-11 14:50:36 - [INFO] - [512280345618546699] 接收到 profile 更新請求: ['user_profile']
2025-10-11 14:50:36 - [INFO] - [512280345618546699] Profile 更新並持久化成功。
2025-10-11 14:50:37 - [INFO] - [512280345618546699] (UI Event) Persistent 'ContinueToAiSetupView' button clicked.
2025-10-11 14:50:51 - [INFO] - [512280345618546699] (UI Event) CharacterSettingsModal submitted for profile_type: 'ai', is_setup_flow: True
2025-10-11 14:50:51 - [INFO] - [512280345618546699] 接收到 profile 更新請求: ['ai_profile']
2025-10-11 14:50:51 - [INFO] - [512280345618546699] Profile 更新並持久化成功。
2025-10-11 14:50:53 - [INFO] - [512280345618546699] [創世流程] 檔案上傳開始，已設定 active_setups 狀態鎖。
2025-10-11 14:51:01 - [INFO] - [512280345618546699] (on_message) 偵測到用戶處於活躍的創世流程中，已忽略常規訊息 '...' 以防止競爭。
2025-10-11 14:51:03 - [INFO] - [512280345618546699] [創世流程 v65.1] 原生 Python 驅動的流程已啟動。
2025-10-11 14:51:03 - [INFO] - [512280345618546699] [後台創世] 正在將世界聖經原文分割成文檔...
2025-10-11 14:51:03 - [INFO] - [512280345618546699] [後台創世] 正在觸發 RAG 索引創始構建...
2025-10-11 14:51:03 - [INFO] - [512280345618546699] (Retriever Builder) 進入外部文檔注入模式，使用 36 條傳入文檔，準備使用 36 條文檔進行構建...
2025-10-11 14:51:46 - [INFO] - [512280345618546699] (Retriever Builder) ✅ 統一的【混合檢索器】構建成功。
2025-10-11 14:51:46 - [INFO] - [512280345618546699] [後台創世] RAG 索引構建完成，準備執行原生創世步驟...
2025-10-11 14:51:46 - [INFO] - [512280345618546699] [後台創世-原生] 步驟 1/2: 正在補完角色檔案...
2025-10-11 14:51:48 - [INFO] - [512280345618546699] [LLM Success] Generation successful using model 'gemini-2.5-flash-lite' with API Key #0.
2025-10-11 14:51:48 - [INFO] - [512280345618546699] [LLM Success] Generation successful using model 'gemini-2.5-flash-lite' with API Key #0.
2025-10-11 14:51:48 - [INFO] - [512280345618546699] 接收到 profile 更新請求: ['user_profile', 'ai_profile']
2025-10-11 14:51:48 - [INFO] - [512280345618546699] Profile 更新並持久化成功。
2025-10-11 14:51:48 - [INFO] - [512280345618546699] [後台創世-原生] 角色檔案補完成功。
2025-10-11 14:51:48 - [INFO] - [512280345618546699] [後台創世-原生] 步驟 2/2: 正在生成開場白...
2025-10-11 14:51:48 - [INFO] - [512280345618546699] [/start] 正在使用【指令增強型 RAG】智能選擇並創作開場場景...
2025-10-11 14:51:48 - [INFO] - [512280345618546699] [鳳凰RAG] 啟動，原始查詢: '
指令：為主角 DINO 和 碧 尋找一個初始場景。
世界觀：這是一個魔法的幻想世界。
【嚴格篩選條...'
2025-10-11 14:51:49 - [INFO] - [512280345618546699] [雙引擎實體提取] 成功提取高質量實體: ['**:', '議會廳', 'DINO', '王座廳', '點類型', '碧']
2025-10-11 14:51:49 - [INFO] - [512280345618546699] [查詢擴展] 識別出核心實體: ['**:', '議會廳', 'DINO', '王座廳', '點類型', '碧']
2025-10-11 14:51:49 - [INFO] - [512280345618546699] [鳳凰RAG-1/5] 查詢已編碼，正在執行混合檢索...
2025-10-11 14:51:50 - [INFO] -    - 初步檢索到 19 份文檔。Keys: ['N/A', 'N/A', 'N/A', 'N/A', 'N/A', 'N/A', 'N/A', 'N/A', 'N/A', 'N/A', 'N/A', 'N/A', 'N/A', 'N/A', 'N/A', 'N/A', 'N/A', 'N/A', 'N/A']
2025-10-11 14:51:50 - [INFO] - [512280345618546699] [鳳凰RAG-2/5] 去重後剩餘 19 份文檔。Keys: ['N/A', 'N/A', 'N/A', 'N/A', 'N/A', 'N/A', 'N/A', 'N/A', 'N/A', 'N/A', 'N/A', 'N/A', 'N/A', 'N/A', 'N/A', 'N/A', 'N/A', 'N/A', 'N/A']
2025-10-11 14:52:01 - [WARNING] - [512280345618546699] 模型 'gemini-2.5-flash-lite' (Key #0) 遭遇靜默失敗，生成因 '8' 而提前終止。
2025-10-11 14:52:01 - [WARNING] - [512280345618546699] 模型 'gemini-2.5-flash-lite' (Key #0) 遭遇內容審查或安全錯誤: BlockedPromptException。
2025-10-11 14:52:01 - [INFO] - [512280345618546699] [鳳凰RAG-3/5] LLM重排器失敗 (BlockedPromptException)，回退使用前 5 份文檔。Keys: ['N/A', 'N/A', 'N/A', 'N/A', 'N/A']
2025-10-11 14:52:01 - [INFO] - [512280345618546699] [鳳凰RAG-4/5] 成功提取 5 份原始文本用於最終上下文。
2025-10-11 14:52:01 - [INFO] - [512280345618546699] [鳳凰RAG-5/5] ✅ 檢索管線完成，已生成高質量原始上下文。
2025-10-11 14:52:01 - [INFO] - [512280345618546699] [API Key Cooling] 跳過冷卻中的 API Key #1 (針對模型 gemini-2.5-pro，剩餘 35754 秒)。
2025-10-11 14:52:23 - [INFO] - [512280345618546699] [LLM Success] Generation successful using model 'gemini-2.5-pro' with API Key #0.
2025-10-11 14:52:23 - [INFO] - [512280345618546699] [/start] 開場白已生成，正在從中反向提取權威地點...
2025-10-11 14:52:24 - [INFO] - [512280345618546699] [LLM Success] Generation successful using model 'gemini-2.5-flash-lite' with API Key #1.
2025-10-11 14:52:24 - [INFO] - [512280345618546699] [/start] ✅ 地點提取成功: 王都 > 地下奴隸市場。正在更新 GameState...
2025-10-11 14:52:24 - [INFO] - [512280345618546699] 接收到 profile 更新請求: ['game_state']
2025-10-11 14:52:24 - [INFO] - [512280345618546699] Profile 更新並持久化成功。
2025-10-11 14:52:24 - [INFO] - [512280345618546699] [後台創世-原生] 開場白生成成功。
2025-10-11 14:52:24 - [INFO] - [512280345618546699] [後台創世] 正在向使用者私訊發送最終開場白...
2025-10-11 14:52:25 - [INFO] - [512280345618546699] [後台創世] 開場白發送完畢。
2025-10-11 14:52:25 - [INFO] - [512280345618546699] 後台創世流程結束，狀態鎖已釋放。
2025-10-11 14:55:45 - [INFO] - [512280345618546699] 啟動 RAG 直通對話流程...
2025-10-11 14:55:45 - [INFO] - [512280345618546699] [Direct RAG] 啟動鳳凰架構 RAG 直通生成流程...
2025-10-11 14:55:45 - [INFO] - [512280345618546699] [鳳凰RAG] 啟動，原始查詢: '描述米婭在宅邸遇到勳爵...'
2025-10-11 14:55:46 - [INFO] - [512280345618546699] [雙引擎實體提取] 成功提取高質量實體: ['宅邸遇到勳爵']
2025-10-11 14:55:46 - [INFO] - [512280345618546699] [查詢擴展] 識別出核心實體: ['宅邸遇到勳爵']
2025-10-11 14:55:46 - [INFO] - [512280345618546699] [鳳凰RAG-1/5] 查詢已編碼，正在執行混合檢索...
2025-10-11 14:55:46 - [INFO] -    - 初步檢索到 21 份文檔。Keys: ['N/A', 'N/A', 'N/A', 'N/A', 'N/A', 'N/A', 'N/A', 'N/A', 'N/A', 'N/A', 'N/A', 'N/A', 'N/A', 'N/A', 'N/A', 'N/A', 'N/A', 'N/A', 'N/A', 'N/A', 'N/A']
2025-10-11 14:55:46 - [INFO] - [512280345618546699] [鳳凰RAG-2/5] 去重後剩餘 21 份文檔。Keys: ['N/A', 'N/A', 'N/A', 'N/A', 'N/A', 'N/A', 'N/A', 'N/A', 'N/A', 'N/A', 'N/A', 'N/A', 'N/A', 'N/A', 'N/A', 'N/A', 'N/A', 'N/A', 'N/A', 'N/A', 'N/A']
2025-10-11 14:55:59 - [INFO] - [512280345618546699] [LLM Success] Generation successful using model 'gemini-2.5-flash-lite' with API Key #1.
2025-10-11 14:55:59 - [INFO] - [512280345618546699] [鳳凰RAG-3/5] LLM重排器成功，篩選出 6 份文檔。Keys: ['N/A', 'N/A', 'N/A', 'N/A', 'N/A', 'N/A']
2025-10-11 14:55:59 - [INFO] - [512280345618546699] [鳳凰RAG-4/5] 成功提取 6 份原始文本用於最終上下文。
2025-10-11 14:55:59 - [INFO] - [512280345618546699] [鳳凰RAG-5/5] ✅ 檢索管線完成，已生成高質量原始上下文。
2025-10-11 14:55:59 - [INFO] - [512280345618546699] [主生成] 正在構建結構化的消息列表...
2025-10-11 14:55:59 - [INFO] - [512280345618546699] [History Summarizer] 執行純程式化中性摘要...
2025-10-11 14:55:59 - [INFO] - [512280345618546699] [History Summarizer] ✅ 程式化中性摘要成功生成。
2025-10-11 14:55:59 - [INFO] - [512280345618546699] [API Key Cooling] 跳過冷卻中的 API Key #1 (針對模型 gemini-2.5-pro，剩餘 35516 秒)。
2025-10-11 14:55:59 - [INFO] - [512280345618546699] [API Key Cooling] 跳過冷卻中的 API Key #1 (針對模型 gemini-2.5-pro，剩餘 35516 秒)。
2025-10-11 14:56:33 - [INFO] - [512280345618546699] [LLM Success] Generation successful using model 'gemini-2.5-pro' with API Key #2.
2025-10-11 14:56:34 - [INFO] - [512280345618546699] [長期記憶寫入] 互動記錄已成功進行雙重持久化到 SQL 資料庫。
2025-10-11 14:56:34 - [INFO] - [512280345618546699] RAG 直通流程執行完畢，回應已發送。事後學習任務已在背景啟動。
2025-10-11 14:56:36 - [INFO] - [512280345618546699] [事後分析] 正在啟動鳳凰架構背景分析任務...
2025-10-11 14:56:38 - [INFO] - [512280345618546699] [LLM Success] Generation successful using model 'gemini-2.5-flash-lite' with API Key #3.
2025-10-11 14:56:38 - [INFO] - [512280345618546699] [事後分析] 檢測到 2 條【編碼的】LORE 更新，準備解碼並執行...
2025-10-11 14:56:38 - [INFO] - [512280345618546699] [事後分析] 鳳凰架構背景分析任務完成。
2025-10-11 15:24:02 - [INFO] - 正在加載核心 Cog (core_cog)...
2025-10-11 15:24:07 - [INFO] - ✅ 核心 Cog (core_cog) 已加載，並且所有持久化視圖已成功註冊。
2025-10-11 15:24:07 - [INFO] - ✅ 核心 Cog 加載成功。
2025-10-11 15:24:07 - [INFO] - 正在全域同步應用程式指令...
2025-10-11 15:24:07 - [INFO] - ✅ 指令已全域同步！
2025-10-11 15:24:07 - [INFO] - Discord Bot setup hook finished!
2025-10-11 15:24:10 - [INFO] - Logged in as AI#4450 (ID: 1358417100250808531)
2025-10-11 15:24:11 - [INFO] - 已成功發送啟動成功通知給管理員。
2025-10-11 15:29:14 - [INFO] - [512280345618546699] [Admin Command] 手動觸發強制更新與重啟流程...
2025-10-11 15:29:16 - [INFO] - [512280345618546699] [Admin Command] 已獲取 Git 鎖，開始執行同步...
2025-10-11 15:29:45 - [INFO] - 正在加載核心 Cog (core_cog)...
2025-10-11 15:29:48 - [INFO] - ✅ 核心 Cog (core_cog) 已加載，並且所有持久化視圖已成功註冊。
2025-10-11 15:29:48 - [INFO] - ✅ 核心 Cog 加載成功。
2025-10-11 15:29:48 - [INFO] - 正在全域同步應用程式指令...
2025-10-11 15:29:49 - [INFO] - ✅ 指令已全域同步！
2025-10-11 15:29:49 - [INFO] - Discord Bot setup hook finished!
2025-10-11 15:29:51 - [INFO] - Logged in as AI#4450 (ID: 1358417100250808531)
2025-10-11 15:29:52 - [INFO] - 已成功發送啟動成功通知給管理員。
2025-10-11 15:30:40 - [INFO] - [512280345618546699] [Data Reset] 正在啟動使用者資料重置流程...
2025-10-11 15:30:40 - [INFO] - [512280345618546699] [Data Reset] 所有相關的資料庫記錄已成功刪除。
2025-10-11 15:30:40 - [INFO] - [512280345618546699] [Data Reset] 向量儲存目錄 'D:\DINO\SD\ComfyUI\personal_server\ai_lover_service\data\vector_stores\512280345618546699' 已成功刪除。
2025-10-11 15:30:40 - [INFO] - [512280345618546699] [Data Reset] 資料重置流程已全部完成。
2025-10-11 15:30:42 - [INFO] - [512280345618546699] (UI Event) Persistent 'StartSetupView' button clicked.
2025-10-11 15:30:49 - [INFO] - 使用者 512280345618546699 沒有活躍的 AI 實例，嘗試創建...
2025-10-11 15:30:49 - [INFO] - [512280345618546699] 處於設定流程中，即使資料庫無記錄，也創建一個臨時的記憶體實例。
2025-10-11 15:30:49 - [INFO] - [512280345618546699] 核心數據模板 'world_snapshot_template.txt' 已成功加載。
2025-10-11 15:30:49 - [INFO] - [512280345618546699] 核心協議 '00_supreme_directive.txt' 已成功加載。
2025-10-11 15:30:49 - [INFO] - ℹ️ [Embedding Loader] 正在啟動【純本地 RAG】Embedding 引擎...
2025-10-11 15:30:49 - [INFO] -    - 檢測到本地模型路徑，正在嘗試從 'D:\DINO\SD\ComfyUI\personal_server\ai_lover_service\models\stella-base-zh-v2' 加載...
2025-10-11 15:30:51 - [INFO] - ✅ [Embedding Loader] 純本地 Embedding 模型成功加載。
2025-10-11 15:30:51 - [INFO] - [512280345618546699] 所有輕量級前置資源已準備就緒 (RAG 創建已延遲)。
2025-10-11 15:30:51 - [INFO] - [512280345618546699] 接收到 profile 更新請求: ['world_settings']
2025-10-11 15:30:51 - [WARNING] - [512280345618546699] 在持久化更新時找不到使用者資料，將創建新記錄。
2025-10-11 15:30:51 - [INFO] - [512280345618546699] Profile 更新並持久化成功。
2025-10-11 15:30:53 - [INFO] - [512280345618546699] (UI Event) Persistent 'ContinueToUserSetupView' button clicked.
2025-10-11 15:31:06 - [INFO] - [512280345618546699] (UI Event) CharacterSettingsModal submitted for profile_type: 'user', is_setup_flow: True
2025-10-11 15:31:07 - [INFO] - [512280345618546699] 接收到 profile 更新請求: ['user_profile']
2025-10-11 15:31:07 - [INFO] - [512280345618546699] Profile 更新並持久化成功。
2025-10-11 15:31:08 - [INFO] - [512280345618546699] (UI Event) Persistent 'ContinueToAiSetupView' button clicked.
2025-10-11 15:31:22 - [INFO] - [512280345618546699] (UI Event) CharacterSettingsModal submitted for profile_type: 'ai', is_setup_flow: True
2025-10-11 15:31:23 - [INFO] - [512280345618546699] 接收到 profile 更新請求: ['ai_profile']
2025-10-11 15:31:23 - [INFO] - [512280345618546699] Profile 更新並持久化成功。
2025-10-11 15:31:27 - [INFO] - [512280345618546699] [創世流程] 檔案上傳開始，已設定 active_setups 狀態鎖。
2025-10-11 15:31:35 - [INFO] - [512280345618546699] (on_message) 偵測到用戶處於活躍的創世流程中，已忽略常規訊息 '...' 以防止競爭。
2025-10-11 15:31:37 - [INFO] - [512280345618546699] [創世流程 v65.2] 原生 Python 驅動的流程已啟動。
2025-10-11 15:31:37 - [INFO] - [512280345618546699] [後台創世] 正在將世界聖經原文分割成文檔...
2025-10-11 15:31:37 - [INFO] - [512280345618546699] [後台創世] 正在觸發 RAG 索引創始構建...
2025-10-11 15:31:37 - [INFO] - [512280345618546699] (Retriever Builder) 進入外部文檔注入模式，使用 38 條傳入文檔，準備使用 38 條文檔進行構建...
2025-10-11 15:32:37 - [INFO] - [512280345618546699] (Retriever Builder) ✅ 統一的【混合檢索器】構建成功。
2025-10-11 15:32:37 - [INFO] - [512280345618546699] [後台創世] RAG 索引構建完成，準備執行原生創世步驟...
2025-10-11 15:32:37 - [INFO] - [512280345618546699] [後台創世-原生] 步驟 1/2: 正在補完角色檔案...
2025-10-11 15:32:39 - [INFO] - [512280345618546699] [LLM Success] Generation successful using model 'gemini-2.5-flash-lite' with API Key #0.
2025-10-11 15:32:40 - [INFO] - [512280345618546699] [LLM Success] Generation successful using model 'gemini-2.5-flash-lite' with API Key #0.
2025-10-11 15:32:40 - [INFO] - [512280345618546699] 接收到 profile 更新請求: ['user_profile', 'ai_profile']
2025-10-11 15:32:40 - [INFO] - [512280345618546699] Profile 更新並持久化成功。
2025-10-11 15:32:40 - [INFO] - [512280345618546699] [後台創世-原生] 角色檔案補完成功。
2025-10-11 15:32:40 - [INFO] - [512280345618546699] [後台創世-原生] 步驟 2/2: 正在生成開場白...
2025-10-11 15:32:40 - [INFO] - [512280345618546699] [/start] 正在使用【指令增強型 RAG】智能選擇並創作開場場景...
2025-10-11 15:32:40 - [INFO] - [512280345618546699] [鳳凰RAG] 啟動，原始查詢: '
指令：為主角 DINO 和 碧 尋找一個初始場景。
世界觀：這是一個魔法的幻想世界。
【嚴格篩選條...'
2025-10-11 15:32:41 - [INFO] - [512280345618546699] [雙引擎實體提取] 成功提取高質量實體: ['點類型', '碧', 'DINO', '**:', '議會廳', '王座廳']
2025-10-11 15:32:41 - [INFO] - [512280345618546699] [查詢擴展] 識別出核心實體: ['點類型', '碧', 'DINO', '**:', '議會廳', '王座廳']
2025-10-11 15:32:41 - [INFO] - [512280345618546699] [鳳凰RAG-1/5] 查詢已編碼，正在執行混合檢索...
2025-10-11 15:32:42 - [INFO] -    - 初步檢索到 19 份文檔。Keys: ['N/A', 'N/A', 'N/A', 'N/A', 'N/A', 'N/A', 'N/A', 'N/A', 'N/A', 'N/A', 'N/A', 'N/A', 'N/A', 'N/A', 'N/A', 'N/A', 'N/A', 'N/A', 'N/A']
2025-10-11 15:32:42 - [INFO] - [512280345618546699] [鳳凰RAG-2/5] 去重後剩餘 19 份文檔。Keys: ['N/A', 'N/A', 'N/A', 'N/A', 'N/A', 'N/A', 'N/A', 'N/A', 'N/A', 'N/A', 'N/A', 'N/A', 'N/A', 'N/A', 'N/A', 'N/A', 'N/A', 'N/A', 'N/A']
2025-10-11 15:33:06 - [INFO] - [512280345618546699] [LLM Success] Generation successful using model 'gemini-2.5-flash-lite' with API Key #0.
2025-10-11 15:33:06 - [INFO] - [512280345618546699] [鳳凰RAG-3/5] LLM重排器成功，篩選出 7 份文檔。Keys: ['N/A', 'N/A', 'N/A', 'N/A', 'N/A', 'N/A', 'N/A']
2025-10-11 15:33:06 - [INFO] - [512280345618546699] [鳳凰RAG-4/5] 成功提取 7 份原始文本用於最終上下文。
2025-10-11 15:33:06 - [INFO] - [512280345618546699] [鳳凰RAG-5/5] ✅ 檢索管線完成，已生成高質量原始上下文。
2025-10-11 15:33:06 - [INFO] - [512280345618546699] [API Key Cooling] 跳過冷卻中的 API Key #1 (針對模型 gemini-2.5-pro，剩餘 33289 秒)。
2025-10-11 15:33:08 - [WARNING] - [512280345618546699] 模型 'gemini-2.5-pro' (Key #0) 遭遇內容審查或安全錯誤: BlockedPromptException。
2025-10-11 15:33:08 - [WARNING] - [512280345618546699] 遭遇審查 (Prompt blocked due to 4)。啟動【最高指令集注入 & 強制 Key 輪換重試】策略...
2025-10-11 15:33:08 - [INFO] - [512280345618546699] [強制重試] 已準備 3 個備用 API Keys 進行重試。
2025-10-11 15:33:08 - [INFO] - [512280345618546699] [強制重試 1/3] 使用 API Key #2 進行嘗試...
2025-10-11 15:33:10 - [WARNING] - [512280345618546699] 模型 'gemini-2.5-pro' (Key #2) 遭遇內容審查或安全錯誤: BlockedPromptException。
2025-10-11 15:33:10 - [WARNING] - [512280345618546699] [強制重試 1/3] 使用 Key #2 的嘗試失敗: Prompt blocked due to 4
2025-10-11 15:33:10 - [INFO] -    -> 將在 0.5 秒後使用下一個 Key 進行嘗試...
2025-10-11 15:33:11 - [INFO] - [512280345618546699] [強制重試 2/3] 使用 API Key #3 進行嘗試...
2025-10-11 15:33:13 - [WARNING] - [512280345618546699] 模型 'gemini-2.5-pro' (Key #3) 遭遇內容審查或安全錯誤: BlockedPromptException。
2025-10-11 15:33:13 - [WARNING] - [512280345618546699] [強制重試 2/3] 使用 Key #3 的嘗試失敗: Prompt blocked due to 4
2025-10-11 15:33:13 - [INFO] -    -> 將在 1.0 秒後使用下一個 Key 進行嘗試...
2025-10-11 15:33:14 - [INFO] - [512280345618546699] [強制重試 3/3] 使用 API Key #4 進行嘗試...
2025-10-11 15:33:16 - [WARNING] - [512280345618546699] 模型 'gemini-2.5-pro' (Key #4) 遭遇內容審查或安全錯誤: BlockedPromptException。
2025-10-11 15:33:16 - [WARNING] - [512280345618546699] [強制重試 3/3] 使用 Key #4 的嘗試失敗: Prompt blocked due to 4
2025-10-11 15:33:16 - [ERROR] - [512280345618546699] 【強制 Key 輪換重試】策略在 3 次嘗試後最終失敗。
Traceback (most recent call last):
  File "D:\DINO\SD\ComfyUI\personal_server\ai_lover_service\src\ai_core.py", line 1508, in ainvoke_with_rotation
    raise BlockedPromptException(f"Prompt blocked due to {reason_str}")
google.generativeai.types.generation_types.BlockedPromptException: Prompt blocked due to 4

During handling of the above exception, another exception occurred:

Traceback (most recent call last):
  File "D:\DINO\SD\ComfyUI\personal_server\ai_lover_service\src\ai_core.py", line 3151, in _force_and_retry
    return await self.ainvoke_with_rotation(
  File "D:\DINO\SD\ComfyUI\personal_server\ai_lover_service\src\ai_core.py", line 1552, in ainvoke_with_rotation
    raise e
  File "D:\DINO\SD\ComfyUI\personal_server\ai_lover_service\src\ai_core.py", line 1508, in ainvoke_with_rotation
    raise BlockedPromptException(f"Prompt blocked due to {reason_str}")
google.generativeai.types.generation_types.BlockedPromptException: Prompt blocked due to 4
2025-10-11 15:33:16 - [INFO] - [512280345618546699] [/start] 開場白已生成，正在從中反向提取權威地點...
2025-10-11 15:33:16 - [INFO] - [512280345618546699] [LLM Success] Generation successful using model 'gemini-2.5-flash-lite' with API Key #1.
2025-10-11 15:33:16 - [INFO] - [512280345618546699] [/start] ✅ 地點提取成功: 寧靜的空間。正在更新 GameState...
2025-10-11 15:33:16 - [INFO] - [512280345618546699] 接收到 profile 更新請求: ['game_state']
2025-10-11 15:33:16 - [INFO] - [512280345618546699] Profile 更新並持久化成功。
2025-10-11 15:33:16 - [INFO] - [512280345618546699] [後台創世-原生] 開場白生成成功。
2025-10-11 15:33:16 - [INFO] - [512280345618546699] [後台創世] 正在向使用者私訊發送最終開場白...
2025-10-11 15:33:17 - [INFO] - [512280345618546699] [後台創世] 開場白發送完畢。
2025-10-11 15:33:17 - [INFO] - [512280345618546699] 後台創世流程結束，狀態鎖已釋放。
