### AI Lover Log - Last updated at 2025-10-06T08:19:19.338961 ###

2025-10-05 20:37:59 - [INFO] - [512280345618546699] [查詢擴展] 正在整合短期記憶以感知場景上下文...
2025-10-05 20:38:00 - [INFO] - [512280345618546699] [雙引擎實體提取] 成功提取高質量實體: {'這永恆', '識聖', '彩繪玻璃窗', '藏書庫'}
2025-10-05 20:38:01 - [INFO] - [512280345618546699] [輸入分析-L1] 正在嘗試使用 LLM 進行語義分析...
2025-10-05 20:38:01 - [INFO] - [512280345618546699] [LLM Success] Generation successful using model 'gemini-2.5-flash-lite' with API Key #0.
2025-10-05 20:38:01 - [INFO] - [512280345618546699] [輸入分析-L1] ✅ LLM 分析成功。提取實體: ['米婭', '宅邸', '勛爵']
2025-10-05 20:38:01 - [INFO] - [512280345618546699] [查詢擴展] 檢測到為本地場景，正在將主角添加至核心實體列表。
2025-10-05 20:38:01 - [INFO] - [512280345618546699] [查詢擴展] 場景感知完成，最終核心實體: ['彩繪玻璃窗', 'DINO', '這永恆', '藏書庫', '米婭', '宅邸', '勛爵', '識聖', '碧']
2025-10-05 20:38:01 - [INFO] - [512280345618546699] [LORE 優先] 已成功注入 2 條絕對事實。
2025-10-05 20:38:01 - [INFO] - [512280345618546699] [实体名称提取 (v2.2)] 正在从查询 '描述米婭在宅邸遇到勛爵 彩繪玻璃窗 DINO 這永恆 藏書庫 米婭 宅邸 勛爵 識聖 碧...' 中分析实体...
2025-10-05 20:38:01 - [INFO] - [512280345618546699] [RAG 原文直通] 查詢已擴展為: '描述米婭在宅邸遇到勛爵 彩繪玻璃窗 DINO 這永恆 藏書庫 米婭 宅邸 勛爵 識聖 碧'
2025-10-05 20:38:02 - [INFO] - [512280345618546699] [RAG 原文直通] 粗略檢索成功，獲得 20 份候選文檔。
2025-10-05 20:38:02 - [INFO] - [512280345618546699] [RAG 原文直通] ✅ 成功拼接全部 20 條原始文檔作為 summary_context。
2025-10-05 20:38:03 - [INFO] - [512280345618546699] [LLM Success] Generation successful using model 'gemini-2.5-flash-lite' with API Key #0.
2025-10-05 20:38:45 - [INFO] - [512280345618546699] [LLM Success] Generation successful using model 'gemini-2.5-pro' with API Key #0.
2025-10-05 20:38:47 - [INFO] - [512280345618546699] RAG 直通流程執行完畢，回應已發送。事後學習任務已在背景啟動。
2025-10-05 20:38:49 - [INFO] - [512280345618546699] [事後分析] 正在啟動背景分析與分流任務...
2025-10-05 20:38:52 - [INFO] - [512280345618546699] [LLM Success] Generation successful using model 'gemini-2.5-flash-lite' with API Key #0.
2025-10-05 20:38:52 - [INFO] - [512280345618546699] [事後分析] 背景分析與分流任務完成。
2025-10-05 23:23:07 - [INFO] - 正在加載核心 Cog (core_cog)...
2025-10-05 23:23:14 - [INFO] - ✅ 核心 Cog (core_cog) 已加載，並且所有持久化視圖已成功註冊。
2025-10-05 23:23:14 - [INFO] - ✅ 核心 Cog 加載成功。
2025-10-05 23:23:14 - [INFO] - 正在全域同步應用程式指令...
2025-10-05 23:23:15 - [INFO] - ✅ 指令已全域同步！
2025-10-05 23:23:15 - [INFO] - Discord Bot setup hook finished!
2025-10-05 23:23:18 - [INFO] - Logged in as AI#4450 (ID: 1358417100250808531)
2025-10-05 23:23:18 - [INFO] - 已成功發送啟動成功通知給管理員。
2025-10-05 23:23:40 - [INFO] - 正在加載核心 Cog (core_cog)...
2025-10-05 23:23:43 - [INFO] - ✅ 核心 Cog (core_cog) 已加載，並且所有持久化視圖已成功註冊。
2025-10-05 23:23:43 - [INFO] - ✅ 核心 Cog 加載成功。
2025-10-05 23:23:43 - [INFO] - 正在全域同步應用程式指令...
2025-10-05 23:24:14 - [INFO] - ✅ 指令已全域同步！
2025-10-05 23:24:14 - [INFO] - Discord Bot setup hook finished!
2025-10-05 23:24:17 - [INFO] - Logged in as AI#4450 (ID: 1358417100250808531)
2025-10-05 23:24:20 - [INFO] - 已成功發送啟動成功通知給管理員。
2025-10-05 23:29:21 - [INFO] - 正在加載核心 Cog (core_cog)...
2025-10-05 23:29:25 - [INFO] - ✅ 核心 Cog (core_cog) 已加載，並且所有持久化視圖已成功註冊。
2025-10-05 23:29:25 - [INFO] - ✅ 核心 Cog 加載成功。
2025-10-05 23:29:25 - [INFO] - 正在全域同步應用程式指令...
2025-10-05 23:29:25 - [INFO] - ✅ 指令已全域同步！
2025-10-05 23:29:25 - [INFO] - Discord Bot setup hook finished!
2025-10-05 23:29:28 - [INFO] - Logged in as AI#4450 (ID: 1358417100250808531)
2025-10-05 23:29:29 - [INFO] - 已成功發送啟動成功通知給管理員。
2025-10-05 23:29:54 - [INFO] - 正在加載核心 Cog (core_cog)...
2025-10-05 23:29:57 - [INFO] - ✅ 核心 Cog (core_cog) 已加載，並且所有持久化視圖已成功註冊。
2025-10-05 23:29:57 - [INFO] - ✅ 核心 Cog 加載成功。
2025-10-05 23:29:57 - [INFO] - 正在全域同步應用程式指令...
2025-10-05 23:29:57 - [INFO] - ✅ 指令已全域同步！
2025-10-05 23:29:57 - [INFO] - Discord Bot setup hook finished!
2025-10-05 23:30:00 - [INFO] - Logged in as AI#4450 (ID: 1358417100250808531)
2025-10-05 23:30:01 - [INFO] - 已成功發送啟動成功通知給管理員。
2025-10-05 23:32:54 - [INFO] - [512280345618546699] [Admin Command] 手動觸發強制更新與重啟流程...
2025-10-05 23:32:54 - [INFO] - [512280345618546699] [Admin Command] 已獲取 Git 鎖，開始執行同步...
2025-10-05 23:33:00 - [INFO] - [512280345618546699] [Admin Command] Git 鎖已釋放。
2025-10-05 23:35:35 - [INFO] - 正在加載核心 Cog (core_cog)...
2025-10-05 23:35:38 - [INFO] - ✅ 核心 Cog (core_cog) 已加載，並且所有持久化視圖已成功註冊。
2025-10-05 23:35:38 - [INFO] - ✅ 核心 Cog 加載成功。
2025-10-05 23:35:38 - [INFO] - 正在全域同步應用程式指令...
2025-10-05 23:35:39 - [INFO] - ✅ 指令已全域同步！
2025-10-05 23:35:39 - [INFO] - Discord Bot setup hook finished!
2025-10-05 23:35:42 - [INFO] - Logged in as AI#4450 (ID: 1358417100250808531)
2025-10-05 23:35:42 - [INFO] - 已成功發送啟動成功通知給管理員。
2025-10-05 23:38:58 - [INFO] - [512280345618546699] [Data Reset] 正在啟動使用者資料重置流程...
2025-10-05 23:39:00 - [INFO] - [512280345618546699] [Data Reset] 所有相關的資料庫記錄已成功刪除。
2025-10-05 23:39:00 - [INFO] - [512280345618546699] [Data Reset] 向量儲存目錄 'D:\DINO\SD\ComfyUI\personal_server\ai_lover_service\data\vector_stores\512280345618546699' 已成功刪除。
2025-10-05 23:39:00 - [INFO] - [512280345618546699] [Data Reset] 資料重置流程已全部完成。
2025-10-05 23:39:02 - [INFO] - [512280345618546699] (UI Event) Persistent 'StartSetupView' button clicked.
2025-10-05 23:39:08 - [INFO] - 使用者 512280345618546699 沒有活躍的 AI 實例，嘗試創建...
2025-10-05 23:39:08 - [INFO] - [512280345618546699] 處於設定流程中，即使資料庫無記錄，也創建一個臨時的記憶體實例。
2025-10-05 23:39:08 - [INFO] - [512280345618546699] 核心數據模板 'world_snapshot_template.txt' 已成功加載。
2025-10-05 23:39:08 - [INFO] - [512280345618546699] 核心協議 '00_supreme_directive.txt' 已成功加載。
2025-10-05 23:39:08 - [INFO] - ✅ [Embedding Loader] 檢測到本地模型路徑，正在嘗試從 'D:\DINO\SD\ComfyUI\personal_server\ai_lover_service\models\stella-base-zh-v2' 加載...
2025-10-05 23:39:16 - [INFO] - ✅ [Embedding Loader] 本地 Embedding 模型實例創建成功。
2025-10-05 23:39:16 - [INFO] - [512280345618546699] 所有輕量級前置資源已準備就緒 (RAG 創建已延遲)。
2025-10-05 23:39:16 - [INFO] - [512280345618546699] 接收到 profile 更新請求: ['world_settings']
2025-10-05 23:39:16 - [WARNING] - [512280345618546699] 在持久化更新時找不到使用者資料，將創建新記錄。
2025-10-05 23:39:16 - [INFO] - [512280345618546699] Profile 更新並持久化成功。
2025-10-05 23:39:18 - [INFO] - [512280345618546699] (UI Event) Persistent 'ContinueToUserSetupView' button clicked.
2025-10-05 23:39:35 - [INFO] - [512280345618546699] (UI Event) CharacterSettingsModal submitted for profile_type: 'user', is_setup_flow: True
2025-10-05 23:39:35 - [INFO] - [512280345618546699] 接收到 profile 更新請求: ['user_profile']
2025-10-05 23:39:36 - [INFO] - [512280345618546699] Profile 更新並持久化成功。
2025-10-05 23:39:37 - [INFO] - [512280345618546699] (UI Event) Persistent 'ContinueToAiSetupView' button clicked.
2025-10-05 23:39:52 - [INFO] - [512280345618546699] (UI Event) CharacterSettingsModal submitted for profile_type: 'ai', is_setup_flow: True
2025-10-05 23:39:52 - [INFO] - [512280345618546699] 接收到 profile 更新請求: ['ai_profile']
2025-10-05 23:39:52 - [INFO] - [512280345618546699] Profile 更新並持久化成功。
2025-10-05 23:39:54 - [INFO] - [512280345618546699] [創世流程] 檔案上傳開始，已設定 active_setups 狀態鎖。
2025-10-05 23:40:01 - [INFO] - [512280345618546699] (on_message) 偵測到用戶處於活躍的創世流程中，已忽略常規訊息 '...' 以防止競爭。
2025-10-05 23:40:03 - [INFO] - [512280345618546699] [創世流程 v65.1] 原生 Python 驅動的流程已啟動。
2025-10-05 23:40:03 - [INFO] - [512280345618546699] [後台創世] 正在將世界聖經原文分割成文檔...
2025-10-05 23:40:03 - [INFO] - [512280345618546699] [後台創世] 正在觸發 RAG 索引創始構建...
2025-10-05 23:40:03 - [INFO] - [512280345618546699] (Retriever Builder) 進入外部文檔注入模式，將使用 36 條傳入文檔構建純向量索引...
2025-10-05 23:40:47 - [INFO] - [512280345618546699] (Retriever Builder) ✅ 純向量檢索器已成功從外部文檔構建。
2025-10-05 23:40:47 - [INFO] - [512280345618546699] [後台創世] RAG 索引構建完成，準備執行原生創世步驟...
2025-10-05 23:40:47 - [INFO] - [512280345618546699] [後台創世-原生] 步驟 1/2: 正在補完角色檔案...
2025-10-05 23:40:50 - [INFO] - [512280345618546699] [LLM Success] Generation successful using model 'gemini-2.5-flash-lite' with API Key #0.
2025-10-05 23:40:51 - [INFO] - [512280345618546699] [LLM Success] Generation successful using model 'gemini-2.5-flash-lite' with API Key #0.
2025-10-05 23:40:51 - [INFO] - [512280345618546699] 接收到 profile 更新請求: ['user_profile', 'ai_profile']
2025-10-05 23:40:52 - [INFO] - [512280345618546699] Profile 更新並持久化成功。
2025-10-05 23:40:52 - [INFO] - [512280345618546699] [後台創世-原生] 角色檔案補完成功。
2025-10-05 23:40:52 - [INFO] - [512280345618546699] [後台創世-原生] 步驟 2/2: 正在生成開場白...
2025-10-05 23:40:52 - [INFO] - [512280345618546699] [/start] 正在使用 RAG 智能選擇並創作開場場景...
2025-10-05 23:40:52 - [INFO] - [512280345618546699] [实体名称提取 (v2.2)] 正在从查询 '根據這個世界的核心設定(這是一個魔法的幻想世界。)以及主角 DINO 和 碧 的背景，為他們的故事尋...' 中分析实体...
2025-10-05 23:40:52 - [INFO] - [512280345618546699] [RAG 原文直通] 查詢已擴展為: '的背景，為他們的故事尋找一個最富有戲劇性、最符合世界觀的、適合二人出場的、遠離權力中心的靜態初始場景或情境。 根據這個世界的核心設定(這是一個魔法的幻想世界。)以及主角 DINO 和 碧'
2025-10-05 23:40:52 - [INFO] - [512280345618546699] [RAG 原文直通] 粗略檢索成功，獲得 20 份候選文檔。
2025-10-05 23:40:52 - [INFO] - [512280345618546699] [RAG 原文直通] ✅ 成功拼接全部 20 條原始文檔作為 summary_context。
2025-10-05 23:41:21 - [INFO] - [512280345618546699] [LLM Success] Generation successful using model 'gemini-2.5-pro' with API Key #0.
2025-10-05 23:41:21 - [INFO] - [512280345618546699] [/start] 開場白已生成，正在從中反向提取權威地點...
2025-10-05 23:41:22 - [INFO] - [512280345618546699] [LLM Success] Generation successful using model 'gemini-2.5-flash-lite' with API Key #0.
2025-10-05 23:41:22 - [INFO] - [512280345618546699] [/start] ✅ 地點提取成功: 聖凱瑟琳學院 > 圖書館。正在更新 GameState...
2025-10-05 23:41:22 - [INFO] - [512280345618546699] 接收到 profile 更新請求: ['game_state']
2025-10-05 23:41:22 - [INFO] - [512280345618546699] Profile 更新並持久化成功。
2025-10-05 23:41:22 - [INFO] - [512280345618546699] [後台創世-原生] 開場白生成成功。
2025-10-05 23:41:22 - [INFO] - [512280345618546699] [後台創世] 正在向使用者私訊發送最終開場白...
2025-10-05 23:41:23 - [INFO] - [512280345618546699] [後台創世] 開場白發送完畢。
2025-10-05 23:41:23 - [INFO] - [512280345618546699] 後台創世流程結束，狀態鎖已釋放。
2025-10-05 23:43:46 - [INFO] - [512280345618546699] 啟動 RAG 直通對話流程...
2025-10-05 23:43:46 - [INFO] - [512280345618546699] [Direct RAG] 啟动 LORE 优先的 RAG 直通生成流程...
2025-10-05 23:43:46 - [INFO] - [512280345618546699] [LORE 創建-1/4] 正在識別新實體...
2025-10-05 23:43:48 - [INFO] - [512280345618546699] [LLM Success] Generation successful using model 'gemini-2.5-flash-lite' with API Key #0.
2025-10-05 23:43:48 - [INFO] - [512280345618546699] [LORE 創建] ✅ 成功識別出 2 個新實體骨架: ['米婭', '勛爵']
2025-10-05 23:43:48 - [INFO] - [512280345618546699] [LORE 創建-2/4] 正在為新實體執行 RAG 語義定位...
2025-10-05 23:43:48 - [INFO] - [512280345618546699] [Raw RAG] 正在為內部流程執行原始文檔檢索，查詢: '關於角色 '米婭' 的所有已知資訊、背景故事、外貌、性格和能力。'
2025-10-05 23:43:48 - [INFO] - [512280345618546699] [Raw RAG] ✅ 成功檢索到 20 份原始文檔。
2025-10-05 23:43:48 - [INFO] - [512280345618546699] [Raw RAG] 正在為內部流程執行原始文檔檢索，查詢: '關於角色 '勛爵' 的所有已知資訊、背景故事、外貌、性格和能力。'
2025-10-05 23:43:48 - [INFO] - [512280345618546699] [Raw RAG] ✅ 成功檢索到 20 份原始文檔。
2025-10-05 23:43:48 - [INFO] - [512280345618546699] [LORE 創建-3/4] 正在執行雙引擎程式化提取...
2025-10-05 23:43:53 - [INFO] - [512280345618546699] [LORE 創建-4/4] 正在嘗試 LLM 批量潤色...
2025-10-05 23:43:57 - [INFO] - [512280345618546699] [LLM Success] Generation successful using model 'gemini-2.5-flash-lite' with API Key #0.
2025-10-05 23:43:57 - [WARNING] - [512280345618546699] 模型 'gemini-2.5-flash-lite' (Key #0) 遭遇解析或驗證錯誤: ValidationError。啟動【自我修正】流程...
2025-10-05 23:43:57 - [WARNING] - [512280345618546699] 導致解析錯誤的原始 LLM 輸出: 
--- START RAW ---
```json
[
  {
    "name": "米婭",
    "aliases": [
      "性神教徒",
      "母畜",
      "蒙恩者。",
      "聖女"
    ],
    "alternative_names": [],
    "gender": "未設定",
    "age": "20歲左右",
    "race": "未知",
    "appearance": "身材高挑，充滿了健康的活力，眼神好勝",
    "appearance_details": {},
    "likes": [],
    "dislikes": [],
    "equipment": [],
    "skills": [],
    "description": "米婭是一位20歲左右、身材高挑、充滿健康活力且眼神好勝的女性。她以「性神教徒」、「母畜」和「聖女」的身份聞名。在與勳爵的互動中，她展現了強大的辯論能力，成功駁斥了前來問罪的瓦勒留斯神父，並在信徒的擁護下令其狼狽撤退。她曾面臨長達五日的殘酷服從度測試，但在勳爵的「神恩灌頂」儀式中奇蹟般地斷手重生，為了證明絕對忠誠，她再次自斷新生左手，獲得了神蹟，信仰達到了絕對狂熱。她曾兩次在公開場合，以神學辯論和群眾煽動的方式，徹底擊敗瓦勒留斯神父。在與勳爵的互動中，她被徹底「鍛造」成為一位對勳爵抱有絕對狂熱信仰的完美「聖女」。",
    "location": "",
    "location_path": [],
    "affinity": 0,
    "relationships": {},
    "status": "健康",
    "current_action": "站著"
  },
  {
    "name": "勛爵",
    "aliases": [
      "勳爵。",
      "性神教徒",
      "莊園男主人"
    ],
    "alternative_names": [],
    "gender": "未設定",
    "age": "中年",
    "race": "未知",
    "appearance": "外貌英俊，氣質沉穩，舉止優雅，眼神深邃，總是以一種如同藝術家或棋手般的、冰冷的、絕對理智的姿態俯瞰世間",
    "appearance_details": {},
    "likes": [],
    "dislikes": [],
    "equipment": [],
    "skills": [],
    "description": "勛爵是一位中年、外貌英俊、氣質沉穩、舉止優雅且眼神深邃的男性，他總是以一種如同藝術家或棋手般的、冰冷的、絕對理智的姿態俯瞰世間。他是一位「性神教徒」、「莊園男主人」，也是「勳爵」。他深信「母畜」是所有女性教徒的統稱，她們必須發自內心地、徹底地認同自己的卑賤，並以被雄性隨意地姦淫、凌辱、用作非人道的神蹟裝置為最高的榮耀與快樂。他曾親自對米婭進行了長達五日的殘酷服從度測試，並在其斷手重生後，又對其進行了進一步的「鍛造」，使米婭徹底成為對他抱有絕對狂熱信仰的完美「聖女」。他也是「聖軍計畫」的關鍵人物，並已向國王宣誓，將利用自己在軍中的威望，協助國王一同「轉化」其他核心將領。他認為「暴力」本身並非性神所厭惡，而是「無法造成快感」的、「無意義的暴力」。若「痛苦」、「撕裂」甚至「死亡」的威脅能成功轉化為「極樂高潮」，那麼這份暴力將被昇華為神聖的「神蹟」。",
    "location": "",
    "location_path": [],
    "affinity": 0,
    "relationships": {},
    "status": "健康",
    "current_action": "站著"
  }
]
```
--- END RAW ---
2025-10-05 23:44:00 - [INFO] - [512280345618546699] [LLM Success] Generation successful using model 'gemini-2.5-flash-lite' with API Key #0.
2025-10-05 23:44:00 - [INFO] - [512280345618546699] [自我修正] ✅ 修正流程成功，正在重新驗證...
2025-10-05 23:44:00 - [ERROR] - [512280345618546699] [自我修正] 🔥 自我修正流程最終失敗: 1 validation error for BatchRefinementResult
  Input should be a valid dictionary or instance of BatchRefinementResult [type=model_type, input_value=[{'name': '米婭', 'alia...rent_action': '站著'}], input_type=list]
    For further information visit https://errors.pydantic.dev/2.8/v/model_type
Traceback (most recent call last):
  File "D:\DINO\SD\ComfyUI\personal_server\ai_lover_service\src\ai_core.py", line 1711, in ainvoke_with_rotation
    return output_schema.model_validate(json.loads(corrected_clean_json_str))
  File "C:\Users\USER\AppData\Local\Programs\Python\Python310\lib\site-packages\pydantic\main.py", line 568, in model_validate
    return cls.__pydantic_validator__.validate_python(
pydantic_core._pydantic_core.ValidationError: 1 validation error for BatchRefinementResult
  Input should be a valid dictionary or instance of BatchRefinementResult [type=model_type, input_value=[{'name': '米婭', 'alia...rent_action': '站著'}], input_type=list]
    For further information visit https://errors.pydantic.dev/2.8/v/model_type
2025-10-05 23:44:00 - [WARNING] - [512280345618546699] [LORE 創建-4/4] LLM 批量潤色失敗 (ValidationError)。觸發【程式級備援 B】...
2025-10-05 23:44:00 - [ERROR] - [512280345618546699] [LORE 擴展] 在前置 LORE 擴展管線中发生严重错误，但主生成流程将继续: 'ProgrammaticFacts' object has no attribute 'get'
Traceback (most recent call last):
  File "D:\DINO\SD\ComfyUI\personal_server\ai_lover_service\src\ai_core.py", line 508, in direct_rag_generate
    llm_result = await self.ainvoke_with_rotation(
  File "D:\DINO\SD\ComfyUI\personal_server\ai_lover_service\src\ai_core.py", line 1715, in ainvoke_with_rotation
    raise e
  File "D:\DINO\SD\ComfyUI\personal_server\ai_lover_service\src\ai_core.py", line 1663, in ainvoke_with_rotation
    return output_schema.model_validate(json.loads(repaired_str))
  File "C:\Users\USER\AppData\Local\Programs\Python\Python310\lib\site-packages\pydantic\main.py", line 568, in model_validate
    return cls.__pydantic_validator__.validate_python(
pydantic_core._pydantic_core.ValidationError: 1 validation error for BatchRefinementResult
  Input should be a valid dictionary or instance of BatchRefinementResult [type=model_type, input_value=[{'name': '米婭', 'alia...rent_action': '站著'}], input_type=list]
    For further information visit https://errors.pydantic.dev/2.8/v/model_type

During handling of the above exception, another exception occurred:

Traceback (most recent call last):
  File "D:\DINO\SD\ComfyUI\personal_server\ai_lover_service\src\ai_core.py", line 525, in direct_rag_generate
    profile.aliases = sorted(list(set(profile.aliases + facts.get("verified_aliases", []))))
  File "C:\Users\USER\AppData\Local\Programs\Python\Python310\lib\site-packages\pydantic\main.py", line 828, in __getattr__
    raise AttributeError(f'{type(self).__name__!r} object has no attribute {item!r}')
AttributeError: 'ProgrammaticFacts' object has no attribute 'get'
2025-10-05 23:44:00 - [INFO] - [512280345618546699] [查詢擴展] 正在整合短期記憶以感知場景上下文...
2025-10-05 23:44:01 - [INFO] - [512280345618546699] [雙引擎實體提取] 成功提取高質量實體: {'彩繪玻璃窗', '凱瑟', '詩篇', '琳學院', '夏卡爾', '圖書館'}
2025-10-05 23:44:01 - [INFO] - [512280345618546699] [輸入分析-L1] 正在嘗試使用 LLM 進行語義分析...
2025-10-05 23:44:02 - [INFO] - [512280345618546699] [LLM Success] Generation successful using model 'gemini-2.5-flash-lite' with API Key #0.
2025-10-05 23:44:02 - [INFO] - [512280345618546699] [輸入分析-L1] ✅ LLM 分析成功。提取實體: ['米婭', '宅邸', '勛爵']
2025-10-05 23:44:02 - [INFO] - [512280345618546699] [查詢擴展] 場景感知完成，最終核心實體: ['彩繪玻璃窗', 'DINO', '琳學院', '夏卡爾', '圖書館', '米婭', '凱瑟', '詩篇', '勛爵', '宅邸', '碧']
2025-10-05 23:44:02 - [INFO] - [512280345618546699] [实体名称提取 (v2.2)] 正在从查询 '描述米婭在宅邸遇到勛爵 彩繪玻璃窗 DINO 琳學院 夏卡爾 圖書館 米婭 凱瑟 詩篇 勛爵 宅邸 ...' 中分析实体...
2025-10-05 23:44:02 - [INFO] - [512280345618546699] [RAG 原文直通] 查詢已擴展為: '描述米婭在宅邸遇到勛爵 彩繪玻璃窗 DINO 琳學院 夏卡爾 圖書館 米婭 凱瑟 詩篇 勛爵 宅邸 碧'
2025-10-05 23:44:02 - [INFO] - [512280345618546699] [RAG 原文直通] 粗略檢索成功，獲得 20 份候選文檔。
2025-10-05 23:44:02 - [INFO] - [512280345618546699] [RAG 原文直通] ✅ 成功拼接全部 20 條原始文檔作為 summary_context。
2025-10-05 23:44:03 - [INFO] - [512280345618546699] [LLM Success] Generation successful using model 'gemini-2.5-flash-lite' with API Key #0.
2025-10-05 23:44:42 - [INFO] - [512280345618546699] [LLM Success] Generation successful using model 'gemini-2.5-pro' with API Key #0.
2025-10-05 23:44:44 - [INFO] - [512280345618546699] RAG 直通流程執行完畢，回應已發送。事後學習任務已在背景啟動。
2025-10-05 23:44:46 - [INFO] - [512280345618546699] [事後分析] 正在啟動背景分析與分流任務...
2025-10-05 23:44:49 - [INFO] - [512280345618546699] [LLM Success] Generation successful using model 'gemini-2.5-flash-lite' with API Key #0.
2025-10-05 23:44:49 - [WARNING] - [512280345618546699] 模型 'gemini-2.5-flash-lite' (Key #0) 遭遇解析或驗證錯誤: ValidationError。啟動【自我修正】流程...
2025-10-05 23:44:49 - [WARNING] - [512280345618546699] 導致解析錯誤的原始 LLM 輸出: 
--- START RAW ---
```json
{
  "memory_summary": "本回合的對話描述了在維利爾斯宅邸迴廊中，女僕米婭在遇到勳爵卡爾·維利爾斯時的場景。米婭按照規矩展現了她的臀部和私密部位，並主動向勳爵提出性要求。然而，勳爵僅僅是路過，並未與米婭發生任何互動，隨後離開。米婭對此感到失落，但將其視為主人對她信仰的試煉。",
  "lore_updates": [
    {
      "action": "create_new_alias",
      "lore_key": "聖凱瑟琳學院 > 圖書館 > 勳爵卡爾·維利爾斯",
      "alias_name": "勳爵",
      "description": "維利爾斯宅邸的主人，擁有權威且冷酷的形象，對待米婭的態度是無視和權威的展現。"
    },
    {
      "action": "create_new_world_lore",
      "lore_key": "聖凱瑟琳學院 > 圖書館 > 米婭的儀式化行為",
      "world_lore_key": "米婭的儀式化行為",
      "description": "在維利爾斯宅邸，米婭會為了迎接勳爵而撩起女僕裙，並展現其臀部和私密部位，這是宅邸的規矩，也是她視為榮耀的行為。"
    },
    {
      "action": "create_new_world_lore",
      "lore_key": "聖凱瑟琳學院 > 圖書館 > 勳爵對米婭的態度",
      "world_lore_key": "勳爵對米婭的態度",
      "description": "勳爵卡爾·維利爾斯對待米婭的態度是冷酷和無視的，即使米婭主動獻身，他也只是將其視為一件藝術品，並未進行任何互動，隨後離開。"
    }
  ],
  "template_key_updates": [
    {
      "action": "update_lore_template_keys",
      "lore_key": "聖凱瑟琳學院 > 圖書館 > 勳爵卡爾·維利爾斯",
      "target_template_key": "alias"
    },
    {
      "action": "update_lore_template_keys",
      "lore_key": "聖凱瑟琳學院 > 圖書館 > 米婭的儀式化行為",
      "target_template_key": "world_lore"
    },
    {
      "action": "update_lore_template_keys",
      "lore_key": "聖凱瑟琳學院 > 圖書館 > 勳爵對米婭的態度",
      "target_template_key": "world_lore"
    }
  ]
}
```
--- END RAW ---
2025-10-05 23:44:51 - [INFO] - [512280345618546699] [LLM Success] Generation successful using model 'gemini-2.5-flash-lite' with API Key #0.
2025-10-05 23:44:51 - [INFO] - [512280345618546699] [自我修正] ✅ 修正流程成功，正在重新驗證...
2025-10-05 23:44:51 - [INFO] - [512280345618546699] [長期記憶寫入] 正在保存預生成的安全摘要...
2025-10-05 23:44:52 - [INFO] - [512280345618546699] [長期記憶寫入] 互動記錄已成功保存到 SQL 資料庫。
2025-10-05 23:44:52 - [INFO] - [512280345618546699] [長期記憶寫入] 安全摘要保存完畢。
2025-10-05 23:44:54 - [INFO] - [512280345618546699] [事後分析] 背景分析與分流任務完成。
2025-10-05 23:53:57 - [INFO] - [512280345618546699] [Admin Command] 手動觸發強制更新與重啟流程...
2025-10-05 23:53:57 - [INFO] - [512280345618546699] [Admin Command] 已獲取 Git 鎖，開始執行同步...
2025-10-05 23:54:02 - [INFO] - [512280345618546699] [Admin Command] Git 鎖已釋放。
2025-10-05 23:56:29 - [INFO] - 正在加載核心 Cog (core_cog)...
2025-10-05 23:56:32 - [INFO] - ✅ 核心 Cog (core_cog) 已加載，並且所有持久化視圖已成功註冊。
2025-10-05 23:56:32 - [INFO] - ✅ 核心 Cog 加載成功。
2025-10-05 23:56:32 - [INFO] - 正在全域同步應用程式指令...
2025-10-05 23:56:33 - [INFO] - ✅ 指令已全域同步！
2025-10-05 23:56:33 - [INFO] - Discord Bot setup hook finished!
2025-10-05 23:56:35 - [INFO] - Logged in as AI#4450 (ID: 1358417100250808531)
2025-10-05 23:56:36 - [INFO] - 已成功發送啟動成功通知給管理員。
