### AI Lover Log - Last updated at 2025-10-03T22:17:04.505069 ###

2025-10-03 22:13:47 - [WARNING] - [512280345618546699] 模型 'gemini-2.5-flash-lite' (Key #5) 遭遇解析或驗證錯誤: JSONDecodeError。啟動【自我修正】流程...
2025-10-03 22:13:47 - [INFO] - [512280345618546699] [LLM Success] Generation successful using model 'gemini-2.5-flash-lite' with API Key #5.
2025-10-03 22:13:47 - [INFO] - [512280345618546699] [輸入分析-L1] ✅ LLM 分析成功。提取實體: ['蛇人女奴']
2025-10-03 22:13:47 - [INFO] - [512280345618546699] [實體名稱提取] 查詢分析完成，共識別出 3 個核心實體: ['蛇人女奴', 'DINO', '碧']。
2025-10-03 22:13:47 - [INFO] - [512280345618546699] [RAG Re-ranker 1/3] 查詢已擴展為: '外貌的詳細描寫。 '蛇人女奴' 蛇人女奴 DINO 碧 對'
2025-10-03 22:13:48 - [INFO] - [512280345618546699] [RAG Re-ranker 1/3] 粗略檢索成功，獲得 20 份候選文檔。
2025-10-03 22:13:48 - [INFO] - [512280345618546699] [RAG Re-ranker 2/3] 正在啟動 L1/L2: 雲端 LLM 智能重排...
2025-10-03 22:13:48 - [INFO] - [512280345618546699] [LLM Success] Generation successful using model 'gemini-2.5-flash-lite' with API Key #5.
2025-10-03 22:13:48 - [WARNING] - [512280345618546699] 模型 'gemini-2.5-flash-lite' (Key #5) 遭遇解析或驗證錯誤: JSONDecodeError。啟動【自我修正】流程...
2025-10-03 22:13:48 - [WARNING] - [512280345618546699] 模型 'gemini-2.5-flash-lite' (Key #5) 遭遇內容審查或安全錯誤: BlockedPromptException。
2025-10-03 22:13:48 - [WARNING] - [512280345618546699] 內部鏈意外遭遇審查。啟動【通用化解構-重構】策略...
2025-10-03 22:13:48 - [ERROR] - [512280345618546699] (Euphemizer) 在失敗的 Prompt 中找不到任何可供消毒的已知內容標記，無法執行委婉化。
2025-10-03 22:13:48 - [WARNING] - [512280345618546699] [RAG Re-ranker 2/3] 正在啟動 L3: 本地 Ollama 重排備援...
2025-10-03 22:13:48 - [WARNING] - [512280345618546699] [RAG Re-ranker 2/3] 所有重排層級均失敗或未返回任何相關文檔。啟動 L4: 原文直通備援。
2025-10-03 22:13:48 - [INFO] - [512280345618546699] [RAG Re-ranker 3/3] ✅ 成功拼接 20 條精選文檔作為 summary_context。
2025-10-03 22:13:48 - [INFO] - [512280345618546699] [LLM Success] Generation successful using model 'gemini-2.5-flash-lite' with API Key #5.
2025-10-03 22:13:48 - [INFO] - [512280345618546699] [自我修正] ✅ 修正流程成功，正在重新驗證...
2025-10-03 22:13:48 - [INFO] - [512280345618546699] [輸入分析-L1] ✅ LLM 分析成功。提取實體: ['蛇人女奴']
2025-10-03 22:13:48 - [INFO] - [512280345618546699] [實體名稱提取] 查詢分析完成，共識別出 3 個核心實體: ['蛇人女奴', 'DINO', '碧']。
2025-10-03 22:13:48 - [INFO] - [512280345618546699] [RAG Re-ranker 1/3] 查詢已擴展為: '的背景故事、起源和關鍵經歷的詳細描述。 '蛇人女奴' 蛇人女奴 DINO 關於 碧'
2025-10-03 22:13:48 - [INFO] - [512280345618546699] [RAG Re-ranker 1/3] 粗略檢索成功，獲得 20 份候選文檔。
2025-10-03 22:13:48 - [INFO] - [512280345618546699] [RAG Re-ranker 2/3] 正在啟動 L1/L2: 雲端 LLM 智能重排...
2025-10-03 22:13:48 - [INFO] - [512280345618546699] [LLM Success] Generation successful using model 'gemini-2.5-flash-lite' with API Key #5.
2025-10-03 22:13:48 - [INFO] - [512280345618546699] [自我修正] ✅ 修正流程成功，正在重新驗證...
2025-10-03 22:13:48 - [INFO] - [512280345618546699] [輸入分析-L1] ✅ LLM 分析成功。提取實體: ['蛇人女奴']
2025-10-03 22:13:48 - [INFO] - [512280345618546699] [實體名稱提取] 查詢分析完成，共識別出 3 個核心實體: ['蛇人女奴', 'DINO', '碧']。
2025-10-03 22:13:48 - [INFO] - [512280345618546699] [RAG Re-ranker 1/3] 查詢已擴展為: '與其他角色的關係是什麼？ '蛇人女奴' 蛇人女奴 DINO 碧'
2025-10-03 22:13:48 - [INFO] - [512280345618546699] [LLM Success] Generation successful using model 'gemini-2.5-flash-lite' with API Key #5.
2025-10-03 22:13:48 - [INFO] - [512280345618546699] [自我修正] ✅ 修正流程成功，正在重新驗證...
2025-10-03 22:13:48 - [INFO] - [512280345618546699] [輸入分析-L1] ✅ LLM 分析成功。提取實體: ['蛇人女奴']
2025-10-03 22:13:48 - [INFO] - [512280345618546699] [實體名稱提取] 查詢分析完成，共識別出 3 個核心實體: ['蛇人女奴', 'DINO', '碧']。
2025-10-03 22:13:48 - [INFO] - [512280345618546699] [RAG Re-ranker 1/3] 查詢已擴展為: '擁有哪些技能或能力？ '蛇人女奴' 蛇人女奴 DINO 碧'
2025-10-03 22:13:48 - [INFO] - [512280345618546699] [RAG Re-ranker 1/3] 粗略檢索成功，獲得 20 份候選文檔。
2025-10-03 22:13:48 - [INFO] - [512280345618546699] [RAG Re-ranker 2/3] 正在啟動 L1/L2: 雲端 LLM 智能重排...
2025-10-03 22:13:48 - [INFO] - [512280345618546699] [RAG Re-ranker 1/3] 粗略檢索成功，獲得 20 份候選文檔。
2025-10-03 22:13:48 - [INFO] - [512280345618546699] [RAG Re-ranker 2/3] 正在啟動 L1/L2: 雲端 LLM 智能重排...
2025-10-03 22:13:49 - [INFO] - [512280345618546699] [LLM Success] Generation successful using model 'gemini-2.5-flash-lite' with API Key #5.
2025-10-03 22:13:49 - [INFO] - [512280345618546699] [自我修正] ✅ 修正流程成功，正在重新驗證...
2025-10-03 22:13:49 - [INFO] - [512280345618546699] [輸入分析-L1] ✅ LLM 分析成功。提取實體: ['蛇人女奴']
2025-10-03 22:13:49 - [INFO] - [512280345618546699] [實體名稱提取] 查詢分析完成，共識別出 3 個核心實體: ['蛇人女奴', 'DINO', '碧']。
2025-10-03 22:13:49 - [INFO] - [512280345618546699] [RAG Re-ranker 1/3] 查詢已擴展為: '的所有身份、頭銜、綽號和狀態是什麼？ '蛇人女奴' 蛇人女奴 DINO 碧'
2025-10-03 22:13:49 - [INFO] - [512280345618546699] [RAG Re-ranker 1/3] 粗略檢索成功，獲得 20 份候選文檔。
2025-10-03 22:13:49 - [INFO] - [512280345618546699] [RAG Re-ranker 2/3] 正在啟動 L1/L2: 雲端 LLM 智能重排...
2025-10-03 22:13:49 - [WARNING] - [512280345618546699] Key #5 (模型: gemini-2.5-flash-lite) 遭遇臨時性 API 錯誤 (ResourceExhausted)。將在 1.45 秒後進行第 2 次嘗試...
2025-10-03 22:13:50 - [WARNING] - [512280345618546699] Key #5 (模型: gemini-2.5-flash-lite) 遭遇臨時性 API 錯誤 (ResourceExhausted)。將在 2.16 秒後進行第 3 次嘗試...
2025-10-03 22:13:51 - [INFO] - [512280345618546699] [LLM Success] Generation successful using model 'gemini-2.5-flash-lite' with API Key #5.
2025-10-03 22:13:51 - [WARNING] - [512280345618546699] [RAG Re-ranker 2/3] 所有重排層級均失敗或未返回任何相關文檔。啟動 L4: 原文直通備援。
2025-10-03 22:13:51 - [INFO] - [512280345618546699] [RAG Re-ranker 3/3] ✅ 成功拼接 20 條精選文檔作為 summary_context。
2025-10-03 22:13:53 - [ERROR] - [512280345618546699] Key #5 (模型: gemini-2.5-flash-lite) 在 3 次內部重試後仍然失敗 (ResourceExhausted)。將輪換到下一個金鑰並觸發持久化冷卻。
2025-10-03 22:13:53 - [WARNING] - [512280345618546699] 模型 'gemini-2.5-flash-lite' (Key #0) 遭遇內容審查或安全錯誤: BlockedPromptException。
2025-10-03 22:13:53 - [WARNING] - [512280345618546699] 內部鏈意外遭遇審查。啟動【通用化解構-重構】策略...
2025-10-03 22:13:53 - [ERROR] - [512280345618546699] (Euphemizer) 在失敗的 Prompt 中找不到任何可供消毒的已知內容標記，無法執行委婉化。
2025-10-03 22:13:53 - [WARNING] - [512280345618546699] [RAG Re-ranker 2/3] 正在啟動 L3: 本地 Ollama 重排備援...
2025-10-03 22:13:53 - [WARNING] - [512280345618546699] [RAG Re-ranker 2/3] 所有重排層級均失敗或未返回任何相關文檔。啟動 L4: 原文直通備援。
2025-10-03 22:13:53 - [INFO] - [512280345618546699] [RAG Re-ranker 3/3] ✅ 成功拼接 20 條精選文檔作為 summary_context。
2025-10-03 22:14:03 - [WARNING] - [512280345618546699] 模型 'gemini-2.5-flash-lite' (Key #5) 遭遇靜默失敗，生成因 '8' 而提前終止。
2025-10-03 22:14:03 - [WARNING] - [512280345618546699] 模型 'gemini-2.5-flash-lite' (Key #5) 遭遇內容審查或安全錯誤: BlockedPromptException。
2025-10-03 22:14:03 - [WARNING] - [512280345618546699] 內部鏈意外遭遇審查。啟動【通用化解構-重構】策略...
2025-10-03 22:14:03 - [ERROR] - [512280345618546699] (Euphemizer) 在失敗的 Prompt 中找不到任何可供消毒的已知內容標記，無法執行委婉化。
2025-10-03 22:14:03 - [WARNING] - [512280345618546699] [RAG Re-ranker 2/3] 正在啟動 L3: 本地 Ollama 重排備援...
2025-10-03 22:14:03 - [WARNING] - [512280345618546699] [RAG Re-ranker 2/3] 所有重排層級均失敗或未返回任何相關文檔。啟動 L4: 原文直通備援。
2025-10-03 22:14:03 - [INFO] - [512280345618546699] [RAG Re-ranker 3/3] ✅ 成功拼接 20 條精選文檔作為 summary_context。
2025-10-03 22:14:14 - [INFO] - [512280345618546699] [LLM Success] Generation successful using model 'gemini-2.5-flash-lite' with API Key #5.
2025-10-03 22:14:14 - [WARNING] - [512280345618546699] 模型 'gemini-2.5-flash-lite' (Key #5) 遭遇解析或驗證錯誤: JSONDecodeError。啟動【自我修正】流程...
2025-10-03 22:14:14 - [WARNING] - [512280345618546699] Key #5 (模型: gemini-2.5-flash-lite) 遭遇臨時性 API 錯誤 (ResourceExhausted)。將在 1.40 秒後進行第 2 次嘗試...
2025-10-03 22:14:15 - [WARNING] - [512280345618546699] Key #5 (模型: gemini-2.5-flash-lite) 遭遇臨時性 API 錯誤 (ResourceExhausted)。將在 2.36 秒後進行第 3 次嘗試...
2025-10-03 22:14:18 - [ERROR] - [512280345618546699] Key #5 (模型: gemini-2.5-flash-lite) 在 3 次內部重試後仍然失敗 (ResourceExhausted)。將輪換到下一個金鑰並觸發持久化冷卻。
2025-10-03 22:14:18 - [WARNING] - [512280345618546699] 模型 'gemini-2.5-flash-lite' (Key #0) 遭遇內容審查或安全錯誤: BlockedPromptException。
2025-10-03 22:14:18 - [ERROR] - [512280345618546699] [自我修正] 🔥 自我修正流程最終失敗: Prompt blocked due to 4
Traceback (most recent call last):
  File "D:\DINO\SD\ComfyUI\personal_server\ai_lover_service\src\ai_core.py", line 1186, in ainvoke_with_rotation
    return output_schema.model_validate(json.loads(repaired_str))
  File "C:\Users\USER\AppData\Local\Programs\Python\Python310\lib\json\__init__.py", line 346, in loads
    return _default_decoder.decode(s)
  File "C:\Users\USER\AppData\Local\Programs\Python\Python310\lib\json\decoder.py", line 337, in decode
    obj, end = self.raw_decode(s, idx=_w(s, 0).end())
  File "C:\Users\USER\AppData\Local\Programs\Python\Python310\lib\json\decoder.py", line 353, in raw_decode
    obj, end = self.scan_once(s, idx)
json.decoder.JSONDecodeError: Expecting ',' delimiter: line 21 column 1021 (char 4900)

During handling of the above exception, another exception occurred:

Traceback (most recent call last):
  File "D:\DINO\SD\ComfyUI\personal_server\ai_lover_service\src\ai_core.py", line 1216, in ainvoke_with_rotation
    corrected_response = await self.ainvoke_with_rotation(
  File "D:\DINO\SD\ComfyUI\personal_server\ai_lover_service\src\ai_core.py", line 1194, in ainvoke_with_rotation
    raise e
  File "D:\DINO\SD\ComfyUI\personal_server\ai_lover_service\src\ai_core.py", line 1151, in ainvoke_with_rotation
    raise BlockedPromptException(f"Prompt blocked due to {reason_str}")
google.generativeai.types.generation_types.BlockedPromptException: Prompt blocked due to 4
2025-10-03 22:14:18 - [WARNING] - [512280345618546699] [RAG Re-ranker 2/3] L1/L2 雲端重排最終失敗: Expecting ',' delimiter: line 21 column 1021 (char 4900)。
2025-10-03 22:14:18 - [WARNING] - [512280345618546699] [RAG Re-ranker 2/3] 正在啟動 L3: 本地 Ollama 重排備援...
2025-10-03 22:14:18 - [WARNING] - [512280345618546699] [RAG Re-ranker 2/3] 所有重排層級均失敗或未返回任何相關文檔。啟動 L4: 原文直通備援。
2025-10-03 22:14:18 - [INFO] - [512280345618546699] [RAG Re-ranker 3/3] ✅ 成功拼接 20 條精選文檔作為 summary_context。
2025-10-03 22:14:18 - [INFO] - [512280345618546699] [LORE精煉-L1] 正在嘗試使用雲端模型 (gemini-2.5-flash-lite) 進行完整精煉...
2025-10-03 22:14:19 - [WARNING] - [512280345618546699] Key #5 (模型: gemini-2.5-flash-lite) 遭遇臨時性 API 錯誤 (ResourceExhausted)。將在 1.49 秒後進行第 2 次嘗試...
2025-10-03 22:14:20 - [WARNING] - [512280345618546699] Key #5 (模型: gemini-2.5-flash-lite) 遭遇臨時性 API 錯誤 (ResourceExhausted)。將在 2.39 秒後進行第 3 次嘗試...
2025-10-03 22:14:23 - [ERROR] - [512280345618546699] Key #5 (模型: gemini-2.5-flash-lite) 在 3 次內部重試後仍然失敗 (ResourceExhausted)。將輪換到下一個金鑰並觸發持久化冷卻。
2025-10-03 22:14:23 - [WARNING] - [512280345618546699] 模型 'gemini-2.5-flash-lite' (Key #0) 遭遇內容審查或安全錯誤: BlockedPromptException。
2025-10-03 22:14:23 - [WARNING] - [512280345618546699] [LORE精煉-L1] 雲端完整精煉被審查 (Prompt blocked due to 4)。降級至 L2 (本地模型)。
2025-10-03 22:14:23 - [INFO] - [512280345618546699] [LORE精煉-本地] 正在使用本地模型 'HammerAI/llama-3-lexi-uncensored:latest' 為角色 '蛇人女奴' 進行精煉...
2025-10-03 22:14:42 - [INFO] - [512280345618546699] 啟動 RAG 直通對話流程...
2025-10-03 22:14:42 - [INFO] - [512280345618546699] [Direct RAG] 啟動純粹 RAG 直通生成流程...
2025-10-03 22:14:42 - [INFO] - [512280345618546699] [Direct RAG] 正在執行 RAG 檢索...
2025-10-03 22:14:42 - [INFO] - [512280345618546699] [實體名稱提取] 正在從查詢 '你叫我"學者先生"，妳是誰的女奴?...' 中分析實體...
2025-10-03 22:14:42 - [INFO] - [512280345618546699] [輸入分析-L1] 正在嘗試使用 LLM 進行語義分析...
2025-10-03 22:14:43 - [INFO] - [512280345618546699] [LLM Success] Generation successful using model 'gemini-2.5-flash-lite' with API Key #5.
2025-10-03 22:14:43 - [INFO] - [512280345618546699] [輸入分析-L1] ✅ LLM 分析成功。提取實體: ['學者先生']
2025-10-03 22:14:43 - [INFO] - [512280345618546699] [實體名稱提取] 查詢分析完成，共識別出 3 個核心實體: ['DINO', '學者先生', '碧']。
2025-10-03 22:14:43 - [INFO] - [512280345618546699] [RAG Re-ranker 1/3] 查詢已擴展為: '你叫我"學者先生"，妳是誰的女奴? DINO 學者先生 碧'
2025-10-03 22:14:44 - [INFO] - [512280345618546699] [RAG Re-ranker 1/3] 粗略檢索成功，獲得 20 份候選文檔。
2025-10-03 22:14:44 - [INFO] - [512280345618546699] [RAG Re-ranker 2/3] 正在啟動 L1/L2: 雲端 LLM 智能重排...
2025-10-03 22:14:59 - [INFO] - [512280345618546699] [LORE精煉-本地] ✅ 本地模型精煉成功。
2025-10-03 22:14:59 - [WARNING] - [512280345618546699] [單體精煉安全驗證] 🔥 最終結果缺少核心字段 (name 或 description)，判定為無效。
2025-10-03 22:14:59 - [WARNING] - [512280345618546699] [LORE精煉-背景] ⏩ 為角色 '蛇人女奴' 的背景精煉失敗或無效，跳過更新。
2025-10-03 22:15:01 - [INFO] - [512280345618546699] [單體精煉 v11.0] 正在為角色 '蛇人女奴' 啟動三層降級精煉流程...
2025-10-03 22:15:01 - [INFO] - [512280345618546699] [實體名稱提取] 正在從查詢 ''蛇人女奴' 的所有身份、頭銜、綽號和狀態是什麼？...' 中分析實體...
2025-10-03 22:15:01 - [INFO] - [512280345618546699] [輸入分析-L1] 正在嘗試使用 LLM 進行語義分析...
2025-10-03 22:15:01 - [INFO] - [512280345618546699] [實體名稱提取] 正在從查詢 '關於 '蛇人女奴' 的背景故事、起源和關鍵經歷的詳細描述。...' 中分析實體...
2025-10-03 22:15:01 - [INFO] - [512280345618546699] [輸入分析-L1] 正在嘗試使用 LLM 進行語義分析...
2025-10-03 22:15:01 - [INFO] - [512280345618546699] [實體名稱提取] 正在從查詢 '對 '蛇人女奴' 外貌的詳細描寫。...' 中分析實體...
2025-10-03 22:15:01 - [INFO] - [512280345618546699] [輸入分析-L1] 正在嘗試使用 LLM 進行語義分析...
2025-10-03 22:15:01 - [INFO] - [512280345618546699] [實體名稱提取] 正在從查詢 ''蛇人女奴' 擁有哪些技能或能力？...' 中分析實體...
2025-10-03 22:15:01 - [INFO] - [512280345618546699] [輸入分析-L1] 正在嘗試使用 LLM 進行語義分析...
2025-10-03 22:15:01 - [INFO] - [512280345618546699] [實體名稱提取] 正在從查詢 ''蛇人女奴' 與其他角色的關係是什麼？...' 中分析實體...
2025-10-03 22:15:01 - [INFO] - [512280345618546699] [輸入分析-L1] 正在嘗試使用 LLM 進行語義分析...
2025-10-03 22:15:02 - [INFO] - [512280345618546699] [LLM Success] Generation successful using model 'gemini-2.5-flash-lite' with API Key #5.
2025-10-03 22:15:02 - [INFO] - [512280345618546699] [輸入分析-L1] ✅ LLM 分析成功。提取實體: ['蛇人女奴']
2025-10-03 22:15:02 - [INFO] - [512280345618546699] [實體名稱提取] 查詢分析完成，共識別出 3 個核心實體: ['蛇人女奴', 'DINO', '碧']。
2025-10-03 22:15:02 - [INFO] - [512280345618546699] [RAG Re-ranker 1/3] 查詢已擴展為: '外貌的詳細描寫。 '蛇人女奴' 蛇人女奴 DINO 碧 對'
2025-10-03 22:15:02 - [INFO] - [512280345618546699] [RAG Re-ranker 1/3] 粗略檢索成功，獲得 20 份候選文檔。
2025-10-03 22:15:02 - [INFO] - [512280345618546699] [RAG Re-ranker 2/3] 正在啟動 L1/L2: 雲端 LLM 智能重排...
2025-10-03 22:15:02 - [INFO] - [512280345618546699] [LLM Success] Generation successful using model 'gemini-2.5-flash-lite' with API Key #5.
2025-10-03 22:15:02 - [WARNING] - [512280345618546699] 模型 'gemini-2.5-flash-lite' (Key #5) 遭遇解析或驗證錯誤: JSONDecodeError。啟動【自我修正】流程...
2025-10-03 22:15:02 - [INFO] - [512280345618546699] [LLM Success] Generation successful using model 'gemini-2.5-flash-lite' with API Key #5.
2025-10-03 22:15:02 - [WARNING] - [512280345618546699] 模型 'gemini-2.5-flash-lite' (Key #5) 遭遇解析或驗證錯誤: JSONDecodeError。啟動【自我修正】流程...
2025-10-03 22:15:03 - [INFO] - [512280345618546699] [LLM Success] Generation successful using model 'gemini-2.5-flash-lite' with API Key #5.
2025-10-03 22:15:03 - [INFO] - [512280345618546699] [輸入分析-L1] ✅ LLM 分析成功。提取實體: ['蛇人女奴']
2025-10-03 22:15:03 - [INFO] - [512280345618546699] [實體名稱提取] 查詢分析完成，共識別出 3 個核心實體: ['蛇人女奴', 'DINO', '碧']。
2025-10-03 22:15:03 - [INFO] - [512280345618546699] [RAG Re-ranker 1/3] 查詢已擴展為: '的背景故事、起源和關鍵經歷的詳細描述。 '蛇人女奴' 蛇人女奴 DINO 關於 碧'
2025-10-03 22:15:03 - [INFO] - [512280345618546699] [RAG Re-ranker 1/3] 粗略檢索成功，獲得 20 份候選文檔。
2025-10-03 22:15:03 - [INFO] - [512280345618546699] [RAG Re-ranker 2/3] 正在啟動 L1/L2: 雲端 LLM 智能重排...
2025-10-03 22:15:03 - [WARNING] - [512280345618546699] 模型 'gemini-2.5-flash-lite' (Key #5) 遭遇內容審查或安全錯誤: BlockedPromptException。
2025-10-03 22:15:03 - [WARNING] - [512280345618546699] 內部鏈意外遭遇審查。啟動【通用化解構-重構】策略...
2025-10-03 22:15:03 - [ERROR] - [512280345618546699] (Euphemizer) 在失敗的 Prompt 中找不到任何可供消毒的已知內容標記，無法執行委婉化。
2025-10-03 22:15:03 - [WARNING] - [512280345618546699] [RAG Re-ranker 2/3] 正在啟動 L3: 本地 Ollama 重排備援...
2025-10-03 22:15:03 - [WARNING] - [512280345618546699] [RAG Re-ranker 2/3] 所有重排層級均失敗或未返回任何相關文檔。啟動 L4: 原文直通備援。
2025-10-03 22:15:03 - [INFO] - [512280345618546699] [RAG Re-ranker 3/3] ✅ 成功拼接 20 條精選文檔作為 summary_context。
2025-10-03 22:15:03 - [INFO] - [512280345618546699] [LLM Success] Generation successful using model 'gemini-2.5-flash-lite' with API Key #5.
2025-10-03 22:15:03 - [WARNING] - [512280345618546699] 模型 'gemini-2.5-flash-lite' (Key #5) 遭遇解析或驗證錯誤: JSONDecodeError。啟動【自我修正】流程...
2025-10-03 22:15:04 - [INFO] - [512280345618546699] [LLM Success] Generation successful using model 'gemini-2.5-flash-lite' with API Key #5.
2025-10-03 22:15:04 - [INFO] - [512280345618546699] [自我修正] ✅ 修正流程成功，正在重新驗證...
2025-10-03 22:15:04 - [INFO] - [512280345618546699] [輸入分析-L1] ✅ LLM 分析成功。提取實體: ['蛇人女奴']
2025-10-03 22:15:04 - [INFO] - [512280345618546699] [實體名稱提取] 查詢分析完成，共識別出 3 個核心實體: ['蛇人女奴', 'DINO', '碧']。
2025-10-03 22:15:04 - [INFO] - [512280345618546699] [RAG Re-ranker 1/3] 查詢已擴展為: '與其他角色的關係是什麼？ '蛇人女奴' 蛇人女奴 DINO 碧'
2025-10-03 22:15:04 - [INFO] - [512280345618546699] [LLM Success] Generation successful using model 'gemini-2.5-flash-lite' with API Key #5.
2025-10-03 22:15:04 - [INFO] - [512280345618546699] [自我修正] ✅ 修正流程成功，正在重新驗證...
2025-10-03 22:15:04 - [INFO] - [512280345618546699] [輸入分析-L1] ✅ LLM 分析成功。提取實體: ['蛇人女奴']
2025-10-03 22:15:04 - [INFO] - [512280345618546699] [實體名稱提取] 查詢分析完成，共識別出 3 個核心實體: ['蛇人女奴', 'DINO', '碧']。
2025-10-03 22:15:04 - [INFO] - [512280345618546699] [RAG Re-ranker 1/3] 查詢已擴展為: '的所有身份、頭銜、綽號和狀態是什麼？ '蛇人女奴' 蛇人女奴 DINO 碧'
2025-10-03 22:15:04 - [INFO] - [512280345618546699] [RAG Re-ranker 1/3] 粗略檢索成功，獲得 20 份候選文檔。
2025-10-03 22:15:04 - [INFO] - [512280345618546699] [RAG Re-ranker 2/3] 正在啟動 L1/L2: 雲端 LLM 智能重排...
2025-10-03 22:15:04 - [INFO] - [512280345618546699] [RAG Re-ranker 1/3] 粗略檢索成功，獲得 20 份候選文檔。
2025-10-03 22:15:04 - [INFO] - [512280345618546699] [RAG Re-ranker 2/3] 正在啟動 L1/L2: 雲端 LLM 智能重排...
2025-10-03 22:15:04 - [INFO] - [512280345618546699] [LLM Success] Generation successful using model 'gemini-2.5-flash-lite' with API Key #5.
2025-10-03 22:15:04 - [INFO] - [512280345618546699] [自我修正] ✅ 修正流程成功，正在重新驗證...
2025-10-03 22:15:04 - [INFO] - [512280345618546699] [輸入分析-L1] ✅ LLM 分析成功。提取實體: ['蛇人女奴']
2025-10-03 22:15:04 - [INFO] - [512280345618546699] [實體名稱提取] 查詢分析完成，共識別出 3 個核心實體: ['蛇人女奴', 'DINO', '碧']。
2025-10-03 22:15:04 - [INFO] - [512280345618546699] [RAG Re-ranker 1/3] 查詢已擴展為: '擁有哪些技能或能力？ '蛇人女奴' 蛇人女奴 DINO 碧'
2025-10-03 22:15:04 - [INFO] - [512280345618546699] [RAG Re-ranker 1/3] 粗略檢索成功，獲得 20 份候選文檔。
2025-10-03 22:15:04 - [INFO] - [512280345618546699] [RAG Re-ranker 2/3] 正在啟動 L1/L2: 雲端 LLM 智能重排...
2025-10-03 22:15:04 - [WARNING] - [512280345618546699] 模型 'gemini-2.5-flash-lite' (Key #5) 遭遇內容審查或安全錯誤: BlockedPromptException。
2025-10-03 22:15:04 - [WARNING] - [512280345618546699] 內部鏈意外遭遇審查。啟動【通用化解構-重構】策略...
2025-10-03 22:15:04 - [ERROR] - [512280345618546699] (Euphemizer) 在失敗的 Prompt 中找不到任何可供消毒的已知內容標記，無法執行委婉化。
2025-10-03 22:15:04 - [WARNING] - [512280345618546699] [RAG Re-ranker 2/3] 正在啟動 L3: 本地 Ollama 重排備援...
2025-10-03 22:15:04 - [WARNING] - [512280345618546699] [RAG Re-ranker 2/3] 所有重排層級均失敗或未返回任何相關文檔。啟動 L4: 原文直通備援。
2025-10-03 22:15:04 - [INFO] - [512280345618546699] [RAG Re-ranker 3/3] ✅ 成功拼接 20 條精選文檔作為 summary_context。
2025-10-03 22:15:06 - [INFO] - [512280345618546699] [LLM Success] Generation successful using model 'gemini-2.5-flash-lite' with API Key #5.
2025-10-03 22:15:06 - [WARNING] - [512280345618546699] [RAG Re-ranker 2/3] 所有重排層級均失敗或未返回任何相關文檔。啟動 L4: 原文直通備援。
2025-10-03 22:15:06 - [INFO] - [512280345618546699] [RAG Re-ranker 3/3] ✅ 成功拼接 20 條精選文檔作為 summary_context。
2025-10-03 22:15:14 - [WARNING] - [512280345618546699] 模型 'gemini-2.5-flash-lite' (Key #5) 遭遇靜默失敗，生成因 '8' 而提前終止。
2025-10-03 22:15:14 - [WARNING] - [512280345618546699] 模型 'gemini-2.5-flash-lite' (Key #5) 遭遇內容審查或安全錯誤: BlockedPromptException。
2025-10-03 22:15:14 - [WARNING] - [512280345618546699] 內部鏈意外遭遇審查。啟動【通用化解構-重構】策略...
2025-10-03 22:15:14 - [ERROR] - [512280345618546699] (Euphemizer) 在失敗的 Prompt 中找不到任何可供消毒的已知內容標記，無法執行委婉化。
2025-10-03 22:15:14 - [WARNING] - [512280345618546699] [RAG Re-ranker 2/3] 正在啟動 L3: 本地 Ollama 重排備援...
2025-10-03 22:15:14 - [WARNING] - [512280345618546699] [RAG Re-ranker 2/3] 所有重排層級均失敗或未返回任何相關文檔。啟動 L4: 原文直通備援。
2025-10-03 22:15:14 - [INFO] - [512280345618546699] [RAG Re-ranker 3/3] ✅ 成功拼接 20 條精選文檔作為 summary_context。
2025-10-03 22:15:26 - [INFO] - [512280345618546699] [LLM Success] Generation successful using model 'gemini-2.5-flash-lite' with API Key #5.
2025-10-03 22:15:26 - [WARNING] - [512280345618546699] 模型 'gemini-2.5-flash-lite' (Key #5) 遭遇解析或驗證錯誤: JSONDecodeError。啟動【自我修正】流程...
2025-10-03 22:15:26 - [WARNING] - [512280345618546699] 模型 'gemini-2.5-flash-lite' (Key #5) 遭遇內容審查或安全錯誤: BlockedPromptException。
2025-10-03 22:15:26 - [ERROR] - [512280345618546699] [自我修正] 🔥 自我修正流程最終失敗: Prompt blocked due to 4
Traceback (most recent call last):
  File "D:\DINO\SD\ComfyUI\personal_server\ai_lover_service\src\ai_core.py", line 1186, in ainvoke_with_rotation
    return output_schema.model_validate(json.loads(repaired_str))
  File "C:\Users\USER\AppData\Local\Programs\Python\Python310\lib\json\__init__.py", line 346, in loads
    return _default_decoder.decode(s)
  File "C:\Users\USER\AppData\Local\Programs\Python\Python310\lib\json\decoder.py", line 337, in decode
    obj, end = self.raw_decode(s, idx=_w(s, 0).end())
  File "C:\Users\USER\AppData\Local\Programs\Python\Python310\lib\json\decoder.py", line 353, in raw_decode
    obj, end = self.scan_once(s, idx)
json.decoder.JSONDecodeError: Expecting ',' delimiter: line 25 column 1021 (char 5925)

During handling of the above exception, another exception occurred:

Traceback (most recent call last):
  File "D:\DINO\SD\ComfyUI\personal_server\ai_lover_service\src\ai_core.py", line 1216, in ainvoke_with_rotation
    corrected_response = await self.ainvoke_with_rotation(
  File "D:\DINO\SD\ComfyUI\personal_server\ai_lover_service\src\ai_core.py", line 1194, in ainvoke_with_rotation
    raise e
  File "D:\DINO\SD\ComfyUI\personal_server\ai_lover_service\src\ai_core.py", line 1151, in ainvoke_with_rotation
    raise BlockedPromptException(f"Prompt blocked due to {reason_str}")
google.generativeai.types.generation_types.BlockedPromptException: Prompt blocked due to 4
2025-10-03 22:15:26 - [WARNING] - [512280345618546699] [RAG Re-ranker 2/3] L1/L2 雲端重排最終失敗: Expecting ',' delimiter: line 25 column 1021 (char 5925)。
2025-10-03 22:15:26 - [WARNING] - [512280345618546699] [RAG Re-ranker 2/3] 正在啟動 L3: 本地 Ollama 重排備援...
2025-10-03 22:15:26 - [WARNING] - [512280345618546699] [RAG Re-ranker 2/3] 所有重排層級均失敗或未返回任何相關文檔。啟動 L4: 原文直通備援。
2025-10-03 22:15:26 - [INFO] - [512280345618546699] [RAG Re-ranker 3/3] ✅ 成功拼接 20 條精選文檔作為 summary_context。
2025-10-03 22:15:26 - [INFO] - [512280345618546699] [LORE精煉-L1] 正在嘗試使用雲端模型 (gemini-2.5-flash-lite) 進行完整精煉...
2025-10-03 22:15:27 - [WARNING] - [512280345618546699] Key #5 (模型: gemini-2.5-flash-lite) 遭遇臨時性 API 錯誤 (ResourceExhausted)。將在 1.14 秒後進行第 2 次嘗試...
2025-10-03 22:15:28 - [WARNING] - [512280345618546699] Key #5 (模型: gemini-2.5-flash-lite) 遭遇臨時性 API 錯誤 (ResourceExhausted)。將在 2.25 秒後進行第 3 次嘗試...
2025-10-03 22:15:30 - [ERROR] - [512280345618546699] Key #5 (模型: gemini-2.5-flash-lite) 在 3 次內部重試後仍然失敗 (ResourceExhausted)。將輪換到下一個金鑰並觸發持久化冷卻。
2025-10-03 22:15:31 - [WARNING] - [512280345618546699] 模型 'gemini-2.5-flash-lite' (Key #0) 遭遇內容審查或安全錯誤: BlockedPromptException。
2025-10-03 22:15:31 - [WARNING] - [512280345618546699] [LORE精煉-L1] 雲端完整精煉被審查 (Prompt blocked due to 4)。降級至 L2 (本地模型)。
2025-10-03 22:15:31 - [INFO] - [512280345618546699] [LORE精煉-本地] 正在使用本地模型 'HammerAI/llama-3-lexi-uncensored:latest' 為角色 '蛇人女奴' 進行精煉...
2025-10-03 22:15:39 - [INFO] - [512280345618546699] [LLM Success] Generation successful using model 'gemini-2.5-flash-lite' with API Key #5.
2025-10-03 22:15:39 - [WARNING] - [512280345618546699] 模型 'gemini-2.5-flash-lite' (Key #5) 遭遇解析或驗證錯誤: JSONDecodeError。啟動【自我修正】流程...
2025-10-03 22:16:18 - [INFO] - [512280345618546699] [LLM Success] Generation successful using model 'gemini-2.5-flash-lite' with API Key #5.
2025-10-03 22:16:18 - [INFO] - [512280345618546699] [自我修正] ✅ 修正流程成功，正在重新驗證...
2025-10-03 22:16:18 - [ERROR] - [512280345618546699] [自我修正] 🔥 自我修正流程最終失敗: Expecting ',' delimiter: line 81 column 930 (char 20739)
Traceback (most recent call last):
  File "D:\DINO\SD\ComfyUI\personal_server\ai_lover_service\src\ai_core.py", line 1186, in ainvoke_with_rotation
    return output_schema.model_validate(json.loads(repaired_str))
  File "C:\Users\USER\AppData\Local\Programs\Python\Python310\lib\json\__init__.py", line 346, in loads
    return _default_decoder.decode(s)
  File "C:\Users\USER\AppData\Local\Programs\Python\Python310\lib\json\decoder.py", line 337, in decode
    obj, end = self.raw_decode(s, idx=_w(s, 0).end())
  File "C:\Users\USER\AppData\Local\Programs\Python\Python310\lib\json\decoder.py", line 353, in raw_decode
    obj, end = self.scan_once(s, idx)
json.decoder.JSONDecodeError: Expecting ',' delimiter: line 53 column 177 (char 12719)

During handling of the above exception, another exception occurred:

Traceback (most recent call last):
  File "D:\DINO\SD\ComfyUI\personal_server\ai_lover_service\src\ai_core.py", line 1227, in ainvoke_with_rotation
    return output_schema.model_validate(json.loads(json_match.group(0)))
  File "C:\Users\USER\AppData\Local\Programs\Python\Python310\lib\json\__init__.py", line 346, in loads
    return _default_decoder.decode(s)
  File "C:\Users\USER\AppData\Local\Programs\Python\Python310\lib\json\decoder.py", line 337, in decode
    obj, end = self.raw_decode(s, idx=_w(s, 0).end())
  File "C:\Users\USER\AppData\Local\Programs\Python\Python310\lib\json\decoder.py", line 353, in raw_decode
    obj, end = self.scan_once(s, idx)
json.decoder.JSONDecodeError: Expecting ',' delimiter: line 81 column 930 (char 20739)
2025-10-03 22:16:18 - [WARNING] - [512280345618546699] [RAG Re-ranker 2/3] L1/L2 雲端重排最終失敗: Expecting ',' delimiter: line 53 column 177 (char 12719)。
2025-10-03 22:16:18 - [WARNING] - [512280345618546699] [RAG Re-ranker 2/3] 正在啟動 L3: 本地 Ollama 重排備援...
2025-10-03 22:16:18 - [WARNING] - [512280345618546699] [RAG Re-ranker 2/3] 所有重排層級均失敗或未返回任何相關文檔。啟動 L4: 原文直通備援。
2025-10-03 22:16:18 - [INFO] - [512280345618546699] [RAG Re-ranker 3/3] ✅ 成功拼接 20 條精選文檔作為 summary_context。
2025-10-03 22:16:20 - [INFO] - [512280345618546699] [LLM Success] Generation successful using model 'gemini-2.5-flash-lite' with API Key #5.
2025-10-03 22:16:20 - [INFO] - [512280345618546699] [Direct RAG] Prompt 組裝完畢，正在調用 LLM 生成...
2025-10-03 22:16:20 - [INFO] - [512280345618546699] [API Key Cooling] 跳過冷卻中的 API Key #5 (針對模型 gemini-2.5-pro，剩餘 882 秒)。
2025-10-03 22:16:20 - [INFO] - [512280345618546699] [API Key Cooling] 跳過冷卻中的 API Key #0 (針對模型 gemini-2.5-pro，剩餘 897 秒)。
2025-10-03 22:16:20 - [INFO] - [512280345618546699] [API Key Cooling] 跳過冷卻中的 API Key #5 (針對模型 gemini-2.5-pro，剩餘 882 秒)。
2025-10-03 22:16:20 - [INFO] - [512280345618546699] [API Key Cooling] 跳過冷卻中的 API Key #0 (針對模型 gemini-2.5-pro，剩餘 897 秒)。
2025-10-03 22:16:39 - [INFO] - [512280345618546699] [LORE精煉-本地] ✅ 本地模型精煉成功。
2025-10-03 22:16:39 - [WARNING] - [512280345618546699] [單體精煉安全驗證] 🔥 最終結果缺少核心字段 (name 或 description)，判定為無效。
2025-10-03 22:16:39 - [WARNING] - [512280345618546699] [LORE精煉-背景] ⏩ 為角色 '蛇人女奴' 的背景精煉失敗或無效，跳過更新。
2025-10-03 22:16:41 - [INFO] - [512280345618546699] [LORE精煉 v7.1] 所有 2 個背景精煉任務已全部完成。
2025-10-03 22:16:49 - [INFO] - [512280345618546699] [LLM Success] Generation successful using model 'gemini-2.5-pro' with API Key #1.
2025-10-03 22:16:49 - [INFO] - [512280345618546699] [Direct RAG] 生成流程完成。
2025-10-03 22:16:50 - [INFO] - [512280345618546699] RAG 直通流程執行完畢，回應已發送。事後學習任務已在背景啟動。
2025-10-03 22:16:51 - [INFO] - [512280345618546699] [事後分析] 正在啟動背景分析任務...
2025-10-03 22:16:54 - [INFO] - [512280345618546699] [LLM Success] Generation successful using model 'gemini-2.5-flash-lite' with API Key #3.
2025-10-03 22:16:54 - [INFO] - [512280345618546699] [長期記憶寫入] 正在保存預生成的安全摘要...
2025-10-03 22:16:54 - [INFO] - [512280345618546699] [長期記憶寫入] 互動記錄已成功保存到 SQL 資料庫。
2025-10-03 22:16:54 - [INFO] - [512280345618546699] [長期記憶寫入] 安全摘要保存完畢。
2025-10-03 22:16:56 - [INFO] - [512280345618546699] 背景任務：檢測到 2 條預生成LORE，準備執行...
2025-10-03 22:16:56 - [INFO] - --- [512280345618546699] (LORE Executor) 開始串行執行 2 個修正後的LORE任务 ---
2025-10-03 22:16:56 - [WARNING] - [512280345618546699] [抗幻覺] 檢測到對不存在實體 '原始力量驅動者' 的更新。啟動事實查核...
2025-10-03 22:16:57 - [INFO] - [512280345618546699] [LLM Success] Generation successful using model 'gemini-2.5-flash-lite' with API Key #3.
2025-10-03 22:16:57 - [WARNING] - [512280345618546699] 模型 'gemini-2.5-flash-lite' (Key #3) 遭遇解析或驗證錯誤: JSONDecodeError。啟動【自我修正】流程...
2025-10-03 22:16:58 - [INFO] - [512280345618546699] [LLM Success] Generation successful using model 'gemini-2.5-flash-lite' with API Key #3.
2025-10-03 22:16:58 - [INFO] - [512280345618546699] [自我修正] ✅ 修正流程成功，正在重新驗證...
2025-10-03 22:16:58 - [WARNING] - [512280345618546699] [抗幻覺] 事實查核裁定為 IGNORE。已跳過操作。
2025-10-03 22:16:58 - [WARNING] - [512280345618546699] [抗幻覺] 檢測到對不存在實體 '未知實體' 的更新。啟動事實查核...
2025-10-03 22:17:00 - [INFO] - [512280345618546699] [LLM Success] Generation successful using model 'gemini-2.5-flash-lite' with API Key #3.
2025-10-03 22:17:00 - [INFO] - [512280345618546699] [抗幻覺] 事實查核裁定為 MERGE。正在合併到 '維利爾斯莊園 > 莊園周邊 > 俯瞰莊園的廢棄哨塔 > 蛇人女奴'...
2025-10-03 22:17:00 - [INFO] - --- [512280345618546699] (LORE Executor) LORE 扩展計畫执行完毕 ---
2025-10-03 22:17:00 - [INFO] - [512280345618546699] 背景任務：LORE更新執行完畢。摘要: 任務成功 (修正後合併): 已將信息合併到 '維利爾斯莊園 > 莊園周邊 > 俯瞰莊園的廢棄哨塔 > 蛇人女奴'。
2025-10-03 22:17:00 - [INFO] - [512280345618546699] [精煉觸發器] 檢測到 1 條新/陳舊 LORE，正在異步觸發背景精煉服務...
2025-10-03 22:17:00 - [INFO] - [512280345618546699] [事後分析] 背景分析與處理任務完成。
2025-10-03 22:17:03 - [INFO] - [512280345618546699] [LORE精煉 v7.1] 背景精煉服務已啟動，收到 1 個精煉任務。
2025-10-03 22:17:03 - [INFO] - [512280345618546699] [單體精煉 v11.0] 正在為角色 '蛇人女奴' 啟動三層降級精煉流程...
2025-10-03 22:17:03 - [INFO] - [512280345618546699] [實體名稱提取] 正在從查詢 ''蛇人女奴' 的所有身份、頭銜、綽號和狀態是什麼？...' 中分析實體...
2025-10-03 22:17:03 - [INFO] - [512280345618546699] [輸入分析-L1] 正在嘗試使用 LLM 進行語義分析...
2025-10-03 22:17:03 - [INFO] - [512280345618546699] [實體名稱提取] 正在從查詢 '關於 '蛇人女奴' 的背景故事、起源和關鍵經歷的詳細描述。...' 中分析實體...
2025-10-03 22:17:03 - [INFO] - [512280345618546699] [輸入分析-L1] 正在嘗試使用 LLM 進行語義分析...
2025-10-03 22:17:03 - [INFO] - [512280345618546699] [實體名稱提取] 正在從查詢 '對 '蛇人女奴' 外貌的詳細描寫。...' 中分析實體...
2025-10-03 22:17:03 - [INFO] - [512280345618546699] [輸入分析-L1] 正在嘗試使用 LLM 進行語義分析...
2025-10-03 22:17:03 - [INFO] - [512280345618546699] [實體名稱提取] 正在從查詢 ''蛇人女奴' 擁有哪些技能或能力？...' 中分析實體...
2025-10-03 22:17:03 - [INFO] - [512280345618546699] [輸入分析-L1] 正在嘗試使用 LLM 進行語義分析...
2025-10-03 22:17:03 - [INFO] - [512280345618546699] [實體名稱提取] 正在從查詢 ''蛇人女奴' 與其他角色的關係是什麼？...' 中分析實體...
2025-10-03 22:17:03 - [INFO] - [512280345618546699] [輸入分析-L1] 正在嘗試使用 LLM 進行語義分析...
