### AI Lover Log - Last updated at 2025-10-02T00:01:24.230505 ###

2025-10-01 23:18:44 - [INFO] - [512280345618546699] [æ‰¹é‡åˆ†é¡] æ­£åœ¨ä½¿ç”¨å®‰å…¨ä»£ç¢¼åŒ–çš„ä¸Šä¸‹æ–‡é‡è©¦...
2025-10-01 23:18:44 - [ERROR] - [512280345618546699] [æ‰¹é‡åˆ†é¡] ğŸ”¥ å¯©æŸ¥å‚™æ´æœ€çµ‚å¤±æ•—: name 'google_api_exceptions' is not defined
2025-10-01 23:18:44 - [WARNING] - [512280345618546699] [æ‰¹é‡åˆ†é¡] ğŸ”¥ æ‰¹æ¬¡åˆ†é¡æ™‚é­é‡éŒ¯èª¤: NameErrorã€‚å•Ÿå‹•å¯©æŸ¥å‚™æ´...
2025-10-01 23:18:44 - [INFO] - [512280345618546699] [æ‰¹é‡åˆ†é¡] æ­£åœ¨ä½¿ç”¨å®‰å…¨ä»£ç¢¼åŒ–çš„ä¸Šä¸‹æ–‡é‡è©¦...
2025-10-01 23:18:44 - [ERROR] - [512280345618546699] [æ‰¹é‡åˆ†é¡] ğŸ”¥ å¯©æŸ¥å‚™æ´æœ€çµ‚å¤±æ•—: name 'google_api_exceptions' is not defined
2025-10-01 23:18:44 - [INFO] - [512280345618546699] [LORE è§£æ 2/4] âœ… åˆ†é¡å®Œæˆï¼Œç¢ºå®š 0 å€‹æœ‰æ•ˆ LORE å‰µå»ºä»»å‹™ã€‚
2025-10-01 23:18:44 - [INFO] - [512280345618546699] [LORE è§£æ 3/4] æ­£åœ¨å•Ÿå‹•å…©æ­¥å¼é¶å‘ç²¾ç…‰å™¨...
2025-10-01 23:18:44 - [INFO] - [512280345618546699] [LORE è§£æ 4/4] æ­£åœ¨é€²è¡Œæ•¸æ“šåˆä½µ...
2025-10-01 23:18:44 - [INFO] - [512280345618546699] [LORE è§£æ] âœ… çµ‚æ¥µæ‰¹é‡åŸå­å·¥å…·éˆåŸ·è¡Œå®Œç•¢ã€‚
2025-10-01 23:18:44 - [INFO] - [512280345618546699] [å¾Œå°å‰µä¸– 1/3] LORE è§£æç®¡ç·šåŸ·è¡Œå®Œç•¢ã€‚
2025-10-01 23:18:44 - [INFO] - [512280345618546699] [å¾Œå°å‰µä¸– 2/3] æ­£åœ¨å°‡è§£æå‡ºçš„ LORE çµæœæŒä¹…åŒ–åˆ°è³‡æ–™åº«...
2025-10-01 23:18:44 - [INFO] - [512280345618546699] [å¾Œå°å‰µä¸– 2/3] LORE æŒä¹…åŒ–å®Œæˆã€‚
2025-10-01 23:18:44 - [INFO] - [512280345618546699] [å¾Œå°å‰µä¸– 3/3] æ­£åœ¨è£œå®Œè§’è‰²æª”æ¡ˆã€ç”Ÿæˆä¸–ç•Œä¸¦å‰µä½œé–‹å ´ç™½...
2025-10-01 23:18:44 - [ERROR] - [512280345618546699] [/start] ç‚ºè§’è‰² 'DINO' é€²è¡Œå®‰å…¨è£œå®Œæ™‚ç™¼ç”ŸéŒ¯èª¤: name 'google_api_exceptions' is not defined
Traceback (most recent call last):
  File "D:\DINO\SD\ComfyUI\personal_server\ai_lover_service\src\ai_core.py", line 1328, in ainvoke_with_rotation
    generation_config=genai.types.GenerationConfig(**generation_config_params)
TypeError: GenerationConfig.__init__() got an unexpected keyword argument 'tools'

During handling of the above exception, another exception occurred:

Traceback (most recent call last):
  File "D:\DINO\SD\ComfyUI\personal_server\ai_lover_service\src\ai_core.py", line 2442, in _safe_complete_profile
    completed_safe_profile = await self.ainvoke_with_rotation(
  File "D:\DINO\SD\ComfyUI\personal_server\ai_lover_service\src\ai_core.py", line 1370, in ainvoke_with_rotation
    except (OutputParserException, ValidationError, google_api_exceptions.InternalServerError, asyncio.TimeoutError, GoogleGenerativeAIError) as e:
NameError: name 'google_api_exceptions' is not defined
2025-10-01 23:18:44 - [ERROR] - [512280345618546699] [/start] ç‚ºè§’è‰² 'ç¢§' é€²è¡Œå®‰å…¨è£œå®Œæ™‚ç™¼ç”ŸéŒ¯èª¤: name 'google_api_exceptions' is not defined
Traceback (most recent call last):
  File "D:\DINO\SD\ComfyUI\personal_server\ai_lover_service\src\ai_core.py", line 1328, in ainvoke_with_rotation
    generation_config=genai.types.GenerationConfig(**generation_config_params)
TypeError: GenerationConfig.__init__() got an unexpected keyword argument 'tools'

During handling of the above exception, another exception occurred:

Traceback (most recent call last):
  File "D:\DINO\SD\ComfyUI\personal_server\ai_lover_service\src\ai_core.py", line 2442, in _safe_complete_profile
    completed_safe_profile = await self.ainvoke_with_rotation(
  File "D:\DINO\SD\ComfyUI\personal_server\ai_lover_service\src\ai_core.py", line 1370, in ainvoke_with_rotation
    except (OutputParserException, ValidationError, google_api_exceptions.InternalServerError, asyncio.TimeoutError, GoogleGenerativeAIError) as e:
NameError: name 'google_api_exceptions' is not defined
2025-10-01 23:18:44 - [INFO] - [512280345618546699] æ¥æ”¶åˆ° profile æ›´æ–°è«‹æ±‚: ['user_profile', 'ai_profile']
2025-10-01 23:18:44 - [INFO] - [512280345618546699] Profile æ›´æ–°ä¸¦æŒä¹…åŒ–æˆåŠŸã€‚
2025-10-01 23:18:44 - [ERROR] - [512280345618546699] å¾Œå°å‰µä¸–æµç¨‹ç™¼ç”Ÿåš´é‡éŒ¯èª¤: name 'google_api_exceptions' is not defined
Traceback (most recent call last):
  File "D:\DINO\SD\ComfyUI\personal_server\ai_lover_service\src\ai_core.py", line 1328, in ainvoke_with_rotation
    generation_config=genai.types.GenerationConfig(**generation_config_params)
TypeError: GenerationConfig.__init__() got an unexpected keyword argument 'tools'

During handling of the above exception, another exception occurred:

Traceback (most recent call last):
  File "D:\DINO\SD\ComfyUI\personal_server\ai_lover_service\src\discord_bot.py", line 1165, in _perform_full_setup_flow
    await ai_instance.generate_world_genesis(canon_text=canon_text)
  File "D:\DINO\SD\ComfyUI\personal_server\ai_lover_service\src\ai_core.py", line 2508, in generate_world_genesis
    genesis_result = await self.ainvoke_with_rotation(
  File "D:\DINO\SD\ComfyUI\personal_server\ai_lover_service\src\ai_core.py", line 1370, in ainvoke_with_rotation
    except (OutputParserException, ValidationError, google_api_exceptions.InternalServerError, asyncio.TimeoutError, GoogleGenerativeAIError) as e:
NameError: name 'google_api_exceptions' is not defined
2025-10-01 23:18:44 - [INFO] - [512280345618546699] å¾Œå°å‰µä¸–æµç¨‹çµæŸï¼Œç‹€æ…‹é–å·²é‡‹æ”¾ã€‚
2025-10-01 23:22:33 - [INFO] - æ‰€æœ‰æŒä¹…åŒ– UI è¦–åœ–å·²æˆåŠŸè¨»å†Šã€‚
2025-10-01 23:22:33 - [INFO] - æ­£åœ¨å˜—è©¦å°‡æ‡‰ç”¨ç¨‹å¼æŒ‡ä»¤ (Slash Commands) å…¨åŸŸåŒæ­¥åˆ° Discord...
2025-10-01 23:22:34 - [INFO] - âœ… æ‡‰ç”¨ç¨‹å¼æŒ‡ä»¤å…¨åŸŸåŒæ­¥æˆåŠŸï¼(æ³¨æ„ï¼šå…¨åŸŸæŒ‡ä»¤æ›´æ–°å¯èƒ½éœ€è¦é•·é”ä¸€å°æ™‚æ‰èƒ½åœ¨æ‰€æœ‰ä¼ºæœå™¨ç”Ÿæ•ˆ)
2025-10-01 23:22:34 - [INFO] - Discord Bot is ready!
2025-10-01 23:22:36 - [INFO] - ã€å¥åº·æª¢æŸ¥ & Keep-Aliveã€‘èƒŒæ™¯ä»»å‹™å·²å•Ÿå‹•ã€‚
2025-10-01 23:22:36 - [INFO] - Logged in as AI#4450 (ID: 1358417100250808531)
2025-10-01 23:22:37 - [INFO] - å·²æˆåŠŸç™¼é€å•Ÿå‹•æˆåŠŸé€šçŸ¥çµ¦ç®¡ç†å“¡ã€‚
2025-10-01 23:23:25 - [INFO] - [512280345618546699] å¾Œå°é‡ç½®ä»»å‹™é–‹å§‹...
2025-10-01 23:23:25 - [INFO] - [512280345618546699] æœªæª¢æ¸¬åˆ°æ´»èºçš„ AI å¯¦ä¾‹ï¼Œç›´æ¥é€²è¡Œæ¸…ç†ã€‚
2025-10-01 23:23:25 - [INFO] - [512280345618546699] æ­£åœ¨æ¸…é™¤æ‰€æœ‰è³‡æ–™åº«è¨˜éŒ„...
2025-10-01 23:23:27 - [INFO] - [512280345618546699] æ‰€æœ‰è³‡æ–™åº«è¨˜éŒ„å·²æˆåŠŸæ¸…é™¤ã€‚
2025-10-01 23:23:27 - [INFO] - [512280345618546699] (Robust Delete) æ­£åœ¨å•Ÿå‹•å°ç›®éŒ„ data\vector_stores\512280345618546699 çš„å¥å£¯åˆªé™¤æµç¨‹...
2025-10-01 23:23:27 - [INFO] - [512280345618546699] (Robust Delete) âœ… åœ¨ç¬¬ 1 æ¬¡å˜—è©¦ä¸­æˆåŠŸåˆªé™¤ç›®éŒ„: data\vector_stores\512280345618546699
2025-10-01 23:23:29 - [INFO] - [512280345618546699] (UI Event) Persistent 'StartSetupView' button clicked.
2025-10-01 23:23:33 - [INFO] - [512280345618546699] (UI Event) WorldSettingsModal submitted. is_setup_flow: True
2025-10-01 23:23:33 - [INFO] - ä½¿ç”¨è€… 512280345618546699 æ²’æœ‰æ´»èºçš„ AI å¯¦ä¾‹ï¼Œå˜—è©¦å‰µå»º...
2025-10-01 23:23:33 - [INFO] - [512280345618546699] è™•æ–¼è¨­å®šæµç¨‹ä¸­ï¼Œå³ä½¿è³‡æ–™åº«ç„¡è¨˜éŒ„ï¼Œä¹Ÿå‰µå»ºä¸€å€‹è‡¨æ™‚çš„è¨˜æ†¶é«”å¯¦ä¾‹ã€‚
2025-10-01 23:23:33 - [INFO] - [512280345618546699] æ ¸å¿ƒæ•¸æ“šæ¨¡æ¿ 'world_snapshot_template.txt' å·²æˆåŠŸåŠ è¼‰ã€‚
2025-10-01 23:23:33 - [INFO] - [512280345618546699] æ ¸å¿ƒå”è­° '00_supreme_directive.txt' å·²æˆåŠŸåŠ è¼‰ã€‚
2025-10-01 23:23:33 - [INFO] - [512280345618546699] æ­£åœ¨å‰µå»ºæœ¬åœ° Embedding æ¨¡å‹ 'infgrad/stella-base-zh-v2' å¯¦ä¾‹...
2025-10-01 23:23:37 - [INFO] - [512280345618546699] âœ… æœ¬åœ° Embedding æ¨¡å‹å¯¦ä¾‹å‰µå»ºæˆåŠŸã€‚
2025-10-01 23:23:37 - [INFO] - [512280345618546699] æ‰€æœ‰è¼•é‡ç´šå‰ç½®è³‡æºå·²æº–å‚™å°±ç·’ (RAG å‰µå»ºå·²å»¶é²)ã€‚
2025-10-01 23:23:37 - [INFO] - [512280345618546699] æ¥æ”¶åˆ° profile æ›´æ–°è«‹æ±‚: ['world_settings']
2025-10-01 23:23:37 - [WARNING] - [512280345618546699] åœ¨æŒä¹…åŒ–æ›´æ–°æ™‚æ‰¾ä¸åˆ°ä½¿ç”¨è€…è³‡æ–™ï¼Œå°‡å‰µå»ºæ–°è¨˜éŒ„ã€‚
2025-10-01 23:23:37 - [INFO] - [512280345618546699] Profile æ›´æ–°ä¸¦æŒä¹…åŒ–æˆåŠŸã€‚
2025-10-01 23:23:41 - [INFO] - [512280345618546699] (UI Event) Persistent 'ContinueToUserSetupView' button clicked.
2025-10-01 23:25:11 - [INFO] - [512280345618546699] (UI Event) CharacterSettingsModal submitted for profile_type: 'user', is_setup_flow: True
2025-10-01 23:25:11 - [INFO] - [512280345618546699] æ¥æ”¶åˆ° profile æ›´æ–°è«‹æ±‚: ['user_profile']
2025-10-01 23:25:13 - [INFO] - [512280345618546699] Profile æ›´æ–°ä¸¦æŒä¹…åŒ–æˆåŠŸã€‚
2025-10-01 23:25:14 - [INFO] - [512280345618546699] (UI Event) Persistent 'ContinueToAiSetupView' button clicked.
2025-10-01 23:25:24 - [INFO] - [512280345618546699] (UI Event) CharacterSettingsModal submitted for profile_type: 'ai', is_setup_flow: True
2025-10-01 23:25:24 - [INFO] - [512280345618546699] æ¥æ”¶åˆ° profile æ›´æ–°è«‹æ±‚: ['ai_profile']
2025-10-01 23:25:24 - [INFO] - [512280345618546699] Profile æ›´æ–°ä¸¦æŒä¹…åŒ–æˆåŠŸã€‚
2025-10-01 23:25:26 - [INFO] - [512280345618546699] [å‰µä¸–æµç¨‹] æª”æ¡ˆä¸Šå‚³é–‹å§‹ï¼Œå·²è¨­å®š active_setups ç‹€æ…‹é–ã€‚
2025-10-01 23:25:31 - [INFO] - [512280345618546699] (on_message) åµæ¸¬åˆ°ç”¨æˆ¶è™•æ–¼æ´»èºçš„å‰µä¸–æµç¨‹ä¸­ï¼Œå·²å¿½ç•¥å¸¸è¦è¨Šæ¯ '...' ä»¥é˜²æ­¢ç«¶çˆ­ã€‚
2025-10-01 23:25:34 - [INFO] - [512280345618546699] ç¨ç«‹çš„å¾Œå°å‰µä¸–æµç¨‹å·²ç‚ºç”¨æˆ¶å•Ÿå‹•ã€‚
2025-10-01 23:25:34 - [INFO] - [512280345618546699] [å¾Œå°å‰µä¸– 1/3] æ­£åœ¨å•Ÿå‹•çµ‚æ¥µ LORE è§£æç®¡ç·š...
2025-10-01 23:25:34 - [INFO] - [512280345618546699] [LORE è§£æ 1/4] æ­£åœ¨ä½¿ç”¨æ··åˆ NLP åœ¨æœ¬åœ°å¿«é€Ÿæå–å¯¦é«”éª¨æ¶...
2025-10-01 23:25:37 - [INFO] - [512280345618546699] [LORE è§£æ 1/4] âœ… æœ¬åœ° NLP æˆåŠŸæå– 776 å€‹å€™é¸å¯¦é«”ã€‚
2025-10-01 23:25:37 - [INFO] - [512280345618546699] [LORE è§£æ 2/4] æ­£åœ¨å° 776 å€‹å¯¦é«”å•Ÿå‹•æ‰¹é‡ä¸¦è¡Œåˆ†é¡...
2025-10-01 23:25:40 - [ERROR] - ç™¼ç”ŸæœªçŸ¥éŒ¯èª¤: whichOneof
Traceback (most recent call last):
  File "D:\DINO\SD\ComfyUI\personal_server\ai_lover_service\src\ai_core.py", line 1345, in ainvoke_with_rotation
    raise OutputParserException(f"Model returned text but a structured output was expected. Text: {response.text[:100]}...")
  File "C:\Users\USER\AppData\Local\Programs\Python\Python310\lib\site-packages\google\generativeai\types\generation_types.py", line 465, in text
    part_type = protos.Part.pb(part).whichOneof("data")
AttributeError: whichOneof. Did you mean: 'WhichOneof'?
2025-10-01 23:25:41 - [ERROR] - ç™¼ç”ŸæœªçŸ¥éŒ¯èª¤: whichOneof
Traceback (most recent call last):
  File "D:\DINO\SD\ComfyUI\personal_server\ai_lover_service\src\ai_core.py", line 1345, in ainvoke_with_rotation
    raise OutputParserException(f"Model returned text but a structured output was expected. Text: {response.text[:100]}...")
  File "C:\Users\USER\AppData\Local\Programs\Python\Python310\lib\site-packages\google\generativeai\types\generation_types.py", line 465, in text
    part_type = protos.Part.pb(part).whichOneof("data")
AttributeError: whichOneof. Did you mean: 'WhichOneof'?
2025-10-01 23:25:41 - [ERROR] - ç™¼ç”ŸæœªçŸ¥éŒ¯èª¤: whichOneof
Traceback (most recent call last):
  File "D:\DINO\SD\ComfyUI\personal_server\ai_lover_service\src\ai_core.py", line 1345, in ainvoke_with_rotation
    raise OutputParserException(f"Model returned text but a structured output was expected. Text: {response.text[:100]}...")
  File "C:\Users\USER\AppData\Local\Programs\Python\Python310\lib\site-packages\google\generativeai\types\generation_types.py", line 465, in text
    part_type = protos.Part.pb(part).whichOneof("data")
AttributeError: whichOneof. Did you mean: 'WhichOneof'?
2025-10-01 23:25:46 - [ERROR] - ç™¼ç”ŸæœªçŸ¥éŒ¯èª¤: whichOneof
Traceback (most recent call last):
  File "D:\DINO\SD\ComfyUI\personal_server\ai_lover_service\src\ai_core.py", line 1345, in ainvoke_with_rotation
    raise OutputParserException(f"Model returned text but a structured output was expected. Text: {response.text[:100]}...")
  File "C:\Users\USER\AppData\Local\Programs\Python\Python310\lib\site-packages\google\generativeai\types\generation_types.py", line 465, in text
    part_type = protos.Part.pb(part).whichOneof("data")
AttributeError: whichOneof. Did you mean: 'WhichOneof'?
2025-10-01 23:25:46 - [ERROR] - ç™¼ç”ŸæœªçŸ¥éŒ¯èª¤: whichOneof
Traceback (most recent call last):
  File "D:\DINO\SD\ComfyUI\personal_server\ai_lover_service\src\ai_core.py", line 1345, in ainvoke_with_rotation
    raise OutputParserException(f"Model returned text but a structured output was expected. Text: {response.text[:100]}...")
  File "C:\Users\USER\AppData\Local\Programs\Python\Python310\lib\site-packages\google\generativeai\types\generation_types.py", line 465, in text
    part_type = protos.Part.pb(part).whichOneof("data")
AttributeError: whichOneof. Did you mean: 'WhichOneof'?
2025-10-01 23:25:47 - [INFO] - [512280345618546699] å¾Œå°å‰µä¸–æµç¨‹çµæŸï¼Œç‹€æ…‹é–å·²é‡‹æ”¾ã€‚
2025-10-01 23:40:21 - [INFO] - æ‰€æœ‰æŒä¹…åŒ– UI è¦–åœ–å·²æˆåŠŸè¨»å†Šã€‚
2025-10-01 23:40:21 - [INFO] - æ­£åœ¨å˜—è©¦å°‡æ‡‰ç”¨ç¨‹å¼æŒ‡ä»¤ (Slash Commands) å…¨åŸŸåŒæ­¥åˆ° Discord...
2025-10-01 23:40:22 - [INFO] - âœ… æ‡‰ç”¨ç¨‹å¼æŒ‡ä»¤å…¨åŸŸåŒæ­¥æˆåŠŸï¼(æ³¨æ„ï¼šå…¨åŸŸæŒ‡ä»¤æ›´æ–°å¯èƒ½éœ€è¦é•·é”ä¸€å°æ™‚æ‰èƒ½åœ¨æ‰€æœ‰ä¼ºæœå™¨ç”Ÿæ•ˆ)
2025-10-01 23:40:22 - [INFO] - Discord Bot is ready!
2025-10-01 23:40:24 - [INFO] - ã€å¥åº·æª¢æŸ¥ & Keep-Aliveã€‘èƒŒæ™¯ä»»å‹™å·²å•Ÿå‹•ã€‚
2025-10-01 23:40:24 - [INFO] - Logged in as AI#4450 (ID: 1358417100250808531)
2025-10-01 23:40:25 - [INFO] - å·²æˆåŠŸç™¼é€å•Ÿå‹•æˆåŠŸé€šçŸ¥çµ¦ç®¡ç†å“¡ã€‚
2025-10-01 23:40:38 - [INFO] - [512280345618546699] å¾Œå°é‡ç½®ä»»å‹™é–‹å§‹...
2025-10-01 23:40:38 - [INFO] - [512280345618546699] æœªæª¢æ¸¬åˆ°æ´»èºçš„ AI å¯¦ä¾‹ï¼Œç›´æ¥é€²è¡Œæ¸…ç†ã€‚
2025-10-01 23:40:38 - [INFO] - [512280345618546699] æ­£åœ¨æ¸…é™¤æ‰€æœ‰è³‡æ–™åº«è¨˜éŒ„...
2025-10-01 23:40:39 - [INFO] - [512280345618546699] æ‰€æœ‰è³‡æ–™åº«è¨˜éŒ„å·²æˆåŠŸæ¸…é™¤ã€‚
2025-10-01 23:40:39 - [INFO] - [512280345618546699] (Robust Delete) æ­£åœ¨å•Ÿå‹•å°ç›®éŒ„ data\vector_stores\512280345618546699 çš„å¥å£¯åˆªé™¤æµç¨‹...
2025-10-01 23:40:39 - [INFO] - [512280345618546699] (Robust Delete) âœ… åœ¨ç¬¬ 1 æ¬¡å˜—è©¦ä¸­æˆåŠŸåˆªé™¤ç›®éŒ„: data\vector_stores\512280345618546699
2025-10-01 23:40:48 - [INFO] - [512280345618546699] (UI Event) Persistent 'StartSetupView' button clicked.
2025-10-01 23:40:52 - [INFO] - [512280345618546699] (UI Event) WorldSettingsModal submitted. is_setup_flow: True
2025-10-01 23:40:53 - [INFO] - ä½¿ç”¨è€… 512280345618546699 æ²’æœ‰æ´»èºçš„ AI å¯¦ä¾‹ï¼Œå˜—è©¦å‰µå»º...
2025-10-01 23:40:53 - [INFO] - [512280345618546699] è™•æ–¼è¨­å®šæµç¨‹ä¸­ï¼Œå³ä½¿è³‡æ–™åº«ç„¡è¨˜éŒ„ï¼Œä¹Ÿå‰µå»ºä¸€å€‹è‡¨æ™‚çš„è¨˜æ†¶é«”å¯¦ä¾‹ã€‚
2025-10-01 23:40:53 - [INFO] - [512280345618546699] æ ¸å¿ƒæ•¸æ“šæ¨¡æ¿ 'world_snapshot_template.txt' å·²æˆåŠŸåŠ è¼‰ã€‚
2025-10-01 23:40:53 - [INFO] - [512280345618546699] æ ¸å¿ƒå”è­° '00_supreme_directive.txt' å·²æˆåŠŸåŠ è¼‰ã€‚
2025-10-01 23:40:53 - [INFO] - [512280345618546699] æ­£åœ¨å‰µå»ºæœ¬åœ° Embedding æ¨¡å‹ 'infgrad/stella-base-zh-v2' å¯¦ä¾‹...
2025-10-01 23:41:25 - [ERROR] - [512280345618546699] ğŸ”¥ å‰µå»ºæœ¬åœ° Embedding æ¨¡å‹å¯¦ä¾‹æ™‚ç™¼ç”Ÿè‡´å‘½éŒ¯èª¤: HTTPSConnectionPool(host='hf-mirror.com', port=443): Max retries exceeded with url: /infgrad/stella-base-zh-v2/resolve/main/model.safetensors (Caused by ConnectTimeoutError(<urllib3.connection.HTTPSConnection object at 0x00000250348A2620>, 'Connection to hf-mirror.com timed out. (connect timeout=10)'))
Traceback (most recent call last):
  File "C:\Users\USER\AppData\Local\Programs\Python\Python310\lib\site-packages\urllib3\connection.py", line 198, in _new_conn
    sock = connection.create_connection(
  File "C:\Users\USER\AppData\Local\Programs\Python\Python310\lib\site-packages\urllib3\util\connection.py", line 85, in create_connection
    raise err
  File "C:\Users\USER\AppData\Local\Programs\Python\Python310\lib\site-packages\urllib3\util\connection.py", line 73, in create_connection
    sock.connect(sa)
TimeoutError: timed out

The above exception was the direct cause of the following exception:

Traceback (most recent call last):
  File "C:\Users\USER\AppData\Local\Programs\Python\Python310\lib\site-packages\urllib3\connectionpool.py", line 787, in urlopen
    response = self._make_request(
  File "C:\Users\USER\AppData\Local\Programs\Python\Python310\lib\site-packages\urllib3\connectionpool.py", line 488, in _make_request
    raise new_e
  File "C:\Users\USER\AppData\Local\Programs\Python\Python310\lib\site-packages\urllib3\connectionpool.py", line 464, in _make_request
    self._validate_conn(conn)
  File "C:\Users\USER\AppData\Local\Programs\Python\Python310\lib\site-packages\urllib3\connectionpool.py", line 1093, in _validate_conn
    conn.connect()
  File "C:\Users\USER\AppData\Local\Programs\Python\Python310\lib\site-packages\urllib3\connection.py", line 753, in connect
    self.sock = sock = self._new_conn()
  File "C:\Users\USER\AppData\Local\Programs\Python\Python310\lib\site-packages\urllib3\connection.py", line 207, in _new_conn
    raise ConnectTimeoutError(
urllib3.exceptions.ConnectTimeoutError: (<urllib3.connection.HTTPSConnection object at 0x00000250348A2620>, 'Connection to hf-mirror.com timed out. (connect timeout=10)')

The above exception was the direct cause of the following exception:

Traceback (most recent call last):
  File "C:\Users\USER\AppData\Local\Programs\Python\Python310\lib\site-packages\requests\adapters.py", line 667, in send
    resp = conn.urlopen(
  File "C:\Users\USER\AppData\Local\Programs\Python\Python310\lib\site-packages\urllib3\connectionpool.py", line 841, in urlopen
    retries = retries.increment(
  File "C:\Users\USER\AppData\Local\Programs\Python\Python310\lib\site-packages\urllib3\util\retry.py", line 519, in increment
    raise MaxRetryError(_pool, url, reason) from reason  # type: ignore[arg-type]
urllib3.exceptions.MaxRetryError: HTTPSConnectionPool(host='hf-mirror.com', port=443): Max retries exceeded with url: /infgrad/stella-base-zh-v2/resolve/main/model.safetensors (Caused by ConnectTimeoutError(<urllib3.connection.HTTPSConnection object at 0x00000250348A2620>, 'Connection to hf-mirror.com timed out. (connect timeout=10)'))

During handling of the above exception, another exception occurred:

Traceback (most recent call last):
  File "D:\DINO\SD\ComfyUI\personal_server\ai_lover_service\src\ai_core.py", line 4169, in _create_embeddings_instance
    embeddings = HuggingFaceEmbeddings(
  File "C:\Users\USER\AppData\Local\Programs\Python\Python310\lib\site-packages\langchain_core\_api\deprecation.py", line 215, in warn_if_direct_instance
    return wrapped(self, *args, **kwargs)
  File "C:\Users\USER\AppData\Local\Programs\Python\Python310\lib\site-packages\langchain_community\embeddings\huggingface.py", line 79, in __init__
    self.client = sentence_transformers.SentenceTransformer(
  File "C:\Users\USER\AppData\Local\Programs\Python\Python310\lib\site-packages\sentence_transformers\SentenceTransformer.py", line 205, in __init__
    modules = self._load_auto_model(
  File "C:\Users\USER\AppData\Local\Programs\Python\Python310\lib\site-packages\sentence_transformers\SentenceTransformer.py", line 1197, in _load_auto_model
    transformer_model = Transformer(
  File "C:\Users\USER\AppData\Local\Programs\Python\Python310\lib\site-packages\sentence_transformers\models\Transformer.py", line 36, in __init__
    self._load_model(model_name_or_path, config, cache_dir, **model_args)
  File "C:\Users\USER\AppData\Local\Programs\Python\Python310\lib\site-packages\sentence_transformers\models\Transformer.py", line 65, in _load_model
    self.auto_model = AutoModel.from_pretrained(
  File "C:\Users\USER\AppData\Local\Programs\Python\Python310\lib\site-packages\transformers\models\auto\auto_factory.py", line 563, in from_pretrained
    return model_class.from_pretrained(
  File "C:\Users\USER\AppData\Local\Programs\Python\Python310\lib\site-packages\transformers\modeling_utils.py", line 3415, in from_pretrained
    if not has_file(pretrained_model_name_or_path, safe_weights_name, **has_file_kwargs):
  File "C:\Users\USER\AppData\Local\Programs\Python\Python310\lib\site-packages\transformers\utils\hub.py", line 629, in has_file
    r = requests.head(url, headers=headers, allow_redirects=False, proxies=proxies, timeout=10)
  File "C:\Users\USER\AppData\Local\Programs\Python\Python310\lib\site-packages\requests\api.py", line 100, in head
    return request("head", url, **kwargs)
  File "C:\Users\USER\AppData\Local\Programs\Python\Python310\lib\site-packages\requests\api.py", line 59, in request
    return session.request(method=method, url=url, **kwargs)
  File "C:\Users\USER\AppData\Local\Programs\Python\Python310\lib\site-packages\requests\sessions.py", line 589, in request
    resp = self.send(prep, **send_kwargs)
  File "C:\Users\USER\AppData\Local\Programs\Python\Python310\lib\site-packages\requests\sessions.py", line 703, in send
    r = adapter.send(request, **kwargs)
  File "C:\Users\USER\AppData\Local\Programs\Python\Python310\lib\site-packages\requests\adapters.py", line 688, in send
    raise ConnectTimeout(e, request=request)
requests.exceptions.ConnectTimeout: HTTPSConnectionPool(host='hf-mirror.com', port=443): Max retries exceeded with url: /infgrad/stella-base-zh-v2/resolve/main/model.safetensors (Caused by ConnectTimeoutError(<urllib3.connection.HTTPSConnection object at 0x00000250348A2620>, 'Connection to hf-mirror.com timed out. (connect timeout=10)'))
2025-10-01 23:41:25 - [ERROR] -    -> è«‹ç¢ºä¿ `torch`, `transformers` å’Œ `sentence-transformers` å·²æ­£ç¢ºå®‰è£ã€‚
2025-10-01 23:41:25 - [INFO] - [512280345618546699] æ‰€æœ‰è¼•é‡ç´šå‰ç½®è³‡æºå·²æº–å‚™å°±ç·’ (RAG å‰µå»ºå·²å»¶é²)ã€‚
2025-10-01 23:41:25 - [INFO] - [512280345618546699] æ¥æ”¶åˆ° profile æ›´æ–°è«‹æ±‚: ['world_settings']
2025-10-01 23:41:25 - [WARNING] - [512280345618546699] åœ¨æŒä¹…åŒ–æ›´æ–°æ™‚æ‰¾ä¸åˆ°ä½¿ç”¨è€…è³‡æ–™ï¼Œå°‡å‰µå»ºæ–°è¨˜éŒ„ã€‚
2025-10-01 23:41:25 - [INFO] - [512280345618546699] Profile æ›´æ–°ä¸¦æŒä¹…åŒ–æˆåŠŸã€‚
2025-10-01 23:51:09 - [INFO] - æ‰€æœ‰æŒä¹…åŒ– UI è¦–åœ–å·²æˆåŠŸè¨»å†Šã€‚
2025-10-01 23:51:09 - [INFO] - æ­£åœ¨å˜—è©¦å°‡æ‡‰ç”¨ç¨‹å¼æŒ‡ä»¤ (Slash Commands) å…¨åŸŸåŒæ­¥åˆ° Discord...
2025-10-01 23:51:10 - [INFO] - âœ… æ‡‰ç”¨ç¨‹å¼æŒ‡ä»¤å…¨åŸŸåŒæ­¥æˆåŠŸï¼(æ³¨æ„ï¼šå…¨åŸŸæŒ‡ä»¤æ›´æ–°å¯èƒ½éœ€è¦é•·é”ä¸€å°æ™‚æ‰èƒ½åœ¨æ‰€æœ‰ä¼ºæœå™¨ç”Ÿæ•ˆ)
2025-10-01 23:51:10 - [INFO] - Discord Bot is ready!
2025-10-01 23:51:12 - [INFO] - ã€å¥åº·æª¢æŸ¥ & Keep-Aliveã€‘èƒŒæ™¯ä»»å‹™å·²å•Ÿå‹•ã€‚
2025-10-01 23:51:12 - [INFO] - Logged in as AI#4450 (ID: 1358417100250808531)
2025-10-01 23:51:13 - [INFO] - å·²æˆåŠŸç™¼é€å•Ÿå‹•æˆåŠŸé€šçŸ¥çµ¦ç®¡ç†å“¡ã€‚
2025-10-01 23:51:21 - [INFO] - [512280345618546699] å¾Œå°é‡ç½®ä»»å‹™é–‹å§‹...
2025-10-01 23:51:21 - [INFO] - [512280345618546699] æœªæª¢æ¸¬åˆ°æ´»èºçš„ AI å¯¦ä¾‹ï¼Œç›´æ¥é€²è¡Œæ¸…ç†ã€‚
2025-10-01 23:51:21 - [INFO] - [512280345618546699] æ­£åœ¨æ¸…é™¤æ‰€æœ‰è³‡æ–™åº«è¨˜éŒ„...
2025-10-01 23:51:21 - [INFO] - [512280345618546699] æ‰€æœ‰è³‡æ–™åº«è¨˜éŒ„å·²æˆåŠŸæ¸…é™¤ã€‚
2025-10-01 23:51:21 - [INFO] - [512280345618546699] (Robust Delete) æ­£åœ¨å•Ÿå‹•å°ç›®éŒ„ data\vector_stores\512280345618546699 çš„å¥å£¯åˆªé™¤æµç¨‹...
2025-10-01 23:51:21 - [INFO] - [512280345618546699] (Robust Delete) âœ… åœ¨ç¬¬ 1 æ¬¡å˜—è©¦ä¸­æˆåŠŸåˆªé™¤ç›®éŒ„: data\vector_stores\512280345618546699
2025-10-01 23:51:24 - [INFO] - [512280345618546699] (UI Event) Persistent 'StartSetupView' button clicked.
2025-10-01 23:52:02 - [INFO] - [512280345618546699] (UI Event) WorldSettingsModal submitted. is_setup_flow: True
2025-10-01 23:52:02 - [INFO] - ä½¿ç”¨è€… 512280345618546699 æ²’æœ‰æ´»èºçš„ AI å¯¦ä¾‹ï¼Œå˜—è©¦å‰µå»º...
2025-10-01 23:52:02 - [INFO] - [512280345618546699] è™•æ–¼è¨­å®šæµç¨‹ä¸­ï¼Œå³ä½¿è³‡æ–™åº«ç„¡è¨˜éŒ„ï¼Œä¹Ÿå‰µå»ºä¸€å€‹è‡¨æ™‚çš„è¨˜æ†¶é«”å¯¦ä¾‹ã€‚
2025-10-01 23:52:02 - [INFO] - [512280345618546699] æ ¸å¿ƒæ•¸æ“šæ¨¡æ¿ 'world_snapshot_template.txt' å·²æˆåŠŸåŠ è¼‰ã€‚
2025-10-01 23:52:02 - [INFO] - [512280345618546699] æ ¸å¿ƒå”è­° '00_supreme_directive.txt' å·²æˆåŠŸåŠ è¼‰ã€‚
2025-10-01 23:52:02 - [INFO] - [512280345618546699] æ­£åœ¨å¾æœ¬åœ°è·¯å¾‘ 'D:\DINO\SD\ComfyUI\personal_server\ai_lover_service\models\stella-base-zh-v2' å‰µå»º Embedding æ¨¡å‹å¯¦ä¾‹...
2025-10-01 23:52:04 - [INFO] - [512280345618546699] âœ… æœ¬åœ° Embedding æ¨¡å‹å¯¦ä¾‹å‰µå»ºæˆåŠŸã€‚
2025-10-01 23:52:04 - [INFO] - [512280345618546699] æ‰€æœ‰è¼•é‡ç´šå‰ç½®è³‡æºå·²æº–å‚™å°±ç·’ (RAG å‰µå»ºå·²å»¶é²)ã€‚
2025-10-01 23:52:04 - [INFO] - [512280345618546699] æ¥æ”¶åˆ° profile æ›´æ–°è«‹æ±‚: ['world_settings']
2025-10-01 23:52:04 - [WARNING] - [512280345618546699] åœ¨æŒä¹…åŒ–æ›´æ–°æ™‚æ‰¾ä¸åˆ°ä½¿ç”¨è€…è³‡æ–™ï¼Œå°‡å‰µå»ºæ–°è¨˜éŒ„ã€‚
2025-10-01 23:52:04 - [INFO] - [512280345618546699] Profile æ›´æ–°ä¸¦æŒä¹…åŒ–æˆåŠŸã€‚
2025-10-01 23:52:10 - [INFO] - [512280345618546699] (UI Event) Persistent 'ContinueToUserSetupView' button clicked.
2025-10-01 23:52:18 - [INFO] - [512280345618546699] (UI Event) CharacterSettingsModal submitted for profile_type: 'user', is_setup_flow: True
2025-10-01 23:52:19 - [INFO] - [512280345618546699] æ¥æ”¶åˆ° profile æ›´æ–°è«‹æ±‚: ['user_profile']
2025-10-01 23:52:19 - [INFO] - [512280345618546699] Profile æ›´æ–°ä¸¦æŒä¹…åŒ–æˆåŠŸã€‚
2025-10-01 23:52:56 - [INFO] - [512280345618546699] (UI Event) Persistent 'ContinueToAiSetupView' button clicked.
2025-10-01 23:53:09 - [INFO] - [512280345618546699] (UI Event) CharacterSettingsModal submitted for profile_type: 'ai', is_setup_flow: True
2025-10-01 23:53:09 - [INFO] - [512280345618546699] æ¥æ”¶åˆ° profile æ›´æ–°è«‹æ±‚: ['ai_profile']
2025-10-01 23:53:09 - [INFO] - [512280345618546699] Profile æ›´æ–°ä¸¦æŒä¹…åŒ–æˆåŠŸã€‚
2025-10-01 23:53:10 - [INFO] - [512280345618546699] [å‰µä¸–æµç¨‹] æª”æ¡ˆä¸Šå‚³é–‹å§‹ï¼Œå·²è¨­å®š active_setups ç‹€æ…‹é–ã€‚
2025-10-01 23:53:18 - [INFO] - [512280345618546699] (on_message) åµæ¸¬åˆ°ç”¨æˆ¶è™•æ–¼æ´»èºçš„å‰µä¸–æµç¨‹ä¸­ï¼Œå·²å¿½ç•¥å¸¸è¦è¨Šæ¯ '...' ä»¥é˜²æ­¢ç«¶çˆ­ã€‚
2025-10-01 23:53:21 - [INFO] - [512280345618546699] ç¨ç«‹çš„å¾Œå°å‰µä¸–æµç¨‹å·²ç‚ºç”¨æˆ¶å•Ÿå‹•ã€‚
2025-10-01 23:53:21 - [INFO] - [512280345618546699] [å¾Œå°å‰µä¸– 1/3] æ­£åœ¨å•Ÿå‹•çµ‚æ¥µ LORE è§£æç®¡ç·š...
2025-10-01 23:53:21 - [INFO] - [512280345618546699] [LORE è§£æ 1/4] æ­£åœ¨ä½¿ç”¨æ··åˆ NLP åœ¨æœ¬åœ°å¿«é€Ÿæå–å¯¦é«”éª¨æ¶...
2025-10-01 23:53:23 - [INFO] - [512280345618546699] [LORE è§£æ 1/4] âœ… æœ¬åœ° NLP æˆåŠŸæå– 785 å€‹å€™é¸å¯¦é«”ã€‚
2025-10-01 23:53:23 - [INFO] - [512280345618546699] [LORE è§£æ 2/4] æ­£åœ¨å° 785 å€‹å¯¦é«”å•Ÿå‹•æ‰¹é‡ä¸¦è¡Œåˆ†é¡...
2025-10-01 23:53:27 - [WARNING] - é­é‡è‡¨æ™‚éŒ¯èª¤ (OutputParserException)ã€‚å°‡åœ¨ 1.49 ç§’å¾Œé€²è¡Œç¬¬ 2 æ¬¡å˜—è©¦...
2025-10-01 23:53:28 - [WARNING] - é­é‡è‡¨æ™‚éŒ¯èª¤ (OutputParserException)ã€‚å°‡åœ¨ 1.12 ç§’å¾Œé€²è¡Œç¬¬ 2 æ¬¡å˜—è©¦...
2025-10-01 23:53:28 - [WARNING] - é­é‡è‡¨æ™‚éŒ¯èª¤ (OutputParserException)ã€‚å°‡åœ¨ 1.45 ç§’å¾Œé€²è¡Œç¬¬ 2 æ¬¡å˜—è©¦...
2025-10-01 23:53:32 - [WARNING] - é­é‡è‡¨æ™‚éŒ¯èª¤ (OutputParserException)ã€‚å°‡åœ¨ 2.17 ç§’å¾Œé€²è¡Œç¬¬ 3 æ¬¡å˜—è©¦...
2025-10-01 23:53:34 - [WARNING] - é­é‡è‡¨æ™‚éŒ¯èª¤ (OutputParserException)ã€‚å°‡åœ¨ 2.45 ç§’å¾Œé€²è¡Œç¬¬ 3 æ¬¡å˜—è©¦...
2025-10-01 23:53:34 - [WARNING] - é­é‡è‡¨æ™‚éŒ¯èª¤ (OutputParserException)ã€‚å°‡åœ¨ 2.24 ç§’å¾Œé€²è¡Œç¬¬ 3 æ¬¡å˜—è©¦...
2025-10-01 23:53:45 - [WARNING] - é­é‡è‡¨æ™‚éŒ¯èª¤ (OutputParserException)ã€‚å°‡åœ¨ 1.41 ç§’å¾Œé€²è¡Œç¬¬ 2 æ¬¡å˜—è©¦...
2025-10-01 23:53:46 - [WARNING] - é­é‡è‡¨æ™‚éŒ¯èª¤ (OutputParserException)ã€‚å°‡åœ¨ 1.30 ç§’å¾Œé€²è¡Œç¬¬ 2 æ¬¡å˜—è©¦...
2025-10-01 23:53:48 - [WARNING] - é­é‡è‡¨æ™‚éŒ¯èª¤ (OutputParserException)ã€‚å°‡åœ¨ 1.34 ç§’å¾Œé€²è¡Œç¬¬ 2 æ¬¡å˜—è©¦...
2025-10-01 23:53:51 - [WARNING] - é­é‡è‡¨æ™‚éŒ¯èª¤ (OutputParserException)ã€‚å°‡åœ¨ 2.19 ç§’å¾Œé€²è¡Œç¬¬ 3 æ¬¡å˜—è©¦...
2025-10-01 23:53:53 - [WARNING] - é­é‡è‡¨æ™‚éŒ¯èª¤ (OutputParserException)ã€‚å°‡åœ¨ 2.34 ç§’å¾Œé€²è¡Œç¬¬ 3 æ¬¡å˜—è©¦...
2025-10-01 23:53:55 - [WARNING] - é­é‡è‡¨æ™‚éŒ¯èª¤ (OutputParserException)ã€‚å°‡åœ¨ 2.46 ç§’å¾Œé€²è¡Œç¬¬ 3 æ¬¡å˜—è©¦...
2025-10-01 23:54:04 - [WARNING] - é­é‡è‡¨æ™‚éŒ¯èª¤ (OutputParserException)ã€‚å°‡åœ¨ 1.28 ç§’å¾Œé€²è¡Œç¬¬ 2 æ¬¡å˜—è©¦...
2025-10-01 23:54:05 - [WARNING] - é­é‡è‡¨æ™‚éŒ¯èª¤ (OutputParserException)ã€‚å°‡åœ¨ 1.43 ç§’å¾Œé€²è¡Œç¬¬ 2 æ¬¡å˜—è©¦...
2025-10-02 00:01:10 - [INFO] - æ‰€æœ‰æŒä¹…åŒ– UI è¦–åœ–å·²æˆåŠŸè¨»å†Šã€‚
2025-10-02 00:01:10 - [INFO] - æ­£åœ¨å˜—è©¦å°‡æ‡‰ç”¨ç¨‹å¼æŒ‡ä»¤ (Slash Commands) å…¨åŸŸåŒæ­¥åˆ° Discord...
2025-10-02 00:01:10 - [INFO] - âœ… æ‡‰ç”¨ç¨‹å¼æŒ‡ä»¤å…¨åŸŸåŒæ­¥æˆåŠŸï¼(æ³¨æ„ï¼šå…¨åŸŸæŒ‡ä»¤æ›´æ–°å¯èƒ½éœ€è¦é•·é”ä¸€å°æ™‚æ‰èƒ½åœ¨æ‰€æœ‰ä¼ºæœå™¨ç”Ÿæ•ˆ)
2025-10-02 00:01:10 - [INFO] - Discord Bot is ready!
2025-10-02 00:01:13 - [INFO] - ã€å¥åº·æª¢æŸ¥ & Keep-Aliveã€‘èƒŒæ™¯ä»»å‹™å·²å•Ÿå‹•ã€‚
2025-10-02 00:01:13 - [INFO] - Logged in as AI#4450 (ID: 1358417100250808531)
2025-10-02 00:01:13 - [INFO] - å·²æˆåŠŸç™¼é€å•Ÿå‹•æˆåŠŸé€šçŸ¥çµ¦ç®¡ç†å“¡ã€‚
2025-10-02 00:01:23 - [INFO] - [512280345618546699] å¾Œå°é‡ç½®ä»»å‹™é–‹å§‹...
2025-10-02 00:01:23 - [INFO] - [512280345618546699] æœªæª¢æ¸¬åˆ°æ´»èºçš„ AI å¯¦ä¾‹ï¼Œç›´æ¥é€²è¡Œæ¸…ç†ã€‚
2025-10-02 00:01:23 - [INFO] - [512280345618546699] æ­£åœ¨æ¸…é™¤æ‰€æœ‰è³‡æ–™åº«è¨˜éŒ„...
2025-10-02 00:01:23 - [INFO] - [512280345618546699] æ‰€æœ‰è³‡æ–™åº«è¨˜éŒ„å·²æˆåŠŸæ¸…é™¤ã€‚
2025-10-02 00:01:23 - [INFO] - [512280345618546699] (Robust Delete) æ­£åœ¨å•Ÿå‹•å°ç›®éŒ„ data\vector_stores\512280345618546699 çš„å¥å£¯åˆªé™¤æµç¨‹...
2025-10-02 00:01:23 - [INFO] - [512280345618546699] (Robust Delete) âœ… åœ¨ç¬¬ 1 æ¬¡å˜—è©¦ä¸­æˆåŠŸåˆªé™¤ç›®éŒ„: data\vector_stores\512280345618546699
