### AI Lover Log - Last updated at 2025-10-02T00:01:24.230505 ###

2025-10-01 23:18:44 - [INFO] - [512280345618546699] [批量分類] 正在使用安全代碼化的上下文重試...
2025-10-01 23:18:44 - [ERROR] - [512280345618546699] [批量分類] 🔥 審查備援最終失敗: name 'google_api_exceptions' is not defined
2025-10-01 23:18:44 - [WARNING] - [512280345618546699] [批量分類] 🔥 批次分類時遭遇錯誤: NameError。啟動審查備援...
2025-10-01 23:18:44 - [INFO] - [512280345618546699] [批量分類] 正在使用安全代碼化的上下文重試...
2025-10-01 23:18:44 - [ERROR] - [512280345618546699] [批量分類] 🔥 審查備援最終失敗: name 'google_api_exceptions' is not defined
2025-10-01 23:18:44 - [INFO] - [512280345618546699] [LORE 解析 2/4] ✅ 分類完成，確定 0 個有效 LORE 創建任務。
2025-10-01 23:18:44 - [INFO] - [512280345618546699] [LORE 解析 3/4] 正在啟動兩步式靶向精煉器...
2025-10-01 23:18:44 - [INFO] - [512280345618546699] [LORE 解析 4/4] 正在進行數據合併...
2025-10-01 23:18:44 - [INFO] - [512280345618546699] [LORE 解析] ✅ 終極批量原子工具鏈執行完畢。
2025-10-01 23:18:44 - [INFO] - [512280345618546699] [後台創世 1/3] LORE 解析管線執行完畢。
2025-10-01 23:18:44 - [INFO] - [512280345618546699] [後台創世 2/3] 正在將解析出的 LORE 結果持久化到資料庫...
2025-10-01 23:18:44 - [INFO] - [512280345618546699] [後台創世 2/3] LORE 持久化完成。
2025-10-01 23:18:44 - [INFO] - [512280345618546699] [後台創世 3/3] 正在補完角色檔案、生成世界並創作開場白...
2025-10-01 23:18:44 - [ERROR] - [512280345618546699] [/start] 為角色 'DINO' 進行安全補完時發生錯誤: name 'google_api_exceptions' is not defined
Traceback (most recent call last):
  File "D:\DINO\SD\ComfyUI\personal_server\ai_lover_service\src\ai_core.py", line 1328, in ainvoke_with_rotation
    generation_config=genai.types.GenerationConfig(**generation_config_params)
TypeError: GenerationConfig.__init__() got an unexpected keyword argument 'tools'

During handling of the above exception, another exception occurred:

Traceback (most recent call last):
  File "D:\DINO\SD\ComfyUI\personal_server\ai_lover_service\src\ai_core.py", line 2442, in _safe_complete_profile
    completed_safe_profile = await self.ainvoke_with_rotation(
  File "D:\DINO\SD\ComfyUI\personal_server\ai_lover_service\src\ai_core.py", line 1370, in ainvoke_with_rotation
    except (OutputParserException, ValidationError, google_api_exceptions.InternalServerError, asyncio.TimeoutError, GoogleGenerativeAIError) as e:
NameError: name 'google_api_exceptions' is not defined
2025-10-01 23:18:44 - [ERROR] - [512280345618546699] [/start] 為角色 '碧' 進行安全補完時發生錯誤: name 'google_api_exceptions' is not defined
Traceback (most recent call last):
  File "D:\DINO\SD\ComfyUI\personal_server\ai_lover_service\src\ai_core.py", line 1328, in ainvoke_with_rotation
    generation_config=genai.types.GenerationConfig(**generation_config_params)
TypeError: GenerationConfig.__init__() got an unexpected keyword argument 'tools'

During handling of the above exception, another exception occurred:

Traceback (most recent call last):
  File "D:\DINO\SD\ComfyUI\personal_server\ai_lover_service\src\ai_core.py", line 2442, in _safe_complete_profile
    completed_safe_profile = await self.ainvoke_with_rotation(
  File "D:\DINO\SD\ComfyUI\personal_server\ai_lover_service\src\ai_core.py", line 1370, in ainvoke_with_rotation
    except (OutputParserException, ValidationError, google_api_exceptions.InternalServerError, asyncio.TimeoutError, GoogleGenerativeAIError) as e:
NameError: name 'google_api_exceptions' is not defined
2025-10-01 23:18:44 - [INFO] - [512280345618546699] 接收到 profile 更新請求: ['user_profile', 'ai_profile']
2025-10-01 23:18:44 - [INFO] - [512280345618546699] Profile 更新並持久化成功。
2025-10-01 23:18:44 - [ERROR] - [512280345618546699] 後台創世流程發生嚴重錯誤: name 'google_api_exceptions' is not defined
Traceback (most recent call last):
  File "D:\DINO\SD\ComfyUI\personal_server\ai_lover_service\src\ai_core.py", line 1328, in ainvoke_with_rotation
    generation_config=genai.types.GenerationConfig(**generation_config_params)
TypeError: GenerationConfig.__init__() got an unexpected keyword argument 'tools'

During handling of the above exception, another exception occurred:

Traceback (most recent call last):
  File "D:\DINO\SD\ComfyUI\personal_server\ai_lover_service\src\discord_bot.py", line 1165, in _perform_full_setup_flow
    await ai_instance.generate_world_genesis(canon_text=canon_text)
  File "D:\DINO\SD\ComfyUI\personal_server\ai_lover_service\src\ai_core.py", line 2508, in generate_world_genesis
    genesis_result = await self.ainvoke_with_rotation(
  File "D:\DINO\SD\ComfyUI\personal_server\ai_lover_service\src\ai_core.py", line 1370, in ainvoke_with_rotation
    except (OutputParserException, ValidationError, google_api_exceptions.InternalServerError, asyncio.TimeoutError, GoogleGenerativeAIError) as e:
NameError: name 'google_api_exceptions' is not defined
2025-10-01 23:18:44 - [INFO] - [512280345618546699] 後台創世流程結束，狀態鎖已釋放。
2025-10-01 23:22:33 - [INFO] - 所有持久化 UI 視圖已成功註冊。
2025-10-01 23:22:33 - [INFO] - 正在嘗試將應用程式指令 (Slash Commands) 全域同步到 Discord...
2025-10-01 23:22:34 - [INFO] - ✅ 應用程式指令全域同步成功！(注意：全域指令更新可能需要長達一小時才能在所有伺服器生效)
2025-10-01 23:22:34 - [INFO] - Discord Bot is ready!
2025-10-01 23:22:36 - [INFO] - 【健康檢查 & Keep-Alive】背景任務已啟動。
2025-10-01 23:22:36 - [INFO] - Logged in as AI#4450 (ID: 1358417100250808531)
2025-10-01 23:22:37 - [INFO] - 已成功發送啟動成功通知給管理員。
2025-10-01 23:23:25 - [INFO] - [512280345618546699] 後台重置任務開始...
2025-10-01 23:23:25 - [INFO] - [512280345618546699] 未檢測到活躍的 AI 實例，直接進行清理。
2025-10-01 23:23:25 - [INFO] - [512280345618546699] 正在清除所有資料庫記錄...
2025-10-01 23:23:27 - [INFO] - [512280345618546699] 所有資料庫記錄已成功清除。
2025-10-01 23:23:27 - [INFO] - [512280345618546699] (Robust Delete) 正在啟動對目錄 data\vector_stores\512280345618546699 的健壯刪除流程...
2025-10-01 23:23:27 - [INFO] - [512280345618546699] (Robust Delete) ✅ 在第 1 次嘗試中成功刪除目錄: data\vector_stores\512280345618546699
2025-10-01 23:23:29 - [INFO] - [512280345618546699] (UI Event) Persistent 'StartSetupView' button clicked.
2025-10-01 23:23:33 - [INFO] - [512280345618546699] (UI Event) WorldSettingsModal submitted. is_setup_flow: True
2025-10-01 23:23:33 - [INFO] - 使用者 512280345618546699 沒有活躍的 AI 實例，嘗試創建...
2025-10-01 23:23:33 - [INFO] - [512280345618546699] 處於設定流程中，即使資料庫無記錄，也創建一個臨時的記憶體實例。
2025-10-01 23:23:33 - [INFO] - [512280345618546699] 核心數據模板 'world_snapshot_template.txt' 已成功加載。
2025-10-01 23:23:33 - [INFO] - [512280345618546699] 核心協議 '00_supreme_directive.txt' 已成功加載。
2025-10-01 23:23:33 - [INFO] - [512280345618546699] 正在創建本地 Embedding 模型 'infgrad/stella-base-zh-v2' 實例...
2025-10-01 23:23:37 - [INFO] - [512280345618546699] ✅ 本地 Embedding 模型實例創建成功。
2025-10-01 23:23:37 - [INFO] - [512280345618546699] 所有輕量級前置資源已準備就緒 (RAG 創建已延遲)。
2025-10-01 23:23:37 - [INFO] - [512280345618546699] 接收到 profile 更新請求: ['world_settings']
2025-10-01 23:23:37 - [WARNING] - [512280345618546699] 在持久化更新時找不到使用者資料，將創建新記錄。
2025-10-01 23:23:37 - [INFO] - [512280345618546699] Profile 更新並持久化成功。
2025-10-01 23:23:41 - [INFO] - [512280345618546699] (UI Event) Persistent 'ContinueToUserSetupView' button clicked.
2025-10-01 23:25:11 - [INFO] - [512280345618546699] (UI Event) CharacterSettingsModal submitted for profile_type: 'user', is_setup_flow: True
2025-10-01 23:25:11 - [INFO] - [512280345618546699] 接收到 profile 更新請求: ['user_profile']
2025-10-01 23:25:13 - [INFO] - [512280345618546699] Profile 更新並持久化成功。
2025-10-01 23:25:14 - [INFO] - [512280345618546699] (UI Event) Persistent 'ContinueToAiSetupView' button clicked.
2025-10-01 23:25:24 - [INFO] - [512280345618546699] (UI Event) CharacterSettingsModal submitted for profile_type: 'ai', is_setup_flow: True
2025-10-01 23:25:24 - [INFO] - [512280345618546699] 接收到 profile 更新請求: ['ai_profile']
2025-10-01 23:25:24 - [INFO] - [512280345618546699] Profile 更新並持久化成功。
2025-10-01 23:25:26 - [INFO] - [512280345618546699] [創世流程] 檔案上傳開始，已設定 active_setups 狀態鎖。
2025-10-01 23:25:31 - [INFO] - [512280345618546699] (on_message) 偵測到用戶處於活躍的創世流程中，已忽略常規訊息 '...' 以防止競爭。
2025-10-01 23:25:34 - [INFO] - [512280345618546699] 獨立的後台創世流程已為用戶啟動。
2025-10-01 23:25:34 - [INFO] - [512280345618546699] [後台創世 1/3] 正在啟動終極 LORE 解析管線...
2025-10-01 23:25:34 - [INFO] - [512280345618546699] [LORE 解析 1/4] 正在使用混合 NLP 在本地快速提取實體骨架...
2025-10-01 23:25:37 - [INFO] - [512280345618546699] [LORE 解析 1/4] ✅ 本地 NLP 成功提取 776 個候選實體。
2025-10-01 23:25:37 - [INFO] - [512280345618546699] [LORE 解析 2/4] 正在對 776 個實體啟動批量並行分類...
2025-10-01 23:25:40 - [ERROR] - 發生未知錯誤: whichOneof
Traceback (most recent call last):
  File "D:\DINO\SD\ComfyUI\personal_server\ai_lover_service\src\ai_core.py", line 1345, in ainvoke_with_rotation
    raise OutputParserException(f"Model returned text but a structured output was expected. Text: {response.text[:100]}...")
  File "C:\Users\USER\AppData\Local\Programs\Python\Python310\lib\site-packages\google\generativeai\types\generation_types.py", line 465, in text
    part_type = protos.Part.pb(part).whichOneof("data")
AttributeError: whichOneof. Did you mean: 'WhichOneof'?
2025-10-01 23:25:41 - [ERROR] - 發生未知錯誤: whichOneof
Traceback (most recent call last):
  File "D:\DINO\SD\ComfyUI\personal_server\ai_lover_service\src\ai_core.py", line 1345, in ainvoke_with_rotation
    raise OutputParserException(f"Model returned text but a structured output was expected. Text: {response.text[:100]}...")
  File "C:\Users\USER\AppData\Local\Programs\Python\Python310\lib\site-packages\google\generativeai\types\generation_types.py", line 465, in text
    part_type = protos.Part.pb(part).whichOneof("data")
AttributeError: whichOneof. Did you mean: 'WhichOneof'?
2025-10-01 23:25:41 - [ERROR] - 發生未知錯誤: whichOneof
Traceback (most recent call last):
  File "D:\DINO\SD\ComfyUI\personal_server\ai_lover_service\src\ai_core.py", line 1345, in ainvoke_with_rotation
    raise OutputParserException(f"Model returned text but a structured output was expected. Text: {response.text[:100]}...")
  File "C:\Users\USER\AppData\Local\Programs\Python\Python310\lib\site-packages\google\generativeai\types\generation_types.py", line 465, in text
    part_type = protos.Part.pb(part).whichOneof("data")
AttributeError: whichOneof. Did you mean: 'WhichOneof'?
2025-10-01 23:25:46 - [ERROR] - 發生未知錯誤: whichOneof
Traceback (most recent call last):
  File "D:\DINO\SD\ComfyUI\personal_server\ai_lover_service\src\ai_core.py", line 1345, in ainvoke_with_rotation
    raise OutputParserException(f"Model returned text but a structured output was expected. Text: {response.text[:100]}...")
  File "C:\Users\USER\AppData\Local\Programs\Python\Python310\lib\site-packages\google\generativeai\types\generation_types.py", line 465, in text
    part_type = protos.Part.pb(part).whichOneof("data")
AttributeError: whichOneof. Did you mean: 'WhichOneof'?
2025-10-01 23:25:46 - [ERROR] - 發生未知錯誤: whichOneof
Traceback (most recent call last):
  File "D:\DINO\SD\ComfyUI\personal_server\ai_lover_service\src\ai_core.py", line 1345, in ainvoke_with_rotation
    raise OutputParserException(f"Model returned text but a structured output was expected. Text: {response.text[:100]}...")
  File "C:\Users\USER\AppData\Local\Programs\Python\Python310\lib\site-packages\google\generativeai\types\generation_types.py", line 465, in text
    part_type = protos.Part.pb(part).whichOneof("data")
AttributeError: whichOneof. Did you mean: 'WhichOneof'?
2025-10-01 23:25:47 - [INFO] - [512280345618546699] 後台創世流程結束，狀態鎖已釋放。
2025-10-01 23:40:21 - [INFO] - 所有持久化 UI 視圖已成功註冊。
2025-10-01 23:40:21 - [INFO] - 正在嘗試將應用程式指令 (Slash Commands) 全域同步到 Discord...
2025-10-01 23:40:22 - [INFO] - ✅ 應用程式指令全域同步成功！(注意：全域指令更新可能需要長達一小時才能在所有伺服器生效)
2025-10-01 23:40:22 - [INFO] - Discord Bot is ready!
2025-10-01 23:40:24 - [INFO] - 【健康檢查 & Keep-Alive】背景任務已啟動。
2025-10-01 23:40:24 - [INFO] - Logged in as AI#4450 (ID: 1358417100250808531)
2025-10-01 23:40:25 - [INFO] - 已成功發送啟動成功通知給管理員。
2025-10-01 23:40:38 - [INFO] - [512280345618546699] 後台重置任務開始...
2025-10-01 23:40:38 - [INFO] - [512280345618546699] 未檢測到活躍的 AI 實例，直接進行清理。
2025-10-01 23:40:38 - [INFO] - [512280345618546699] 正在清除所有資料庫記錄...
2025-10-01 23:40:39 - [INFO] - [512280345618546699] 所有資料庫記錄已成功清除。
2025-10-01 23:40:39 - [INFO] - [512280345618546699] (Robust Delete) 正在啟動對目錄 data\vector_stores\512280345618546699 的健壯刪除流程...
2025-10-01 23:40:39 - [INFO] - [512280345618546699] (Robust Delete) ✅ 在第 1 次嘗試中成功刪除目錄: data\vector_stores\512280345618546699
2025-10-01 23:40:48 - [INFO] - [512280345618546699] (UI Event) Persistent 'StartSetupView' button clicked.
2025-10-01 23:40:52 - [INFO] - [512280345618546699] (UI Event) WorldSettingsModal submitted. is_setup_flow: True
2025-10-01 23:40:53 - [INFO] - 使用者 512280345618546699 沒有活躍的 AI 實例，嘗試創建...
2025-10-01 23:40:53 - [INFO] - [512280345618546699] 處於設定流程中，即使資料庫無記錄，也創建一個臨時的記憶體實例。
2025-10-01 23:40:53 - [INFO] - [512280345618546699] 核心數據模板 'world_snapshot_template.txt' 已成功加載。
2025-10-01 23:40:53 - [INFO] - [512280345618546699] 核心協議 '00_supreme_directive.txt' 已成功加載。
2025-10-01 23:40:53 - [INFO] - [512280345618546699] 正在創建本地 Embedding 模型 'infgrad/stella-base-zh-v2' 實例...
2025-10-01 23:41:25 - [ERROR] - [512280345618546699] 🔥 創建本地 Embedding 模型實例時發生致命錯誤: HTTPSConnectionPool(host='hf-mirror.com', port=443): Max retries exceeded with url: /infgrad/stella-base-zh-v2/resolve/main/model.safetensors (Caused by ConnectTimeoutError(<urllib3.connection.HTTPSConnection object at 0x00000250348A2620>, 'Connection to hf-mirror.com timed out. (connect timeout=10)'))
Traceback (most recent call last):
  File "C:\Users\USER\AppData\Local\Programs\Python\Python310\lib\site-packages\urllib3\connection.py", line 198, in _new_conn
    sock = connection.create_connection(
  File "C:\Users\USER\AppData\Local\Programs\Python\Python310\lib\site-packages\urllib3\util\connection.py", line 85, in create_connection
    raise err
  File "C:\Users\USER\AppData\Local\Programs\Python\Python310\lib\site-packages\urllib3\util\connection.py", line 73, in create_connection
    sock.connect(sa)
TimeoutError: timed out

The above exception was the direct cause of the following exception:

Traceback (most recent call last):
  File "C:\Users\USER\AppData\Local\Programs\Python\Python310\lib\site-packages\urllib3\connectionpool.py", line 787, in urlopen
    response = self._make_request(
  File "C:\Users\USER\AppData\Local\Programs\Python\Python310\lib\site-packages\urllib3\connectionpool.py", line 488, in _make_request
    raise new_e
  File "C:\Users\USER\AppData\Local\Programs\Python\Python310\lib\site-packages\urllib3\connectionpool.py", line 464, in _make_request
    self._validate_conn(conn)
  File "C:\Users\USER\AppData\Local\Programs\Python\Python310\lib\site-packages\urllib3\connectionpool.py", line 1093, in _validate_conn
    conn.connect()
  File "C:\Users\USER\AppData\Local\Programs\Python\Python310\lib\site-packages\urllib3\connection.py", line 753, in connect
    self.sock = sock = self._new_conn()
  File "C:\Users\USER\AppData\Local\Programs\Python\Python310\lib\site-packages\urllib3\connection.py", line 207, in _new_conn
    raise ConnectTimeoutError(
urllib3.exceptions.ConnectTimeoutError: (<urllib3.connection.HTTPSConnection object at 0x00000250348A2620>, 'Connection to hf-mirror.com timed out. (connect timeout=10)')

The above exception was the direct cause of the following exception:

Traceback (most recent call last):
  File "C:\Users\USER\AppData\Local\Programs\Python\Python310\lib\site-packages\requests\adapters.py", line 667, in send
    resp = conn.urlopen(
  File "C:\Users\USER\AppData\Local\Programs\Python\Python310\lib\site-packages\urllib3\connectionpool.py", line 841, in urlopen
    retries = retries.increment(
  File "C:\Users\USER\AppData\Local\Programs\Python\Python310\lib\site-packages\urllib3\util\retry.py", line 519, in increment
    raise MaxRetryError(_pool, url, reason) from reason  # type: ignore[arg-type]
urllib3.exceptions.MaxRetryError: HTTPSConnectionPool(host='hf-mirror.com', port=443): Max retries exceeded with url: /infgrad/stella-base-zh-v2/resolve/main/model.safetensors (Caused by ConnectTimeoutError(<urllib3.connection.HTTPSConnection object at 0x00000250348A2620>, 'Connection to hf-mirror.com timed out. (connect timeout=10)'))

During handling of the above exception, another exception occurred:

Traceback (most recent call last):
  File "D:\DINO\SD\ComfyUI\personal_server\ai_lover_service\src\ai_core.py", line 4169, in _create_embeddings_instance
    embeddings = HuggingFaceEmbeddings(
  File "C:\Users\USER\AppData\Local\Programs\Python\Python310\lib\site-packages\langchain_core\_api\deprecation.py", line 215, in warn_if_direct_instance
    return wrapped(self, *args, **kwargs)
  File "C:\Users\USER\AppData\Local\Programs\Python\Python310\lib\site-packages\langchain_community\embeddings\huggingface.py", line 79, in __init__
    self.client = sentence_transformers.SentenceTransformer(
  File "C:\Users\USER\AppData\Local\Programs\Python\Python310\lib\site-packages\sentence_transformers\SentenceTransformer.py", line 205, in __init__
    modules = self._load_auto_model(
  File "C:\Users\USER\AppData\Local\Programs\Python\Python310\lib\site-packages\sentence_transformers\SentenceTransformer.py", line 1197, in _load_auto_model
    transformer_model = Transformer(
  File "C:\Users\USER\AppData\Local\Programs\Python\Python310\lib\site-packages\sentence_transformers\models\Transformer.py", line 36, in __init__
    self._load_model(model_name_or_path, config, cache_dir, **model_args)
  File "C:\Users\USER\AppData\Local\Programs\Python\Python310\lib\site-packages\sentence_transformers\models\Transformer.py", line 65, in _load_model
    self.auto_model = AutoModel.from_pretrained(
  File "C:\Users\USER\AppData\Local\Programs\Python\Python310\lib\site-packages\transformers\models\auto\auto_factory.py", line 563, in from_pretrained
    return model_class.from_pretrained(
  File "C:\Users\USER\AppData\Local\Programs\Python\Python310\lib\site-packages\transformers\modeling_utils.py", line 3415, in from_pretrained
    if not has_file(pretrained_model_name_or_path, safe_weights_name, **has_file_kwargs):
  File "C:\Users\USER\AppData\Local\Programs\Python\Python310\lib\site-packages\transformers\utils\hub.py", line 629, in has_file
    r = requests.head(url, headers=headers, allow_redirects=False, proxies=proxies, timeout=10)
  File "C:\Users\USER\AppData\Local\Programs\Python\Python310\lib\site-packages\requests\api.py", line 100, in head
    return request("head", url, **kwargs)
  File "C:\Users\USER\AppData\Local\Programs\Python\Python310\lib\site-packages\requests\api.py", line 59, in request
    return session.request(method=method, url=url, **kwargs)
  File "C:\Users\USER\AppData\Local\Programs\Python\Python310\lib\site-packages\requests\sessions.py", line 589, in request
    resp = self.send(prep, **send_kwargs)
  File "C:\Users\USER\AppData\Local\Programs\Python\Python310\lib\site-packages\requests\sessions.py", line 703, in send
    r = adapter.send(request, **kwargs)
  File "C:\Users\USER\AppData\Local\Programs\Python\Python310\lib\site-packages\requests\adapters.py", line 688, in send
    raise ConnectTimeout(e, request=request)
requests.exceptions.ConnectTimeout: HTTPSConnectionPool(host='hf-mirror.com', port=443): Max retries exceeded with url: /infgrad/stella-base-zh-v2/resolve/main/model.safetensors (Caused by ConnectTimeoutError(<urllib3.connection.HTTPSConnection object at 0x00000250348A2620>, 'Connection to hf-mirror.com timed out. (connect timeout=10)'))
2025-10-01 23:41:25 - [ERROR] -    -> 請確保 `torch`, `transformers` 和 `sentence-transformers` 已正確安裝。
2025-10-01 23:41:25 - [INFO] - [512280345618546699] 所有輕量級前置資源已準備就緒 (RAG 創建已延遲)。
2025-10-01 23:41:25 - [INFO] - [512280345618546699] 接收到 profile 更新請求: ['world_settings']
2025-10-01 23:41:25 - [WARNING] - [512280345618546699] 在持久化更新時找不到使用者資料，將創建新記錄。
2025-10-01 23:41:25 - [INFO] - [512280345618546699] Profile 更新並持久化成功。
2025-10-01 23:51:09 - [INFO] - 所有持久化 UI 視圖已成功註冊。
2025-10-01 23:51:09 - [INFO] - 正在嘗試將應用程式指令 (Slash Commands) 全域同步到 Discord...
2025-10-01 23:51:10 - [INFO] - ✅ 應用程式指令全域同步成功！(注意：全域指令更新可能需要長達一小時才能在所有伺服器生效)
2025-10-01 23:51:10 - [INFO] - Discord Bot is ready!
2025-10-01 23:51:12 - [INFO] - 【健康檢查 & Keep-Alive】背景任務已啟動。
2025-10-01 23:51:12 - [INFO] - Logged in as AI#4450 (ID: 1358417100250808531)
2025-10-01 23:51:13 - [INFO] - 已成功發送啟動成功通知給管理員。
2025-10-01 23:51:21 - [INFO] - [512280345618546699] 後台重置任務開始...
2025-10-01 23:51:21 - [INFO] - [512280345618546699] 未檢測到活躍的 AI 實例，直接進行清理。
2025-10-01 23:51:21 - [INFO] - [512280345618546699] 正在清除所有資料庫記錄...
2025-10-01 23:51:21 - [INFO] - [512280345618546699] 所有資料庫記錄已成功清除。
2025-10-01 23:51:21 - [INFO] - [512280345618546699] (Robust Delete) 正在啟動對目錄 data\vector_stores\512280345618546699 的健壯刪除流程...
2025-10-01 23:51:21 - [INFO] - [512280345618546699] (Robust Delete) ✅ 在第 1 次嘗試中成功刪除目錄: data\vector_stores\512280345618546699
2025-10-01 23:51:24 - [INFO] - [512280345618546699] (UI Event) Persistent 'StartSetupView' button clicked.
2025-10-01 23:52:02 - [INFO] - [512280345618546699] (UI Event) WorldSettingsModal submitted. is_setup_flow: True
2025-10-01 23:52:02 - [INFO] - 使用者 512280345618546699 沒有活躍的 AI 實例，嘗試創建...
2025-10-01 23:52:02 - [INFO] - [512280345618546699] 處於設定流程中，即使資料庫無記錄，也創建一個臨時的記憶體實例。
2025-10-01 23:52:02 - [INFO] - [512280345618546699] 核心數據模板 'world_snapshot_template.txt' 已成功加載。
2025-10-01 23:52:02 - [INFO] - [512280345618546699] 核心協議 '00_supreme_directive.txt' 已成功加載。
2025-10-01 23:52:02 - [INFO] - [512280345618546699] 正在從本地路徑 'D:\DINO\SD\ComfyUI\personal_server\ai_lover_service\models\stella-base-zh-v2' 創建 Embedding 模型實例...
2025-10-01 23:52:04 - [INFO] - [512280345618546699] ✅ 本地 Embedding 模型實例創建成功。
2025-10-01 23:52:04 - [INFO] - [512280345618546699] 所有輕量級前置資源已準備就緒 (RAG 創建已延遲)。
2025-10-01 23:52:04 - [INFO] - [512280345618546699] 接收到 profile 更新請求: ['world_settings']
2025-10-01 23:52:04 - [WARNING] - [512280345618546699] 在持久化更新時找不到使用者資料，將創建新記錄。
2025-10-01 23:52:04 - [INFO] - [512280345618546699] Profile 更新並持久化成功。
2025-10-01 23:52:10 - [INFO] - [512280345618546699] (UI Event) Persistent 'ContinueToUserSetupView' button clicked.
2025-10-01 23:52:18 - [INFO] - [512280345618546699] (UI Event) CharacterSettingsModal submitted for profile_type: 'user', is_setup_flow: True
2025-10-01 23:52:19 - [INFO] - [512280345618546699] 接收到 profile 更新請求: ['user_profile']
2025-10-01 23:52:19 - [INFO] - [512280345618546699] Profile 更新並持久化成功。
2025-10-01 23:52:56 - [INFO] - [512280345618546699] (UI Event) Persistent 'ContinueToAiSetupView' button clicked.
2025-10-01 23:53:09 - [INFO] - [512280345618546699] (UI Event) CharacterSettingsModal submitted for profile_type: 'ai', is_setup_flow: True
2025-10-01 23:53:09 - [INFO] - [512280345618546699] 接收到 profile 更新請求: ['ai_profile']
2025-10-01 23:53:09 - [INFO] - [512280345618546699] Profile 更新並持久化成功。
2025-10-01 23:53:10 - [INFO] - [512280345618546699] [創世流程] 檔案上傳開始，已設定 active_setups 狀態鎖。
2025-10-01 23:53:18 - [INFO] - [512280345618546699] (on_message) 偵測到用戶處於活躍的創世流程中，已忽略常規訊息 '...' 以防止競爭。
2025-10-01 23:53:21 - [INFO] - [512280345618546699] 獨立的後台創世流程已為用戶啟動。
2025-10-01 23:53:21 - [INFO] - [512280345618546699] [後台創世 1/3] 正在啟動終極 LORE 解析管線...
2025-10-01 23:53:21 - [INFO] - [512280345618546699] [LORE 解析 1/4] 正在使用混合 NLP 在本地快速提取實體骨架...
2025-10-01 23:53:23 - [INFO] - [512280345618546699] [LORE 解析 1/4] ✅ 本地 NLP 成功提取 785 個候選實體。
2025-10-01 23:53:23 - [INFO] - [512280345618546699] [LORE 解析 2/4] 正在對 785 個實體啟動批量並行分類...
2025-10-01 23:53:27 - [WARNING] - 遭遇臨時錯誤 (OutputParserException)。將在 1.49 秒後進行第 2 次嘗試...
2025-10-01 23:53:28 - [WARNING] - 遭遇臨時錯誤 (OutputParserException)。將在 1.12 秒後進行第 2 次嘗試...
2025-10-01 23:53:28 - [WARNING] - 遭遇臨時錯誤 (OutputParserException)。將在 1.45 秒後進行第 2 次嘗試...
2025-10-01 23:53:32 - [WARNING] - 遭遇臨時錯誤 (OutputParserException)。將在 2.17 秒後進行第 3 次嘗試...
2025-10-01 23:53:34 - [WARNING] - 遭遇臨時錯誤 (OutputParserException)。將在 2.45 秒後進行第 3 次嘗試...
2025-10-01 23:53:34 - [WARNING] - 遭遇臨時錯誤 (OutputParserException)。將在 2.24 秒後進行第 3 次嘗試...
2025-10-01 23:53:45 - [WARNING] - 遭遇臨時錯誤 (OutputParserException)。將在 1.41 秒後進行第 2 次嘗試...
2025-10-01 23:53:46 - [WARNING] - 遭遇臨時錯誤 (OutputParserException)。將在 1.30 秒後進行第 2 次嘗試...
2025-10-01 23:53:48 - [WARNING] - 遭遇臨時錯誤 (OutputParserException)。將在 1.34 秒後進行第 2 次嘗試...
2025-10-01 23:53:51 - [WARNING] - 遭遇臨時錯誤 (OutputParserException)。將在 2.19 秒後進行第 3 次嘗試...
2025-10-01 23:53:53 - [WARNING] - 遭遇臨時錯誤 (OutputParserException)。將在 2.34 秒後進行第 3 次嘗試...
2025-10-01 23:53:55 - [WARNING] - 遭遇臨時錯誤 (OutputParserException)。將在 2.46 秒後進行第 3 次嘗試...
2025-10-01 23:54:04 - [WARNING] - 遭遇臨時錯誤 (OutputParserException)。將在 1.28 秒後進行第 2 次嘗試...
2025-10-01 23:54:05 - [WARNING] - 遭遇臨時錯誤 (OutputParserException)。將在 1.43 秒後進行第 2 次嘗試...
2025-10-02 00:01:10 - [INFO] - 所有持久化 UI 視圖已成功註冊。
2025-10-02 00:01:10 - [INFO] - 正在嘗試將應用程式指令 (Slash Commands) 全域同步到 Discord...
2025-10-02 00:01:10 - [INFO] - ✅ 應用程式指令全域同步成功！(注意：全域指令更新可能需要長達一小時才能在所有伺服器生效)
2025-10-02 00:01:10 - [INFO] - Discord Bot is ready!
2025-10-02 00:01:13 - [INFO] - 【健康檢查 & Keep-Alive】背景任務已啟動。
2025-10-02 00:01:13 - [INFO] - Logged in as AI#4450 (ID: 1358417100250808531)
2025-10-02 00:01:13 - [INFO] - 已成功發送啟動成功通知給管理員。
2025-10-02 00:01:23 - [INFO] - [512280345618546699] 後台重置任務開始...
2025-10-02 00:01:23 - [INFO] - [512280345618546699] 未檢測到活躍的 AI 實例，直接進行清理。
2025-10-02 00:01:23 - [INFO] - [512280345618546699] 正在清除所有資料庫記錄...
2025-10-02 00:01:23 - [INFO] - [512280345618546699] 所有資料庫記錄已成功清除。
2025-10-02 00:01:23 - [INFO] - [512280345618546699] (Robust Delete) 正在啟動對目錄 data\vector_stores\512280345618546699 的健壯刪除流程...
2025-10-02 00:01:23 - [INFO] - [512280345618546699] (Robust Delete) ✅ 在第 1 次嘗試中成功刪除目錄: data\vector_stores\512280345618546699
