### AI Lover Log - Last updated at 2025-09-30T01:01:57.660366 ###

2025-09-30 00:53:02 - [INFO] - [512280345618546699] (Retriever Builder) å·²å¾ SQL å’Œ LORE åŠ è¼‰ 0 æ¢æ–‡æª”ç”¨æ–¼å‰µå§‹æ§‹å»ºã€‚
2025-09-30 00:53:02 - [ERROR] - [512280345618546699] (Retriever Builder) ğŸ”¥ åœ¨å‰µå§‹åŒ–ç©ºçš„ RAG ç³»çµ±æ™‚ç™¼ç”Ÿåš´é‡éŒ¯èª¤: Could not connect to tenant default_tenant. Are you sure it exists?
Traceback (most recent call last):
  File "C:\Users\USER\AppData\Local\Programs\Python\Python310\lib\site-packages\chromadb\api\client.py", line 351, in _validate_tenant_database
    self._admin_client.get_tenant(name=tenant)
  File "C:\Users\USER\AppData\Local\Programs\Python\Python310\lib\site-packages\chromadb\api\client.py", line 399, in get_tenant
    return self._server.get_tenant(name=name)
  File "C:\Users\USER\AppData\Local\Programs\Python\Python310\lib\site-packages\chromadb\telemetry\opentelemetry\__init__.py", line 146, in wrapper
    return f(*args, **kwargs)
  File "C:\Users\USER\AppData\Local\Programs\Python\Python310\lib\site-packages\chromadb\api\segment.py", line 144, in get_tenant
    return self._sysdb.get_tenant(name=name)
  File "C:\Users\USER\AppData\Local\Programs\Python\Python310\lib\site-packages\chromadb\db\mixins\sysdb.py", line 132, in get_tenant
    row = cur.execute(sql, params).fetchone()
sqlite3.OperationalError: no such table: tenants

During handling of the above exception, another exception occurred:

Traceback (most recent call last):
  File "D:\DINO\SD\ComfyUI\personal_server\ai_lover_service\src\ai_core.py", line 595, in _load_or_build_rag_retriever
    persistent_client = chromadb.Client(settings)
  File "C:\Users\USER\AppData\Local\Programs\Python\Python310\lib\site-packages\chromadb\__init__.py", line 334, in Client
    return ClientCreator(tenant=tenant, database=database, settings=settings)
  File "C:\Users\USER\AppData\Local\Programs\Python\Python310\lib\site-packages\chromadb\api\client.py", line 60, in __init__
    self._validate_tenant_database(tenant=tenant, database=database)
  File "C:\Users\USER\AppData\Local\Programs\Python\Python310\lib\site-packages\chromadb\api\client.py", line 360, in _validate_tenant_database
    raise ValueError(
ValueError: Could not connect to tenant default_tenant. Are you sure it exists?
2025-09-30 00:53:02 - [INFO] - [512280345618546699] æ‰€æœ‰æ§‹å»ºéˆçš„å‰ç½®è³‡æºå·²æº–å‚™å°±ç·’ã€‚
2025-09-30 00:53:02 - [INFO] - [512280345618546699] æ¥æ”¶åˆ° profile æ›´æ–°è«‹æ±‚: ['world_settings']
2025-09-30 00:53:02 - [WARNING] - [512280345618546699] åœ¨æŒä¹…åŒ–æ›´æ–°æ™‚æ‰¾ä¸åˆ°ä½¿ç”¨è€…è³‡æ–™ï¼Œå°‡å‰µå»ºæ–°è¨˜éŒ„ã€‚
2025-09-30 00:53:02 - [INFO] - [512280345618546699] Profile æ›´æ–°ä¸¦æŒä¹…åŒ–æˆåŠŸã€‚
2025-09-30 00:53:04 - [INFO] - [512280345618546699] (UI Event) Persistent 'ContinueToUserSetupView' button clicked.
2025-09-30 00:53:11 - [INFO] - [512280345618546699] (UI Event) CharacterSettingsModal submitted for profile_type: 'user', is_setup_flow: True
2025-09-30 00:53:11 - [INFO] - [512280345618546699] æ¥æ”¶åˆ° profile æ›´æ–°è«‹æ±‚: ['user_profile']
2025-09-30 00:53:11 - [INFO] - [512280345618546699] Profile æ›´æ–°ä¸¦æŒä¹…åŒ–æˆåŠŸã€‚
2025-09-30 00:53:13 - [INFO] - [512280345618546699] (UI Event) Persistent 'ContinueToAiSetupView' button clicked.
2025-09-30 00:53:22 - [INFO] - [512280345618546699] (UI Event) CharacterSettingsModal submitted for profile_type: 'ai', is_setup_flow: True
2025-09-30 00:53:23 - [INFO] - [512280345618546699] æ¥æ”¶åˆ° profile æ›´æ–°è«‹æ±‚: ['ai_profile']
2025-09-30 00:53:23 - [INFO] - [512280345618546699] Profile æ›´æ–°ä¸¦æŒä¹…åŒ–æˆåŠŸã€‚
2025-09-30 00:53:24 - [INFO] - [512280345618546699] [åˆ›ä¸–æµç¨‹] æ¡£æ¡ˆä¸Šä¼ å¼€å§‹ï¼Œå·²è®¾ç½® active_setups çŠ¶æ€é”ã€‚
2025-09-30 00:53:29 - [INFO] - [512280345618546699] (on_message) åµæ¸¬åˆ°ç”¨æˆ¶è™•æ–¼æ´»èºçš„å‰µä¸–æµç¨‹ä¸­ï¼Œå·²å¿½ç•¥å¸¸è¦è¨Šæ¯ '...' ä»¥é˜²æ­¢ç«¶çˆ­ã€‚
2025-09-30 00:53:32 - [INFO] - [512280345618546699] ç‹¬ç«‹çš„åå°åˆ›ä¸–æµç¨‹å·²ä¸ºç”¨æˆ·å¯åŠ¨ã€‚
2025-09-30 00:53:32 - [INFO] - [512280345618546699] [åå°åˆ›ä¸– 1/4] æ­£åœ¨å¤„ç†ä¸–ç•Œåœ£ç»...
2025-09-30 00:53:32 - [ERROR] - [512280345618546699] (Canon Processor) Vector store æœªåˆå§‹åŒ–ï¼Œç„¡æ³•æ·»åŠ ä¸–ç•Œè–ç¶“ã€‚
2025-09-30 00:53:32 - [INFO] - [512280345618546699] (Retriever Builder) å¼·åˆ¶é‡å»ºè§¸ç™¼ï¼Œæ­£åœ¨å¾è³‡æ–™åº«åŸ·è¡Œå…¨é‡å‰µå§‹æ§‹å»º...
2025-09-30 00:53:32 - [INFO] - [512280345618546699] (Retriever Builder) åŸ·è¡Œå¼·åˆ¶æ¸…ç†ï¼Œæ­£åœ¨åˆªé™¤èˆŠçš„å‘é‡å„²å­˜ç›®éŒ„...
2025-09-30 00:53:32 - [ERROR] - [512280345618546699] åå°åˆ›ä¸–æµç¨‹å‘ç”Ÿä¸¥é‡é”™è¯¯: [WinError 32] ç¨‹åºç„¡æ³•å­˜å–æª”æ¡ˆï¼Œå› ç‚ºæª”æ¡ˆæ­£ç”±å¦ä¸€å€‹ç¨‹åºä½¿ç”¨ã€‚: 'D:\\DINO\\SD\\ComfyUI\\personal_server\\ai_lover_service\\data\\vector_stores\\512280345618546699\\chroma.sqlite3'
Traceback (most recent call last):
  File "D:\DINO\SD\ComfyUI\personal_server\ai_lover_service\src\discord_bot.py", line 1304, in _perform_full_setup_flow
    await ai_instance.add_canon_to_vector_store(canon_text)
  File "D:\DINO\SD\ComfyUI\personal_server\ai_lover_service\src\ai_core.py", line 3681, in add_canon_to_vector_store
    await self._load_or_build_rag_retriever(force_rebuild=True)
  File "D:\DINO\SD\ComfyUI\personal_server\ai_lover_service\src\ai_core.py", line 545, in _load_or_build_rag_retriever
    shutil.rmtree(self.vector_store_path)
  File "C:\Users\USER\AppData\Local\Programs\Python\Python310\lib\shutil.py", line 749, in rmtree
    return _rmtree_unsafe(path, onerror)
  File "C:\Users\USER\AppData\Local\Programs\Python\Python310\lib\shutil.py", line 619, in _rmtree_unsafe
    onerror(os.unlink, fullname, sys.exc_info())
  File "C:\Users\USER\AppData\Local\Programs\Python\Python310\lib\shutil.py", line 617, in _rmtree_unsafe
    os.unlink(fullname)
PermissionError: [WinError 32] ç¨‹åºç„¡æ³•å­˜å–æª”æ¡ˆï¼Œå› ç‚ºæª”æ¡ˆæ­£ç”±å¦ä¸€å€‹ç¨‹åºä½¿ç”¨ã€‚: 'D:\\DINO\\SD\\ComfyUI\\personal_server\\ai_lover_service\\data\\vector_stores\\512280345618546699\\chroma.sqlite3'
2025-09-30 00:53:32 - [INFO] - [512280345618546699] åå°åˆ›ä¸–æµç¨‹ç»“æŸï¼ŒçŠ¶æ€é”å·²é‡Šæ”¾ã€‚
2025-09-30 00:57:12 - [INFO] - æ‰€æœ‰æŒä¹…åŒ– UI è¦–åœ–å·²æˆåŠŸè¨»å†Šã€‚
2025-09-30 00:57:12 - [INFO] - æ­£åœ¨å˜—è©¦å°‡æ‡‰ç”¨ç¨‹å¼æŒ‡ä»¤ (Slash Commands) å…¨åŸŸåŒæ­¥åˆ° Discord...
2025-09-30 00:57:12 - [INFO] - âœ… æ‡‰ç”¨ç¨‹å¼æŒ‡ä»¤å…¨åŸŸåŒæ­¥æˆåŠŸï¼(æ³¨æ„ï¼šå…¨åŸŸæŒ‡ä»¤æ›´æ–°å¯èƒ½éœ€è¦é•·é”ä¸€å°æ™‚æ‰èƒ½åœ¨æ‰€æœ‰ä¼ºæœå™¨ç”Ÿæ•ˆ)
2025-09-30 00:57:12 - [INFO] - Discord Bot is ready!
2025-09-30 00:57:15 - [INFO] - ã€å¥åº·æª¢æŸ¥ & Keep-Aliveã€‘èƒŒæ™¯ä»»å‹™å·²å•Ÿå‹•ã€‚
2025-09-30 00:57:15 - [INFO] - Logged in as AI#4450 (ID: 1358417100250808531)
2025-09-30 00:57:16 - [INFO] - å·²æˆåŠŸç™¼é€å•Ÿå‹•æˆåŠŸé€šçŸ¥çµ¦ç®¡ç†å“¡ã€‚
2025-09-30 00:57:55 - [INFO] - [512280345618546699] å¾Œå°é‡ç½®ä»»å‹™é–‹å§‹...
2025-09-30 00:57:55 - [INFO] - ä½¿ç”¨è€… 512280345618546699 æ²’æœ‰æ´»èºçš„ AI å¯¦ä¾‹ï¼Œå˜—è©¦å‰µå»º...
2025-09-30 00:57:55 - [INFO] - [512280345618546699] æ ¸å¿ƒæ•¸æ“šæ¨¡æ¿ 'world_snapshot_template.txt' å·²æˆåŠŸåŠ è¼‰ã€‚
2025-09-30 00:57:55 - [INFO] - [512280345618546699] æ ¸å¿ƒå”è­° '00_supreme_directive.txt' å·²æˆåŠŸåŠ è¼‰ã€‚
2025-09-30 00:57:55 - [INFO] - [512280345618546699] æ­£åœ¨å‰µå»ºæœ¬åœ° Embedding æ¨¡å‹ 'infgrad/stella-base-zh-v2' å¯¦ä¾‹...
2025-09-30 00:57:58 - [INFO] - [512280345618546699] âœ… æœ¬åœ° Embedding æ¨¡å‹å¯¦ä¾‹å‰µå»ºæˆåŠŸã€‚
2025-09-30 00:57:58 - [INFO] - [512280345618546699] (Retriever Builder) æª¢æ¸¬åˆ°ç¾æœ‰ RAG ç´¢å¼•ï¼Œæ­£åœ¨åŠ è¼‰...
2025-09-30 00:58:04 - [WARNING] - [512280345618546699] (Retriever Builder) BM25 æŒä¹…åŒ–æª”æ¡ˆä¸å­˜åœ¨æˆ–åŠ è¼‰å¤±æ•—ï¼Œå°‡å¾ ChromaDB ä¸­æ¢å¾©èªæ–™åº«ã€‚
2025-09-30 00:58:04 - [INFO] - [512280345618546699] (Retriever Builder) âœ… åƒ…å‘é‡æª¢ç´¢å™¨å·²æˆåŠŸå¾æŒä¹…åŒ–ç´¢å¼•åŠ è¼‰ (BM25ç´¢å¼•ç‚ºç©º)ã€‚
2025-09-30 00:58:04 - [INFO] - [512280345618546699] æ‰€æœ‰æ§‹å»ºéˆçš„å‰ç½®è³‡æºå·²æº–å‚™å°±ç·’ã€‚
2025-09-30 00:58:04 - [INFO] - ç‚ºä½¿ç”¨è€… 512280345618546699 æˆåŠŸå‰µå»ºä¸¦åˆå§‹åŒ– AI å¯¦ä¾‹ã€‚
2025-09-30 00:58:04 - [INFO] - [512280345618546699] æ­£åœ¨å¾è³‡æ–™åº«æ¢å¾©çŸ­æœŸå ´æ™¯è¨˜æ†¶...
2025-09-30 00:58:04 - [INFO] - [512280345618546699] è³‡æ–™åº«ä¸­æ²’æœ‰æ‰¾åˆ°æ­·å²å ´æ™¯è¨˜æ†¶ã€‚
2025-09-30 00:58:04 - [INFO] - [512280345618546699] æ­£åœ¨ç‚ºèˆŠçš„ AI å¯¦ä¾‹åŸ·è¡Œ shutdown...
2025-09-30 00:58:04 - [INFO] - [512280345618546699] æ­£åœ¨é—œé–‰ AI å¯¦ä¾‹ä¸¦é‡‹æ”¾è³‡æº...
2025-09-30 00:58:04 - [INFO] - [512280345618546699] ChromaDB å¾Œå°æœå‹™å·²è«‹æ±‚åœæ­¢ã€‚
2025-09-30 00:58:05 - [INFO] - [512280345618546699] AI å¯¦ä¾‹è³‡æºå·²é‡‹æ”¾ã€‚
2025-09-30 00:58:06 - [INFO] - [512280345618546699] æ­£åœ¨æ¸…é™¤æ‰€æœ‰çŸ­æœŸå ´æ™¯è¨˜æ†¶...
2025-09-30 00:58:06 - [INFO] - [512280345618546699] å·²æˆåŠŸå¾è³‡æ–™åº«ä¸­åˆªé™¤ 0 æ¢å ´æ™¯æ­·å²è¨˜éŒ„ã€‚
2025-09-30 00:58:06 - [INFO] - [512280345618546699] (Robust Delete) æˆåŠŸåˆªé™¤ç›®éŒ„: data\vector_stores\512280345618546699
2025-09-30 00:58:10 - [INFO] - [512280345618546699] (UI Event) Persistent 'StartSetupView' button clicked.
2025-09-30 00:58:14 - [INFO] - [512280345618546699] (UI Event) WorldSettingsModal submitted. is_setup_flow: True
2025-09-30 00:58:15 - [INFO] - ä½¿ç”¨è€… 512280345618546699 æ²’æœ‰æ´»èºçš„ AI å¯¦ä¾‹ï¼Œå˜—è©¦å‰µå»º...
2025-09-30 00:58:15 - [INFO] - [512280345618546699] è™•æ–¼è¨­å®šæµç¨‹ä¸­ï¼Œå³ä½¿è³‡æ–™åº«ç„¡è¨˜éŒ„ï¼Œä¹Ÿå‰µå»ºä¸€å€‹è‡¨æ™‚çš„è¨˜æ†¶é«”å¯¦ä¾‹ã€‚
2025-09-30 00:58:15 - [INFO] - [512280345618546699] æ ¸å¿ƒæ•¸æ“šæ¨¡æ¿ 'world_snapshot_template.txt' å·²æˆåŠŸåŠ è¼‰ã€‚
2025-09-30 00:58:15 - [INFO] - [512280345618546699] æ ¸å¿ƒå”è­° '00_supreme_directive.txt' å·²æˆåŠŸåŠ è¼‰ã€‚
2025-09-30 00:58:15 - [INFO] - [512280345618546699] æ­£åœ¨å‰µå»ºæœ¬åœ° Embedding æ¨¡å‹ 'infgrad/stella-base-zh-v2' å¯¦ä¾‹...
2025-09-30 00:58:16 - [INFO] - [512280345618546699] âœ… æœ¬åœ° Embedding æ¨¡å‹å¯¦ä¾‹å‰µå»ºæˆåŠŸã€‚
2025-09-30 00:58:16 - [INFO] - [512280345618546699] (Retriever Builder) æœªæ‰¾åˆ°æŒä¹…åŒ– RAG ç´¢å¼•ï¼Œæ­£åœ¨å¾è³‡æ–™åº«åŸ·è¡Œå…¨é‡å‰µå§‹æ§‹å»º...
2025-09-30 00:58:16 - [INFO] - [512280345618546699] (Retriever Builder) åŸ·è¡Œå¼·åˆ¶æ¸…ç†ï¼Œæ­£åœ¨åˆªé™¤èˆŠçš„å‘é‡å„²å­˜ç›®éŒ„...
2025-09-30 00:58:16 - [INFO] - [512280345618546699] (Retriever Builder) å·²ç¢ºä¿å‘é‡å„²å­˜ç›®éŒ„ç‚ºå…¨æ–°ç‹€æ…‹ã€‚
2025-09-30 00:58:16 - [INFO] - [512280345618546699] (Retriever Builder) å·²å¾ SQL å’Œ LORE åŠ è¼‰ 0 æ¢æ–‡æª”ç”¨æ–¼å‰µå§‹æ§‹å»ºã€‚
2025-09-30 00:58:16 - [ERROR] - [512280345618546699] (Retriever Builder) ğŸ”¥ åœ¨å‰µå§‹åŒ–ç©ºçš„ RAG ç³»çµ±æ™‚ç™¼ç”Ÿåš´é‡éŒ¯èª¤: Could not connect to tenant default_tenant. Are you sure it exists?
Traceback (most recent call last):
  File "C:\Users\USER\AppData\Local\Programs\Python\Python310\lib\site-packages\chromadb\api\client.py", line 351, in _validate_tenant_database
    self._admin_client.get_tenant(name=tenant)
  File "C:\Users\USER\AppData\Local\Programs\Python\Python310\lib\site-packages\chromadb\api\client.py", line 399, in get_tenant
    return self._server.get_tenant(name=name)
  File "C:\Users\USER\AppData\Local\Programs\Python\Python310\lib\site-packages\chromadb\telemetry\opentelemetry\__init__.py", line 146, in wrapper
    return f(*args, **kwargs)
  File "C:\Users\USER\AppData\Local\Programs\Python\Python310\lib\site-packages\chromadb\api\segment.py", line 144, in get_tenant
    return self._sysdb.get_tenant(name=name)
  File "C:\Users\USER\AppData\Local\Programs\Python\Python310\lib\site-packages\chromadb\db\mixins\sysdb.py", line 132, in get_tenant
    row = cur.execute(sql, params).fetchone()
sqlite3.OperationalError: no such table: tenants

During handling of the above exception, another exception occurred:

Traceback (most recent call last):
  File "D:\DINO\SD\ComfyUI\personal_server\ai_lover_service\src\ai_core.py", line 595, in _load_or_build_rag_retriever
    persistent_client = chromadb.Client(settings)
  File "C:\Users\USER\AppData\Local\Programs\Python\Python310\lib\site-packages\chromadb\__init__.py", line 334, in Client
    return ClientCreator(tenant=tenant, database=database, settings=settings)
  File "C:\Users\USER\AppData\Local\Programs\Python\Python310\lib\site-packages\chromadb\api\client.py", line 60, in __init__
    self._validate_tenant_database(tenant=tenant, database=database)
  File "C:\Users\USER\AppData\Local\Programs\Python\Python310\lib\site-packages\chromadb\api\client.py", line 360, in _validate_tenant_database
    raise ValueError(
ValueError: Could not connect to tenant default_tenant. Are you sure it exists?
2025-09-30 00:58:16 - [INFO] - [512280345618546699] æ‰€æœ‰æ§‹å»ºéˆçš„å‰ç½®è³‡æºå·²æº–å‚™å°±ç·’ã€‚
2025-09-30 00:58:16 - [INFO] - [512280345618546699] æ¥æ”¶åˆ° profile æ›´æ–°è«‹æ±‚: ['world_settings']
2025-09-30 00:58:16 - [WARNING] - [512280345618546699] åœ¨æŒä¹…åŒ–æ›´æ–°æ™‚æ‰¾ä¸åˆ°ä½¿ç”¨è€…è³‡æ–™ï¼Œå°‡å‰µå»ºæ–°è¨˜éŒ„ã€‚
2025-09-30 00:58:16 - [INFO] - [512280345618546699] Profile æ›´æ–°ä¸¦æŒä¹…åŒ–æˆåŠŸã€‚
2025-09-30 00:58:17 - [INFO] - [512280345618546699] (UI Event) Persistent 'ContinueToUserSetupView' button clicked.
2025-09-30 00:58:24 - [INFO] - [512280345618546699] (UI Event) CharacterSettingsModal submitted for profile_type: 'user', is_setup_flow: True
2025-09-30 00:58:24 - [INFO] - [512280345618546699] æ¥æ”¶åˆ° profile æ›´æ–°è«‹æ±‚: ['user_profile']
2025-09-30 00:58:24 - [INFO] - [512280345618546699] Profile æ›´æ–°ä¸¦æŒä¹…åŒ–æˆåŠŸã€‚
2025-09-30 00:58:25 - [INFO] - [512280345618546699] (UI Event) Persistent 'ContinueToAiSetupView' button clicked.
2025-09-30 00:58:36 - [INFO] - [512280345618546699] (UI Event) CharacterSettingsModal submitted for profile_type: 'ai', is_setup_flow: True
2025-09-30 00:58:37 - [INFO] - [512280345618546699] æ¥æ”¶åˆ° profile æ›´æ–°è«‹æ±‚: ['ai_profile']
2025-09-30 00:58:37 - [INFO] - [512280345618546699] Profile æ›´æ–°ä¸¦æŒä¹…åŒ–æˆåŠŸã€‚
2025-09-30 00:58:38 - [INFO] - [512280345618546699] [åˆ›ä¸–æµç¨‹] æ¡£æ¡ˆä¸Šä¼ å¼€å§‹ï¼Œå·²è®¾ç½® active_setups çŠ¶æ€é”ã€‚
2025-09-30 00:58:44 - [INFO] - [512280345618546699] (on_message) åµæ¸¬åˆ°ç”¨æˆ¶è™•æ–¼æ´»èºçš„å‰µä¸–æµç¨‹ä¸­ï¼Œå·²å¿½ç•¥å¸¸è¦è¨Šæ¯ '...' ä»¥é˜²æ­¢ç«¶çˆ­ã€‚
2025-09-30 00:58:47 - [INFO] - [512280345618546699] ç‹¬ç«‹çš„åå°åˆ›ä¸–æµç¨‹å·²ä¸ºç”¨æˆ·å¯åŠ¨ã€‚
2025-09-30 00:58:47 - [INFO] - [512280345618546699] [åå°åˆ›ä¸– 1/4] æ­£åœ¨å¤„ç†ä¸–ç•Œåœ£ç»...
2025-09-30 00:58:47 - [ERROR] - [512280345618546699] (Canon Processor) Vector store æœªåˆå§‹åŒ–ï¼Œç„¡æ³•æ·»åŠ ä¸–ç•Œè–ç¶“ã€‚
2025-09-30 00:58:47 - [INFO] - [512280345618546699] (Retriever Builder) å¼·åˆ¶é‡å»ºè§¸ç™¼ï¼Œæ­£åœ¨å¾è³‡æ–™åº«åŸ·è¡Œå…¨é‡å‰µå§‹æ§‹å»º...
2025-09-30 00:58:47 - [INFO] - [512280345618546699] (Retriever Builder) åŸ·è¡Œå¼·åˆ¶æ¸…ç†ï¼Œæ­£åœ¨åˆªé™¤èˆŠçš„å‘é‡å„²å­˜ç›®éŒ„...
2025-09-30 00:58:47 - [ERROR] - [512280345618546699] åå°åˆ›ä¸–æµç¨‹å‘ç”Ÿä¸¥é‡é”™è¯¯: [WinError 32] ç¨‹åºç„¡æ³•å­˜å–æª”æ¡ˆï¼Œå› ç‚ºæª”æ¡ˆæ­£ç”±å¦ä¸€å€‹ç¨‹åºä½¿ç”¨ã€‚: 'D:\\DINO\\SD\\ComfyUI\\personal_server\\ai_lover_service\\data\\vector_stores\\512280345618546699\\chroma.sqlite3'
Traceback (most recent call last):
  File "D:\DINO\SD\ComfyUI\personal_server\ai_lover_service\src\discord_bot.py", line 1304, in _perform_full_setup_flow
    await ai_instance.add_canon_to_vector_store(canon_text)
  File "D:\DINO\SD\ComfyUI\personal_server\ai_lover_service\src\ai_core.py", line 3681, in add_canon_to_vector_store
    await self._load_or_build_rag_retriever(force_rebuild=True)
  File "D:\DINO\SD\ComfyUI\personal_server\ai_lover_service\src\ai_core.py", line 545, in _load_or_build_rag_retriever
    shutil.rmtree(self.vector_store_path)
  File "C:\Users\USER\AppData\Local\Programs\Python\Python310\lib\shutil.py", line 749, in rmtree
    return _rmtree_unsafe(path, onerror)
  File "C:\Users\USER\AppData\Local\Programs\Python\Python310\lib\shutil.py", line 619, in _rmtree_unsafe
    onerror(os.unlink, fullname, sys.exc_info())
  File "C:\Users\USER\AppData\Local\Programs\Python\Python310\lib\shutil.py", line 617, in _rmtree_unsafe
    os.unlink(fullname)
PermissionError: [WinError 32] ç¨‹åºç„¡æ³•å­˜å–æª”æ¡ˆï¼Œå› ç‚ºæª”æ¡ˆæ­£ç”±å¦ä¸€å€‹ç¨‹åºä½¿ç”¨ã€‚: 'D:\\DINO\\SD\\ComfyUI\\personal_server\\ai_lover_service\\data\\vector_stores\\512280345618546699\\chroma.sqlite3'
2025-09-30 00:58:47 - [INFO] - [512280345618546699] åå°åˆ›ä¸–æµç¨‹ç»“æŸï¼ŒçŠ¶æ€é”å·²é‡Šæ”¾ã€‚
2025-09-30 00:59:00 - [INFO] - [512280345618546699] å¾Œå°é‡ç½®ä»»å‹™é–‹å§‹...
2025-09-30 00:59:00 - [INFO] - [512280345618546699] æ­£åœ¨ç‚ºèˆŠçš„ AI å¯¦ä¾‹åŸ·è¡Œ shutdown...
2025-09-30 00:59:00 - [INFO] - [512280345618546699] æ­£åœ¨é—œé–‰ AI å¯¦ä¾‹ä¸¦é‡‹æ”¾è³‡æº...
2025-09-30 00:59:01 - [INFO] - [512280345618546699] AI å¯¦ä¾‹è³‡æºå·²é‡‹æ”¾ã€‚
2025-09-30 00:59:03 - [INFO] - [512280345618546699] æ­£åœ¨æ¸…é™¤æ‰€æœ‰çŸ­æœŸå ´æ™¯è¨˜æ†¶...
2025-09-30 00:59:03 - [INFO] - [512280345618546699] å·²æˆåŠŸå¾è³‡æ–™åº«ä¸­åˆªé™¤ 0 æ¢å ´æ™¯æ­·å²è¨˜éŒ„ã€‚
2025-09-30 00:59:03 - [WARNING] - [512280345618546699] (Robust Delete) åˆªé™¤æ™‚é‡åˆ°æ¬Šé™éŒ¯èª¤ (å¯èƒ½æ˜¯æ–‡ä»¶é–)ï¼Œæº–å‚™åœ¨ 0.5 ç§’å¾Œé‡è©¦ (1/5)...
2025-09-30 00:59:03 - [WARNING] - [512280345618546699] (Robust Delete) åˆªé™¤æ™‚é‡åˆ°æ¬Šé™éŒ¯èª¤ (å¯èƒ½æ˜¯æ–‡ä»¶é–)ï¼Œæº–å‚™åœ¨ 0.5 ç§’å¾Œé‡è©¦ (2/5)...
2025-09-30 00:59:04 - [WARNING] - [512280345618546699] (Robust Delete) åˆªé™¤æ™‚é‡åˆ°æ¬Šé™éŒ¯èª¤ (å¯èƒ½æ˜¯æ–‡ä»¶é–)ï¼Œæº–å‚™åœ¨ 0.5 ç§’å¾Œé‡è©¦ (3/5)...
2025-09-30 00:59:04 - [WARNING] - [512280345618546699] (Robust Delete) åˆªé™¤æ™‚é‡åˆ°æ¬Šé™éŒ¯èª¤ (å¯èƒ½æ˜¯æ–‡ä»¶é–)ï¼Œæº–å‚™åœ¨ 0.5 ç§’å¾Œé‡è©¦ (4/5)...
2025-09-30 00:59:05 - [WARNING] - [512280345618546699] (Robust Delete) åˆªé™¤æ™‚é‡åˆ°æ¬Šé™éŒ¯èª¤ (å¯èƒ½æ˜¯æ–‡ä»¶é–)ï¼Œæº–å‚™åœ¨ 0.5 ç§’å¾Œé‡è©¦ (5/5)...
2025-09-30 00:59:05 - [ERROR] - [512280345618546699] å¾Œå°é‡ç½®ä»»å‹™å¤±æ•—: åœ¨ 5 æ¬¡å˜—è©¦å¾Œï¼Œä»ç„¶ç„¡æ³•åˆªé™¤ç›®éŒ„: data\vector_stores\512280345618546699ã€‚è«‹æ‰‹å‹•æª¢æŸ¥æ–‡ä»¶é–å®šã€‚
Traceback (most recent call last):
  File "D:\DINO\SD\ComfyUI\personal_server\ai_lover_service\src\discord_bot.py", line 1752, in start_reset_flow
    await self._robust_rmtree(vector_store_path)
  File "D:\DINO\SD\ComfyUI\personal_server\ai_lover_service\src\discord_bot.py", line 1714, in _robust_rmtree
    raise RuntimeError(f"åœ¨ {retries} æ¬¡å˜—è©¦å¾Œï¼Œä»ç„¶ç„¡æ³•åˆªé™¤ç›®éŒ„: {path}ã€‚è«‹æ‰‹å‹•æª¢æŸ¥æ–‡ä»¶é–å®šã€‚")
RuntimeError: åœ¨ 5 æ¬¡å˜—è©¦å¾Œï¼Œä»ç„¶ç„¡æ³•åˆªé™¤ç›®éŒ„: data\vector_stores\512280345618546699ã€‚è«‹æ‰‹å‹•æª¢æŸ¥æ–‡ä»¶é–å®šã€‚
2025-09-30 00:59:20 - [INFO] - [512280345618546699] å¾Œå°é‡ç½®ä»»å‹™é–‹å§‹...
2025-09-30 00:59:20 - [INFO] - ä½¿ç”¨è€… 512280345618546699 æ²’æœ‰æ´»èºçš„ AI å¯¦ä¾‹ï¼Œå˜—è©¦å‰µå»º...
2025-09-30 00:59:20 - [INFO] - [512280345618546699] è™•æ–¼è¨­å®šæµç¨‹ä¸­ï¼Œå³ä½¿è³‡æ–™åº«ç„¡è¨˜éŒ„ï¼Œä¹Ÿå‰µå»ºä¸€å€‹è‡¨æ™‚çš„è¨˜æ†¶é«”å¯¦ä¾‹ã€‚
2025-09-30 00:59:20 - [INFO] - [512280345618546699] æ ¸å¿ƒæ•¸æ“šæ¨¡æ¿ 'world_snapshot_template.txt' å·²æˆåŠŸåŠ è¼‰ã€‚
2025-09-30 00:59:20 - [INFO] - [512280345618546699] æ ¸å¿ƒå”è­° '00_supreme_directive.txt' å·²æˆåŠŸåŠ è¼‰ã€‚
2025-09-30 00:59:20 - [INFO] - [512280345618546699] æ­£åœ¨å‰µå»ºæœ¬åœ° Embedding æ¨¡å‹ 'infgrad/stella-base-zh-v2' å¯¦ä¾‹...
2025-09-30 00:59:21 - [INFO] - [512280345618546699] âœ… æœ¬åœ° Embedding æ¨¡å‹å¯¦ä¾‹å‰µå»ºæˆåŠŸã€‚
2025-09-30 00:59:21 - [INFO] - [512280345618546699] (Retriever Builder) æª¢æ¸¬åˆ°ç¾æœ‰ RAG ç´¢å¼•ï¼Œæ­£åœ¨åŠ è¼‰...
2025-09-30 00:59:21 - [ERROR] - [512280345618546699] (Retriever Builder) åŠ è¼‰ç¾æœ‰ç´¢å¼•æ™‚ç™¼ç”ŸéŒ¯èª¤: Could not connect to tenant default_tenant. Are you sure it exists?ã€‚å°‡è§¸ç™¼å…¨é‡é‡å»ºã€‚
Traceback (most recent call last):
  File "C:\Users\USER\AppData\Local\Programs\Python\Python310\lib\site-packages\chromadb\api\client.py", line 351, in _validate_tenant_database
    self._admin_client.get_tenant(name=tenant)
  File "C:\Users\USER\AppData\Local\Programs\Python\Python310\lib\site-packages\chromadb\api\client.py", line 399, in get_tenant
    return self._server.get_tenant(name=name)
  File "C:\Users\USER\AppData\Local\Programs\Python\Python310\lib\site-packages\chromadb\telemetry\opentelemetry\__init__.py", line 146, in wrapper
    return f(*args, **kwargs)
  File "C:\Users\USER\AppData\Local\Programs\Python\Python310\lib\site-packages\chromadb\api\segment.py", line 144, in get_tenant
    return self._sysdb.get_tenant(name=name)
  File "C:\Users\USER\AppData\Local\Programs\Python\Python310\lib\site-packages\chromadb\db\mixins\sysdb.py", line 132, in get_tenant
    row = cur.execute(sql, params).fetchone()
sqlite3.OperationalError: no such table: tenants

During handling of the above exception, another exception occurred:

Traceback (most recent call last):
  File "D:\DINO\SD\ComfyUI\personal_server\ai_lover_service\src\ai_core.py", line 495, in _load_or_build_rag_retriever
    self.vector_store = Chroma(
  File "C:\Users\USER\AppData\Local\Programs\Python\Python310\lib\site-packages\langchain_chroma\vectorstores.py", line 194, in __init__
    self._client = chromadb.Client(_client_settings)
  File "C:\Users\USER\AppData\Local\Programs\Python\Python310\lib\site-packages\chromadb\__init__.py", line 334, in Client
    return ClientCreator(tenant=tenant, database=database, settings=settings)
  File "C:\Users\USER\AppData\Local\Programs\Python\Python310\lib\site-packages\chromadb\api\client.py", line 60, in __init__
    self._validate_tenant_database(tenant=tenant, database=database)
  File "C:\Users\USER\AppData\Local\Programs\Python\Python310\lib\site-packages\chromadb\api\client.py", line 360, in _validate_tenant_database
    raise ValueError(
ValueError: Could not connect to tenant default_tenant. Are you sure it exists?
2025-09-30 00:59:21 - [WARNING] - [512280345618546699] (Retriever Builder) æ­£åœ¨æ¸…ç†å·²æå£çš„ç´¢å¼•ç›®éŒ„: D:\DINO\SD\ComfyUI\personal_server\ai_lover_service\data\vector_stores\512280345618546699
2025-09-30 00:59:21 - [ERROR] - [512280345618546699] ç‚ºè‡¨æ™‚å¯¦ä¾‹é…ç½®å‰ç½®è³‡æºæ™‚å¤±æ•—: [WinError 32] ç¨‹åºç„¡æ³•å­˜å–æª”æ¡ˆï¼Œå› ç‚ºæª”æ¡ˆæ­£ç”±å¦ä¸€å€‹ç¨‹åºä½¿ç”¨ã€‚: 'D:\\DINO\\SD\\ComfyUI\\personal_server\\ai_lover_service\\data\\vector_stores\\512280345618546699\\chroma.sqlite3'
Traceback (most recent call last):
  File "C:\Users\USER\AppData\Local\Programs\Python\Python310\lib\site-packages\chromadb\api\client.py", line 351, in _validate_tenant_database
    self._admin_client.get_tenant(name=tenant)
  File "C:\Users\USER\AppData\Local\Programs\Python\Python310\lib\site-packages\chromadb\api\client.py", line 399, in get_tenant
    return self._server.get_tenant(name=name)
  File "C:\Users\USER\AppData\Local\Programs\Python\Python310\lib\site-packages\chromadb\telemetry\opentelemetry\__init__.py", line 146, in wrapper
    return f(*args, **kwargs)
  File "C:\Users\USER\AppData\Local\Programs\Python\Python310\lib\site-packages\chromadb\api\segment.py", line 144, in get_tenant
    return self._sysdb.get_tenant(name=name)
  File "C:\Users\USER\AppData\Local\Programs\Python\Python310\lib\site-packages\chromadb\db\mixins\sysdb.py", line 132, in get_tenant
    row = cur.execute(sql, params).fetchone()
sqlite3.OperationalError: no such table: tenants

During handling of the above exception, another exception occurred:

Traceback (most recent call last):
  File "D:\DINO\SD\ComfyUI\personal_server\ai_lover_service\src\ai_core.py", line 495, in _load_or_build_rag_retriever
    self.vector_store = Chroma(
  File "C:\Users\USER\AppData\Local\Programs\Python\Python310\lib\site-packages\langchain_chroma\vectorstores.py", line 194, in __init__
    self._client = chromadb.Client(_client_settings)
  File "C:\Users\USER\AppData\Local\Programs\Python\Python310\lib\site-packages\chromadb\__init__.py", line 334, in Client
    return ClientCreator(tenant=tenant, database=database, settings=settings)
  File "C:\Users\USER\AppData\Local\Programs\Python\Python310\lib\site-packages\chromadb\api\client.py", line 60, in __init__
    self._validate_tenant_database(tenant=tenant, database=database)
  File "C:\Users\USER\AppData\Local\Programs\Python\Python310\lib\site-packages\chromadb\api\client.py", line 360, in _validate_tenant_database
    raise ValueError(
ValueError: Could not connect to tenant default_tenant. Are you sure it exists?

During handling of the above exception, another exception occurred:

Traceback (most recent call last):
  File "D:\DINO\SD\ComfyUI\personal_server\ai_lover_service\src\discord_bot.py", line 1369, in get_or_create_ai_instance
    await ai_instance._configure_pre_requisites()
  File "D:\DINO\SD\ComfyUI\personal_server\ai_lover_service\src\ai_core.py", line 3655, in _configure_pre_requisites
    self.retriever = await self._load_or_build_rag_retriever()
  File "D:\DINO\SD\ComfyUI\personal_server\ai_lover_service\src\ai_core.py", line 534, in _load_or_build_rag_retriever
    shutil.rmtree(self.vector_store_path)
  File "C:\Users\USER\AppData\Local\Programs\Python\Python310\lib\shutil.py", line 749, in rmtree
    return _rmtree_unsafe(path, onerror)
  File "C:\Users\USER\AppData\Local\Programs\Python\Python310\lib\shutil.py", line 619, in _rmtree_unsafe
    onerror(os.unlink, fullname, sys.exc_info())
  File "C:\Users\USER\AppData\Local\Programs\Python\Python310\lib\shutil.py", line 617, in _rmtree_unsafe
    os.unlink(fullname)
PermissionError: [WinError 32] ç¨‹åºç„¡æ³•å­˜å–æª”æ¡ˆï¼Œå› ç‚ºæª”æ¡ˆæ­£ç”±å¦ä¸€å€‹ç¨‹åºä½¿ç”¨ã€‚: 'D:\\DINO\\SD\\ComfyUI\\personal_server\\ai_lover_service\\data\\vector_stores\\512280345618546699\\chroma.sqlite3'
2025-09-30 00:59:21 - [INFO] - [512280345618546699] æ­£åœ¨ç‚ºèˆŠçš„ AI å¯¦ä¾‹åŸ·è¡Œ shutdown...
2025-09-30 00:59:21 - [INFO] - [512280345618546699] æ­£åœ¨é—œé–‰ AI å¯¦ä¾‹ä¸¦é‡‹æ”¾è³‡æº...
2025-09-30 00:59:22 - [INFO] - [512280345618546699] AI å¯¦ä¾‹è³‡æºå·²é‡‹æ”¾ã€‚
2025-09-30 00:59:23 - [INFO] - [512280345618546699] æ­£åœ¨æ¸…é™¤æ‰€æœ‰çŸ­æœŸå ´æ™¯è¨˜æ†¶...
2025-09-30 00:59:23 - [INFO] - [512280345618546699] å·²æˆåŠŸå¾è³‡æ–™åº«ä¸­åˆªé™¤ 0 æ¢å ´æ™¯æ­·å²è¨˜éŒ„ã€‚
2025-09-30 00:59:23 - [WARNING] - [512280345618546699] (Robust Delete) åˆªé™¤æ™‚é‡åˆ°æ¬Šé™éŒ¯èª¤ (å¯èƒ½æ˜¯æ–‡ä»¶é–)ï¼Œæº–å‚™åœ¨ 0.5 ç§’å¾Œé‡è©¦ (1/5)...
2025-09-30 00:59:24 - [WARNING] - [512280345618546699] (Robust Delete) åˆªé™¤æ™‚é‡åˆ°æ¬Šé™éŒ¯èª¤ (å¯èƒ½æ˜¯æ–‡ä»¶é–)ï¼Œæº–å‚™åœ¨ 0.5 ç§’å¾Œé‡è©¦ (2/5)...
2025-09-30 00:59:24 - [WARNING] - [512280345618546699] (Robust Delete) åˆªé™¤æ™‚é‡åˆ°æ¬Šé™éŒ¯èª¤ (å¯èƒ½æ˜¯æ–‡ä»¶é–)ï¼Œæº–å‚™åœ¨ 0.5 ç§’å¾Œé‡è©¦ (3/5)...
2025-09-30 00:59:25 - [WARNING] - [512280345618546699] (Robust Delete) åˆªé™¤æ™‚é‡åˆ°æ¬Šé™éŒ¯èª¤ (å¯èƒ½æ˜¯æ–‡ä»¶é–)ï¼Œæº–å‚™åœ¨ 0.5 ç§’å¾Œé‡è©¦ (4/5)...
2025-09-30 00:59:25 - [WARNING] - [512280345618546699] (Robust Delete) åˆªé™¤æ™‚é‡åˆ°æ¬Šé™éŒ¯èª¤ (å¯èƒ½æ˜¯æ–‡ä»¶é–)ï¼Œæº–å‚™åœ¨ 0.5 ç§’å¾Œé‡è©¦ (5/5)...
2025-09-30 00:59:26 - [ERROR] - [512280345618546699] å¾Œå°é‡ç½®ä»»å‹™å¤±æ•—: åœ¨ 5 æ¬¡å˜—è©¦å¾Œï¼Œä»ç„¶ç„¡æ³•åˆªé™¤ç›®éŒ„: data\vector_stores\512280345618546699ã€‚è«‹æ‰‹å‹•æª¢æŸ¥æ–‡ä»¶é–å®šã€‚
Traceback (most recent call last):
  File "D:\DINO\SD\ComfyUI\personal_server\ai_lover_service\src\discord_bot.py", line 1752, in start_reset_flow
    await self._robust_rmtree(vector_store_path)
  File "D:\DINO\SD\ComfyUI\personal_server\ai_lover_service\src\discord_bot.py", line 1714, in _robust_rmtree
    raise RuntimeError(f"åœ¨ {retries} æ¬¡å˜—è©¦å¾Œï¼Œä»ç„¶ç„¡æ³•åˆªé™¤ç›®éŒ„: {path}ã€‚è«‹æ‰‹å‹•æª¢æŸ¥æ–‡ä»¶é–å®šã€‚")
RuntimeError: åœ¨ 5 æ¬¡å˜—è©¦å¾Œï¼Œä»ç„¶ç„¡æ³•åˆªé™¤ç›®éŒ„: data\vector_stores\512280345618546699ã€‚è«‹æ‰‹å‹•æª¢æŸ¥æ–‡ä»¶é–å®šã€‚
2025-09-30 01:01:38 - [INFO] - æ‰€æœ‰æŒä¹…åŒ– UI è¦–åœ–å·²æˆåŠŸè¨»å†Šã€‚
2025-09-30 01:01:38 - [INFO] - æ­£åœ¨å˜—è©¦å°‡æ‡‰ç”¨ç¨‹å¼æŒ‡ä»¤ (Slash Commands) å…¨åŸŸåŒæ­¥åˆ° Discord...
2025-09-30 01:01:38 - [INFO] - âœ… æ‡‰ç”¨ç¨‹å¼æŒ‡ä»¤å…¨åŸŸåŒæ­¥æˆåŠŸï¼(æ³¨æ„ï¼šå…¨åŸŸæŒ‡ä»¤æ›´æ–°å¯èƒ½éœ€è¦é•·é”ä¸€å°æ™‚æ‰èƒ½åœ¨æ‰€æœ‰ä¼ºæœå™¨ç”Ÿæ•ˆ)
2025-09-30 01:01:38 - [INFO] - Discord Bot is ready!
2025-09-30 01:01:41 - [INFO] - ã€å¥åº·æª¢æŸ¥ & Keep-Aliveã€‘èƒŒæ™¯ä»»å‹™å·²å•Ÿå‹•ã€‚
2025-09-30 01:01:41 - [INFO] - Logged in as AI#4450 (ID: 1358417100250808531)
2025-09-30 01:01:41 - [INFO] - å·²æˆåŠŸç™¼é€å•Ÿå‹•æˆåŠŸé€šçŸ¥çµ¦ç®¡ç†å“¡ã€‚
2025-09-30 01:01:47 - [INFO] - [512280345618546699] å¾Œå°é‡ç½®ä»»å‹™é–‹å§‹...
2025-09-30 01:01:47 - [INFO] - ä½¿ç”¨è€… 512280345618546699 æ²’æœ‰æ´»èºçš„ AI å¯¦ä¾‹ï¼Œå˜—è©¦å‰µå»º...
2025-09-30 01:01:47 - [INFO] - [512280345618546699] è™•æ–¼è¨­å®šæµç¨‹ä¸­ï¼Œå³ä½¿è³‡æ–™åº«ç„¡è¨˜éŒ„ï¼Œä¹Ÿå‰µå»ºä¸€å€‹è‡¨æ™‚çš„è¨˜æ†¶é«”å¯¦ä¾‹ã€‚
2025-09-30 01:01:47 - [INFO] - [512280345618546699] æ ¸å¿ƒæ•¸æ“šæ¨¡æ¿ 'world_snapshot_template.txt' å·²æˆåŠŸåŠ è¼‰ã€‚
2025-09-30 01:01:47 - [INFO] - [512280345618546699] æ ¸å¿ƒå”è­° '00_supreme_directive.txt' å·²æˆåŠŸåŠ è¼‰ã€‚
2025-09-30 01:01:47 - [INFO] - [512280345618546699] æ­£åœ¨å‰µå»ºæœ¬åœ° Embedding æ¨¡å‹ 'infgrad/stella-base-zh-v2' å¯¦ä¾‹...
2025-09-30 01:01:50 - [INFO] - [512280345618546699] âœ… æœ¬åœ° Embedding æ¨¡å‹å¯¦ä¾‹å‰µå»ºæˆåŠŸã€‚
2025-09-30 01:01:50 - [INFO] - [512280345618546699] (Retriever Builder) æª¢æ¸¬åˆ°ç¾æœ‰ RAG ç´¢å¼•ï¼Œæ­£åœ¨åŠ è¼‰...
2025-09-30 01:01:57 - [WARNING] - [512280345618546699] (Retriever Builder) BM25 æŒä¹…åŒ–æª”æ¡ˆä¸å­˜åœ¨æˆ–åŠ è¼‰å¤±æ•—ï¼Œå°‡å¾ ChromaDB ä¸­æ¢å¾©èªæ–™åº«ã€‚
2025-09-30 01:01:57 - [INFO] - [512280345618546699] (Retriever Builder) âœ… åƒ…å‘é‡æª¢ç´¢å™¨å·²æˆåŠŸå¾æŒä¹…åŒ–ç´¢å¼•åŠ è¼‰ (BM25ç´¢å¼•ç‚ºç©º)ã€‚
2025-09-30 01:01:57 - [INFO] - [512280345618546699] æ‰€æœ‰æ§‹å»ºéˆçš„å‰ç½®è³‡æºå·²æº–å‚™å°±ç·’ã€‚
2025-09-30 01:01:57 - [INFO] - [512280345618546699] æ­£åœ¨æ¸…é™¤æ‰€æœ‰çŸ­æœŸå ´æ™¯è¨˜æ†¶...
2025-09-30 01:01:57 - [INFO] - [512280345618546699] å·²æˆåŠŸå¾è³‡æ–™åº«ä¸­åˆªé™¤ 0 æ¢å ´æ™¯æ­·å²è¨˜éŒ„ã€‚
2025-09-30 01:01:57 - [WARNING] - [512280345618546699] (Robust Delete) åˆªé™¤æ™‚é‡åˆ°æ¬Šé™éŒ¯èª¤ (å¯èƒ½æ˜¯æ–‡ä»¶é–)ï¼Œæº–å‚™åœ¨ 0.5 ç§’å¾Œé‡è©¦ (1/5)...
