### AI Lover Log - Last updated at 2025-09-30T00:36:41.880632 ###

2025-09-30 00:20:15 - [INFO] - Discord Bot is ready!
2025-09-30 00:20:18 - [INFO] - ã€å¥åº·æª¢æŸ¥ & Keep-Aliveã€‘èƒŒæ™¯ä»»å‹™å·²å•Ÿå‹•ã€‚
2025-09-30 00:20:18 - [INFO] - Logged in as AI#4450 (ID: 1358417100250808531)
2025-09-30 00:20:19 - [INFO] - å·²æˆåŠŸç™¼é€å•Ÿå‹•æˆåŠŸé€šçŸ¥çµ¦ç®¡ç†å“¡ã€‚
2025-09-30 00:21:42 - [INFO] - [512280345618546699] å¾Œå°é‡ç½®ä»»å‹™é–‹å§‹...
2025-09-30 00:21:42 - [INFO] - ä½¿ç”¨è€… 512280345618546699 æ²’æœ‰æ´»èºçš„ AI å¯¦ä¾‹ï¼Œå˜—è©¦å‰µå»º...
2025-09-30 00:21:42 - [INFO] - [512280345618546699] æ ¸å¿ƒæ•¸æ“šæ¨¡æ¿ 'world_snapshot_template.txt' å·²æˆåŠŸåŠ è¼‰ã€‚
2025-09-30 00:21:42 - [INFO] - [512280345618546699] æ ¸å¿ƒå”è­° '00_supreme_directive.txt' å·²æˆåŠŸåŠ è¼‰ã€‚
2025-09-30 00:21:42 - [INFO] - [512280345618546699] æ­£åœ¨å‰µå»ºæœ¬åœ° Embedding æ¨¡å‹ 'infgrad/stella-base-zh-v2' å¯¦ä¾‹...
2025-09-30 00:21:45 - [INFO] - [512280345618546699] âœ… æœ¬åœ° Embedding æ¨¡å‹å¯¦ä¾‹å‰µå»ºæˆåŠŸã€‚
2025-09-30 00:21:45 - [INFO] - [512280345618546699] (Retriever Builder) æª¢æ¸¬åˆ°ç¾æœ‰ RAG ç´¢å¼•ï¼Œæ­£åœ¨åŠ è¼‰...
2025-09-30 00:21:45 - [INFO] - [512280345618546699] [RAGæŒä¹…åŒ–] æˆåŠŸå¾ç£ç¢ŸåŠ è¼‰äº† 80 æ¢æ–‡æª”åˆ° RAG èªæ–™åº«ã€‚
2025-09-30 00:21:47 - [INFO] - [512280345618546699] (Retriever Builder) âœ… æ··åˆæª¢ç´¢å™¨å·²æˆåŠŸå¾æŒä¹…åŒ–ç´¢å¼•åŠ è¼‰ã€‚
2025-09-30 00:21:47 - [INFO] - [512280345618546699] æ‰€æœ‰æ§‹å»ºéˆçš„å‰ç½®è³‡æºå·²æº–å‚™å°±ç·’ã€‚
2025-09-30 00:21:47 - [INFO] - ç‚ºä½¿ç”¨è€… 512280345618546699 æˆåŠŸå‰µå»ºä¸¦åˆå§‹åŒ– AI å¯¦ä¾‹ã€‚
2025-09-30 00:21:47 - [INFO] - [512280345618546699] æ­£åœ¨å¾è³‡æ–™åº«æ¢å¾©çŸ­æœŸå ´æ™¯è¨˜æ†¶...
2025-09-30 00:21:47 - [INFO] - [512280345618546699] æˆåŠŸæ¢å¾©äº† 1 å€‹å ´æ™¯çš„å°è©±æ­·å²ï¼Œç¸½è¨ˆ 5 æ¢è¨Šæ¯ã€‚
2025-09-30 00:21:47 - [INFO] - [512280345618546699] æ­£åœ¨é—œé–‰ AI å¯¦ä¾‹ä¸¦é‡‹æ”¾è³‡æº...
2025-09-30 00:21:47 - [INFO] - [512280345618546699] ChromaDB å¾Œå°æœå‹™å·²è«‹æ±‚åœæ­¢ã€‚
2025-09-30 00:21:48 - [INFO] - [512280345618546699] AI å¯¦ä¾‹è³‡æºå·²é‡‹æ”¾ã€‚
2025-09-30 00:21:50 - [INFO] - [512280345618546699] æ­£åœ¨æ¸…é™¤æ‰€æœ‰çŸ­æœŸå ´æ™¯è¨˜æ†¶...
2025-09-30 00:21:50 - [INFO] - [512280345618546699] å·²æˆåŠŸå¾è³‡æ–™åº«ä¸­åˆªé™¤ 5 æ¢å ´æ™¯æ­·å²è¨˜éŒ„ã€‚
2025-09-30 00:22:05 - [INFO] - [512280345618546699] (UI Event) Persistent 'StartSetupView' button clicked.
2025-09-30 00:22:21 - [INFO] - [512280345618546699] (UI Event) WorldSettingsModal submitted. is_setup_flow: True
2025-09-30 00:22:21 - [INFO] - ä½¿ç”¨è€… 512280345618546699 æ²’æœ‰æ´»èºçš„ AI å¯¦ä¾‹ï¼Œå˜—è©¦å‰µå»º...
2025-09-30 00:22:21 - [INFO] - [512280345618546699] è™•æ–¼è¨­å®šæµç¨‹ä¸­ï¼Œå³ä½¿è³‡æ–™åº«ç„¡è¨˜éŒ„ï¼Œä¹Ÿå‰µå»ºä¸€å€‹è‡¨æ™‚çš„è¨˜æ†¶é«”å¯¦ä¾‹ã€‚
2025-09-30 00:22:21 - [INFO] - [512280345618546699] æ ¸å¿ƒæ•¸æ“šæ¨¡æ¿ 'world_snapshot_template.txt' å·²æˆåŠŸåŠ è¼‰ã€‚
2025-09-30 00:22:21 - [INFO] - [512280345618546699] æ ¸å¿ƒå”è­° '00_supreme_directive.txt' å·²æˆåŠŸåŠ è¼‰ã€‚
2025-09-30 00:22:21 - [INFO] - [512280345618546699] æ­£åœ¨å‰µå»ºæœ¬åœ° Embedding æ¨¡å‹ 'infgrad/stella-base-zh-v2' å¯¦ä¾‹...
2025-09-30 00:22:22 - [INFO] - [512280345618546699] âœ… æœ¬åœ° Embedding æ¨¡å‹å¯¦ä¾‹å‰µå»ºæˆåŠŸã€‚
2025-09-30 00:22:22 - [INFO] - [512280345618546699] (Retriever Builder) æœªæ‰¾åˆ°æŒä¹…åŒ– RAG ç´¢å¼•ï¼Œæ­£åœ¨å¾è³‡æ–™åº«åŸ·è¡Œå…¨é‡å‰µå§‹æ§‹å»º...
2025-09-30 00:22:22 - [INFO] - [512280345618546699] (Retriever Builder) å·²å¾ SQL å’Œ LORE åŠ è¼‰ 0 æ¢æ–‡æª”ç”¨æ–¼å‰µå§‹æ§‹å»ºã€‚
2025-09-30 00:22:22 - [INFO] - [512280345618546699] (Retriever Builder) çŸ¥è­˜åº«ç‚ºç©ºï¼Œå‰µå§‹æ§‹å»ºç‚ºç©ºã€‚
2025-09-30 00:22:22 - [INFO] - [512280345618546699] æ‰€æœ‰æ§‹å»ºéˆçš„å‰ç½®è³‡æºå·²æº–å‚™å°±ç·’ã€‚
2025-09-30 00:22:22 - [INFO] - [512280345618546699] æ¥æ”¶åˆ° profile æ›´æ–°è«‹æ±‚: ['world_settings']
2025-09-30 00:22:22 - [WARNING] - [512280345618546699] åœ¨æŒä¹…åŒ–æ›´æ–°æ™‚æ‰¾ä¸åˆ°ä½¿ç”¨è€…è³‡æ–™ï¼Œå°‡å‰µå»ºæ–°è¨˜éŒ„ã€‚
2025-09-30 00:22:23 - [INFO] - [512280345618546699] Profile æ›´æ–°ä¸¦æŒä¹…åŒ–æˆåŠŸã€‚
2025-09-30 00:22:30 - [INFO] - [512280345618546699] (UI Event) Persistent 'ContinueToUserSetupView' button clicked.
2025-09-30 00:22:54 - [INFO] - [512280345618546699] (UI Event) CharacterSettingsModal submitted for profile_type: 'user', is_setup_flow: True
2025-09-30 00:22:55 - [INFO] - [512280345618546699] æ¥æ”¶åˆ° profile æ›´æ–°è«‹æ±‚: ['user_profile']
2025-09-30 00:22:55 - [INFO] - [512280345618546699] Profile æ›´æ–°ä¸¦æŒä¹…åŒ–æˆåŠŸã€‚
2025-09-30 00:22:57 - [INFO] - [512280345618546699] (UI Event) Persistent 'ContinueToAiSetupView' button clicked.
2025-09-30 00:23:32 - [INFO] - [512280345618546699] (UI Event) CharacterSettingsModal submitted for profile_type: 'ai', is_setup_flow: True
2025-09-30 00:23:32 - [INFO] - [512280345618546699] æ¥æ”¶åˆ° profile æ›´æ–°è«‹æ±‚: ['ai_profile']
2025-09-30 00:23:33 - [INFO] - [512280345618546699] Profile æ›´æ–°ä¸¦æŒä¹…åŒ–æˆåŠŸã€‚
2025-09-30 00:23:35 - [INFO] - [512280345618546699] [åˆ›ä¸–æµç¨‹] æ¡£æ¡ˆä¸Šä¼ å¼€å§‹ï¼Œå·²è®¾ç½® active_setups çŠ¶æ€é”ã€‚
2025-09-30 00:23:42 - [INFO] - [512280345618546699] (on_message) åµæ¸¬åˆ°ç”¨æˆ¶è™•æ–¼æ´»èºçš„å‰µä¸–æµç¨‹ä¸­ï¼Œå·²å¿½ç•¥å¸¸è¦è¨Šæ¯ '...' ä»¥é˜²æ­¢ç«¶çˆ­ã€‚
2025-09-30 00:23:45 - [INFO] - [512280345618546699] ç‹¬ç«‹çš„åå°åˆ›ä¸–æµç¨‹å·²ä¸ºç”¨æˆ·å¯åŠ¨ã€‚
2025-09-30 00:23:45 - [INFO] - [512280345618546699] [åå°åˆ›ä¸– 1/4] æ­£åœ¨å¤„ç†ä¸–ç•Œåœ£ç»...
2025-09-30 00:23:45 - [ERROR] - [512280345618546699] (Canon Processor) Vector store æœªåˆå§‹åŒ–ï¼Œç„¡æ³•æ·»åŠ ä¸–ç•Œè–ç¶“ã€‚
2025-09-30 00:23:45 - [INFO] - [512280345618546699] (Retriever Builder) å¼·åˆ¶é‡å»ºè§¸ç™¼ï¼Œæ­£åœ¨å¾è³‡æ–™åº«åŸ·è¡Œå…¨é‡å‰µå§‹æ§‹å»º...
2025-09-30 00:23:45 - [INFO] - [512280345618546699] (Retriever Builder) å·²å¾ SQL å’Œ LORE åŠ è¼‰ 0 æ¢æ–‡æª”ç”¨æ–¼å‰µå§‹æ§‹å»ºã€‚
2025-09-30 00:23:45 - [INFO] - [512280345618546699] (Retriever Builder) çŸ¥è­˜åº«ç‚ºç©ºï¼Œå‰µå§‹æ§‹å»ºç‚ºç©ºã€‚
2025-09-30 00:23:45 - [ERROR] - [512280345618546699] åå°åˆ›ä¸–æµç¨‹å‘ç”Ÿä¸¥é‡é”™è¯¯: å³ä½¿åœ¨å¼·åˆ¶é‡å»ºå¾Œï¼ŒVector Store ä»ç„¶ç„¡æ³•åˆå§‹åŒ–ã€‚
Traceback (most recent call last):
  File "D:\DINO\SD\ComfyUI\personal_server\ai_lover_service\src\discord_bot.py", line 1303, in _perform_full_setup_flow
    await ai_instance.add_canon_to_vector_store(canon_text)
  File "D:\DINO\SD\ComfyUI\personal_server\ai_lover_service\src\ai_core.py", line 3649, in add_canon_to_vector_store
    raise RuntimeError("å³ä½¿åœ¨å¼·åˆ¶é‡å»ºå¾Œï¼ŒVector Store ä»ç„¶ç„¡æ³•åˆå§‹åŒ–ã€‚")
RuntimeError: å³ä½¿åœ¨å¼·åˆ¶é‡å»ºå¾Œï¼ŒVector Store ä»ç„¶ç„¡æ³•åˆå§‹åŒ–ã€‚
2025-09-30 00:23:45 - [INFO] - [512280345618546699] åå°åˆ›ä¸–æµç¨‹ç»“æŸï¼ŒçŠ¶æ€é”å·²é‡Šæ”¾ã€‚
2025-09-30 00:25:49 - [INFO] - æ‰€æœ‰æŒä¹…åŒ– UI è¦–åœ–å·²æˆåŠŸè¨»å†Šã€‚
2025-09-30 00:25:49 - [INFO] - æ­£åœ¨å˜—è©¦å°‡æ‡‰ç”¨ç¨‹å¼æŒ‡ä»¤ (Slash Commands) å…¨åŸŸåŒæ­¥åˆ° Discord...
2025-09-30 00:25:50 - [INFO] - âœ… æ‡‰ç”¨ç¨‹å¼æŒ‡ä»¤å…¨åŸŸåŒæ­¥æˆåŠŸï¼(æ³¨æ„ï¼šå…¨åŸŸæŒ‡ä»¤æ›´æ–°å¯èƒ½éœ€è¦é•·é”ä¸€å°æ™‚æ‰èƒ½åœ¨æ‰€æœ‰ä¼ºæœå™¨ç”Ÿæ•ˆ)
2025-09-30 00:25:50 - [INFO] - Discord Bot is ready!
2025-09-30 00:25:52 - [INFO] - ã€å¥åº·æª¢æŸ¥ & Keep-Aliveã€‘èƒŒæ™¯ä»»å‹™å·²å•Ÿå‹•ã€‚
2025-09-30 00:25:52 - [INFO] - Logged in as AI#4450 (ID: 1358417100250808531)
2025-09-30 00:25:53 - [INFO] - å·²æˆåŠŸç™¼é€å•Ÿå‹•æˆåŠŸé€šçŸ¥çµ¦ç®¡ç†å“¡ã€‚
2025-09-30 00:26:05 - [INFO] - [512280345618546699] å¾Œå°é‡ç½®ä»»å‹™é–‹å§‹...
2025-09-30 00:26:05 - [INFO] - ä½¿ç”¨è€… 512280345618546699 æ²’æœ‰æ´»èºçš„ AI å¯¦ä¾‹ï¼Œå˜—è©¦å‰µå»º...
2025-09-30 00:26:05 - [INFO] - [512280345618546699] æ ¸å¿ƒæ•¸æ“šæ¨¡æ¿ 'world_snapshot_template.txt' å·²æˆåŠŸåŠ è¼‰ã€‚
2025-09-30 00:26:05 - [INFO] - [512280345618546699] æ ¸å¿ƒå”è­° '00_supreme_directive.txt' å·²æˆåŠŸåŠ è¼‰ã€‚
2025-09-30 00:26:05 - [INFO] - [512280345618546699] æ­£åœ¨å‰µå»ºæœ¬åœ° Embedding æ¨¡å‹ 'infgrad/stella-base-zh-v2' å¯¦ä¾‹...
2025-09-30 00:26:08 - [INFO] - [512280345618546699] âœ… æœ¬åœ° Embedding æ¨¡å‹å¯¦ä¾‹å‰µå»ºæˆåŠŸã€‚
2025-09-30 00:26:08 - [INFO] - [512280345618546699] (Retriever Builder) æœªæ‰¾åˆ°æŒä¹…åŒ– RAG ç´¢å¼•ï¼Œæ­£åœ¨å¾è³‡æ–™åº«åŸ·è¡Œå…¨é‡å‰µå§‹æ§‹å»º...
2025-09-30 00:26:08 - [INFO] - [512280345618546699] (Retriever Builder) å·²å¾ SQL å’Œ LORE åŠ è¼‰ 0 æ¢æ–‡æª”ç”¨æ–¼å‰µå§‹æ§‹å»ºã€‚
2025-09-30 00:26:19 - [INFO] - [512280345618546699] (Retriever Builder) çŸ¥è­˜åº«ç‚ºç©ºï¼Œå·²å‰µå§‹åŒ–ä¸€å€‹ç©ºçš„ RAG ç³»çµ±ã€‚
2025-09-30 00:26:19 - [INFO] - [512280345618546699] æ‰€æœ‰æ§‹å»ºéˆçš„å‰ç½®è³‡æºå·²æº–å‚™å°±ç·’ã€‚
2025-09-30 00:26:19 - [INFO] - ç‚ºä½¿ç”¨è€… 512280345618546699 æˆåŠŸå‰µå»ºä¸¦åˆå§‹åŒ– AI å¯¦ä¾‹ã€‚
2025-09-30 00:26:19 - [INFO] - [512280345618546699] æ­£åœ¨å¾è³‡æ–™åº«æ¢å¾©çŸ­æœŸå ´æ™¯è¨˜æ†¶...
2025-09-30 00:26:19 - [INFO] - [512280345618546699] è³‡æ–™åº«ä¸­æ²’æœ‰æ‰¾åˆ°æ­·å²å ´æ™¯è¨˜æ†¶ã€‚
2025-09-30 00:26:19 - [INFO] - [512280345618546699] æ­£åœ¨é—œé–‰ AI å¯¦ä¾‹ä¸¦é‡‹æ”¾è³‡æº...
2025-09-30 00:26:19 - [INFO] - [512280345618546699] ChromaDB å¾Œå°æœå‹™å·²è«‹æ±‚åœæ­¢ã€‚
2025-09-30 00:26:20 - [INFO] - [512280345618546699] AI å¯¦ä¾‹è³‡æºå·²é‡‹æ”¾ã€‚
2025-09-30 00:26:22 - [INFO] - [512280345618546699] æ­£åœ¨æ¸…é™¤æ‰€æœ‰çŸ­æœŸå ´æ™¯è¨˜æ†¶...
2025-09-30 00:26:22 - [INFO] - [512280345618546699] å·²æˆåŠŸå¾è³‡æ–™åº«ä¸­åˆªé™¤ 0 æ¢å ´æ™¯æ­·å²è¨˜éŒ„ã€‚
2025-09-30 00:26:27 - [INFO] - [512280345618546699] (UI Event) Persistent 'StartSetupView' button clicked.
2025-09-30 00:27:18 - [INFO] - [512280345618546699] (UI Event) WorldSettingsModal submitted. is_setup_flow: True
2025-09-30 00:27:19 - [INFO] - ä½¿ç”¨è€… 512280345618546699 æ²’æœ‰æ´»èºçš„ AI å¯¦ä¾‹ï¼Œå˜—è©¦å‰µå»º...
2025-09-30 00:27:19 - [INFO] - [512280345618546699] è™•æ–¼è¨­å®šæµç¨‹ä¸­ï¼Œå³ä½¿è³‡æ–™åº«ç„¡è¨˜éŒ„ï¼Œä¹Ÿå‰µå»ºä¸€å€‹è‡¨æ™‚çš„è¨˜æ†¶é«”å¯¦ä¾‹ã€‚
2025-09-30 00:27:19 - [INFO] - [512280345618546699] æ ¸å¿ƒæ•¸æ“šæ¨¡æ¿ 'world_snapshot_template.txt' å·²æˆåŠŸåŠ è¼‰ã€‚
2025-09-30 00:27:19 - [INFO] - [512280345618546699] æ ¸å¿ƒå”è­° '00_supreme_directive.txt' å·²æˆåŠŸåŠ è¼‰ã€‚
2025-09-30 00:27:19 - [INFO] - [512280345618546699] æ­£åœ¨å‰µå»ºæœ¬åœ° Embedding æ¨¡å‹ 'infgrad/stella-base-zh-v2' å¯¦ä¾‹...
2025-09-30 00:27:20 - [INFO] - [512280345618546699] âœ… æœ¬åœ° Embedding æ¨¡å‹å¯¦ä¾‹å‰µå»ºæˆåŠŸã€‚
2025-09-30 00:27:20 - [INFO] - [512280345618546699] (Retriever Builder) æœªæ‰¾åˆ°æŒä¹…åŒ– RAG ç´¢å¼•ï¼Œæ­£åœ¨å¾è³‡æ–™åº«åŸ·è¡Œå…¨é‡å‰µå§‹æ§‹å»º...
2025-09-30 00:27:20 - [INFO] - [512280345618546699] (Retriever Builder) å·²å¾ SQL å’Œ LORE åŠ è¼‰ 0 æ¢æ–‡æª”ç”¨æ–¼å‰µå§‹æ§‹å»ºã€‚
2025-09-30 00:27:20 - [ERROR] - [512280345618546699] (Retriever Builder) ğŸ”¥ åœ¨å‰µå§‹åŒ–ç©ºçš„ RAG ç³»çµ±æ™‚ç™¼ç”Ÿåš´é‡éŒ¯èª¤: Could not connect to tenant default_tenant. Are you sure it exists?
Traceback (most recent call last):
  File "C:\Users\USER\AppData\Local\Programs\Python\Python310\lib\site-packages\chromadb\api\client.py", line 351, in _validate_tenant_database
    self._admin_client.get_tenant(name=tenant)
  File "C:\Users\USER\AppData\Local\Programs\Python\Python310\lib\site-packages\chromadb\api\client.py", line 399, in get_tenant
    return self._server.get_tenant(name=name)
  File "C:\Users\USER\AppData\Local\Programs\Python\Python310\lib\site-packages\chromadb\telemetry\opentelemetry\__init__.py", line 146, in wrapper
    return f(*args, **kwargs)
  File "C:\Users\USER\AppData\Local\Programs\Python\Python310\lib\site-packages\chromadb\api\segment.py", line 144, in get_tenant
    return self._sysdb.get_tenant(name=name)
  File "C:\Users\USER\AppData\Local\Programs\Python\Python310\lib\site-packages\chromadb\db\mixins\sysdb.py", line 132, in get_tenant
    row = cur.execute(sql, params).fetchone()
sqlite3.OperationalError: no such table: tenants

During handling of the above exception, another exception occurred:

Traceback (most recent call last):
  File "D:\DINO\SD\ComfyUI\personal_server\ai_lover_service\src\ai_core.py", line 583, in _load_or_build_rag_retriever
    self.vector_store = Chroma(
  File "C:\Users\USER\AppData\Local\Programs\Python\Python310\lib\site-packages\langchain_chroma\vectorstores.py", line 194, in __init__
    self._client = chromadb.Client(_client_settings)
  File "C:\Users\USER\AppData\Local\Programs\Python\Python310\lib\site-packages\chromadb\__init__.py", line 334, in Client
    return ClientCreator(tenant=tenant, database=database, settings=settings)
  File "C:\Users\USER\AppData\Local\Programs\Python\Python310\lib\site-packages\chromadb\api\client.py", line 60, in __init__
    self._validate_tenant_database(tenant=tenant, database=database)
  File "C:\Users\USER\AppData\Local\Programs\Python\Python310\lib\site-packages\chromadb\api\client.py", line 360, in _validate_tenant_database
    raise ValueError(
ValueError: Could not connect to tenant default_tenant. Are you sure it exists?
2025-09-30 00:27:20 - [INFO] - [512280345618546699] æ‰€æœ‰æ§‹å»ºéˆçš„å‰ç½®è³‡æºå·²æº–å‚™å°±ç·’ã€‚
2025-09-30 00:27:20 - [INFO] - [512280345618546699] æ¥æ”¶åˆ° profile æ›´æ–°è«‹æ±‚: ['world_settings']
2025-09-30 00:27:20 - [WARNING] - [512280345618546699] åœ¨æŒä¹…åŒ–æ›´æ–°æ™‚æ‰¾ä¸åˆ°ä½¿ç”¨è€…è³‡æ–™ï¼Œå°‡å‰µå»ºæ–°è¨˜éŒ„ã€‚
2025-09-30 00:27:22 - [INFO] - [512280345618546699] Profile æ›´æ–°ä¸¦æŒä¹…åŒ–æˆåŠŸã€‚
2025-09-30 00:27:24 - [INFO] - [512280345618546699] (UI Event) Persistent 'ContinueToUserSetupView' button clicked.
2025-09-30 00:27:33 - [INFO] - [512280345618546699] (UI Event) CharacterSettingsModal submitted for profile_type: 'user', is_setup_flow: True
2025-09-30 00:27:33 - [INFO] - [512280345618546699] æ¥æ”¶åˆ° profile æ›´æ–°è«‹æ±‚: ['user_profile']
2025-09-30 00:27:33 - [INFO] - [512280345618546699] Profile æ›´æ–°ä¸¦æŒä¹…åŒ–æˆåŠŸã€‚
2025-09-30 00:27:34 - [INFO] - [512280345618546699] (UI Event) Persistent 'ContinueToAiSetupView' button clicked.
2025-09-30 00:27:45 - [INFO] - [512280345618546699] (UI Event) CharacterSettingsModal submitted for profile_type: 'ai', is_setup_flow: True
2025-09-30 00:27:45 - [INFO] - [512280345618546699] æ¥æ”¶åˆ° profile æ›´æ–°è«‹æ±‚: ['ai_profile']
2025-09-30 00:27:46 - [INFO] - [512280345618546699] Profile æ›´æ–°ä¸¦æŒä¹…åŒ–æˆåŠŸã€‚
2025-09-30 00:27:48 - [INFO] - [512280345618546699] [åˆ›ä¸–æµç¨‹] æ¡£æ¡ˆä¸Šä¼ å¼€å§‹ï¼Œå·²è®¾ç½® active_setups çŠ¶æ€é”ã€‚
2025-09-30 00:27:55 - [INFO] - [512280345618546699] (on_message) åµæ¸¬åˆ°ç”¨æˆ¶è™•æ–¼æ´»èºçš„å‰µä¸–æµç¨‹ä¸­ï¼Œå·²å¿½ç•¥å¸¸è¦è¨Šæ¯ '...' ä»¥é˜²æ­¢ç«¶çˆ­ã€‚
2025-09-30 00:27:58 - [INFO] - [512280345618546699] ç‹¬ç«‹çš„åå°åˆ›ä¸–æµç¨‹å·²ä¸ºç”¨æˆ·å¯åŠ¨ã€‚
2025-09-30 00:27:58 - [INFO] - [512280345618546699] [åå°åˆ›ä¸– 1/4] æ­£åœ¨å¤„ç†ä¸–ç•Œåœ£ç»...
2025-09-30 00:27:58 - [ERROR] - [512280345618546699] (Canon Processor) Vector store æœªåˆå§‹åŒ–ï¼Œç„¡æ³•æ·»åŠ ä¸–ç•Œè–ç¶“ã€‚
2025-09-30 00:27:58 - [INFO] - [512280345618546699] (Retriever Builder) å¼·åˆ¶é‡å»ºè§¸ç™¼ï¼Œæ­£åœ¨å¾è³‡æ–™åº«åŸ·è¡Œå…¨é‡å‰µå§‹æ§‹å»º...
2025-09-30 00:27:58 - [INFO] - [512280345618546699] (Retriever Builder) å·²å¾ SQL å’Œ LORE åŠ è¼‰ 0 æ¢æ–‡æª”ç”¨æ–¼å‰µå§‹æ§‹å»ºã€‚
2025-09-30 00:27:58 - [ERROR] - [512280345618546699] (Retriever Builder) ğŸ”¥ åœ¨å‰µå§‹åŒ–ç©ºçš„ RAG ç³»çµ±æ™‚ç™¼ç”Ÿåš´é‡éŒ¯èª¤: Could not connect to tenant default_tenant. Are you sure it exists?
Traceback (most recent call last):
  File "C:\Users\USER\AppData\Local\Programs\Python\Python310\lib\site-packages\chromadb\api\client.py", line 351, in _validate_tenant_database
    self._admin_client.get_tenant(name=tenant)
  File "C:\Users\USER\AppData\Local\Programs\Python\Python310\lib\site-packages\chromadb\api\client.py", line 399, in get_tenant
    return self._server.get_tenant(name=name)
  File "C:\Users\USER\AppData\Local\Programs\Python\Python310\lib\site-packages\chromadb\telemetry\opentelemetry\__init__.py", line 146, in wrapper
    return f(*args, **kwargs)
  File "C:\Users\USER\AppData\Local\Programs\Python\Python310\lib\site-packages\chromadb\api\segment.py", line 144, in get_tenant
    return self._sysdb.get_tenant(name=name)
  File "C:\Users\USER\AppData\Local\Programs\Python\Python310\lib\site-packages\chromadb\db\mixins\sysdb.py", line 132, in get_tenant
    row = cur.execute(sql, params).fetchone()
sqlite3.OperationalError: no such table: tenants

During handling of the above exception, another exception occurred:

Traceback (most recent call last):
  File "D:\DINO\SD\ComfyUI\personal_server\ai_lover_service\src\ai_core.py", line 583, in _load_or_build_rag_retriever
    self.vector_store = Chroma(
  File "C:\Users\USER\AppData\Local\Programs\Python\Python310\lib\site-packages\langchain_chroma\vectorstores.py", line 194, in __init__
    self._client = chromadb.Client(_client_settings)
  File "C:\Users\USER\AppData\Local\Programs\Python\Python310\lib\site-packages\chromadb\__init__.py", line 334, in Client
    return ClientCreator(tenant=tenant, database=database, settings=settings)
  File "C:\Users\USER\AppData\Local\Programs\Python\Python310\lib\site-packages\chromadb\api\client.py", line 60, in __init__
    self._validate_tenant_database(tenant=tenant, database=database)
  File "C:\Users\USER\AppData\Local\Programs\Python\Python310\lib\site-packages\chromadb\api\client.py", line 360, in _validate_tenant_database
    raise ValueError(
ValueError: Could not connect to tenant default_tenant. Are you sure it exists?
2025-09-30 00:27:58 - [ERROR] - [512280345618546699] åå°åˆ›ä¸–æµç¨‹å‘ç”Ÿä¸¥é‡é”™è¯¯: å³ä½¿åœ¨å¼·åˆ¶é‡å»ºå¾Œï¼ŒVector Store ä»ç„¶ç„¡æ³•åˆå§‹åŒ–ã€‚
Traceback (most recent call last):
  File "D:\DINO\SD\ComfyUI\personal_server\ai_lover_service\src\discord_bot.py", line 1303, in _perform_full_setup_flow
    await ai_instance.add_canon_to_vector_store(canon_text)
  File "D:\DINO\SD\ComfyUI\personal_server\ai_lover_service\src\ai_core.py", line 3660, in add_canon_to_vector_store
    raise RuntimeError("å³ä½¿åœ¨å¼·åˆ¶é‡å»ºå¾Œï¼ŒVector Store ä»ç„¶ç„¡æ³•åˆå§‹åŒ–ã€‚")
RuntimeError: å³ä½¿åœ¨å¼·åˆ¶é‡å»ºå¾Œï¼ŒVector Store ä»ç„¶ç„¡æ³•åˆå§‹åŒ–ã€‚
2025-09-30 00:27:58 - [INFO] - [512280345618546699] åå°åˆ›ä¸–æµç¨‹ç»“æŸï¼ŒçŠ¶æ€é”å·²é‡Šæ”¾ã€‚
2025-09-30 00:30:45 - [INFO] - æ‰€æœ‰æŒä¹…åŒ– UI è¦–åœ–å·²æˆåŠŸè¨»å†Šã€‚
2025-09-30 00:30:45 - [INFO] - æ­£åœ¨å˜—è©¦å°‡æ‡‰ç”¨ç¨‹å¼æŒ‡ä»¤ (Slash Commands) å…¨åŸŸåŒæ­¥åˆ° Discord...
2025-09-30 00:30:45 - [INFO] - âœ… æ‡‰ç”¨ç¨‹å¼æŒ‡ä»¤å…¨åŸŸåŒæ­¥æˆåŠŸï¼(æ³¨æ„ï¼šå…¨åŸŸæŒ‡ä»¤æ›´æ–°å¯èƒ½éœ€è¦é•·é”ä¸€å°æ™‚æ‰èƒ½åœ¨æ‰€æœ‰ä¼ºæœå™¨ç”Ÿæ•ˆ)
2025-09-30 00:30:45 - [INFO] - Discord Bot is ready!
2025-09-30 00:30:48 - [INFO] - ã€å¥åº·æª¢æŸ¥ & Keep-Aliveã€‘èƒŒæ™¯ä»»å‹™å·²å•Ÿå‹•ã€‚
2025-09-30 00:30:48 - [INFO] - Logged in as AI#4450 (ID: 1358417100250808531)
2025-09-30 00:30:49 - [INFO] - å·²æˆåŠŸç™¼é€å•Ÿå‹•æˆåŠŸé€šçŸ¥çµ¦ç®¡ç†å“¡ã€‚
2025-09-30 00:31:02 - [INFO] - [512280345618546699] å¾Œå°é‡ç½®ä»»å‹™é–‹å§‹...
2025-09-30 00:31:02 - [INFO] - ä½¿ç”¨è€… 512280345618546699 æ²’æœ‰æ´»èºçš„ AI å¯¦ä¾‹ï¼Œå˜—è©¦å‰µå»º...
2025-09-30 00:31:02 - [INFO] - [512280345618546699] æ ¸å¿ƒæ•¸æ“šæ¨¡æ¿ 'world_snapshot_template.txt' å·²æˆåŠŸåŠ è¼‰ã€‚
2025-09-30 00:31:02 - [INFO] - [512280345618546699] æ ¸å¿ƒå”è­° '00_supreme_directive.txt' å·²æˆåŠŸåŠ è¼‰ã€‚
2025-09-30 00:31:02 - [INFO] - [512280345618546699] æ­£åœ¨å‰µå»ºæœ¬åœ° Embedding æ¨¡å‹ 'infgrad/stella-base-zh-v2' å¯¦ä¾‹...
2025-09-30 00:31:05 - [INFO] - [512280345618546699] âœ… æœ¬åœ° Embedding æ¨¡å‹å¯¦ä¾‹å‰µå»ºæˆåŠŸã€‚
2025-09-30 00:31:05 - [INFO] - [512280345618546699] (Retriever Builder) æª¢æ¸¬åˆ°ç¾æœ‰ RAG ç´¢å¼•ï¼Œæ­£åœ¨åŠ è¼‰...
2025-09-30 00:31:10 - [WARNING] - [512280345618546699] (Retriever Builder) BM25 æŒä¹…åŒ–æª”æ¡ˆä¸å­˜åœ¨æˆ–åŠ è¼‰å¤±æ•—ï¼Œå°‡å¾ ChromaDB ä¸­æ¢å¾©èªæ–™åº«ã€‚
2025-09-30 00:31:10 - [INFO] - [512280345618546699] (Retriever Builder) âœ… åƒ…å‘é‡æª¢ç´¢å™¨å·²æˆåŠŸå¾æŒä¹…åŒ–ç´¢å¼•åŠ è¼‰ (BM25ç´¢å¼•ç‚ºç©º)ã€‚
2025-09-30 00:31:10 - [INFO] - [512280345618546699] æ‰€æœ‰æ§‹å»ºéˆçš„å‰ç½®è³‡æºå·²æº–å‚™å°±ç·’ã€‚
2025-09-30 00:31:10 - [INFO] - ç‚ºä½¿ç”¨è€… 512280345618546699 æˆåŠŸå‰µå»ºä¸¦åˆå§‹åŒ– AI å¯¦ä¾‹ã€‚
2025-09-30 00:31:10 - [INFO] - [512280345618546699] æ­£åœ¨å¾è³‡æ–™åº«æ¢å¾©çŸ­æœŸå ´æ™¯è¨˜æ†¶...
2025-09-30 00:31:10 - [INFO] - [512280345618546699] è³‡æ–™åº«ä¸­æ²’æœ‰æ‰¾åˆ°æ­·å²å ´æ™¯è¨˜æ†¶ã€‚
2025-09-30 00:31:10 - [INFO] - [512280345618546699] æ­£åœ¨é—œé–‰ AI å¯¦ä¾‹ä¸¦é‡‹æ”¾è³‡æº...
2025-09-30 00:31:10 - [INFO] - [512280345618546699] ChromaDB å¾Œå°æœå‹™å·²è«‹æ±‚åœæ­¢ã€‚
2025-09-30 00:31:11 - [INFO] - [512280345618546699] AI å¯¦ä¾‹è³‡æºå·²é‡‹æ”¾ã€‚
2025-09-30 00:31:13 - [INFO] - [512280345618546699] æ­£åœ¨æ¸…é™¤æ‰€æœ‰çŸ­æœŸå ´æ™¯è¨˜æ†¶...
2025-09-30 00:31:13 - [INFO] - [512280345618546699] å·²æˆåŠŸå¾è³‡æ–™åº«ä¸­åˆªé™¤ 0 æ¢å ´æ™¯æ­·å²è¨˜éŒ„ã€‚
2025-09-30 00:31:36 - [INFO] - [512280345618546699] (UI Event) Persistent 'StartSetupView' button clicked.
2025-09-30 00:31:40 - [INFO] - [512280345618546699] (UI Event) WorldSettingsModal submitted. is_setup_flow: True
2025-09-30 00:31:40 - [INFO] - ä½¿ç”¨è€… 512280345618546699 æ²’æœ‰æ´»èºçš„ AI å¯¦ä¾‹ï¼Œå˜—è©¦å‰µå»º...
2025-09-30 00:31:40 - [INFO] - [512280345618546699] è™•æ–¼è¨­å®šæµç¨‹ä¸­ï¼Œå³ä½¿è³‡æ–™åº«ç„¡è¨˜éŒ„ï¼Œä¹Ÿå‰µå»ºä¸€å€‹è‡¨æ™‚çš„è¨˜æ†¶é«”å¯¦ä¾‹ã€‚
2025-09-30 00:31:40 - [INFO] - [512280345618546699] æ ¸å¿ƒæ•¸æ“šæ¨¡æ¿ 'world_snapshot_template.txt' å·²æˆåŠŸåŠ è¼‰ã€‚
2025-09-30 00:31:40 - [INFO] - [512280345618546699] æ ¸å¿ƒå”è­° '00_supreme_directive.txt' å·²æˆåŠŸåŠ è¼‰ã€‚
2025-09-30 00:31:40 - [INFO] - [512280345618546699] æ­£åœ¨å‰µå»ºæœ¬åœ° Embedding æ¨¡å‹ 'infgrad/stella-base-zh-v2' å¯¦ä¾‹...
2025-09-30 00:31:41 - [INFO] - [512280345618546699] âœ… æœ¬åœ° Embedding æ¨¡å‹å¯¦ä¾‹å‰µå»ºæˆåŠŸã€‚
2025-09-30 00:31:41 - [INFO] - [512280345618546699] (Retriever Builder) æœªæ‰¾åˆ°æŒä¹…åŒ– RAG ç´¢å¼•ï¼Œæ­£åœ¨å¾è³‡æ–™åº«åŸ·è¡Œå…¨é‡å‰µå§‹æ§‹å»º...
2025-09-30 00:31:41 - [INFO] - [512280345618546699] (Retriever Builder) å·²å¾ SQL å’Œ LORE åŠ è¼‰ 0 æ¢æ–‡æª”ç”¨æ–¼å‰µå§‹æ§‹å»ºã€‚
2025-09-30 00:31:41 - [ERROR] - [512280345618546699] (Retriever Builder) ğŸ”¥ åœ¨å‰µå§‹åŒ–ç©ºçš„ RAG ç³»çµ±æ™‚ç™¼ç”Ÿåš´é‡éŒ¯èª¤: Could not connect to tenant default_tenant. Are you sure it exists?
Traceback (most recent call last):
  File "C:\Users\USER\AppData\Local\Programs\Python\Python310\lib\site-packages\chromadb\api\client.py", line 351, in _validate_tenant_database
    self._admin_client.get_tenant(name=tenant)
  File "C:\Users\USER\AppData\Local\Programs\Python\Python310\lib\site-packages\chromadb\api\client.py", line 399, in get_tenant
    return self._server.get_tenant(name=name)
  File "C:\Users\USER\AppData\Local\Programs\Python\Python310\lib\site-packages\chromadb\telemetry\opentelemetry\__init__.py", line 146, in wrapper
    return f(*args, **kwargs)
  File "C:\Users\USER\AppData\Local\Programs\Python\Python310\lib\site-packages\chromadb\api\segment.py", line 144, in get_tenant
    return self._sysdb.get_tenant(name=name)
  File "C:\Users\USER\AppData\Local\Programs\Python\Python310\lib\site-packages\chromadb\db\mixins\sysdb.py", line 132, in get_tenant
    row = cur.execute(sql, params).fetchone()
sqlite3.OperationalError: no such table: tenants

During handling of the above exception, another exception occurred:

Traceback (most recent call last):
  File "D:\DINO\SD\ComfyUI\personal_server\ai_lover_service\src\ai_core.py", line 584, in _load_or_build_rag_retriever
    persistent_client = chromadb.PersistentClient(path=self.vector_store_path)
  File "C:\Users\USER\AppData\Local\Programs\Python\Python310\lib\site-packages\chromadb\__init__.py", line 153, in PersistentClient
    return ClientCreator(tenant=tenant, database=database, settings=settings)
  File "C:\Users\USER\AppData\Local\Programs\Python\Python310\lib\site-packages\chromadb\api\client.py", line 60, in __init__
    self._validate_tenant_database(tenant=tenant, database=database)
  File "C:\Users\USER\AppData\Local\Programs\Python\Python310\lib\site-packages\chromadb\api\client.py", line 360, in _validate_tenant_database
    raise ValueError(
ValueError: Could not connect to tenant default_tenant. Are you sure it exists?
2025-09-30 00:31:41 - [INFO] - [512280345618546699] æ‰€æœ‰æ§‹å»ºéˆçš„å‰ç½®è³‡æºå·²æº–å‚™å°±ç·’ã€‚
2025-09-30 00:31:41 - [INFO] - [512280345618546699] æ¥æ”¶åˆ° profile æ›´æ–°è«‹æ±‚: ['world_settings']
2025-09-30 00:31:41 - [WARNING] - [512280345618546699] åœ¨æŒä¹…åŒ–æ›´æ–°æ™‚æ‰¾ä¸åˆ°ä½¿ç”¨è€…è³‡æ–™ï¼Œå°‡å‰µå»ºæ–°è¨˜éŒ„ã€‚
2025-09-30 00:31:41 - [INFO] - [512280345618546699] Profile æ›´æ–°ä¸¦æŒä¹…åŒ–æˆåŠŸã€‚
2025-09-30 00:31:43 - [INFO] - [512280345618546699] (UI Event) Persistent 'ContinueToUserSetupView' button clicked.
2025-09-30 00:31:50 - [INFO] - [512280345618546699] (UI Event) CharacterSettingsModal submitted for profile_type: 'user', is_setup_flow: True
2025-09-30 00:31:50 - [INFO] - [512280345618546699] æ¥æ”¶åˆ° profile æ›´æ–°è«‹æ±‚: ['user_profile']
2025-09-30 00:31:50 - [INFO] - [512280345618546699] Profile æ›´æ–°ä¸¦æŒä¹…åŒ–æˆåŠŸã€‚
2025-09-30 00:32:17 - [INFO] - [512280345618546699] (UI Event) Persistent 'ContinueToAiSetupView' button clicked.
2025-09-30 00:32:28 - [INFO] - [512280345618546699] (UI Event) CharacterSettingsModal submitted for profile_type: 'ai', is_setup_flow: True
2025-09-30 00:32:28 - [INFO] - [512280345618546699] æ¥æ”¶åˆ° profile æ›´æ–°è«‹æ±‚: ['ai_profile']
2025-09-30 00:32:28 - [INFO] - [512280345618546699] Profile æ›´æ–°ä¸¦æŒä¹…åŒ–æˆåŠŸã€‚
2025-09-30 00:32:30 - [INFO] - [512280345618546699] [åˆ›ä¸–æµç¨‹] æ¡£æ¡ˆä¸Šä¼ å¼€å§‹ï¼Œå·²è®¾ç½® active_setups çŠ¶æ€é”ã€‚
2025-09-30 00:32:38 - [INFO] - [512280345618546699] (on_message) åµæ¸¬åˆ°ç”¨æˆ¶è™•æ–¼æ´»èºçš„å‰µä¸–æµç¨‹ä¸­ï¼Œå·²å¿½ç•¥å¸¸è¦è¨Šæ¯ '...' ä»¥é˜²æ­¢ç«¶çˆ­ã€‚
2025-09-30 00:32:41 - [INFO] - [512280345618546699] ç‹¬ç«‹çš„åå°åˆ›ä¸–æµç¨‹å·²ä¸ºç”¨æˆ·å¯åŠ¨ã€‚
2025-09-30 00:32:41 - [INFO] - [512280345618546699] [åå°åˆ›ä¸– 1/4] æ­£åœ¨å¤„ç†ä¸–ç•Œåœ£ç»...
2025-09-30 00:32:41 - [ERROR] - [512280345618546699] (Canon Processor) Vector store æœªåˆå§‹åŒ–ï¼Œç„¡æ³•æ·»åŠ ä¸–ç•Œè–ç¶“ã€‚
2025-09-30 00:32:41 - [INFO] - [512280345618546699] (Retriever Builder) å¼·åˆ¶é‡å»ºè§¸ç™¼ï¼Œæ­£åœ¨å¾è³‡æ–™åº«åŸ·è¡Œå…¨é‡å‰µå§‹æ§‹å»º...
2025-09-30 00:32:41 - [INFO] - [512280345618546699] (Retriever Builder) å·²å¾ SQL å’Œ LORE åŠ è¼‰ 0 æ¢æ–‡æª”ç”¨æ–¼å‰µå§‹æ§‹å»ºã€‚
2025-09-30 00:32:41 - [ERROR] - [512280345618546699] (Retriever Builder) ğŸ”¥ åœ¨å‰µå§‹åŒ–ç©ºçš„ RAG ç³»çµ±æ™‚ç™¼ç”Ÿåš´é‡éŒ¯èª¤: Could not connect to tenant default_tenant. Are you sure it exists?
Traceback (most recent call last):
  File "C:\Users\USER\AppData\Local\Programs\Python\Python310\lib\site-packages\chromadb\api\client.py", line 351, in _validate_tenant_database
    self._admin_client.get_tenant(name=tenant)
  File "C:\Users\USER\AppData\Local\Programs\Python\Python310\lib\site-packages\chromadb\api\client.py", line 399, in get_tenant
    return self._server.get_tenant(name=name)
  File "C:\Users\USER\AppData\Local\Programs\Python\Python310\lib\site-packages\chromadb\telemetry\opentelemetry\__init__.py", line 146, in wrapper
    return f(*args, **kwargs)
  File "C:\Users\USER\AppData\Local\Programs\Python\Python310\lib\site-packages\chromadb\api\segment.py", line 144, in get_tenant
    return self._sysdb.get_tenant(name=name)
  File "C:\Users\USER\AppData\Local\Programs\Python\Python310\lib\site-packages\chromadb\db\mixins\sysdb.py", line 132, in get_tenant
    row = cur.execute(sql, params).fetchone()
sqlite3.OperationalError: no such table: tenants

During handling of the above exception, another exception occurred:

Traceback (most recent call last):
  File "D:\DINO\SD\ComfyUI\personal_server\ai_lover_service\src\ai_core.py", line 584, in _load_or_build_rag_retriever
    persistent_client = chromadb.PersistentClient(path=self.vector_store_path)
  File "C:\Users\USER\AppData\Local\Programs\Python\Python310\lib\site-packages\chromadb\__init__.py", line 153, in PersistentClient
    return ClientCreator(tenant=tenant, database=database, settings=settings)
  File "C:\Users\USER\AppData\Local\Programs\Python\Python310\lib\site-packages\chromadb\api\client.py", line 60, in __init__
    self._validate_tenant_database(tenant=tenant, database=database)
  File "C:\Users\USER\AppData\Local\Programs\Python\Python310\lib\site-packages\chromadb\api\client.py", line 360, in _validate_tenant_database
    raise ValueError(
ValueError: Could not connect to tenant default_tenant. Are you sure it exists?
2025-09-30 00:32:41 - [ERROR] - [512280345618546699] åå°åˆ›ä¸–æµç¨‹å‘ç”Ÿä¸¥é‡é”™è¯¯: å³ä½¿åœ¨å¼·åˆ¶é‡å»ºå¾Œï¼ŒVector Store ä»ç„¶ç„¡æ³•åˆå§‹åŒ–ã€‚
Traceback (most recent call last):
  File "D:\DINO\SD\ComfyUI\personal_server\ai_lover_service\src\discord_bot.py", line 1303, in _perform_full_setup_flow
    await ai_instance.add_canon_to_vector_store(canon_text)
  File "D:\DINO\SD\ComfyUI\personal_server\ai_lover_service\src\ai_core.py", line 3664, in add_canon_to_vector_store
    raise RuntimeError("å³ä½¿åœ¨å¼·åˆ¶é‡å»ºå¾Œï¼ŒVector Store ä»ç„¶ç„¡æ³•åˆå§‹åŒ–ã€‚")
RuntimeError: å³ä½¿åœ¨å¼·åˆ¶é‡å»ºå¾Œï¼ŒVector Store ä»ç„¶ç„¡æ³•åˆå§‹åŒ–ã€‚
2025-09-30 00:32:41 - [INFO] - [512280345618546699] åå°åˆ›ä¸–æµç¨‹ç»“æŸï¼ŒçŠ¶æ€é”å·²é‡Šæ”¾ã€‚
2025-09-30 00:36:27 - [INFO] - æ‰€æœ‰æŒä¹…åŒ– UI è¦–åœ–å·²æˆåŠŸè¨»å†Šã€‚
2025-09-30 00:36:27 - [INFO] - æ­£åœ¨å˜—è©¦å°‡æ‡‰ç”¨ç¨‹å¼æŒ‡ä»¤ (Slash Commands) å…¨åŸŸåŒæ­¥åˆ° Discord...
2025-09-30 00:36:28 - [INFO] - âœ… æ‡‰ç”¨ç¨‹å¼æŒ‡ä»¤å…¨åŸŸåŒæ­¥æˆåŠŸï¼(æ³¨æ„ï¼šå…¨åŸŸæŒ‡ä»¤æ›´æ–°å¯èƒ½éœ€è¦é•·é”ä¸€å°æ™‚æ‰èƒ½åœ¨æ‰€æœ‰ä¼ºæœå™¨ç”Ÿæ•ˆ)
2025-09-30 00:36:28 - [INFO] - Discord Bot is ready!
2025-09-30 00:36:30 - [INFO] - ã€å¥åº·æª¢æŸ¥ & Keep-Aliveã€‘èƒŒæ™¯ä»»å‹™å·²å•Ÿå‹•ã€‚
2025-09-30 00:36:30 - [INFO] - Logged in as AI#4450 (ID: 1358417100250808531)
2025-09-30 00:36:31 - [INFO] - å·²æˆåŠŸç™¼é€å•Ÿå‹•æˆåŠŸé€šçŸ¥çµ¦ç®¡ç†å“¡ã€‚
