### AI Lover Log - Last updated at 2025-10-07T08:14:15.258492 ###

2025-10-07 00:15:01 - [INFO] - [512280345618546699] [RAG 原文直通] 正在使用查询: '米婭是母畜，會立刻起身用口舌為勛爵清潔肉棒 DINO 勛爵 米婭 碧'
2025-10-07 00:15:02 - [INFO] - [512280345618546699] [RAG 原文直通] 檢索成功，獲得 17 份候選文檔。
2025-10-07 00:15:02 - [INFO] - [512280345618546699] [RAG 原文直通] ✅ 成功拼接全部 17 條原始文檔作為 summary_context。
2025-10-07 00:15:02 - [INFO] - [512280345618546699] [History Summarizer] 嘗試主路徑：隔離編碼摘要...
2025-10-07 00:15:03 - [INFO] - [512280345618546699] [LLM Success] Generation successful using model 'gemini-2.5-flash-lite' with API Key #0.
2025-10-07 00:15:03 - [INFO] - [512280345618546699] [History Summarizer] ✅ 主路徑成功。
2025-10-07 00:15:05 - [WARNING] - [512280345618546699] 模型 'gemini-2.5-pro' (Key #0) 遭遇內容審查或安全錯誤: BlockedPromptException。
2025-10-07 00:15:05 - [WARNING] - [512280345618546699] 遭遇審查 (Prompt blocked due to 4)。啟動【最高指令集注入 & 強制 Key 輪換重試】策略...
2025-10-07 00:15:05 - [INFO] - [512280345618546699] [強制重試] 已準備 3 個備用 API Keys 進行重試。
2025-10-07 00:15:05 - [INFO] - [512280345618546699] [強制重試 1/3] 使用 API Key #0 進行嘗試...
2025-10-07 00:15:07 - [WARNING] - [512280345618546699] 模型 'gemini-2.5-pro' (Key #0) 遭遇內容審查或安全錯誤: BlockedPromptException。
2025-10-07 00:15:07 - [WARNING] - [512280345618546699] [強制重試 1/3] 使用 Key #0 的嘗試失敗: Prompt blocked due to 4
2025-10-07 00:15:07 - [INFO] -    -> 將在 0.5 秒後使用下一個 Key 進行嘗試...
2025-10-07 00:15:08 - [INFO] - [512280345618546699] [強制重試 2/3] 使用 API Key #1 進行嘗試...
2025-10-07 00:15:10 - [WARNING] - [512280345618546699] 模型 'gemini-2.5-pro' (Key #1) 遭遇內容審查或安全錯誤: BlockedPromptException。
2025-10-07 00:15:10 - [WARNING] - [512280345618546699] [強制重試 2/3] 使用 Key #1 的嘗試失敗: Prompt blocked due to 4
2025-10-07 00:15:10 - [INFO] -    -> 將在 1.0 秒後使用下一個 Key 進行嘗試...
2025-10-07 00:15:11 - [INFO] - [512280345618546699] [強制重試 3/3] 使用 API Key #2 進行嘗試...
2025-10-07 00:15:13 - [WARNING] - [512280345618546699] 模型 'gemini-2.5-pro' (Key #2) 遭遇內容審查或安全錯誤: BlockedPromptException。
2025-10-07 00:15:13 - [WARNING] - [512280345618546699] [強制重試 3/3] 使用 Key #2 的嘗試失敗: Prompt blocked due to 4
2025-10-07 00:15:13 - [ERROR] - [512280345618546699] 【強制 Key 輪換重試】策略在 3 次嘗試後最終失敗。
Traceback (most recent call last):
  File "D:\DINO\SD\ComfyUI\personal_server\ai_lover_service\src\ai_core.py", line 1794, in ainvoke_with_rotation
    raise BlockedPromptException(f"Prompt blocked due to {reason_str}")
google.generativeai.types.generation_types.BlockedPromptException: Prompt blocked due to 4

During handling of the above exception, another exception occurred:

Traceback (most recent call last):
  File "D:\DINO\SD\ComfyUI\personal_server\ai_lover_service\src\ai_core.py", line 3420, in _force_and_retry
    return await self.ainvoke_with_rotation(
  File "D:\DINO\SD\ComfyUI\personal_server\ai_lover_service\src\ai_core.py", line 1850, in ainvoke_with_rotation
    raise e
  File "D:\DINO\SD\ComfyUI\personal_server\ai_lover_service\src\ai_core.py", line 1794, in ainvoke_with_rotation
    raise BlockedPromptException(f"Prompt blocked due to {reason_str}")
google.generativeai.types.generation_types.BlockedPromptException: Prompt blocked due to 4
2025-10-07 00:15:13 - [CRITICAL] - [512280345618546699] [Direct RAG] 核心生成链在所有策略之後最終失敗！
2025-10-07 00:15:14 - [INFO] - [512280345618546699] RAG 直通流程執行完畢，回應已發送。事後學習任務已在背景啟動。
2025-10-07 00:15:15 - [INFO] - [512280345618546699] [事後分析] 正在啟動背景分析與分流任務...
2025-10-07 00:15:16 - [INFO] - [512280345618546699] [LLM Success] Generation successful using model 'gemini-2.5-flash-lite' with API Key #0.
2025-10-07 00:15:16 - [INFO] - [512280345618546699] [長期記憶寫入] 正在保存預生成的安全摘要...
2025-10-07 00:15:17 - [INFO] - [512280345618546699] [長期記憶寫入] 互動記錄已成功保存到 SQL 資料庫。
2025-10-07 00:15:17 - [INFO] - [512280345618546699] [長期記憶寫入] 安全摘要保存完畢。
2025-10-07 00:15:19 - [INFO] - [512280345618546699] 背景任務：檢測到 2 條 LORE 更新，準備執行...
2025-10-07 00:15:19 - [INFO] - --- [512280345618546699] (LORE Executor) 開始串行執行 2 個修正後的LORE任务 ---
2025-10-07 00:15:19 - [INFO] - [512280345618546699] [RAG增量更新] 已成功 更新 LORE '宅邸 > 米婭' 到 RAG 索引。當前總文檔數: 2
2025-10-07 00:15:19 - [INFO] - [512280345618546699] [RAG增量更新] 已成功 更新 LORE '宅邸 > 勛爵' 到 RAG 索引。當前總文檔數: 2
2025-10-07 00:15:19 - [INFO] - --- [512280345618546699] (LORE Executor) LORE 扩展計畫执行完毕 ---
2025-10-07 00:15:19 - [INFO] - [512280345618546699] 背景任務：LORE更新執行完畢。摘要: 任務成功: 已成功更新 NPC '米婭' 的檔案。
任務成功: 已成功更新 NPC '勛爵' 的檔案。
2025-10-07 00:15:19 - [INFO] - [512280345618546699] [事後分析] 背景分析與分流任務完成。
2025-10-07 00:28:48 - [INFO] - 正在加載核心 Cog (core_cog)...
2025-10-07 00:28:52 - [ERROR] - 🔥 核心 Cog 加載失敗: Extension 'src.cogs.core_cog' raised an error: NameError: name 'Union' is not defined
Traceback (most recent call last):
  File "C:\Users\USER\AppData\Local\Programs\Python\Python310\lib\site-packages\discord\ext\commands\bot.py", line 935, in _load_from_module_spec
    spec.loader.exec_module(lib)  # type: ignore
  File "<frozen importlib._bootstrap_external>", line 883, in exec_module
  File "<frozen importlib._bootstrap>", line 241, in _call_with_frames_removed
  File "D:\DINO\SD\ComfyUI\personal_server\ai_lover_service\src\cogs\core_cog.py", line 28, in <module>
    from ..ai_core import AILover, GENERATION_MODEL_PRIORITY
  File "D:\DINO\SD\ComfyUI\personal_server\ai_lover_service\src\ai_core.py", line 100, in <module>
    class AILover:
  File "D:\DINO\SD\ComfyUI\personal_server\ai_lover_service\src\ai_core.py", line 1588, in AILover
    prompt_or_messages: Union[str, List[Dict[str, Any]]], # <--- 核心改动：接受字符串或消息列表
NameError: name 'Union' is not defined

The above exception was the direct cause of the following exception:

Traceback (most recent call last):
  File "D:\DINO\SD\ComfyUI\personal_server\ai_lover_service\src\discord_bot.py", line 41, in setup_hook
    await self.load_extension("src.cogs.core_cog")
  File "C:\Users\USER\AppData\Local\Programs\Python\Python310\lib\site-packages\discord\ext\commands\bot.py", line 1013, in load_extension
    await self._load_from_module_spec(spec, name)
  File "C:\Users\USER\AppData\Local\Programs\Python\Python310\lib\site-packages\discord\ext\commands\bot.py", line 938, in _load_from_module_spec
    raise errors.ExtensionFailed(key, e) from e
discord.ext.commands.errors.ExtensionFailed: Extension 'src.cogs.core_cog' raised an error: NameError: name 'Union' is not defined
2025-10-07 00:35:57 - [INFO] - 正在加載核心 Cog (core_cog)...
2025-10-07 00:36:01 - [INFO] - ✅ 核心 Cog (core_cog) 已加載，並且所有持久化視圖已成功註冊。
2025-10-07 00:36:01 - [INFO] - ✅ 核心 Cog 加載成功。
2025-10-07 00:36:01 - [INFO] - 正在全域同步應用程式指令...
2025-10-07 00:36:01 - [INFO] - ✅ 指令已全域同步！
2025-10-07 00:36:01 - [INFO] - Discord Bot setup hook finished!
2025-10-07 00:36:04 - [INFO] - Logged in as AI#4450 (ID: 1358417100250808531)
2025-10-07 00:36:05 - [INFO] - 已成功發送啟動成功通知給管理員。
2025-10-07 00:39:11 - [INFO] - 使用者 512280345618546699 沒有活躍的 AI 實例，嘗試創建...
2025-10-07 00:39:11 - [INFO] - 為使用者 512280345618546699 成功創建並初始化 AI 實例。
2025-10-07 00:39:11 - [INFO] - [512280345618546699] 核心數據模板 'world_snapshot_template.txt' 已成功加載。
2025-10-07 00:39:11 - [INFO] - [512280345618546699] 核心協議 '00_supreme_directive.txt' 已成功加載。
2025-10-07 00:39:11 - [INFO] - ✅ [Embedding Loader] 檢測到本地模型路徑，正在嘗試從 'D:\DINO\SD\ComfyUI\personal_server\ai_lover_service\models\stella-base-zh-v2' 加載...
2025-10-07 00:39:13 - [INFO] - ✅ [Embedding Loader] 本地 Embedding 模型實例創建成功。
2025-10-07 00:39:13 - [INFO] - [512280345618546699] 所有輕量級前置資源已準備就緒 (RAG 創建已延遲)。
2025-10-07 00:39:13 - [INFO] - [512280345618546699] (Retriever Builder) 檢測到現有 RAG 索引，正在加載...
2025-10-07 00:39:14 - [INFO] - [512280345618546699] [RAG持久化] 成功從磁碟加載了 2 條文檔到 RAG 語料庫。
2025-10-07 00:39:14 - [INFO] - [512280345618546699] (Retriever Builder) ✅ 混合檢索器已成功從持久化索引加載。
2025-10-07 00:39:14 - [INFO] - [512280345618546699] 正在從資料庫恢復短期場景記憶...
2025-10-07 00:39:14 - [INFO] - [512280345618546699] 成功恢復了 1 個場景的對話歷史，總計 11 條訊息。
2025-10-07 00:39:14 - [INFO] - [512280345618546699] 啟動 RAG 直通對話流程...
2025-10-07 00:39:14 - [INFO] - [512280345618546699] [Direct RAG] 啟动 LORE 优先的 RAG 直通生成流程...
2025-10-07 00:39:14 - [INFO] - [512280345618546699] [前置 LORE-1/5] 正在進行意圖分類...
2025-10-07 00:39:15 - [INFO] - [512280345618546699] [LLM Success] Generation successful using model 'gemini-2.5-flash-lite' with API Key #0.
2025-10-07 00:39:16 - [INFO] - [512280345618546699] [前置 LORE-2/5] 正在執行意圖驅動的場景選角...
2025-10-07 00:39:17 - [INFO] - [512280345618546699] [LLM Success] Generation successful using model 'gemini-2.5-flash-lite' with API Key #0.
2025-10-07 00:39:18 - [INFO] - [512280345618546699] [LLM Success] Generation successful using model 'gemini-2.5-flash-lite' with API Key #0.
2025-10-07 00:39:18 - [INFO] - [512280345618546699] [前置 LORE] 無需創建或更新 LORE。
2025-10-07 00:39:18 - [INFO] - [512280345618546699] [主生成] 開始構建結構化的消息列表...
2025-10-07 00:39:18 - [INFO] - [512280345618546699] [雙引擎實體提取] 成功提取高質量實體: ['勛爵', '米婭']
2025-10-07 00:39:19 - [INFO] - [512280345618546699] [RAG 原文直通] 正在使用查询: '米婭是母畜，會立刻起身用口舌為勛爵清潔肉棒 勛爵 碧 米婭 DINO'
2025-10-07 00:39:20 - [INFO] - [512280345618546699] [RAG 原文直通] 檢索成功，獲得 17 份候選文檔。
2025-10-07 00:39:20 - [INFO] - [512280345618546699] [RAG 原文直通] ✅ 成功拼接全部 17 條原始文檔作為 summary_context。
2025-10-07 00:39:20 - [INFO] - [512280345618546699] [History Summarizer] 嘗試主路徑：文學化摘要...
2025-10-07 00:39:21 - [INFO] - [512280345618546699] [LLM Success] Generation successful using model 'gemini-2.5-flash-lite' with API Key #0.
2025-10-07 00:39:21 - [INFO] - [512280345618546699] [History Summarizer] ✅ 主路徑成功。
2025-10-07 00:39:54 - [INFO] - [512280345618546699] [LLM Success] Generation successful using model 'gemini-2.5-pro' with API Key #0.
2025-10-07 00:39:56 - [INFO] - [512280345618546699] RAG 直通流程執行完畢，回應已發送。事後學習任務已在背景啟動。
2025-10-07 00:39:57 - [INFO] - [512280345618546699] [事後分析] 正在啟動背景分析與分流任務...
2025-10-07 00:39:59 - [INFO] - [512280345618546699] [LLM Success] Generation successful using model 'gemini-2.5-flash-lite' with API Key #0.
2025-10-07 00:39:59 - [INFO] - [512280345618546699] [長期記憶寫入] 正在保存預生成的安全摘要...
2025-10-07 00:39:59 - [INFO] - [512280345618546699] [長期記憶寫入] 互動記錄已成功保存到 SQL 資料庫。
2025-10-07 00:39:59 - [INFO] - [512280345618546699] [長期記憶寫入] 安全摘要保存完畢。
2025-10-07 00:40:01 - [INFO] - [512280345618546699] 背景任務：檢測到 2 條 LORE 更新，準備執行...
2025-10-07 00:40:01 - [INFO] - --- [512280345618546699] (LORE Executor) 開始串行執行 2 個修正後的LORE任务 ---
2025-10-07 00:40:01 - [WARNING] - [512280345618546699] [抗幻覺] 檢測到對不存在實體 '米婭' 的更新。啟動事實查核...
2025-10-07 00:40:02 - [INFO] - [512280345618546699] [LLM Success] Generation successful using model 'gemini-2.5-flash-lite' with API Key #0.
2025-10-07 00:40:02 - [INFO] - [512280345618546699] [抗幻覺] 事實查核裁定為 CREATE。正在創建新的 LORE...
2025-10-07 00:40:02 - [WARNING] - [512280345618546699] [抗幻覺] 檢測到對不存在實體 '勛爵' 的更新。啟動事實查核...
2025-10-07 00:40:03 - [INFO] - [512280345618546699] [LLM Success] Generation successful using model 'gemini-2.5-flash-lite' with API Key #0.
2025-10-07 00:40:03 - [INFO] - [512280345618546699] [抗幻覺] 事實查核裁定為 MERGE。正在合併到 '宅邸 > 勛爵'...
2025-10-07 00:40:04 - [INFO] - --- [512280345618546699] (LORE Executor) LORE 扩展計畫执行完毕 ---
2025-10-07 00:40:04 - [INFO] - [512280345618546699] 背景任務：LORE更新執行完畢。摘要: 任務成功 (修正後創建): 已為新實體 '米婭' 創建檔案。
任務成功 (修正後合併): 已將信息合併到 '宅邸 > 勛爵'。
2025-10-07 00:40:04 - [INFO] - [512280345618546699] [事後分析] 背景分析與分流任務完成。
2025-10-07 00:46:45 - [INFO] - 正在加載核心 Cog (core_cog)...
2025-10-07 00:46:49 - [INFO] - ✅ 核心 Cog (core_cog) 已加載，並且所有持久化視圖已成功註冊。
2025-10-07 00:46:49 - [INFO] - ✅ 核心 Cog 加載成功。
2025-10-07 00:46:49 - [INFO] - 正在全域同步應用程式指令...
2025-10-07 00:46:49 - [INFO] - ✅ 指令已全域同步！
2025-10-07 00:46:49 - [INFO] - Discord Bot setup hook finished!
2025-10-07 00:46:52 - [INFO] - Logged in as AI#4450 (ID: 1358417100250808531)
2025-10-07 00:46:53 - [INFO] - 已成功發送啟動成功通知給管理員。
2025-10-07 00:47:38 - [INFO] - [512280345618546699] [Data Reset] 正在啟動使用者資料重置流程...
2025-10-07 00:47:38 - [INFO] - [512280345618546699] [Data Reset] 所有相關的資料庫記錄已成功刪除。
2025-10-07 00:47:38 - [INFO] - [512280345618546699] [Data Reset] 向量儲存目錄 'D:\DINO\SD\ComfyUI\personal_server\ai_lover_service\data\vector_stores\512280345618546699' 已成功刪除。
2025-10-07 00:47:38 - [INFO] - [512280345618546699] [Data Reset] 資料重置流程已全部完成。
2025-10-07 00:47:40 - [INFO] - [512280345618546699] (UI Event) Persistent 'StartSetupView' button clicked.
2025-10-07 00:47:44 - [INFO] - 使用者 512280345618546699 沒有活躍的 AI 實例，嘗試創建...
2025-10-07 00:47:44 - [INFO] - [512280345618546699] 處於設定流程中，即使資料庫無記錄，也創建一個臨時的記憶體實例。
2025-10-07 00:47:44 - [INFO] - [512280345618546699] 核心數據模板 'world_snapshot_template.txt' 已成功加載。
2025-10-07 00:47:44 - [INFO] - [512280345618546699] 核心協議 '00_supreme_directive.txt' 已成功加載。
2025-10-07 00:47:44 - [INFO] - ✅ [Embedding Loader] 檢測到本地模型路徑，正在嘗試從 'D:\DINO\SD\ComfyUI\personal_server\ai_lover_service\models\stella-base-zh-v2' 加載...
2025-10-07 00:47:46 - [INFO] - ✅ [Embedding Loader] 本地 Embedding 模型實例創建成功。
2025-10-07 00:47:46 - [INFO] - [512280345618546699] 所有輕量級前置資源已準備就緒 (RAG 創建已延遲)。
2025-10-07 00:47:46 - [INFO] - [512280345618546699] 接收到 profile 更新請求: ['world_settings']
2025-10-07 00:47:46 - [WARNING] - [512280345618546699] 在持久化更新時找不到使用者資料，將創建新記錄。
2025-10-07 00:47:47 - [INFO] - [512280345618546699] Profile 更新並持久化成功。
2025-10-07 00:47:48 - [INFO] - [512280345618546699] (UI Event) Persistent 'ContinueToUserSetupView' button clicked.
2025-10-07 00:47:58 - [INFO] - [512280345618546699] (UI Event) CharacterSettingsModal submitted for profile_type: 'user', is_setup_flow: True
2025-10-07 00:47:58 - [INFO] - [512280345618546699] 接收到 profile 更新請求: ['user_profile']
2025-10-07 00:47:58 - [INFO] - [512280345618546699] Profile 更新並持久化成功。
2025-10-07 00:48:00 - [INFO] - [512280345618546699] (UI Event) Persistent 'ContinueToAiSetupView' button clicked.
2025-10-07 00:48:18 - [INFO] - [512280345618546699] (UI Event) CharacterSettingsModal submitted for profile_type: 'ai', is_setup_flow: True
2025-10-07 00:48:18 - [INFO] - [512280345618546699] 接收到 profile 更新請求: ['ai_profile']
2025-10-07 00:48:18 - [INFO] - [512280345618546699] Profile 更新並持久化成功。
2025-10-07 00:48:20 - [INFO] - [512280345618546699] [創世流程] 檔案上傳開始，已設定 active_setups 狀態鎖。
2025-10-07 00:48:26 - [INFO] - [512280345618546699] (on_message) 偵測到用戶處於活躍的創世流程中，已忽略常規訊息 '...' 以防止競爭。
2025-10-07 00:48:29 - [INFO] - [512280345618546699] [創世流程 v65.1] 原生 Python 驅動的流程已啟動。
2025-10-07 00:48:29 - [INFO] - [512280345618546699] [後台創世] 正在將世界聖經原文分割成文檔...
2025-10-07 00:48:29 - [INFO] - [512280345618546699] [後台創世] 正在觸發 RAG 索引創始構建...
2025-10-07 00:48:29 - [INFO] - [512280345618546699] (Retriever Builder) 進入外部文檔注入模式，將使用 36 條傳入文檔構建純向量索引...
2025-10-07 00:49:17 - [INFO] - [512280345618546699] (Retriever Builder) ✅ 純向量檢索器已成功從外部文檔構建。
2025-10-07 00:49:17 - [INFO] - [512280345618546699] [後台創世] RAG 索引構建完成，準備執行原生創世步驟...
2025-10-07 00:49:17 - [INFO] - [512280345618546699] [後台創世-原生] 步驟 1/2: 正在補完角色檔案...
2025-10-07 00:49:20 - [INFO] - [512280345618546699] [LLM Success] Generation successful using model 'gemini-2.5-flash-lite' with API Key #0.
2025-10-07 00:49:21 - [INFO] - [512280345618546699] [LLM Success] Generation successful using model 'gemini-2.5-flash-lite' with API Key #0.
2025-10-07 00:49:21 - [INFO] - [512280345618546699] 接收到 profile 更新請求: ['user_profile', 'ai_profile']
2025-10-07 00:49:21 - [INFO] - [512280345618546699] Profile 更新並持久化成功。
2025-10-07 00:49:21 - [INFO] - [512280345618546699] [後台創世-原生] 角色檔案補完成功。
2025-10-07 00:49:21 - [INFO] - [512280345618546699] [後台創世-原生] 步驟 2/2: 正在生成開場白...
2025-10-07 00:49:21 - [INFO] - [512280345618546699] [/start] 正在使用 RAG 智能選擇並創作開場場景...
2025-10-07 00:49:21 - [INFO] - [512280345618546699] [RAG 原文直通] 正在使用查询: '根據這個世界的核心設定(這是一個魔法的幻想世界。)以及主角 DINO 和 碧 的背景，為他們的故事尋找一個最富有戲劇性、最符合世界觀的、適合二人出場的、遠離權力中心的靜態初始場景或情境。'
2025-10-07 00:49:21 - [INFO] - [512280345618546699] [RAG 原文直通] 檢索成功，獲得 20 份候選文檔。
2025-10-07 00:49:21 - [INFO] - [512280345618546699] [RAG 原文直通] ✅ 成功拼接全部 20 條原始文檔作為 summary_context。
2025-10-07 00:49:55 - [INFO] - [512280345618546699] [LLM Success] Generation successful using model 'gemini-2.5-pro' with API Key #0.
2025-10-07 00:49:55 - [INFO] - [512280345618546699] [/start] 開場白已生成，正在從中反向提取權威地點...
2025-10-07 00:49:56 - [INFO] - [512280345618546699] [LLM Success] Generation successful using model 'gemini-2.5-flash-lite' with API Key #0.
2025-10-07 00:49:56 - [INFO] - [512280345618546699] [/start] ✅ 地點提取成功: 王國首都 > 學術區 > 皇家圖書館。正在更新 GameState...
2025-10-07 00:49:56 - [INFO] - [512280345618546699] 接收到 profile 更新請求: ['game_state']
2025-10-07 00:49:57 - [INFO] - [512280345618546699] Profile 更新並持久化成功。
2025-10-07 00:49:57 - [INFO] - [512280345618546699] [後台創世-原生] 開場白生成成功。
2025-10-07 00:49:57 - [INFO] - [512280345618546699] [後台創世] 正在向使用者私訊發送最終開場白...
2025-10-07 00:49:57 - [INFO] - [512280345618546699] [後台創世] 開場白發送完畢。
2025-10-07 00:49:57 - [INFO] - [512280345618546699] 後台創世流程結束，狀態鎖已釋放。
2025-10-07 00:50:50 - [INFO] - [512280345618546699] 啟動 RAG 直通對話流程...
2025-10-07 00:50:50 - [INFO] - [512280345618546699] [Direct RAG] 啟动 LORE 优先的 RAG 直通生成流程...
2025-10-07 00:50:50 - [INFO] - [512280345618546699] [前置 LORE-1/5] 正在進行意圖分類...
2025-10-07 00:50:51 - [INFO] - [512280345618546699] [LLM Success] Generation successful using model 'gemini-2.5-flash-lite' with API Key #0.
2025-10-07 00:50:51 - [INFO] - [512280345618546699] [前置 LORE-2/5] 正在執行意圖驅動的場景選角...
2025-10-07 00:50:52 - [INFO] - [512280345618546699] [LLM Success] Generation successful using model 'gemini-2.5-flash-lite' with API Key #0.
2025-10-07 00:50:53 - [INFO] - [512280345618546699] [LLM Success] Generation successful using model 'gemini-2.5-flash-lite' with API Key #0.
2025-10-07 00:50:53 - [INFO] - [512280345618546699] [前置 LORE] ✅ 成功識別/創造出 2 個新實體骨架: ['米婭', '勛爵']
2025-10-07 00:50:53 - [INFO] - [512280345618546699] [Raw RAG] 正在為內部流程執行原始文檔檢索，查詢: '關於角色 '米婭' 的所有已知資訊...'
2025-10-07 00:50:53 - [INFO] - [512280345618546699] [Raw RAG] ✅ 成功檢索到 20 份原始文檔。
2025-10-07 00:50:53 - [INFO] - [512280345618546699] [Raw RAG] 正在為內部流程執行原始文檔檢索，查詢: '關於角色 '勛爵' 的所有已知資訊...'
2025-10-07 00:50:53 - [INFO] - [512280345618546699] [Raw RAG] ✅ 成功檢索到 20 份原始文檔。
2025-10-07 00:51:04 - [INFO] - [512280345618546699] [LLM Success] Generation successful using model 'gemini-2.5-flash-lite' with API Key #0.
2025-10-07 00:51:04 - [INFO] - [512280345618546699] (_resolve_and_save) 正在為 'npc_profile' 類別處理 2 個實體...
2025-10-07 00:51:05 - [INFO] - [512280345618546699] [LLM Success] Generation successful using model 'gemini-2.5-flash-lite' with API Key #0.
2025-10-07 00:51:05 - [INFO] - [512280345618546699] (_resolve_and_save) 正在創建新 LORE：'世界 > 米婭'
2025-10-07 00:51:06 - [INFO] - [512280345618546699] [LLM Success] Generation successful using model 'gemini-2.5-flash-lite' with API Key #0.
2025-10-07 00:51:06 - [INFO] - [512280345618546699] (_resolve_and_save) 正在創建新 LORE：'森林 > 深處 > 勛爵'
2025-10-07 00:51:06 - [INFO] - [512280345618546699] [主生成] 開始構建結構化的消息列表...
2025-10-07 00:51:07 - [INFO] - [512280345618546699] [雙引擎實體提取] 成功提取高質量實體: ['勛爵', '米婭']
2025-10-07 00:51:07 - [INFO] - [512280345618546699] [RAG 原文直通] 正在使用查询: '描述米婭在宅邸遇到勛爵 DINO 碧 勛爵 米婭'
2025-10-07 00:51:07 - [INFO] - [512280345618546699] [RAG 原文直通] 檢索成功，獲得 20 份候選文檔。
2025-10-07 00:51:07 - [INFO] - [512280345618546699] [RAG 原文直通] ✅ 成功拼接全部 20 條原始文檔作為 summary_context。
2025-10-07 00:51:07 - [INFO] - [512280345618546699] [History Summarizer] 執行純程式化中性摘要...
2025-10-07 00:51:07 - [INFO] - [512280345618546699] [History Summarizer] ✅ 程式化中性摘要成功生成。
2025-10-07 00:51:37 - [INFO] - [512280345618546699] [LLM Success] Generation successful using model 'gemini-2.5-pro' with API Key #0.
2025-10-07 00:51:39 - [INFO] - [512280345618546699] RAG 直通流程執行完畢，回應已發送。事後學習任務已在背景啟動。
2025-10-07 00:51:40 - [INFO] - [512280345618546699] [事後分析] 正在啟動背景分析與分流任務...
2025-10-07 00:51:42 - [INFO] - [512280345618546699] [LLM Success] Generation successful using model 'gemini-2.5-flash-lite' with API Key #0.
2025-10-07 00:51:42 - [INFO] - [512280345618546699] [長期記憶寫入] 正在保存預生成的安全摘要...
2025-10-07 00:51:43 - [INFO] - [512280345618546699] [長期記憶寫入] 互動記錄已成功保存到 SQL 資料庫。
2025-10-07 00:51:43 - [INFO] - [512280345618546699] [長期記憶寫入] 安全摘要保存完畢。
2025-10-07 00:51:45 - [INFO] - [512280345618546699] 背景任務：檢測到 1 條 LORE 更新，準備執行...
2025-10-07 00:51:45 - [INFO] - --- [512280345618546699] (LORE Executor) 開始串行執行 1 個修正後的LORE任务 ---
2025-10-07 00:51:45 - [WARNING] - [512280345618546699] [抗幻覺] 檢測到對不存在實體 '米婭' 的更新。啟動事實查核...
2025-10-07 00:51:45 - [INFO] - [512280345618546699] [LLM Success] Generation successful using model 'gemini-2.5-flash-lite' with API Key #0.
2025-10-07 00:51:45 - [WARNING] - [512280345618546699] [抗幻覺] 事實查核裁定為 IGNORE。已跳過操作。理由: 對話上下文為空，無法判斷'米婭'是否為新實體。
2025-10-07 00:51:45 - [INFO] - --- [512280345618546699] (LORE Executor) LORE 扩展計畫执行完毕 ---
2025-10-07 00:51:45 - [INFO] - [512280345618546699] 背景任務：LORE更新執行完畢。摘要: LORE 扩展已执行。
2025-10-07 00:51:45 - [INFO] - [512280345618546699] [事後分析] 背景分析與分流任務完成。
2025-10-07 00:52:07 - [INFO] - [512280345618546699] 啟動 RAG 直通對話流程...
2025-10-07 00:52:07 - [INFO] - [512280345618546699] [Direct RAG] 啟动 LORE 优先的 RAG 直通生成流程...
2025-10-07 00:52:07 - [INFO] - [512280345618546699] [前置 LORE-1/5] 正在進行意圖分類...
2025-10-07 00:52:08 - [INFO] - [512280345618546699] [LLM Success] Generation successful using model 'gemini-2.5-flash-lite' with API Key #0.
2025-10-07 00:52:08 - [INFO] - [512280345618546699] [前置 LORE-2/5] 正在執行意圖驅動的場景選角...
2025-10-07 00:52:09 - [INFO] - [512280345618546699] [LLM Success] Generation successful using model 'gemini-2.5-flash-lite' with API Key #0.
2025-10-07 00:52:10 - [INFO] - [512280345618546699] [LLM Success] Generation successful using model 'gemini-2.5-flash-lite' with API Key #0.
2025-10-07 00:52:10 - [INFO] - [512280345618546699] [前置 LORE] 無需創建或更新 LORE。
2025-10-07 00:52:10 - [INFO] - [512280345618546699] [主生成] 開始構建結構化的消息列表...
2025-10-07 00:52:11 - [INFO] - [512280345618546699] [雙引擎實體提取] 成功提取高質量實體: ['爵從', '勛爵', '米婭']
2025-10-07 00:52:11 - [INFO] - [512280345618546699] [RAG 原文直通] 正在使用查询: '描述米婭在聖露修道院二樓，一邊被勛爵從後面強暴屁眼，一邊探出上半身向信徒揮手 DINO 爵從 碧 勛爵 米婭'
2025-10-07 00:52:11 - [INFO] - [512280345618546699] [RAG 原文直通] 檢索成功，獲得 20 份候選文檔。
2025-10-07 00:52:11 - [INFO] - [512280345618546699] [RAG 原文直通] ✅ 成功拼接全部 20 條原始文檔作為 summary_context。
2025-10-07 00:52:11 - [INFO] - [512280345618546699] [History Summarizer] 執行純程式化中性摘要...
2025-10-07 00:52:11 - [INFO] - [512280345618546699] [History Summarizer] ✅ 程式化中性摘要成功生成。
2025-10-07 00:52:52 - [INFO] - [512280345618546699] [LLM Success] Generation successful using model 'gemini-2.5-pro' with API Key #0.
2025-10-07 00:52:53 - [INFO] - [512280345618546699] RAG 直通流程執行完畢，回應已發送。事後學習任務已在背景啟動。
2025-10-07 00:52:54 - [INFO] - [512280345618546699] [事後分析] 正在啟動背景分析與分流任務...
2025-10-07 00:52:56 - [INFO] - [512280345618546699] [LLM Success] Generation successful using model 'gemini-2.5-flash-lite' with API Key #0.
2025-10-07 00:52:56 - [INFO] - [512280345618546699] [長期記憶寫入] 正在保存預生成的安全摘要...
2025-10-07 00:52:57 - [INFO] - [512280345618546699] [長期記憶寫入] 互動記錄已成功保存到 SQL 資料庫。
2025-10-07 00:52:57 - [INFO] - [512280345618546699] [長期記憶寫入] 安全摘要保存完畢。
2025-10-07 00:52:59 - [INFO] - [512280345618546699] 背景任務：檢測到 2 條 LORE 更新，準備執行...
2025-10-07 00:52:59 - [INFO] - --- [512280345618546699] (LORE Executor) 開始串行執行 2 個修正後的LORE任务 ---
2025-10-07 00:52:59 - [INFO] - [512280345618546699] [RAG增量更新] 已成功 添加 LORE '森林 > 深處 > 勛爵' 到 RAG 索引。當前總文檔數: 1
2025-10-07 00:52:59 - [INFO] - [512280345618546699] [RAG增量更新] 已成功 添加 LORE '世界 > 米婭' 到 RAG 索引。當前總文檔數: 2
2025-10-07 00:52:59 - [INFO] - --- [512280345618546699] (LORE Executor) LORE 扩展計畫执行完毕 ---
2025-10-07 00:52:59 - [INFO] - [512280345618546699] 背景任務：LORE更新執行完畢。摘要: 任務成功: 已成功更新 NPC '勛爵' 的檔案。
任務成功: 已成功更新 NPC '米婭' 的檔案。
2025-10-07 00:52:59 - [INFO] - [512280345618546699] [事後分析] 背景分析與分流任務完成。
2025-10-07 00:53:22 - [INFO] - [512280345618546699] 啟動 RAG 直通對話流程...
2025-10-07 00:53:22 - [INFO] - [512280345618546699] [Direct RAG] 啟动 LORE 优先的 RAG 直通生成流程...
2025-10-07 00:53:22 - [INFO] - [512280345618546699] [前置 LORE-1/5] 正在進行意圖分類...
2025-10-07 00:53:23 - [INFO] - [512280345618546699] [LLM Success] Generation successful using model 'gemini-2.5-flash-lite' with API Key #0.
2025-10-07 00:53:23 - [INFO] - [512280345618546699] [前置 LORE-2/5] 正在執行意圖驅動的場景選角...
2025-10-07 00:53:24 - [INFO] - [512280345618546699] [LLM Success] Generation successful using model 'gemini-2.5-flash-lite' with API Key #0.
2025-10-07 00:53:25 - [INFO] - [512280345618546699] [LLM Success] Generation successful using model 'gemini-2.5-flash-lite' with API Key #0.
2025-10-07 00:53:25 - [INFO] - [512280345618546699] [前置 LORE] 無需創建或更新 LORE。
2025-10-07 00:53:25 - [INFO] - [512280345618546699] [主生成] 開始構建結構化的消息列表...
2025-10-07 00:53:26 - [INFO] - [512280345618546699] [雙引擎實體提取] 成功提取高質量實體: ['勛爵', '米婭']
2025-10-07 00:53:26 - [INFO] - [512280345618546699] [RAG 原文直通] 正在使用查询: '米婭是母畜，會立刻起身用口舌為勛爵清潔肉棒 DINO 碧 勛爵 米婭'
2025-10-07 00:53:26 - [INFO] - [512280345618546699] [RAG 原文直通] 檢索成功，獲得 2 份候選文檔。
2025-10-07 00:53:26 - [INFO] - [512280345618546699] [RAG 原文直通] ✅ 成功拼接全部 2 條原始文檔作為 summary_context。
2025-10-07 00:53:26 - [INFO] - [512280345618546699] [History Summarizer] 執行純程式化中性摘要...
2025-10-07 00:53:26 - [INFO] - [512280345618546699] [History Summarizer] ✅ 程式化中性摘要成功生成。
2025-10-07 00:54:02 - [INFO] - [512280345618546699] [LLM Success] Generation successful using model 'gemini-2.5-pro' with API Key #0.
2025-10-07 00:54:04 - [INFO] - [512280345618546699] RAG 直通流程執行完畢，回應已發送。事後學習任務已在背景啟動。
2025-10-07 00:54:05 - [INFO] - [512280345618546699] [事後分析] 正在啟動背景分析與分流任務...
2025-10-07 00:54:08 - [INFO] - [512280345618546699] [LLM Success] Generation successful using model 'gemini-2.5-flash-lite' with API Key #0.
2025-10-07 00:54:08 - [INFO] - [512280345618546699] [長期記憶寫入] 正在保存預生成的安全摘要...
2025-10-07 00:54:08 - [INFO] - [512280345618546699] [長期記憶寫入] 互動記錄已成功保存到 SQL 資料庫。
2025-10-07 00:54:08 - [INFO] - [512280345618546699] [長期記憶寫入] 安全摘要保存完畢。
2025-10-07 00:54:10 - [INFO] - [512280345618546699] 背景任務：檢測到 2 條 LORE 更新，準備執行...
2025-10-07 00:54:10 - [INFO] - --- [512280345618546699] (LORE Executor) 開始串行執行 2 個修正後的LORE任务 ---
2025-10-07 00:54:10 - [INFO] - [512280345618546699] [RAG增量更新] 已成功 更新 LORE '森林 > 深處 > 勛爵' 到 RAG 索引。當前總文檔數: 2
2025-10-07 00:54:10 - [WARNING] - [512280345618546699] [抗幻覺] 檢測到對不存在實體 '皇家圖書館' 的更新。啟動事實查核...
2025-10-07 00:54:11 - [INFO] - [512280345618546699] [LLM Success] Generation successful using model 'gemini-2.5-flash-lite' with API Key #0.
2025-10-07 00:54:11 - [WARNING] - [512280345618546699] [抗幻覺] 事實查核裁定為 IGNORE。已跳過操作。理由: 對話上下文中沒有提及任何關於'皇家圖書館'的資訊，因此無法判斷其是否應被創建、合併或忽略。
2025-10-07 00:54:11 - [INFO] - --- [512280345618546699] (LORE Executor) LORE 扩展計畫执行完毕 ---
2025-10-07 00:54:11 - [INFO] - [512280345618546699] 背景任務：LORE更新執行完畢。摘要: 任務成功: 已成功更新 NPC '勛爵' 的檔案。
2025-10-07 00:54:11 - [INFO] - [512280345618546699] [事後分析] 背景分析與分流任務完成。
2025-10-07 01:07:06 - [INFO] - 正在加載核心 Cog (core_cog)...
2025-10-07 01:07:10 - [INFO] - ✅ 核心 Cog (core_cog) 已加載，並且所有持久化視圖已成功註冊。
2025-10-07 01:07:10 - [INFO] - ✅ 核心 Cog 加載成功。
2025-10-07 01:07:10 - [INFO] - 正在全域同步應用程式指令...
2025-10-07 01:07:11 - [INFO] - ✅ 指令已全域同步！
2025-10-07 01:07:11 - [INFO] - Discord Bot setup hook finished!
2025-10-07 01:07:13 - [INFO] - Logged in as AI#4450 (ID: 1358417100250808531)
2025-10-07 01:07:14 - [INFO] - 已成功發送啟動成功通知給管理員。
