### AI Lover Log - Last updated at 2025-10-07T00:57:06.618999 ###

2025-10-07 00:14:59 - [INFO] - [512280345618546699] [é›™å¼•æ“å¯¦é«”æå–] æˆåŠŸæå–é«˜è³ªé‡å¯¦é«”: ['å‹›çˆµ', 'ç±³å©­']
2025-10-07 00:14:59 - [INFO] - [512280345618546699] [å‰ç½® LORE] ç„¡éœ€å‰µå»ºæˆ–æ›´æ–° LOREã€‚
2025-10-07 00:14:59 - [INFO] - [512280345618546699] [ä¸»ç”Ÿæˆ] é–‹å§‹åŸ·è¡Œå°è©±ç”Ÿæˆ...
2025-10-07 00:15:00 - [INFO] - [512280345618546699] [é›™å¼•æ“å¯¦é«”æå–] æˆåŠŸæå–é«˜è³ªé‡å¯¦é«”: ['å‹›çˆµ', 'ç±³å©­']
2025-10-07 00:15:00 - [INFO] - [512280345618546699] [è¼¸å…¥åˆ†æ-L1] æ­£åœ¨å˜—è©¦ä½¿ç”¨ LLM é€²è¡Œèªç¾©åˆ†æ...
2025-10-07 00:15:01 - [INFO] - [512280345618546699] [LLM Success] Generation successful using model 'gemini-2.5-flash-lite' with API Key #0.
2025-10-07 00:15:01 - [INFO] - [512280345618546699] [è¼¸å…¥åˆ†æ-L1] âœ… LLM åˆ†ææˆåŠŸã€‚æå–å¯¦é«”: ['ç±³å©­', 'å‹›çˆµ']
2025-10-07 00:15:01 - [INFO] - [512280345618546699] [ä¸»ç”Ÿæˆ] æŸ¥è©¢æ“´å±•å®Œæˆï¼Œæœ€çµ‚æ ¸å¿ƒå¯¦é«”: ['DINO', 'å‹›çˆµ', 'ç±³å©­', 'ç¢§']
2025-10-07 00:15:01 - [INFO] - [512280345618546699] [RAG åŸæ–‡ç›´é€š] æ­£åœ¨ä½¿ç”¨æŸ¥è¯¢: 'ç±³å©­æ˜¯æ¯ç•œï¼Œæœƒç«‹åˆ»èµ·èº«ç”¨å£èˆŒç‚ºå‹›çˆµæ¸…æ½”è‚‰æ£’ DINO å‹›çˆµ ç±³å©­ ç¢§'
2025-10-07 00:15:02 - [INFO] - [512280345618546699] [RAG åŸæ–‡ç›´é€š] æª¢ç´¢æˆåŠŸï¼Œç²å¾— 17 ä»½å€™é¸æ–‡æª”ã€‚
2025-10-07 00:15:02 - [INFO] - [512280345618546699] [RAG åŸæ–‡ç›´é€š] âœ… æˆåŠŸæ‹¼æ¥å…¨éƒ¨ 17 æ¢åŸå§‹æ–‡æª”ä½œç‚º summary_contextã€‚
2025-10-07 00:15:02 - [INFO] - [512280345618546699] [History Summarizer] å˜—è©¦ä¸»è·¯å¾‘ï¼šéš”é›¢ç·¨ç¢¼æ‘˜è¦...
2025-10-07 00:15:03 - [INFO] - [512280345618546699] [LLM Success] Generation successful using model 'gemini-2.5-flash-lite' with API Key #0.
2025-10-07 00:15:03 - [INFO] - [512280345618546699] [History Summarizer] âœ… ä¸»è·¯å¾‘æˆåŠŸã€‚
2025-10-07 00:15:05 - [WARNING] - [512280345618546699] æ¨¡å‹ 'gemini-2.5-pro' (Key #0) é­é‡å…§å®¹å¯©æŸ¥æˆ–å®‰å…¨éŒ¯èª¤: BlockedPromptExceptionã€‚
2025-10-07 00:15:05 - [WARNING] - [512280345618546699] é­é‡å¯©æŸ¥ (Prompt blocked due to 4)ã€‚å•Ÿå‹•ã€æœ€é«˜æŒ‡ä»¤é›†æ³¨å…¥ & å¼·åˆ¶ Key è¼ªæ›é‡è©¦ã€‘ç­–ç•¥...
2025-10-07 00:15:05 - [INFO] - [512280345618546699] [å¼·åˆ¶é‡è©¦] å·²æº–å‚™ 3 å€‹å‚™ç”¨ API Keys é€²è¡Œé‡è©¦ã€‚
2025-10-07 00:15:05 - [INFO] - [512280345618546699] [å¼·åˆ¶é‡è©¦ 1/3] ä½¿ç”¨ API Key #0 é€²è¡Œå˜—è©¦...
2025-10-07 00:15:07 - [WARNING] - [512280345618546699] æ¨¡å‹ 'gemini-2.5-pro' (Key #0) é­é‡å…§å®¹å¯©æŸ¥æˆ–å®‰å…¨éŒ¯èª¤: BlockedPromptExceptionã€‚
2025-10-07 00:15:07 - [WARNING] - [512280345618546699] [å¼·åˆ¶é‡è©¦ 1/3] ä½¿ç”¨ Key #0 çš„å˜—è©¦å¤±æ•—: Prompt blocked due to 4
2025-10-07 00:15:07 - [INFO] -    -> å°‡åœ¨ 0.5 ç§’å¾Œä½¿ç”¨ä¸‹ä¸€å€‹ Key é€²è¡Œå˜—è©¦...
2025-10-07 00:15:08 - [INFO] - [512280345618546699] [å¼·åˆ¶é‡è©¦ 2/3] ä½¿ç”¨ API Key #1 é€²è¡Œå˜—è©¦...
2025-10-07 00:15:10 - [WARNING] - [512280345618546699] æ¨¡å‹ 'gemini-2.5-pro' (Key #1) é­é‡å…§å®¹å¯©æŸ¥æˆ–å®‰å…¨éŒ¯èª¤: BlockedPromptExceptionã€‚
2025-10-07 00:15:10 - [WARNING] - [512280345618546699] [å¼·åˆ¶é‡è©¦ 2/3] ä½¿ç”¨ Key #1 çš„å˜—è©¦å¤±æ•—: Prompt blocked due to 4
2025-10-07 00:15:10 - [INFO] -    -> å°‡åœ¨ 1.0 ç§’å¾Œä½¿ç”¨ä¸‹ä¸€å€‹ Key é€²è¡Œå˜—è©¦...
2025-10-07 00:15:11 - [INFO] - [512280345618546699] [å¼·åˆ¶é‡è©¦ 3/3] ä½¿ç”¨ API Key #2 é€²è¡Œå˜—è©¦...
2025-10-07 00:15:13 - [WARNING] - [512280345618546699] æ¨¡å‹ 'gemini-2.5-pro' (Key #2) é­é‡å…§å®¹å¯©æŸ¥æˆ–å®‰å…¨éŒ¯èª¤: BlockedPromptExceptionã€‚
2025-10-07 00:15:13 - [WARNING] - [512280345618546699] [å¼·åˆ¶é‡è©¦ 3/3] ä½¿ç”¨ Key #2 çš„å˜—è©¦å¤±æ•—: Prompt blocked due to 4
2025-10-07 00:15:13 - [ERROR] - [512280345618546699] ã€å¼·åˆ¶ Key è¼ªæ›é‡è©¦ã€‘ç­–ç•¥åœ¨ 3 æ¬¡å˜—è©¦å¾Œæœ€çµ‚å¤±æ•—ã€‚
Traceback (most recent call last):
  File "D:\DINO\SD\ComfyUI\personal_server\ai_lover_service\src\ai_core.py", line 1794, in ainvoke_with_rotation
    raise BlockedPromptException(f"Prompt blocked due to {reason_str}")
google.generativeai.types.generation_types.BlockedPromptException: Prompt blocked due to 4

During handling of the above exception, another exception occurred:

Traceback (most recent call last):
  File "D:\DINO\SD\ComfyUI\personal_server\ai_lover_service\src\ai_core.py", line 3420, in _force_and_retry
    return await self.ainvoke_with_rotation(
  File "D:\DINO\SD\ComfyUI\personal_server\ai_lover_service\src\ai_core.py", line 1850, in ainvoke_with_rotation
    raise e
  File "D:\DINO\SD\ComfyUI\personal_server\ai_lover_service\src\ai_core.py", line 1794, in ainvoke_with_rotation
    raise BlockedPromptException(f"Prompt blocked due to {reason_str}")
google.generativeai.types.generation_types.BlockedPromptException: Prompt blocked due to 4
2025-10-07 00:15:13 - [CRITICAL] - [512280345618546699] [Direct RAG] æ ¸å¿ƒç”Ÿæˆé“¾åœ¨æ‰€æœ‰ç­–ç•¥ä¹‹å¾Œæœ€çµ‚å¤±æ•—ï¼
2025-10-07 00:15:14 - [INFO] - [512280345618546699] RAG ç›´é€šæµç¨‹åŸ·è¡Œå®Œç•¢ï¼Œå›æ‡‰å·²ç™¼é€ã€‚äº‹å¾Œå­¸ç¿’ä»»å‹™å·²åœ¨èƒŒæ™¯å•Ÿå‹•ã€‚
2025-10-07 00:15:15 - [INFO] - [512280345618546699] [äº‹å¾Œåˆ†æ] æ­£åœ¨å•Ÿå‹•èƒŒæ™¯åˆ†æèˆ‡åˆ†æµä»»å‹™...
2025-10-07 00:15:16 - [INFO] - [512280345618546699] [LLM Success] Generation successful using model 'gemini-2.5-flash-lite' with API Key #0.
2025-10-07 00:15:16 - [INFO] - [512280345618546699] [é•·æœŸè¨˜æ†¶å¯«å…¥] æ­£åœ¨ä¿å­˜é ç”Ÿæˆçš„å®‰å…¨æ‘˜è¦...
2025-10-07 00:15:17 - [INFO] - [512280345618546699] [é•·æœŸè¨˜æ†¶å¯«å…¥] äº’å‹•è¨˜éŒ„å·²æˆåŠŸä¿å­˜åˆ° SQL è³‡æ–™åº«ã€‚
2025-10-07 00:15:17 - [INFO] - [512280345618546699] [é•·æœŸè¨˜æ†¶å¯«å…¥] å®‰å…¨æ‘˜è¦ä¿å­˜å®Œç•¢ã€‚
2025-10-07 00:15:19 - [INFO] - [512280345618546699] èƒŒæ™¯ä»»å‹™ï¼šæª¢æ¸¬åˆ° 2 æ¢ LORE æ›´æ–°ï¼Œæº–å‚™åŸ·è¡Œ...
2025-10-07 00:15:19 - [INFO] - --- [512280345618546699] (LORE Executor) é–‹å§‹ä¸²è¡ŒåŸ·è¡Œ 2 å€‹ä¿®æ­£å¾Œçš„LOREä»»åŠ¡ ---
2025-10-07 00:15:19 - [INFO] - [512280345618546699] [RAGå¢é‡æ›´æ–°] å·²æˆåŠŸ æ›´æ–° LORE 'å®…é‚¸ > ç±³å©­' åˆ° RAG ç´¢å¼•ã€‚ç•¶å‰ç¸½æ–‡æª”æ•¸: 2
2025-10-07 00:15:19 - [INFO] - [512280345618546699] [RAGå¢é‡æ›´æ–°] å·²æˆåŠŸ æ›´æ–° LORE 'å®…é‚¸ > å‹›çˆµ' åˆ° RAG ç´¢å¼•ã€‚ç•¶å‰ç¸½æ–‡æª”æ•¸: 2
2025-10-07 00:15:19 - [INFO] - --- [512280345618546699] (LORE Executor) LORE æ‰©å±•è¨ˆç•«æ‰§è¡Œå®Œæ¯• ---
2025-10-07 00:15:19 - [INFO] - [512280345618546699] èƒŒæ™¯ä»»å‹™ï¼šLOREæ›´æ–°åŸ·è¡Œå®Œç•¢ã€‚æ‘˜è¦: ä»»å‹™æˆåŠŸ: å·²æˆåŠŸæ›´æ–° NPC 'ç±³å©­' çš„æª”æ¡ˆã€‚
ä»»å‹™æˆåŠŸ: å·²æˆåŠŸæ›´æ–° NPC 'å‹›çˆµ' çš„æª”æ¡ˆã€‚
2025-10-07 00:15:19 - [INFO] - [512280345618546699] [äº‹å¾Œåˆ†æ] èƒŒæ™¯åˆ†æèˆ‡åˆ†æµä»»å‹™å®Œæˆã€‚
2025-10-07 00:28:48 - [INFO] - æ­£åœ¨åŠ è¼‰æ ¸å¿ƒ Cog (core_cog)...
2025-10-07 00:28:52 - [ERROR] - ğŸ”¥ æ ¸å¿ƒ Cog åŠ è¼‰å¤±æ•—: Extension 'src.cogs.core_cog' raised an error: NameError: name 'Union' is not defined
Traceback (most recent call last):
  File "C:\Users\USER\AppData\Local\Programs\Python\Python310\lib\site-packages\discord\ext\commands\bot.py", line 935, in _load_from_module_spec
    spec.loader.exec_module(lib)  # type: ignore
  File "<frozen importlib._bootstrap_external>", line 883, in exec_module
  File "<frozen importlib._bootstrap>", line 241, in _call_with_frames_removed
  File "D:\DINO\SD\ComfyUI\personal_server\ai_lover_service\src\cogs\core_cog.py", line 28, in <module>
    from ..ai_core import AILover, GENERATION_MODEL_PRIORITY
  File "D:\DINO\SD\ComfyUI\personal_server\ai_lover_service\src\ai_core.py", line 100, in <module>
    class AILover:
  File "D:\DINO\SD\ComfyUI\personal_server\ai_lover_service\src\ai_core.py", line 1588, in AILover
    prompt_or_messages: Union[str, List[Dict[str, Any]]], # <--- æ ¸å¿ƒæ”¹åŠ¨ï¼šæ¥å—å­—ç¬¦ä¸²æˆ–æ¶ˆæ¯åˆ—è¡¨
NameError: name 'Union' is not defined

The above exception was the direct cause of the following exception:

Traceback (most recent call last):
  File "D:\DINO\SD\ComfyUI\personal_server\ai_lover_service\src\discord_bot.py", line 41, in setup_hook
    await self.load_extension("src.cogs.core_cog")
  File "C:\Users\USER\AppData\Local\Programs\Python\Python310\lib\site-packages\discord\ext\commands\bot.py", line 1013, in load_extension
    await self._load_from_module_spec(spec, name)
  File "C:\Users\USER\AppData\Local\Programs\Python\Python310\lib\site-packages\discord\ext\commands\bot.py", line 938, in _load_from_module_spec
    raise errors.ExtensionFailed(key, e) from e
discord.ext.commands.errors.ExtensionFailed: Extension 'src.cogs.core_cog' raised an error: NameError: name 'Union' is not defined
2025-10-07 00:35:57 - [INFO] - æ­£åœ¨åŠ è¼‰æ ¸å¿ƒ Cog (core_cog)...
2025-10-07 00:36:01 - [INFO] - âœ… æ ¸å¿ƒ Cog (core_cog) å·²åŠ è¼‰ï¼Œä¸¦ä¸”æ‰€æœ‰æŒä¹…åŒ–è¦–åœ–å·²æˆåŠŸè¨»å†Šã€‚
2025-10-07 00:36:01 - [INFO] - âœ… æ ¸å¿ƒ Cog åŠ è¼‰æˆåŠŸã€‚
2025-10-07 00:36:01 - [INFO] - æ­£åœ¨å…¨åŸŸåŒæ­¥æ‡‰ç”¨ç¨‹å¼æŒ‡ä»¤...
2025-10-07 00:36:01 - [INFO] - âœ… æŒ‡ä»¤å·²å…¨åŸŸåŒæ­¥ï¼
2025-10-07 00:36:01 - [INFO] - Discord Bot setup hook finished!
2025-10-07 00:36:04 - [INFO] - Logged in as AI#4450 (ID: 1358417100250808531)
2025-10-07 00:36:05 - [INFO] - å·²æˆåŠŸç™¼é€å•Ÿå‹•æˆåŠŸé€šçŸ¥çµ¦ç®¡ç†å“¡ã€‚
2025-10-07 00:39:11 - [INFO] - ä½¿ç”¨è€… 512280345618546699 æ²’æœ‰æ´»èºçš„ AI å¯¦ä¾‹ï¼Œå˜—è©¦å‰µå»º...
2025-10-07 00:39:11 - [INFO] - ç‚ºä½¿ç”¨è€… 512280345618546699 æˆåŠŸå‰µå»ºä¸¦åˆå§‹åŒ– AI å¯¦ä¾‹ã€‚
2025-10-07 00:39:11 - [INFO] - [512280345618546699] æ ¸å¿ƒæ•¸æ“šæ¨¡æ¿ 'world_snapshot_template.txt' å·²æˆåŠŸåŠ è¼‰ã€‚
2025-10-07 00:39:11 - [INFO] - [512280345618546699] æ ¸å¿ƒå”è­° '00_supreme_directive.txt' å·²æˆåŠŸåŠ è¼‰ã€‚
2025-10-07 00:39:11 - [INFO] - âœ… [Embedding Loader] æª¢æ¸¬åˆ°æœ¬åœ°æ¨¡å‹è·¯å¾‘ï¼Œæ­£åœ¨å˜—è©¦å¾ 'D:\DINO\SD\ComfyUI\personal_server\ai_lover_service\models\stella-base-zh-v2' åŠ è¼‰...
2025-10-07 00:39:13 - [INFO] - âœ… [Embedding Loader] æœ¬åœ° Embedding æ¨¡å‹å¯¦ä¾‹å‰µå»ºæˆåŠŸã€‚
2025-10-07 00:39:13 - [INFO] - [512280345618546699] æ‰€æœ‰è¼•é‡ç´šå‰ç½®è³‡æºå·²æº–å‚™å°±ç·’ (RAG å‰µå»ºå·²å»¶é²)ã€‚
2025-10-07 00:39:13 - [INFO] - [512280345618546699] (Retriever Builder) æª¢æ¸¬åˆ°ç¾æœ‰ RAG ç´¢å¼•ï¼Œæ­£åœ¨åŠ è¼‰...
2025-10-07 00:39:14 - [INFO] - [512280345618546699] [RAGæŒä¹…åŒ–] æˆåŠŸå¾ç£ç¢ŸåŠ è¼‰äº† 2 æ¢æ–‡æª”åˆ° RAG èªæ–™åº«ã€‚
2025-10-07 00:39:14 - [INFO] - [512280345618546699] (Retriever Builder) âœ… æ··åˆæª¢ç´¢å™¨å·²æˆåŠŸå¾æŒä¹…åŒ–ç´¢å¼•åŠ è¼‰ã€‚
2025-10-07 00:39:14 - [INFO] - [512280345618546699] æ­£åœ¨å¾è³‡æ–™åº«æ¢å¾©çŸ­æœŸå ´æ™¯è¨˜æ†¶...
2025-10-07 00:39:14 - [INFO] - [512280345618546699] æˆåŠŸæ¢å¾©äº† 1 å€‹å ´æ™¯çš„å°è©±æ­·å²ï¼Œç¸½è¨ˆ 11 æ¢è¨Šæ¯ã€‚
2025-10-07 00:39:14 - [INFO] - [512280345618546699] å•Ÿå‹• RAG ç›´é€šå°è©±æµç¨‹...
2025-10-07 00:39:14 - [INFO] - [512280345618546699] [Direct RAG] å•ŸåŠ¨ LORE ä¼˜å…ˆçš„ RAG ç›´é€šç”Ÿæˆæµç¨‹...
2025-10-07 00:39:14 - [INFO] - [512280345618546699] [å‰ç½® LORE-1/5] æ­£åœ¨é€²è¡Œæ„åœ–åˆ†é¡...
2025-10-07 00:39:15 - [INFO] - [512280345618546699] [LLM Success] Generation successful using model 'gemini-2.5-flash-lite' with API Key #0.
2025-10-07 00:39:16 - [INFO] - [512280345618546699] [å‰ç½® LORE-2/5] æ­£åœ¨åŸ·è¡Œæ„åœ–é©…å‹•çš„å ´æ™¯é¸è§’...
2025-10-07 00:39:17 - [INFO] - [512280345618546699] [LLM Success] Generation successful using model 'gemini-2.5-flash-lite' with API Key #0.
2025-10-07 00:39:18 - [INFO] - [512280345618546699] [LLM Success] Generation successful using model 'gemini-2.5-flash-lite' with API Key #0.
2025-10-07 00:39:18 - [INFO] - [512280345618546699] [å‰ç½® LORE] ç„¡éœ€å‰µå»ºæˆ–æ›´æ–° LOREã€‚
2025-10-07 00:39:18 - [INFO] - [512280345618546699] [ä¸»ç”Ÿæˆ] é–‹å§‹æ§‹å»ºçµæ§‹åŒ–çš„æ¶ˆæ¯åˆ—è¡¨...
2025-10-07 00:39:18 - [INFO] - [512280345618546699] [é›™å¼•æ“å¯¦é«”æå–] æˆåŠŸæå–é«˜è³ªé‡å¯¦é«”: ['å‹›çˆµ', 'ç±³å©­']
2025-10-07 00:39:19 - [INFO] - [512280345618546699] [RAG åŸæ–‡ç›´é€š] æ­£åœ¨ä½¿ç”¨æŸ¥è¯¢: 'ç±³å©­æ˜¯æ¯ç•œï¼Œæœƒç«‹åˆ»èµ·èº«ç”¨å£èˆŒç‚ºå‹›çˆµæ¸…æ½”è‚‰æ£’ å‹›çˆµ ç¢§ ç±³å©­ DINO'
2025-10-07 00:39:20 - [INFO] - [512280345618546699] [RAG åŸæ–‡ç›´é€š] æª¢ç´¢æˆåŠŸï¼Œç²å¾— 17 ä»½å€™é¸æ–‡æª”ã€‚
2025-10-07 00:39:20 - [INFO] - [512280345618546699] [RAG åŸæ–‡ç›´é€š] âœ… æˆåŠŸæ‹¼æ¥å…¨éƒ¨ 17 æ¢åŸå§‹æ–‡æª”ä½œç‚º summary_contextã€‚
2025-10-07 00:39:20 - [INFO] - [512280345618546699] [History Summarizer] å˜—è©¦ä¸»è·¯å¾‘ï¼šæ–‡å­¸åŒ–æ‘˜è¦...
2025-10-07 00:39:21 - [INFO] - [512280345618546699] [LLM Success] Generation successful using model 'gemini-2.5-flash-lite' with API Key #0.
2025-10-07 00:39:21 - [INFO] - [512280345618546699] [History Summarizer] âœ… ä¸»è·¯å¾‘æˆåŠŸã€‚
2025-10-07 00:39:54 - [INFO] - [512280345618546699] [LLM Success] Generation successful using model 'gemini-2.5-pro' with API Key #0.
2025-10-07 00:39:56 - [INFO] - [512280345618546699] RAG ç›´é€šæµç¨‹åŸ·è¡Œå®Œç•¢ï¼Œå›æ‡‰å·²ç™¼é€ã€‚äº‹å¾Œå­¸ç¿’ä»»å‹™å·²åœ¨èƒŒæ™¯å•Ÿå‹•ã€‚
2025-10-07 00:39:57 - [INFO] - [512280345618546699] [äº‹å¾Œåˆ†æ] æ­£åœ¨å•Ÿå‹•èƒŒæ™¯åˆ†æèˆ‡åˆ†æµä»»å‹™...
2025-10-07 00:39:59 - [INFO] - [512280345618546699] [LLM Success] Generation successful using model 'gemini-2.5-flash-lite' with API Key #0.
2025-10-07 00:39:59 - [INFO] - [512280345618546699] [é•·æœŸè¨˜æ†¶å¯«å…¥] æ­£åœ¨ä¿å­˜é ç”Ÿæˆçš„å®‰å…¨æ‘˜è¦...
2025-10-07 00:39:59 - [INFO] - [512280345618546699] [é•·æœŸè¨˜æ†¶å¯«å…¥] äº’å‹•è¨˜éŒ„å·²æˆåŠŸä¿å­˜åˆ° SQL è³‡æ–™åº«ã€‚
2025-10-07 00:39:59 - [INFO] - [512280345618546699] [é•·æœŸè¨˜æ†¶å¯«å…¥] å®‰å…¨æ‘˜è¦ä¿å­˜å®Œç•¢ã€‚
2025-10-07 00:40:01 - [INFO] - [512280345618546699] èƒŒæ™¯ä»»å‹™ï¼šæª¢æ¸¬åˆ° 2 æ¢ LORE æ›´æ–°ï¼Œæº–å‚™åŸ·è¡Œ...
2025-10-07 00:40:01 - [INFO] - --- [512280345618546699] (LORE Executor) é–‹å§‹ä¸²è¡ŒåŸ·è¡Œ 2 å€‹ä¿®æ­£å¾Œçš„LOREä»»åŠ¡ ---
2025-10-07 00:40:01 - [WARNING] - [512280345618546699] [æŠ—å¹»è¦º] æª¢æ¸¬åˆ°å°ä¸å­˜åœ¨å¯¦é«” 'ç±³å©­' çš„æ›´æ–°ã€‚å•Ÿå‹•äº‹å¯¦æŸ¥æ ¸...
2025-10-07 00:40:02 - [INFO] - [512280345618546699] [LLM Success] Generation successful using model 'gemini-2.5-flash-lite' with API Key #0.
2025-10-07 00:40:02 - [INFO] - [512280345618546699] [æŠ—å¹»è¦º] äº‹å¯¦æŸ¥æ ¸è£å®šç‚º CREATEã€‚æ­£åœ¨å‰µå»ºæ–°çš„ LORE...
2025-10-07 00:40:02 - [WARNING] - [512280345618546699] [æŠ—å¹»è¦º] æª¢æ¸¬åˆ°å°ä¸å­˜åœ¨å¯¦é«” 'å‹›çˆµ' çš„æ›´æ–°ã€‚å•Ÿå‹•äº‹å¯¦æŸ¥æ ¸...
2025-10-07 00:40:03 - [INFO] - [512280345618546699] [LLM Success] Generation successful using model 'gemini-2.5-flash-lite' with API Key #0.
2025-10-07 00:40:03 - [INFO] - [512280345618546699] [æŠ—å¹»è¦º] äº‹å¯¦æŸ¥æ ¸è£å®šç‚º MERGEã€‚æ­£åœ¨åˆä½µåˆ° 'å®…é‚¸ > å‹›çˆµ'...
2025-10-07 00:40:04 - [INFO] - --- [512280345618546699] (LORE Executor) LORE æ‰©å±•è¨ˆç•«æ‰§è¡Œå®Œæ¯• ---
2025-10-07 00:40:04 - [INFO] - [512280345618546699] èƒŒæ™¯ä»»å‹™ï¼šLOREæ›´æ–°åŸ·è¡Œå®Œç•¢ã€‚æ‘˜è¦: ä»»å‹™æˆåŠŸ (ä¿®æ­£å¾Œå‰µå»º): å·²ç‚ºæ–°å¯¦é«” 'ç±³å©­' å‰µå»ºæª”æ¡ˆã€‚
ä»»å‹™æˆåŠŸ (ä¿®æ­£å¾Œåˆä½µ): å·²å°‡ä¿¡æ¯åˆä½µåˆ° 'å®…é‚¸ > å‹›çˆµ'ã€‚
2025-10-07 00:40:04 - [INFO] - [512280345618546699] [äº‹å¾Œåˆ†æ] èƒŒæ™¯åˆ†æèˆ‡åˆ†æµä»»å‹™å®Œæˆã€‚
2025-10-07 00:46:45 - [INFO] - æ­£åœ¨åŠ è¼‰æ ¸å¿ƒ Cog (core_cog)...
2025-10-07 00:46:49 - [INFO] - âœ… æ ¸å¿ƒ Cog (core_cog) å·²åŠ è¼‰ï¼Œä¸¦ä¸”æ‰€æœ‰æŒä¹…åŒ–è¦–åœ–å·²æˆåŠŸè¨»å†Šã€‚
2025-10-07 00:46:49 - [INFO] - âœ… æ ¸å¿ƒ Cog åŠ è¼‰æˆåŠŸã€‚
2025-10-07 00:46:49 - [INFO] - æ­£åœ¨å…¨åŸŸåŒæ­¥æ‡‰ç”¨ç¨‹å¼æŒ‡ä»¤...
2025-10-07 00:46:49 - [INFO] - âœ… æŒ‡ä»¤å·²å…¨åŸŸåŒæ­¥ï¼
2025-10-07 00:46:49 - [INFO] - Discord Bot setup hook finished!
2025-10-07 00:46:52 - [INFO] - Logged in as AI#4450 (ID: 1358417100250808531)
2025-10-07 00:46:53 - [INFO] - å·²æˆåŠŸç™¼é€å•Ÿå‹•æˆåŠŸé€šçŸ¥çµ¦ç®¡ç†å“¡ã€‚
2025-10-07 00:47:38 - [INFO] - [512280345618546699] [Data Reset] æ­£åœ¨å•Ÿå‹•ä½¿ç”¨è€…è³‡æ–™é‡ç½®æµç¨‹...
2025-10-07 00:47:38 - [INFO] - [512280345618546699] [Data Reset] æ‰€æœ‰ç›¸é—œçš„è³‡æ–™åº«è¨˜éŒ„å·²æˆåŠŸåˆªé™¤ã€‚
2025-10-07 00:47:38 - [INFO] - [512280345618546699] [Data Reset] å‘é‡å„²å­˜ç›®éŒ„ 'D:\DINO\SD\ComfyUI\personal_server\ai_lover_service\data\vector_stores\512280345618546699' å·²æˆåŠŸåˆªé™¤ã€‚
2025-10-07 00:47:38 - [INFO] - [512280345618546699] [Data Reset] è³‡æ–™é‡ç½®æµç¨‹å·²å…¨éƒ¨å®Œæˆã€‚
2025-10-07 00:47:40 - [INFO] - [512280345618546699] (UI Event) Persistent 'StartSetupView' button clicked.
2025-10-07 00:47:44 - [INFO] - ä½¿ç”¨è€… 512280345618546699 æ²’æœ‰æ´»èºçš„ AI å¯¦ä¾‹ï¼Œå˜—è©¦å‰µå»º...
2025-10-07 00:47:44 - [INFO] - [512280345618546699] è™•æ–¼è¨­å®šæµç¨‹ä¸­ï¼Œå³ä½¿è³‡æ–™åº«ç„¡è¨˜éŒ„ï¼Œä¹Ÿå‰µå»ºä¸€å€‹è‡¨æ™‚çš„è¨˜æ†¶é«”å¯¦ä¾‹ã€‚
2025-10-07 00:47:44 - [INFO] - [512280345618546699] æ ¸å¿ƒæ•¸æ“šæ¨¡æ¿ 'world_snapshot_template.txt' å·²æˆåŠŸåŠ è¼‰ã€‚
2025-10-07 00:47:44 - [INFO] - [512280345618546699] æ ¸å¿ƒå”è­° '00_supreme_directive.txt' å·²æˆåŠŸåŠ è¼‰ã€‚
2025-10-07 00:47:44 - [INFO] - âœ… [Embedding Loader] æª¢æ¸¬åˆ°æœ¬åœ°æ¨¡å‹è·¯å¾‘ï¼Œæ­£åœ¨å˜—è©¦å¾ 'D:\DINO\SD\ComfyUI\personal_server\ai_lover_service\models\stella-base-zh-v2' åŠ è¼‰...
2025-10-07 00:47:46 - [INFO] - âœ… [Embedding Loader] æœ¬åœ° Embedding æ¨¡å‹å¯¦ä¾‹å‰µå»ºæˆåŠŸã€‚
2025-10-07 00:47:46 - [INFO] - [512280345618546699] æ‰€æœ‰è¼•é‡ç´šå‰ç½®è³‡æºå·²æº–å‚™å°±ç·’ (RAG å‰µå»ºå·²å»¶é²)ã€‚
2025-10-07 00:47:46 - [INFO] - [512280345618546699] æ¥æ”¶åˆ° profile æ›´æ–°è«‹æ±‚: ['world_settings']
2025-10-07 00:47:46 - [WARNING] - [512280345618546699] åœ¨æŒä¹…åŒ–æ›´æ–°æ™‚æ‰¾ä¸åˆ°ä½¿ç”¨è€…è³‡æ–™ï¼Œå°‡å‰µå»ºæ–°è¨˜éŒ„ã€‚
2025-10-07 00:47:47 - [INFO] - [512280345618546699] Profile æ›´æ–°ä¸¦æŒä¹…åŒ–æˆåŠŸã€‚
2025-10-07 00:47:48 - [INFO] - [512280345618546699] (UI Event) Persistent 'ContinueToUserSetupView' button clicked.
2025-10-07 00:47:58 - [INFO] - [512280345618546699] (UI Event) CharacterSettingsModal submitted for profile_type: 'user', is_setup_flow: True
2025-10-07 00:47:58 - [INFO] - [512280345618546699] æ¥æ”¶åˆ° profile æ›´æ–°è«‹æ±‚: ['user_profile']
2025-10-07 00:47:58 - [INFO] - [512280345618546699] Profile æ›´æ–°ä¸¦æŒä¹…åŒ–æˆåŠŸã€‚
2025-10-07 00:48:00 - [INFO] - [512280345618546699] (UI Event) Persistent 'ContinueToAiSetupView' button clicked.
2025-10-07 00:48:18 - [INFO] - [512280345618546699] (UI Event) CharacterSettingsModal submitted for profile_type: 'ai', is_setup_flow: True
2025-10-07 00:48:18 - [INFO] - [512280345618546699] æ¥æ”¶åˆ° profile æ›´æ–°è«‹æ±‚: ['ai_profile']
2025-10-07 00:48:18 - [INFO] - [512280345618546699] Profile æ›´æ–°ä¸¦æŒä¹…åŒ–æˆåŠŸã€‚
2025-10-07 00:48:20 - [INFO] - [512280345618546699] [å‰µä¸–æµç¨‹] æª”æ¡ˆä¸Šå‚³é–‹å§‹ï¼Œå·²è¨­å®š active_setups ç‹€æ…‹é–ã€‚
2025-10-07 00:48:26 - [INFO] - [512280345618546699] (on_message) åµæ¸¬åˆ°ç”¨æˆ¶è™•æ–¼æ´»èºçš„å‰µä¸–æµç¨‹ä¸­ï¼Œå·²å¿½ç•¥å¸¸è¦è¨Šæ¯ '...' ä»¥é˜²æ­¢ç«¶çˆ­ã€‚
2025-10-07 00:48:29 - [INFO] - [512280345618546699] [å‰µä¸–æµç¨‹ v65.1] åŸç”Ÿ Python é©…å‹•çš„æµç¨‹å·²å•Ÿå‹•ã€‚
2025-10-07 00:48:29 - [INFO] - [512280345618546699] [å¾Œå°å‰µä¸–] æ­£åœ¨å°‡ä¸–ç•Œè–ç¶“åŸæ–‡åˆ†å‰²æˆæ–‡æª”...
2025-10-07 00:48:29 - [INFO] - [512280345618546699] [å¾Œå°å‰µä¸–] æ­£åœ¨è§¸ç™¼ RAG ç´¢å¼•å‰µå§‹æ§‹å»º...
2025-10-07 00:48:29 - [INFO] - [512280345618546699] (Retriever Builder) é€²å…¥å¤–éƒ¨æ–‡æª”æ³¨å…¥æ¨¡å¼ï¼Œå°‡ä½¿ç”¨ 36 æ¢å‚³å…¥æ–‡æª”æ§‹å»ºç´”å‘é‡ç´¢å¼•...
2025-10-07 00:49:17 - [INFO] - [512280345618546699] (Retriever Builder) âœ… ç´”å‘é‡æª¢ç´¢å™¨å·²æˆåŠŸå¾å¤–éƒ¨æ–‡æª”æ§‹å»ºã€‚
2025-10-07 00:49:17 - [INFO] - [512280345618546699] [å¾Œå°å‰µä¸–] RAG ç´¢å¼•æ§‹å»ºå®Œæˆï¼Œæº–å‚™åŸ·è¡ŒåŸç”Ÿå‰µä¸–æ­¥é©Ÿ...
2025-10-07 00:49:17 - [INFO] - [512280345618546699] [å¾Œå°å‰µä¸–-åŸç”Ÿ] æ­¥é©Ÿ 1/2: æ­£åœ¨è£œå®Œè§’è‰²æª”æ¡ˆ...
2025-10-07 00:49:20 - [INFO] - [512280345618546699] [LLM Success] Generation successful using model 'gemini-2.5-flash-lite' with API Key #0.
2025-10-07 00:49:21 - [INFO] - [512280345618546699] [LLM Success] Generation successful using model 'gemini-2.5-flash-lite' with API Key #0.
2025-10-07 00:49:21 - [INFO] - [512280345618546699] æ¥æ”¶åˆ° profile æ›´æ–°è«‹æ±‚: ['user_profile', 'ai_profile']
2025-10-07 00:49:21 - [INFO] - [512280345618546699] Profile æ›´æ–°ä¸¦æŒä¹…åŒ–æˆåŠŸã€‚
2025-10-07 00:49:21 - [INFO] - [512280345618546699] [å¾Œå°å‰µä¸–-åŸç”Ÿ] è§’è‰²æª”æ¡ˆè£œå®ŒæˆåŠŸã€‚
2025-10-07 00:49:21 - [INFO] - [512280345618546699] [å¾Œå°å‰µä¸–-åŸç”Ÿ] æ­¥é©Ÿ 2/2: æ­£åœ¨ç”Ÿæˆé–‹å ´ç™½...
2025-10-07 00:49:21 - [INFO] - [512280345618546699] [/start] æ­£åœ¨ä½¿ç”¨ RAG æ™ºèƒ½é¸æ“‡ä¸¦å‰µä½œé–‹å ´å ´æ™¯...
2025-10-07 00:49:21 - [INFO] - [512280345618546699] [RAG åŸæ–‡ç›´é€š] æ­£åœ¨ä½¿ç”¨æŸ¥è¯¢: 'æ ¹æ“šé€™å€‹ä¸–ç•Œçš„æ ¸å¿ƒè¨­å®š(é€™æ˜¯ä¸€å€‹é­”æ³•çš„å¹»æƒ³ä¸–ç•Œã€‚)ä»¥åŠä¸»è§’ DINO å’Œ ç¢§ çš„èƒŒæ™¯ï¼Œç‚ºä»–å€‘çš„æ•…äº‹å°‹æ‰¾ä¸€å€‹æœ€å¯Œæœ‰æˆ²åŠ‡æ€§ã€æœ€ç¬¦åˆä¸–ç•Œè§€çš„ã€é©åˆäºŒäººå‡ºå ´çš„ã€é é›¢æ¬ŠåŠ›ä¸­å¿ƒçš„éœæ…‹åˆå§‹å ´æ™¯æˆ–æƒ…å¢ƒã€‚'
2025-10-07 00:49:21 - [INFO] - [512280345618546699] [RAG åŸæ–‡ç›´é€š] æª¢ç´¢æˆåŠŸï¼Œç²å¾— 20 ä»½å€™é¸æ–‡æª”ã€‚
2025-10-07 00:49:21 - [INFO] - [512280345618546699] [RAG åŸæ–‡ç›´é€š] âœ… æˆåŠŸæ‹¼æ¥å…¨éƒ¨ 20 æ¢åŸå§‹æ–‡æª”ä½œç‚º summary_contextã€‚
2025-10-07 00:49:55 - [INFO] - [512280345618546699] [LLM Success] Generation successful using model 'gemini-2.5-pro' with API Key #0.
2025-10-07 00:49:55 - [INFO] - [512280345618546699] [/start] é–‹å ´ç™½å·²ç”Ÿæˆï¼Œæ­£åœ¨å¾ä¸­åå‘æå–æ¬Šå¨åœ°é»...
2025-10-07 00:49:56 - [INFO] - [512280345618546699] [LLM Success] Generation successful using model 'gemini-2.5-flash-lite' with API Key #0.
2025-10-07 00:49:56 - [INFO] - [512280345618546699] [/start] âœ… åœ°é»æå–æˆåŠŸ: ç‹åœ‹é¦–éƒ½ > å­¸è¡“å€ > çš‡å®¶åœ–æ›¸é¤¨ã€‚æ­£åœ¨æ›´æ–° GameState...
2025-10-07 00:49:56 - [INFO] - [512280345618546699] æ¥æ”¶åˆ° profile æ›´æ–°è«‹æ±‚: ['game_state']
2025-10-07 00:49:57 - [INFO] - [512280345618546699] Profile æ›´æ–°ä¸¦æŒä¹…åŒ–æˆåŠŸã€‚
2025-10-07 00:49:57 - [INFO] - [512280345618546699] [å¾Œå°å‰µä¸–-åŸç”Ÿ] é–‹å ´ç™½ç”ŸæˆæˆåŠŸã€‚
2025-10-07 00:49:57 - [INFO] - [512280345618546699] [å¾Œå°å‰µä¸–] æ­£åœ¨å‘ä½¿ç”¨è€…ç§è¨Šç™¼é€æœ€çµ‚é–‹å ´ç™½...
2025-10-07 00:49:57 - [INFO] - [512280345618546699] [å¾Œå°å‰µä¸–] é–‹å ´ç™½ç™¼é€å®Œç•¢ã€‚
2025-10-07 00:49:57 - [INFO] - [512280345618546699] å¾Œå°å‰µä¸–æµç¨‹çµæŸï¼Œç‹€æ…‹é–å·²é‡‹æ”¾ã€‚
2025-10-07 00:50:50 - [INFO] - [512280345618546699] å•Ÿå‹• RAG ç›´é€šå°è©±æµç¨‹...
2025-10-07 00:50:50 - [INFO] - [512280345618546699] [Direct RAG] å•ŸåŠ¨ LORE ä¼˜å…ˆçš„ RAG ç›´é€šç”Ÿæˆæµç¨‹...
2025-10-07 00:50:50 - [INFO] - [512280345618546699] [å‰ç½® LORE-1/5] æ­£åœ¨é€²è¡Œæ„åœ–åˆ†é¡...
2025-10-07 00:50:51 - [INFO] - [512280345618546699] [LLM Success] Generation successful using model 'gemini-2.5-flash-lite' with API Key #0.
2025-10-07 00:50:51 - [INFO] - [512280345618546699] [å‰ç½® LORE-2/5] æ­£åœ¨åŸ·è¡Œæ„åœ–é©…å‹•çš„å ´æ™¯é¸è§’...
2025-10-07 00:50:52 - [INFO] - [512280345618546699] [LLM Success] Generation successful using model 'gemini-2.5-flash-lite' with API Key #0.
2025-10-07 00:50:53 - [INFO] - [512280345618546699] [LLM Success] Generation successful using model 'gemini-2.5-flash-lite' with API Key #0.
2025-10-07 00:50:53 - [INFO] - [512280345618546699] [å‰ç½® LORE] âœ… æˆåŠŸè­˜åˆ¥/å‰µé€ å‡º 2 å€‹æ–°å¯¦é«”éª¨æ¶: ['ç±³å©­', 'å‹›çˆµ']
2025-10-07 00:50:53 - [INFO] - [512280345618546699] [Raw RAG] æ­£åœ¨ç‚ºå…§éƒ¨æµç¨‹åŸ·è¡ŒåŸå§‹æ–‡æª”æª¢ç´¢ï¼ŒæŸ¥è©¢: 'é—œæ–¼è§’è‰² 'ç±³å©­' çš„æ‰€æœ‰å·²çŸ¥è³‡è¨Š...'
2025-10-07 00:50:53 - [INFO] - [512280345618546699] [Raw RAG] âœ… æˆåŠŸæª¢ç´¢åˆ° 20 ä»½åŸå§‹æ–‡æª”ã€‚
2025-10-07 00:50:53 - [INFO] - [512280345618546699] [Raw RAG] æ­£åœ¨ç‚ºå…§éƒ¨æµç¨‹åŸ·è¡ŒåŸå§‹æ–‡æª”æª¢ç´¢ï¼ŒæŸ¥è©¢: 'é—œæ–¼è§’è‰² 'å‹›çˆµ' çš„æ‰€æœ‰å·²çŸ¥è³‡è¨Š...'
2025-10-07 00:50:53 - [INFO] - [512280345618546699] [Raw RAG] âœ… æˆåŠŸæª¢ç´¢åˆ° 20 ä»½åŸå§‹æ–‡æª”ã€‚
2025-10-07 00:51:04 - [INFO] - [512280345618546699] [LLM Success] Generation successful using model 'gemini-2.5-flash-lite' with API Key #0.
2025-10-07 00:51:04 - [INFO] - [512280345618546699] (_resolve_and_save) æ­£åœ¨ç‚º 'npc_profile' é¡åˆ¥è™•ç† 2 å€‹å¯¦é«”...
2025-10-07 00:51:05 - [INFO] - [512280345618546699] [LLM Success] Generation successful using model 'gemini-2.5-flash-lite' with API Key #0.
2025-10-07 00:51:05 - [INFO] - [512280345618546699] (_resolve_and_save) æ­£åœ¨å‰µå»ºæ–° LOREï¼š'ä¸–ç•Œ > ç±³å©­'
2025-10-07 00:51:06 - [INFO] - [512280345618546699] [LLM Success] Generation successful using model 'gemini-2.5-flash-lite' with API Key #0.
2025-10-07 00:51:06 - [INFO] - [512280345618546699] (_resolve_and_save) æ­£åœ¨å‰µå»ºæ–° LOREï¼š'æ£®æ— > æ·±è™• > å‹›çˆµ'
2025-10-07 00:51:06 - [INFO] - [512280345618546699] [ä¸»ç”Ÿæˆ] é–‹å§‹æ§‹å»ºçµæ§‹åŒ–çš„æ¶ˆæ¯åˆ—è¡¨...
2025-10-07 00:51:07 - [INFO] - [512280345618546699] [é›™å¼•æ“å¯¦é«”æå–] æˆåŠŸæå–é«˜è³ªé‡å¯¦é«”: ['å‹›çˆµ', 'ç±³å©­']
2025-10-07 00:51:07 - [INFO] - [512280345618546699] [RAG åŸæ–‡ç›´é€š] æ­£åœ¨ä½¿ç”¨æŸ¥è¯¢: 'æè¿°ç±³å©­åœ¨å®…é‚¸é‡åˆ°å‹›çˆµ DINO ç¢§ å‹›çˆµ ç±³å©­'
2025-10-07 00:51:07 - [INFO] - [512280345618546699] [RAG åŸæ–‡ç›´é€š] æª¢ç´¢æˆåŠŸï¼Œç²å¾— 20 ä»½å€™é¸æ–‡æª”ã€‚
2025-10-07 00:51:07 - [INFO] - [512280345618546699] [RAG åŸæ–‡ç›´é€š] âœ… æˆåŠŸæ‹¼æ¥å…¨éƒ¨ 20 æ¢åŸå§‹æ–‡æª”ä½œç‚º summary_contextã€‚
2025-10-07 00:51:07 - [INFO] - [512280345618546699] [History Summarizer] åŸ·è¡Œç´”ç¨‹å¼åŒ–ä¸­æ€§æ‘˜è¦...
2025-10-07 00:51:07 - [INFO] - [512280345618546699] [History Summarizer] âœ… ç¨‹å¼åŒ–ä¸­æ€§æ‘˜è¦æˆåŠŸç”Ÿæˆã€‚
2025-10-07 00:51:37 - [INFO] - [512280345618546699] [LLM Success] Generation successful using model 'gemini-2.5-pro' with API Key #0.
2025-10-07 00:51:39 - [INFO] - [512280345618546699] RAG ç›´é€šæµç¨‹åŸ·è¡Œå®Œç•¢ï¼Œå›æ‡‰å·²ç™¼é€ã€‚äº‹å¾Œå­¸ç¿’ä»»å‹™å·²åœ¨èƒŒæ™¯å•Ÿå‹•ã€‚
2025-10-07 00:51:40 - [INFO] - [512280345618546699] [äº‹å¾Œåˆ†æ] æ­£åœ¨å•Ÿå‹•èƒŒæ™¯åˆ†æèˆ‡åˆ†æµä»»å‹™...
2025-10-07 00:51:42 - [INFO] - [512280345618546699] [LLM Success] Generation successful using model 'gemini-2.5-flash-lite' with API Key #0.
2025-10-07 00:51:42 - [INFO] - [512280345618546699] [é•·æœŸè¨˜æ†¶å¯«å…¥] æ­£åœ¨ä¿å­˜é ç”Ÿæˆçš„å®‰å…¨æ‘˜è¦...
2025-10-07 00:51:43 - [INFO] - [512280345618546699] [é•·æœŸè¨˜æ†¶å¯«å…¥] äº’å‹•è¨˜éŒ„å·²æˆåŠŸä¿å­˜åˆ° SQL è³‡æ–™åº«ã€‚
2025-10-07 00:51:43 - [INFO] - [512280345618546699] [é•·æœŸè¨˜æ†¶å¯«å…¥] å®‰å…¨æ‘˜è¦ä¿å­˜å®Œç•¢ã€‚
2025-10-07 00:51:45 - [INFO] - [512280345618546699] èƒŒæ™¯ä»»å‹™ï¼šæª¢æ¸¬åˆ° 1 æ¢ LORE æ›´æ–°ï¼Œæº–å‚™åŸ·è¡Œ...
2025-10-07 00:51:45 - [INFO] - --- [512280345618546699] (LORE Executor) é–‹å§‹ä¸²è¡ŒåŸ·è¡Œ 1 å€‹ä¿®æ­£å¾Œçš„LOREä»»åŠ¡ ---
2025-10-07 00:51:45 - [WARNING] - [512280345618546699] [æŠ—å¹»è¦º] æª¢æ¸¬åˆ°å°ä¸å­˜åœ¨å¯¦é«” 'ç±³å©­' çš„æ›´æ–°ã€‚å•Ÿå‹•äº‹å¯¦æŸ¥æ ¸...
2025-10-07 00:51:45 - [INFO] - [512280345618546699] [LLM Success] Generation successful using model 'gemini-2.5-flash-lite' with API Key #0.
2025-10-07 00:51:45 - [WARNING] - [512280345618546699] [æŠ—å¹»è¦º] äº‹å¯¦æŸ¥æ ¸è£å®šç‚º IGNOREã€‚å·²è·³éæ“ä½œã€‚ç†ç”±: å°è©±ä¸Šä¸‹æ–‡ç‚ºç©ºï¼Œç„¡æ³•åˆ¤æ–·'ç±³å©­'æ˜¯å¦ç‚ºæ–°å¯¦é«”ã€‚
2025-10-07 00:51:45 - [INFO] - --- [512280345618546699] (LORE Executor) LORE æ‰©å±•è¨ˆç•«æ‰§è¡Œå®Œæ¯• ---
2025-10-07 00:51:45 - [INFO] - [512280345618546699] èƒŒæ™¯ä»»å‹™ï¼šLOREæ›´æ–°åŸ·è¡Œå®Œç•¢ã€‚æ‘˜è¦: LORE æ‰©å±•å·²æ‰§è¡Œã€‚
2025-10-07 00:51:45 - [INFO] - [512280345618546699] [äº‹å¾Œåˆ†æ] èƒŒæ™¯åˆ†æèˆ‡åˆ†æµä»»å‹™å®Œæˆã€‚
2025-10-07 00:52:07 - [INFO] - [512280345618546699] å•Ÿå‹• RAG ç›´é€šå°è©±æµç¨‹...
2025-10-07 00:52:07 - [INFO] - [512280345618546699] [Direct RAG] å•ŸåŠ¨ LORE ä¼˜å…ˆçš„ RAG ç›´é€šç”Ÿæˆæµç¨‹...
2025-10-07 00:52:07 - [INFO] - [512280345618546699] [å‰ç½® LORE-1/5] æ­£åœ¨é€²è¡Œæ„åœ–åˆ†é¡...
2025-10-07 00:52:08 - [INFO] - [512280345618546699] [LLM Success] Generation successful using model 'gemini-2.5-flash-lite' with API Key #0.
2025-10-07 00:52:08 - [INFO] - [512280345618546699] [å‰ç½® LORE-2/5] æ­£åœ¨åŸ·è¡Œæ„åœ–é©…å‹•çš„å ´æ™¯é¸è§’...
2025-10-07 00:52:09 - [INFO] - [512280345618546699] [LLM Success] Generation successful using model 'gemini-2.5-flash-lite' with API Key #0.
2025-10-07 00:52:10 - [INFO] - [512280345618546699] [LLM Success] Generation successful using model 'gemini-2.5-flash-lite' with API Key #0.
2025-10-07 00:52:10 - [INFO] - [512280345618546699] [å‰ç½® LORE] ç„¡éœ€å‰µå»ºæˆ–æ›´æ–° LOREã€‚
2025-10-07 00:52:10 - [INFO] - [512280345618546699] [ä¸»ç”Ÿæˆ] é–‹å§‹æ§‹å»ºçµæ§‹åŒ–çš„æ¶ˆæ¯åˆ—è¡¨...
2025-10-07 00:52:11 - [INFO] - [512280345618546699] [é›™å¼•æ“å¯¦é«”æå–] æˆåŠŸæå–é«˜è³ªé‡å¯¦é«”: ['çˆµå¾', 'å‹›çˆµ', 'ç±³å©­']
2025-10-07 00:52:11 - [INFO] - [512280345618546699] [RAG åŸæ–‡ç›´é€š] æ­£åœ¨ä½¿ç”¨æŸ¥è¯¢: 'æè¿°ç±³å©­åœ¨è–éœ²ä¿®é“é™¢äºŒæ¨“ï¼Œä¸€é‚Šè¢«å‹›çˆµå¾å¾Œé¢å¼·æš´å±çœ¼ï¼Œä¸€é‚Šæ¢å‡ºä¸ŠåŠèº«å‘ä¿¡å¾’æ®æ‰‹ DINO çˆµå¾ ç¢§ å‹›çˆµ ç±³å©­'
2025-10-07 00:52:11 - [INFO] - [512280345618546699] [RAG åŸæ–‡ç›´é€š] æª¢ç´¢æˆåŠŸï¼Œç²å¾— 20 ä»½å€™é¸æ–‡æª”ã€‚
2025-10-07 00:52:11 - [INFO] - [512280345618546699] [RAG åŸæ–‡ç›´é€š] âœ… æˆåŠŸæ‹¼æ¥å…¨éƒ¨ 20 æ¢åŸå§‹æ–‡æª”ä½œç‚º summary_contextã€‚
2025-10-07 00:52:11 - [INFO] - [512280345618546699] [History Summarizer] åŸ·è¡Œç´”ç¨‹å¼åŒ–ä¸­æ€§æ‘˜è¦...
2025-10-07 00:52:11 - [INFO] - [512280345618546699] [History Summarizer] âœ… ç¨‹å¼åŒ–ä¸­æ€§æ‘˜è¦æˆåŠŸç”Ÿæˆã€‚
2025-10-07 00:52:52 - [INFO] - [512280345618546699] [LLM Success] Generation successful using model 'gemini-2.5-pro' with API Key #0.
2025-10-07 00:52:53 - [INFO] - [512280345618546699] RAG ç›´é€šæµç¨‹åŸ·è¡Œå®Œç•¢ï¼Œå›æ‡‰å·²ç™¼é€ã€‚äº‹å¾Œå­¸ç¿’ä»»å‹™å·²åœ¨èƒŒæ™¯å•Ÿå‹•ã€‚
2025-10-07 00:52:54 - [INFO] - [512280345618546699] [äº‹å¾Œåˆ†æ] æ­£åœ¨å•Ÿå‹•èƒŒæ™¯åˆ†æèˆ‡åˆ†æµä»»å‹™...
2025-10-07 00:52:56 - [INFO] - [512280345618546699] [LLM Success] Generation successful using model 'gemini-2.5-flash-lite' with API Key #0.
2025-10-07 00:52:56 - [INFO] - [512280345618546699] [é•·æœŸè¨˜æ†¶å¯«å…¥] æ­£åœ¨ä¿å­˜é ç”Ÿæˆçš„å®‰å…¨æ‘˜è¦...
2025-10-07 00:52:57 - [INFO] - [512280345618546699] [é•·æœŸè¨˜æ†¶å¯«å…¥] äº’å‹•è¨˜éŒ„å·²æˆåŠŸä¿å­˜åˆ° SQL è³‡æ–™åº«ã€‚
2025-10-07 00:52:57 - [INFO] - [512280345618546699] [é•·æœŸè¨˜æ†¶å¯«å…¥] å®‰å…¨æ‘˜è¦ä¿å­˜å®Œç•¢ã€‚
2025-10-07 00:52:59 - [INFO] - [512280345618546699] èƒŒæ™¯ä»»å‹™ï¼šæª¢æ¸¬åˆ° 2 æ¢ LORE æ›´æ–°ï¼Œæº–å‚™åŸ·è¡Œ...
2025-10-07 00:52:59 - [INFO] - --- [512280345618546699] (LORE Executor) é–‹å§‹ä¸²è¡ŒåŸ·è¡Œ 2 å€‹ä¿®æ­£å¾Œçš„LOREä»»åŠ¡ ---
2025-10-07 00:52:59 - [INFO] - [512280345618546699] [RAGå¢é‡æ›´æ–°] å·²æˆåŠŸ æ·»åŠ  LORE 'æ£®æ— > æ·±è™• > å‹›çˆµ' åˆ° RAG ç´¢å¼•ã€‚ç•¶å‰ç¸½æ–‡æª”æ•¸: 1
2025-10-07 00:52:59 - [INFO] - [512280345618546699] [RAGå¢é‡æ›´æ–°] å·²æˆåŠŸ æ·»åŠ  LORE 'ä¸–ç•Œ > ç±³å©­' åˆ° RAG ç´¢å¼•ã€‚ç•¶å‰ç¸½æ–‡æª”æ•¸: 2
2025-10-07 00:52:59 - [INFO] - --- [512280345618546699] (LORE Executor) LORE æ‰©å±•è¨ˆç•«æ‰§è¡Œå®Œæ¯• ---
2025-10-07 00:52:59 - [INFO] - [512280345618546699] èƒŒæ™¯ä»»å‹™ï¼šLOREæ›´æ–°åŸ·è¡Œå®Œç•¢ã€‚æ‘˜è¦: ä»»å‹™æˆåŠŸ: å·²æˆåŠŸæ›´æ–° NPC 'å‹›çˆµ' çš„æª”æ¡ˆã€‚
ä»»å‹™æˆåŠŸ: å·²æˆåŠŸæ›´æ–° NPC 'ç±³å©­' çš„æª”æ¡ˆã€‚
2025-10-07 00:52:59 - [INFO] - [512280345618546699] [äº‹å¾Œåˆ†æ] èƒŒæ™¯åˆ†æèˆ‡åˆ†æµä»»å‹™å®Œæˆã€‚
2025-10-07 00:53:22 - [INFO] - [512280345618546699] å•Ÿå‹• RAG ç›´é€šå°è©±æµç¨‹...
2025-10-07 00:53:22 - [INFO] - [512280345618546699] [Direct RAG] å•ŸåŠ¨ LORE ä¼˜å…ˆçš„ RAG ç›´é€šç”Ÿæˆæµç¨‹...
2025-10-07 00:53:22 - [INFO] - [512280345618546699] [å‰ç½® LORE-1/5] æ­£åœ¨é€²è¡Œæ„åœ–åˆ†é¡...
2025-10-07 00:53:23 - [INFO] - [512280345618546699] [LLM Success] Generation successful using model 'gemini-2.5-flash-lite' with API Key #0.
2025-10-07 00:53:23 - [INFO] - [512280345618546699] [å‰ç½® LORE-2/5] æ­£åœ¨åŸ·è¡Œæ„åœ–é©…å‹•çš„å ´æ™¯é¸è§’...
2025-10-07 00:53:24 - [INFO] - [512280345618546699] [LLM Success] Generation successful using model 'gemini-2.5-flash-lite' with API Key #0.
2025-10-07 00:53:25 - [INFO] - [512280345618546699] [LLM Success] Generation successful using model 'gemini-2.5-flash-lite' with API Key #0.
2025-10-07 00:53:25 - [INFO] - [512280345618546699] [å‰ç½® LORE] ç„¡éœ€å‰µå»ºæˆ–æ›´æ–° LOREã€‚
2025-10-07 00:53:25 - [INFO] - [512280345618546699] [ä¸»ç”Ÿæˆ] é–‹å§‹æ§‹å»ºçµæ§‹åŒ–çš„æ¶ˆæ¯åˆ—è¡¨...
2025-10-07 00:53:26 - [INFO] - [512280345618546699] [é›™å¼•æ“å¯¦é«”æå–] æˆåŠŸæå–é«˜è³ªé‡å¯¦é«”: ['å‹›çˆµ', 'ç±³å©­']
2025-10-07 00:53:26 - [INFO] - [512280345618546699] [RAG åŸæ–‡ç›´é€š] æ­£åœ¨ä½¿ç”¨æŸ¥è¯¢: 'ç±³å©­æ˜¯æ¯ç•œï¼Œæœƒç«‹åˆ»èµ·èº«ç”¨å£èˆŒç‚ºå‹›çˆµæ¸…æ½”è‚‰æ£’ DINO ç¢§ å‹›çˆµ ç±³å©­'
2025-10-07 00:53:26 - [INFO] - [512280345618546699] [RAG åŸæ–‡ç›´é€š] æª¢ç´¢æˆåŠŸï¼Œç²å¾— 2 ä»½å€™é¸æ–‡æª”ã€‚
2025-10-07 00:53:26 - [INFO] - [512280345618546699] [RAG åŸæ–‡ç›´é€š] âœ… æˆåŠŸæ‹¼æ¥å…¨éƒ¨ 2 æ¢åŸå§‹æ–‡æª”ä½œç‚º summary_contextã€‚
2025-10-07 00:53:26 - [INFO] - [512280345618546699] [History Summarizer] åŸ·è¡Œç´”ç¨‹å¼åŒ–ä¸­æ€§æ‘˜è¦...
2025-10-07 00:53:26 - [INFO] - [512280345618546699] [History Summarizer] âœ… ç¨‹å¼åŒ–ä¸­æ€§æ‘˜è¦æˆåŠŸç”Ÿæˆã€‚
2025-10-07 00:54:02 - [INFO] - [512280345618546699] [LLM Success] Generation successful using model 'gemini-2.5-pro' with API Key #0.
2025-10-07 00:54:04 - [INFO] - [512280345618546699] RAG ç›´é€šæµç¨‹åŸ·è¡Œå®Œç•¢ï¼Œå›æ‡‰å·²ç™¼é€ã€‚äº‹å¾Œå­¸ç¿’ä»»å‹™å·²åœ¨èƒŒæ™¯å•Ÿå‹•ã€‚
2025-10-07 00:54:05 - [INFO] - [512280345618546699] [äº‹å¾Œåˆ†æ] æ­£åœ¨å•Ÿå‹•èƒŒæ™¯åˆ†æèˆ‡åˆ†æµä»»å‹™...
2025-10-07 00:54:08 - [INFO] - [512280345618546699] [LLM Success] Generation successful using model 'gemini-2.5-flash-lite' with API Key #0.
2025-10-07 00:54:08 - [INFO] - [512280345618546699] [é•·æœŸè¨˜æ†¶å¯«å…¥] æ­£åœ¨ä¿å­˜é ç”Ÿæˆçš„å®‰å…¨æ‘˜è¦...
2025-10-07 00:54:08 - [INFO] - [512280345618546699] [é•·æœŸè¨˜æ†¶å¯«å…¥] äº’å‹•è¨˜éŒ„å·²æˆåŠŸä¿å­˜åˆ° SQL è³‡æ–™åº«ã€‚
2025-10-07 00:54:08 - [INFO] - [512280345618546699] [é•·æœŸè¨˜æ†¶å¯«å…¥] å®‰å…¨æ‘˜è¦ä¿å­˜å®Œç•¢ã€‚
2025-10-07 00:54:10 - [INFO] - [512280345618546699] èƒŒæ™¯ä»»å‹™ï¼šæª¢æ¸¬åˆ° 2 æ¢ LORE æ›´æ–°ï¼Œæº–å‚™åŸ·è¡Œ...
2025-10-07 00:54:10 - [INFO] - --- [512280345618546699] (LORE Executor) é–‹å§‹ä¸²è¡ŒåŸ·è¡Œ 2 å€‹ä¿®æ­£å¾Œçš„LOREä»»åŠ¡ ---
2025-10-07 00:54:10 - [INFO] - [512280345618546699] [RAGå¢é‡æ›´æ–°] å·²æˆåŠŸ æ›´æ–° LORE 'æ£®æ— > æ·±è™• > å‹›çˆµ' åˆ° RAG ç´¢å¼•ã€‚ç•¶å‰ç¸½æ–‡æª”æ•¸: 2
2025-10-07 00:54:10 - [WARNING] - [512280345618546699] [æŠ—å¹»è¦º] æª¢æ¸¬åˆ°å°ä¸å­˜åœ¨å¯¦é«” 'çš‡å®¶åœ–æ›¸é¤¨' çš„æ›´æ–°ã€‚å•Ÿå‹•äº‹å¯¦æŸ¥æ ¸...
2025-10-07 00:54:11 - [INFO] - [512280345618546699] [LLM Success] Generation successful using model 'gemini-2.5-flash-lite' with API Key #0.
2025-10-07 00:54:11 - [WARNING] - [512280345618546699] [æŠ—å¹»è¦º] äº‹å¯¦æŸ¥æ ¸è£å®šç‚º IGNOREã€‚å·²è·³éæ“ä½œã€‚ç†ç”±: å°è©±ä¸Šä¸‹æ–‡ä¸­æ²’æœ‰æåŠä»»ä½•é—œæ–¼'çš‡å®¶åœ–æ›¸é¤¨'çš„è³‡è¨Šï¼Œå› æ­¤ç„¡æ³•åˆ¤æ–·å…¶æ˜¯å¦æ‡‰è¢«å‰µå»ºã€åˆä½µæˆ–å¿½ç•¥ã€‚
2025-10-07 00:54:11 - [INFO] - --- [512280345618546699] (LORE Executor) LORE æ‰©å±•è¨ˆç•«æ‰§è¡Œå®Œæ¯• ---
2025-10-07 00:54:11 - [INFO] - [512280345618546699] èƒŒæ™¯ä»»å‹™ï¼šLOREæ›´æ–°åŸ·è¡Œå®Œç•¢ã€‚æ‘˜è¦: ä»»å‹™æˆåŠŸ: å·²æˆåŠŸæ›´æ–° NPC 'å‹›çˆµ' çš„æª”æ¡ˆã€‚
2025-10-07 00:54:11 - [INFO] - [512280345618546699] [äº‹å¾Œåˆ†æ] èƒŒæ™¯åˆ†æèˆ‡åˆ†æµä»»å‹™å®Œæˆã€‚
