### AI Lover Log - Last updated at 2025-10-05T21:35:44.491759 ###

2025-10-05 17:30:47 - [INFO] - [512280345618546699] Profile æ›´æ–°ä¸¦æŒä¹…åŒ–æˆåŠŸã€‚
2025-10-05 17:30:47 - [INFO] - [512280345618546699] [å¾Œå°å‰µä¸–-åŸç”Ÿ] è§’è‰²æª”æ¡ˆè£œå®ŒæˆåŠŸã€‚
2025-10-05 17:30:47 - [INFO] - [512280345618546699] [å¾Œå°å‰µä¸–-åŸç”Ÿ] æ­¥é©Ÿ 2/2: æ­£åœ¨ç”Ÿæˆé–‹å ´ç™½...
2025-10-05 17:30:47 - [INFO] - [512280345618546699] [/start] æ­£åœ¨ä½¿ç”¨ RAG æ™ºèƒ½é¸æ“‡ä¸¦å‰µä½œé–‹å ´å ´æ™¯...
2025-10-05 17:30:47 - [INFO] - [512280345618546699] [å®ä½“åç§°æå– (v2.2)] æ­£åœ¨ä»æŸ¥è¯¢ 'æ ¹æ“šé€™å€‹ä¸–ç•Œçš„æ ¸å¿ƒè¨­å®š(é€™æ˜¯ä¸€å€‹é­”æ³•çš„å¹»æƒ³ä¸–ç•Œã€‚)ä»¥åŠä¸»è§’ DINO å’Œ ç¢§ çš„èƒŒæ™¯ï¼Œç‚ºä»–å€‘çš„æ•…äº‹å°‹...' ä¸­åˆ†æå®ä½“...
2025-10-05 17:30:47 - [INFO] - [512280345618546699] [RAG åŸæ–‡ç›´é€š] æŸ¥è©¢å·²æ“´å±•ç‚º: 'çš„èƒŒæ™¯ï¼Œç‚ºä»–å€‘çš„æ•…äº‹å°‹æ‰¾ä¸€å€‹æœ€å¯Œæœ‰æˆ²åŠ‡æ€§ã€æœ€ç¬¦åˆä¸–ç•Œè§€çš„ã€é©åˆäºŒäººå‡ºå ´çš„ã€é é›¢æ¬ŠåŠ›ä¸­å¿ƒçš„éœæ…‹åˆå§‹å ´æ™¯æˆ–æƒ…å¢ƒã€‚ æ ¹æ“šé€™å€‹ä¸–ç•Œçš„æ ¸å¿ƒè¨­å®š(é€™æ˜¯ä¸€å€‹é­”æ³•çš„å¹»æƒ³ä¸–ç•Œã€‚)ä»¥åŠä¸»è§’ DINO å’Œ ç¢§'
2025-10-05 17:30:47 - [INFO] - [512280345618546699] [RAG åŸæ–‡ç›´é€š] ç²—ç•¥æª¢ç´¢æˆåŠŸï¼Œç²å¾— 20 ä»½å€™é¸æ–‡æª”ã€‚
2025-10-05 17:30:47 - [INFO] - [512280345618546699] [RAG åŸæ–‡ç›´é€š] âœ… æˆåŠŸæ‹¼æ¥å…¨éƒ¨ 20 æ¢åŸå§‹æ–‡æª”ä½œç‚º summary_contextã€‚
2025-10-05 17:31:13 - [INFO] - [512280345618546699] [LLM Success] Generation successful using model 'gemini-2.5-pro' with API Key #0.
2025-10-05 17:31:13 - [INFO] - [512280345618546699] [/start] é–‹å ´ç™½å·²ç”Ÿæˆï¼Œæ­£åœ¨å¾ä¸­åå‘æå–æ¬Šå¨åœ°é»...
2025-10-05 17:31:14 - [INFO] - [512280345618546699] [LLM Success] Generation successful using model 'gemini-2.5-flash-lite' with API Key #0.
2025-10-05 17:31:14 - [INFO] - [512280345618546699] [/start] âœ… åœ°é»æå–æˆåŠŸ: ç ”ç©¶å®¤ã€‚æ­£åœ¨æ›´æ–° GameState...
2025-10-05 17:31:14 - [INFO] - [512280345618546699] æ¥æ”¶åˆ° profile æ›´æ–°è«‹æ±‚: ['game_state']
2025-10-05 17:31:14 - [INFO] - [512280345618546699] Profile æ›´æ–°ä¸¦æŒä¹…åŒ–æˆåŠŸã€‚
2025-10-05 17:31:14 - [INFO] - [512280345618546699] [å¾Œå°å‰µä¸–-åŸç”Ÿ] é–‹å ´ç™½ç”ŸæˆæˆåŠŸã€‚
2025-10-05 17:31:15 - [INFO] - [512280345618546699] [å¾Œå°å‰µä¸–] æ­£åœ¨å‘ä½¿ç”¨è€…ç§è¨Šç™¼é€æœ€çµ‚é–‹å ´ç™½...
2025-10-05 17:31:15 - [INFO] - [512280345618546699] [å¾Œå°å‰µä¸–] é–‹å ´ç™½ç™¼é€å®Œç•¢ã€‚
2025-10-05 17:31:15 - [INFO] - [512280345618546699] å¾Œå°å‰µä¸–æµç¨‹çµæŸï¼Œç‹€æ…‹é–å·²é‡‹æ”¾ã€‚
2025-10-05 17:33:42 - [INFO] - [512280345618546699] å•Ÿå‹• RAG ç›´é€šå°è©±æµç¨‹...
2025-10-05 17:33:42 - [INFO] - [512280345618546699] [Direct RAG] å•Ÿå‹• LORE å„ªå…ˆçš„ RAG ç›´é€šç”Ÿæˆæµç¨‹...
2025-10-05 17:33:42 - [INFO] - [512280345618546699] [LORE æ“´å±•] æ­£åœ¨æª¢æŸ¥æ˜¯å¦éœ€è¦æ“´å±• LORE...
2025-10-05 17:33:44 - [INFO] - [512280345618546699] [LLM Success] Generation successful using model 'gemini-2.5-flash-lite' with API Key #0.
2025-10-05 17:33:44 - [INFO] - [512280345618546699] [LORE æ“´å±•] âœ… æª¢æ¸¬åˆ°æ–°å¯¦é«”éª¨æ¶ï¼Œå•Ÿå‹•ã€è³‡è¨Šå›å¡«ã€‘æµç¨‹...
2025-10-05 17:33:44 - [INFO] - [512280345618546699] [LORE å›å¡«-L1] æ­£åœ¨ç‚º 'ç±³å©­' å˜—è©¦é›²ç«¯ç²¾ç…‰...
2025-10-05 17:33:44 - [WARNING] - [512280345618546699] [LORE å›å¡«-L1] é›²ç«¯ç²¾ç…‰å¤±æ•— (AttributeError)ã€‚é™ç´šè‡³ L2 (æœ¬åœ°æ¨¡å‹)ã€‚
2025-10-05 17:33:44 - [ERROR] - [512280345618546699] [LORE æ“´å±•] åœ¨å‰ç½® LORE æ“´å±•ç®¡ç·šä¸­ç™¼ç”ŸéŒ¯èª¤: local variable 'rag_context' referenced before assignment
Traceback (most recent call last):
  File "D:\DINO\SD\ComfyUI\personal_server\ai_lover_service\src\ai_core.py", line 497, in direct_rag_generate
    {"aliases": rag_context, "description": rag_context, "appearance": rag_context, "skills": rag_context, "relationships": rag_context}
UnboundLocalError: local variable 'rag_context' referenced before assignment
2025-10-05 17:33:44 - [INFO] - [512280345618546699] [æŸ¥è©¢æ“´å±•] æ­£åœ¨æ•´åˆçŸ­æœŸè¨˜æ†¶ä»¥æ„ŸçŸ¥å ´æ™¯ä¸Šä¸‹æ–‡...
2025-10-05 17:33:44 - [INFO] - [512280345618546699] [é›™å¼•æ“å¯¦é«”æå–] æˆåŠŸæå–é«˜è³ªé‡å¯¦é«”: {'ç ”ç©¶å®¤', 'æ‹±å½¢çª—', 'ç•¥é¡¯', 'åœ°æ¯¯', 'é€™ç‰‡å±¬æ–¼å­¸è€…', 'å¢¨æ°´èˆ‡'}
2025-10-05 17:33:45 - [INFO] - [512280345618546699] [è¼¸å…¥åˆ†æ-L1] æ­£åœ¨å˜—è©¦ä½¿ç”¨ LLM é€²è¡Œèªç¾©åˆ†æ...
2025-10-05 17:33:45 - [INFO] - [512280345618546699] [LLM Success] Generation successful using model 'gemini-2.5-flash-lite' with API Key #0.
2025-10-05 17:33:45 - [INFO] - [512280345618546699] [è¼¸å…¥åˆ†æ-L1] âœ… LLM åˆ†ææˆåŠŸã€‚æå–å¯¦é«”: ['ç±³å©­', 'å®…é‚¸', 'å‹›çˆµ']
2025-10-05 17:33:45 - [INFO] - [512280345618546699] [æŸ¥è©¢æ“´å±•] æª¢æ¸¬åˆ°ç‚ºæœ¬åœ°å ´æ™¯ï¼Œæ­£åœ¨å°‡ä¸»è§’æ·»åŠ è‡³æ ¸å¿ƒå¯¦é«”åˆ—è¡¨ã€‚
2025-10-05 17:33:45 - [INFO] - [512280345618546699] [æŸ¥è©¢æ“´å±•] å ´æ™¯æ„ŸçŸ¥å®Œæˆï¼Œæœ€çµ‚æ ¸å¿ƒå¯¦é«”: ['é€™ç‰‡å±¬æ–¼å­¸è€…', 'DINO', 'ç ”ç©¶å®¤', 'æ‹±å½¢çª—', 'å¢¨æ°´èˆ‡', 'å®…é‚¸', 'ç•¥é¡¯', 'ç±³å©­', 'åœ°æ¯¯', 'å‹›çˆµ', 'ç¢§']
2025-10-05 17:33:45 - [INFO] - [512280345618546699] [å®ä½“åç§°æå– (v2.2)] æ­£åœ¨ä»æŸ¥è¯¢ 'æè¿°ç±³å©­åœ¨å®…é‚¸é‡åˆ°å‹›çˆµ é€™ç‰‡å±¬æ–¼å­¸è€… DINO ç ”ç©¶å®¤ æ‹±å½¢çª— å¢¨æ°´èˆ‡ å®…é‚¸ ç•¥é¡¯ ç±³å©­ åœ°æ¯¯ å‹›çˆµ...' ä¸­åˆ†æå®ä½“...
2025-10-05 17:33:45 - [INFO] - [512280345618546699] [RAG åŸæ–‡ç›´é€š] æŸ¥è©¢å·²æ“´å±•ç‚º: 'æè¿°ç±³å©­åœ¨å®…é‚¸é‡åˆ°å‹›çˆµ é€™ç‰‡å±¬æ–¼å­¸è€… DINO ç ”ç©¶å®¤ æ‹±å½¢çª— å¢¨æ°´èˆ‡ å®…é‚¸ ç•¥é¡¯ ç±³å©­ åœ°æ¯¯ å‹›çˆµ ç¢§'
2025-10-05 17:33:45 - [INFO] - [512280345618546699] [RAG åŸæ–‡ç›´é€š] ç²—ç•¥æª¢ç´¢æˆåŠŸï¼Œç²å¾— 20 ä»½å€™é¸æ–‡æª”ã€‚
2025-10-05 17:33:45 - [INFO] - [512280345618546699] [RAG åŸæ–‡ç›´é€š] âœ… æˆåŠŸæ‹¼æ¥å…¨éƒ¨ 20 æ¢åŸå§‹æ–‡æª”ä½œç‚º summary_contextã€‚
2025-10-05 17:33:46 - [INFO] - [512280345618546699] [LLM Success] Generation successful using model 'gemini-2.5-flash-lite' with API Key #0.
2025-10-05 17:33:48 - [WARNING] - [512280345618546699] æ¨¡å‹ 'gemini-2.5-pro' (Key #0) é­é‡å…§å®¹å¯©æŸ¥æˆ–å®‰å…¨éŒ¯èª¤: BlockedPromptExceptionã€‚
2025-10-05 17:33:48 - [WARNING] - [512280345618546699] æœ€çµ‚ç”Ÿæˆéˆé­é‡å¯©æŸ¥ (Prompt blocked due to 4)ã€‚å•Ÿå‹•ã€æœ€é«˜æŒ‡ä»¤é›†æ³¨å…¥ & å¼·åˆ¶ Key è¼ªæ›é‡è©¦ã€‘ç­–ç•¥...
2025-10-05 17:33:48 - [INFO] - [512280345618546699] [å¼·åˆ¶é‡è©¦] å·²æº–å‚™ 3 å€‹å‚™ç”¨ API Keys é€²è¡Œé‡è©¦ã€‚
2025-10-05 17:33:48 - [INFO] - [512280345618546699] [å¼·åˆ¶é‡è©¦ 1/3] ä½¿ç”¨ API Key #0 é€²è¡Œå˜—è©¦...
2025-10-05 17:33:50 - [WARNING] - [512280345618546699] æ¨¡å‹ 'gemini-2.5-pro' (Key #0) é­é‡å…§å®¹å¯©æŸ¥æˆ–å®‰å…¨éŒ¯èª¤: BlockedPromptExceptionã€‚
2025-10-05 17:33:50 - [WARNING] - [512280345618546699] [å¼·åˆ¶é‡è©¦ 1/3] ä½¿ç”¨ Key #0 çš„å˜—è©¦å¤±æ•—: Prompt blocked due to 4
2025-10-05 17:33:50 - [INFO] -    -> å°‡åœ¨ 0.5 ç§’å¾Œä½¿ç”¨ä¸‹ä¸€å€‹ Key é€²è¡Œå˜—è©¦...
2025-10-05 17:33:51 - [INFO] - [512280345618546699] [å¼·åˆ¶é‡è©¦ 2/3] ä½¿ç”¨ API Key #1 é€²è¡Œå˜—è©¦...
2025-10-05 17:33:53 - [WARNING] - [512280345618546699] æ¨¡å‹ 'gemini-2.5-pro' (Key #1) é­é‡å…§å®¹å¯©æŸ¥æˆ–å®‰å…¨éŒ¯èª¤: BlockedPromptExceptionã€‚
2025-10-05 17:33:53 - [WARNING] - [512280345618546699] [å¼·åˆ¶é‡è©¦ 2/3] ä½¿ç”¨ Key #1 çš„å˜—è©¦å¤±æ•—: Prompt blocked due to 4
2025-10-05 17:33:53 - [INFO] -    -> å°‡åœ¨ 1.0 ç§’å¾Œä½¿ç”¨ä¸‹ä¸€å€‹ Key é€²è¡Œå˜—è©¦...
2025-10-05 17:33:54 - [INFO] - [512280345618546699] [å¼·åˆ¶é‡è©¦ 3/3] ä½¿ç”¨ API Key #2 é€²è¡Œå˜—è©¦...
2025-10-05 17:33:56 - [WARNING] - [512280345618546699] æ¨¡å‹ 'gemini-2.5-pro' (Key #2) é­é‡å…§å®¹å¯©æŸ¥æˆ–å®‰å…¨éŒ¯èª¤: BlockedPromptExceptionã€‚
2025-10-05 17:33:56 - [WARNING] - [512280345618546699] [å¼·åˆ¶é‡è©¦ 3/3] ä½¿ç”¨ Key #2 çš„å˜—è©¦å¤±æ•—: Prompt blocked due to 4
2025-10-05 17:33:56 - [ERROR] - [512280345618546699] ã€å¼·åˆ¶ Key è¼ªæ›é‡è©¦ã€‘ç­–ç•¥åœ¨ 3 æ¬¡å˜—è©¦å¾Œæœ€çµ‚å¤±æ•—ã€‚
Traceback (most recent call last):
  File "D:\DINO\SD\ComfyUI\personal_server\ai_lover_service\src\ai_core.py", line 1468, in ainvoke_with_rotation
    raise BlockedPromptException(f"Prompt blocked due to {reason_str}")
google.generativeai.types.generation_types.BlockedPromptException: Prompt blocked due to 4

During handling of the above exception, another exception occurred:

Traceback (most recent call last):
  File "D:\DINO\SD\ComfyUI\personal_server\ai_lover_service\src\ai_core.py", line 3123, in _force_and_retry
    return await self.ainvoke_with_rotation(
  File "D:\DINO\SD\ComfyUI\personal_server\ai_lover_service\src\ai_core.py", line 1522, in ainvoke_with_rotation
    raise e
  File "D:\DINO\SD\ComfyUI\personal_server\ai_lover_service\src\ai_core.py", line 1468, in ainvoke_with_rotation
    raise BlockedPromptException(f"Prompt blocked due to {reason_str}")
google.generativeai.types.generation_types.BlockedPromptException: Prompt blocked due to 4
2025-10-05 17:33:56 - [CRITICAL] - [512280345618546699] [Direct RAG] æ ¸å¿ƒç”Ÿæˆé“¾åœ¨æ‰€æœ‰ç­–ç•¥ä¹‹å¾Œæœ€çµ‚å¤±æ•—ï¼
2025-10-05 17:33:56 - [INFO] - [512280345618546699] RAG ç›´é€šæµç¨‹åŸ·è¡Œå®Œç•¢ï¼Œå›æ‡‰å·²ç™¼é€ã€‚äº‹å¾Œå­¸ç¿’ä»»å‹™å·²åœ¨èƒŒæ™¯å•Ÿå‹•ã€‚
2025-10-05 17:33:58 - [INFO] - [512280345618546699] [äº‹å¾Œåˆ†æ] æ­£åœ¨å•Ÿå‹•èƒŒæ™¯åˆ†æèˆ‡åˆ†æµä»»å‹™...
2025-10-05 17:34:00 - [INFO] - [512280345618546699] [LLM Success] Generation successful using model 'gemini-2.5-flash-lite' with API Key #0.
2025-10-05 17:34:00 - [INFO] - [512280345618546699] [é•·æœŸè¨˜æ†¶å¯«å…¥] æ­£åœ¨ä¿å­˜é ç”Ÿæˆçš„å®‰å…¨æ‘˜è¦...
2025-10-05 17:34:00 - [INFO] - [512280345618546699] [é•·æœŸè¨˜æ†¶å¯«å…¥] äº’å‹•è¨˜éŒ„å·²æˆåŠŸä¿å­˜åˆ° SQL è³‡æ–™åº«ã€‚
2025-10-05 17:34:00 - [INFO] - [512280345618546699] [é•·æœŸè¨˜æ†¶å¯«å…¥] å®‰å…¨æ‘˜è¦ä¿å­˜å®Œç•¢ã€‚
2025-10-05 17:34:02 - [INFO] - [512280345618546699] [äº‹å¾Œåˆ†æ] èƒŒæ™¯åˆ†æèˆ‡åˆ†æµä»»å‹™å®Œæˆã€‚
2025-10-05 18:32:32 - [INFO] - æ­£åœ¨åŠ è¼‰æ ¸å¿ƒ Cog (core_cog)...
2025-10-05 18:32:35 - [INFO] - âœ… æ ¸å¿ƒ Cog (core_cog) å·²åŠ è¼‰ï¼Œä¸¦ä¸”æ‰€æœ‰æŒä¹…åŒ–è¦–åœ–å·²æˆåŠŸè¨»å†Šã€‚
2025-10-05 18:32:35 - [INFO] - âœ… æ ¸å¿ƒ Cog åŠ è¼‰æˆåŠŸã€‚
2025-10-05 18:32:35 - [INFO] - æ­£åœ¨å…¨åŸŸåŒæ­¥æ‡‰ç”¨ç¨‹å¼æŒ‡ä»¤...
2025-10-05 18:32:36 - [INFO] - âœ… æŒ‡ä»¤å·²å…¨åŸŸåŒæ­¥ï¼
2025-10-05 18:32:36 - [INFO] - Discord Bot setup hook finished!
2025-10-05 18:32:38 - [INFO] - Logged in as AI#4450 (ID: 1358417100250808531)
2025-10-05 18:32:39 - [INFO] - å·²æˆåŠŸç™¼é€å•Ÿå‹•æˆåŠŸé€šçŸ¥çµ¦ç®¡ç†å“¡ã€‚
2025-10-05 18:35:46 - [INFO] - [512280345618546699] [Admin Command] æ‰‹å‹•è§¸ç™¼å¼·åˆ¶æ›´æ–°èˆ‡é‡å•Ÿæµç¨‹...
2025-10-05 18:35:46 - [INFO] - [512280345618546699] [Admin Command] å·²ç²å– Git é–ï¼Œé–‹å§‹åŸ·è¡ŒåŒæ­¥...
2025-10-05 18:35:51 - [INFO] - [512280345618546699] [Admin Command] Git é–å·²é‡‹æ”¾ã€‚
2025-10-05 18:38:13 - [INFO] - æ­£åœ¨åŠ è¼‰æ ¸å¿ƒ Cog (core_cog)...
2025-10-05 18:38:16 - [INFO] - âœ… æ ¸å¿ƒ Cog (core_cog) å·²åŠ è¼‰ï¼Œä¸¦ä¸”æ‰€æœ‰æŒä¹…åŒ–è¦–åœ–å·²æˆåŠŸè¨»å†Šã€‚
2025-10-05 18:38:16 - [INFO] - âœ… æ ¸å¿ƒ Cog åŠ è¼‰æˆåŠŸã€‚
2025-10-05 18:38:16 - [INFO] - æ­£åœ¨å…¨åŸŸåŒæ­¥æ‡‰ç”¨ç¨‹å¼æŒ‡ä»¤...
2025-10-05 18:38:17 - [INFO] - âœ… æŒ‡ä»¤å·²å…¨åŸŸåŒæ­¥ï¼
2025-10-05 18:38:17 - [INFO] - Discord Bot setup hook finished!
2025-10-05 18:38:19 - [INFO] - Logged in as AI#4450 (ID: 1358417100250808531)
2025-10-05 18:38:20 - [INFO] - å·²æˆåŠŸç™¼é€å•Ÿå‹•æˆåŠŸé€šçŸ¥çµ¦ç®¡ç†å“¡ã€‚
2025-10-05 18:47:35 - [INFO] - ä½¿ç”¨è€… 512280345618546699 æ²’æœ‰æ´»èºçš„ AI å¯¦ä¾‹ï¼Œå˜—è©¦å‰µå»º...
2025-10-05 18:47:35 - [INFO] - ç‚ºä½¿ç”¨è€… 512280345618546699 æˆåŠŸå‰µå»ºä¸¦åˆå§‹åŒ– AI å¯¦ä¾‹ã€‚
2025-10-05 18:47:35 - [INFO] - [512280345618546699] æ ¸å¿ƒæ•¸æ“šæ¨¡æ¿ 'world_snapshot_template.txt' å·²æˆåŠŸåŠ è¼‰ã€‚
2025-10-05 18:47:35 - [INFO] - [512280345618546699] æ ¸å¿ƒå”è­° '00_supreme_directive.txt' å·²æˆåŠŸåŠ è¼‰ã€‚
2025-10-05 18:47:35 - [INFO] - âœ… [Embedding Loader] æª¢æ¸¬åˆ°æœ¬åœ°æ¨¡å‹è·¯å¾‘ï¼Œæ­£åœ¨å˜—è©¦å¾ 'D:\DINO\SD\ComfyUI\personal_server\ai_lover_service\models\stella-base-zh-v2' åŠ è¼‰...
2025-10-05 18:47:37 - [INFO] - âœ… [Embedding Loader] æœ¬åœ° Embedding æ¨¡å‹å¯¦ä¾‹å‰µå»ºæˆåŠŸã€‚
2025-10-05 18:47:37 - [INFO] - [512280345618546699] æ‰€æœ‰è¼•é‡ç´šå‰ç½®è³‡æºå·²æº–å‚™å°±ç·’ (RAG å‰µå»ºå·²å»¶é²)ã€‚
2025-10-05 18:47:37 - [INFO] - [512280345618546699] (Retriever Builder) æª¢æ¸¬åˆ°ç¾æœ‰ RAG ç´¢å¼•ï¼Œæ­£åœ¨åŠ è¼‰...
2025-10-05 18:47:37 - [WARNING] - [512280345618546699] (Retriever Builder) BM25 æŒä¹…åŒ–æª”æ¡ˆä¸å­˜åœ¨æˆ–åŠ è¼‰å¤±æ•—ï¼Œå°‡å¾ ChromaDB ä¸­æ¢å¾© BM25 å°ˆç”¨èªæ–™åº«ã€‚
2025-10-05 18:47:37 - [INFO] - [512280345618546699] (Retriever Builder) âœ… æ··åˆæª¢ç´¢å™¨å·²æˆåŠŸå¾æŒä¹…åŒ–ç´¢å¼•åŠ è¼‰ã€‚
2025-10-05 18:47:37 - [INFO] - [512280345618546699] æ­£åœ¨å¾è³‡æ–™åº«æ¢å¾©çŸ­æœŸå ´æ™¯è¨˜æ†¶...
2025-10-05 18:47:37 - [INFO] - [512280345618546699] æˆåŠŸæ¢å¾©äº† 1 å€‹å ´æ™¯çš„å°è©±æ­·å²ï¼Œç¸½è¨ˆ 3 æ¢è¨Šæ¯ã€‚
2025-10-05 18:47:38 - [INFO] - [512280345618546699] å•Ÿå‹• RAG ç›´é€šå°è©±æµç¨‹...
2025-10-05 18:47:38 - [INFO] - [512280345618546699] [Direct RAG] å•ŸåŠ¨ LORE ä¼˜å…ˆçš„ RAG ç›´é€šç”Ÿæˆæµç¨‹...
2025-10-05 18:47:38 - [INFO] - [512280345618546699] [LORE æ“´å±•] æ­£åœ¨æª¢æŸ¥æ˜¯å¦éœ€è¦æ“´å±• LORE...
2025-10-05 18:47:39 - [INFO] - [512280345618546699] [LLM Success] Generation successful using model 'gemini-2.5-flash-lite' with API Key #0.
2025-10-05 18:47:40 - [INFO] - [512280345618546699] [LORE æ“´å±•] âœ… æª¢æ¸¬åˆ°æ–°å¯¦é«”éª¨æ¶ï¼Œå•Ÿå‹•ã€è³‡è¨Šå›å¡«ã€‘æµç¨‹...
2025-10-05 18:47:40 - [INFO] - [512280345618546699] [LORE å›å¡«] æ­£åœ¨ç‚ºæ–° NPC 'ç±³å©­' æª¢ç´¢èƒŒæ™¯è³‡è¨Š...
2025-10-05 18:47:40 - [WARNING] - [512280345618546699] [LORE å›å¡«-L1] é›²ç«¯ç²¾ç…‰å¤±æ•— (AttributeError)ã€‚é™ç´šè‡³ L2 (æœ¬åœ°æ¨¡å‹)ã€‚
2025-10-05 18:47:40 - [ERROR] - [512280345618546699] [LORE æ“´å±•] åœ¨å‰ç½® LORE æ“´å±•ç®¡ç·šä¸­å‘ç”Ÿä¸¥é‡é”™è¯¯ï¼Œä½†ä¸»ç”Ÿæˆæµç¨‹å°†ç»§ç»­: 'AILover' object has no attribute '_raw_rag_retrieval'
Traceback (most recent call last):
  File "D:\DINO\SD\ComfyUI\personal_server\ai_lover_service\src\ai_core.py", line 500, in direct_rag_generate
    rag_context = await self._raw_rag_retrieval(rag_query)
AttributeError: 'AILover' object has no attribute '_raw_rag_retrieval'
2025-10-05 18:47:40 - [INFO] - [512280345618546699] [æŸ¥è©¢æ“´å±•] æ­£åœ¨æ•´åˆçŸ­æœŸè¨˜æ†¶ä»¥æ„ŸçŸ¥å ´æ™¯ä¸Šä¸‹æ–‡...
2025-10-05 18:47:41 - [INFO] - [512280345618546699] [é›™å¼•æ“å¯¦é«”æå–] æˆåŠŸæå–é«˜è³ªé‡å¯¦é«”: {'åœ°æ¯¯', 'å¢¨æ°´èˆ‡', 'ç ”ç©¶å®¤', 'ç•¥é¡¯', 'æ‹±å½¢çª—', 'é€™ç‰‡å±¬æ–¼å­¸è€…'}
2025-10-05 18:47:41 - [INFO] - [512280345618546699] [è¼¸å…¥åˆ†æ-L1] æ­£åœ¨å˜—è©¦ä½¿ç”¨ LLM é€²è¡Œèªç¾©åˆ†æ...
2025-10-05 18:47:41 - [INFO] - [512280345618546699] [LLM Success] Generation successful using model 'gemini-2.5-flash-lite' with API Key #0.
2025-10-05 18:47:41 - [INFO] - [512280345618546699] [è¼¸å…¥åˆ†æ-L1] âœ… LLM åˆ†ææˆåŠŸã€‚æå–å¯¦é«”: ['ç±³å©­', 'å®…é‚¸', 'å‹›çˆµ']
2025-10-05 18:47:41 - [INFO] - [512280345618546699] [æŸ¥è©¢æ“´å±•] æª¢æ¸¬åˆ°ç‚ºæœ¬åœ°å ´æ™¯ï¼Œæ­£åœ¨å°‡ä¸»è§’æ·»åŠ è‡³æ ¸å¿ƒå¯¦é«”åˆ—è¡¨ã€‚
2025-10-05 18:47:41 - [INFO] - [512280345618546699] [æŸ¥è©¢æ“´å±•] å ´æ™¯æ„ŸçŸ¥å®Œæˆï¼Œæœ€çµ‚æ ¸å¿ƒå¯¦é«”: ['é€™ç‰‡å±¬æ–¼å­¸è€…', 'DINO', 'å¢¨æ°´èˆ‡', 'ç ”ç©¶å®¤', 'æ‹±å½¢çª—', 'å‹›çˆµ', 'å®…é‚¸', 'åœ°æ¯¯', 'ç•¥é¡¯', 'ç±³å©­', 'ç¢§']
2025-10-05 18:47:41 - [INFO] - [512280345618546699] [å®ä½“åç§°æå– (v2.2)] æ­£åœ¨ä»æŸ¥è¯¢ 'æè¿°ç±³å©­åœ¨å®…é‚¸é‡åˆ°å‹›çˆµ é€™ç‰‡å±¬æ–¼å­¸è€… DINO å¢¨æ°´èˆ‡ ç ”ç©¶å®¤ æ‹±å½¢çª— å‹›çˆµ å®…é‚¸ åœ°æ¯¯ ç•¥é¡¯ ç±³å©­...' ä¸­åˆ†æå®ä½“...
2025-10-05 18:47:41 - [INFO] - [512280345618546699] [RAG åŸæ–‡ç›´é€š] æŸ¥è©¢å·²æ“´å±•ç‚º: 'æè¿°ç±³å©­åœ¨å®…é‚¸é‡åˆ°å‹›çˆµ é€™ç‰‡å±¬æ–¼å­¸è€… DINO å¢¨æ°´èˆ‡ ç ”ç©¶å®¤ æ‹±å½¢çª— å‹›çˆµ å®…é‚¸ åœ°æ¯¯ ç•¥é¡¯ ç±³å©­ ç¢§'
2025-10-05 18:47:42 - [INFO] - [512280345618546699] [RAG åŸæ–‡ç›´é€š] ç²—ç•¥æª¢ç´¢æˆåŠŸï¼Œç²å¾— 23 ä»½å€™é¸æ–‡æª”ã€‚
2025-10-05 18:47:42 - [INFO] - [512280345618546699] [RAG åŸæ–‡ç›´é€š] âœ… æˆåŠŸæ‹¼æ¥å…¨éƒ¨ 23 æ¢åŸå§‹æ–‡æª”ä½œç‚º summary_contextã€‚
2025-10-05 18:47:43 - [INFO] - [512280345618546699] [LLM Success] Generation successful using model 'gemini-2.5-flash-lite' with API Key #0.
2025-10-05 18:48:19 - [INFO] - [512280345618546699] [LLM Success] Generation successful using model 'gemini-2.5-pro' with API Key #0.
2025-10-05 18:48:20 - [INFO] - [512280345618546699] RAG ç›´é€šæµç¨‹åŸ·è¡Œå®Œç•¢ï¼Œå›æ‡‰å·²ç™¼é€ã€‚äº‹å¾Œå­¸ç¿’ä»»å‹™å·²åœ¨èƒŒæ™¯å•Ÿå‹•ã€‚
2025-10-05 18:48:21 - [INFO] - [512280345618546699] [äº‹å¾Œåˆ†æ] æ­£åœ¨å•Ÿå‹•èƒŒæ™¯åˆ†æèˆ‡åˆ†æµä»»å‹™...
2025-10-05 18:48:24 - [INFO] - [512280345618546699] [LLM Success] Generation successful using model 'gemini-2.5-flash-lite' with API Key #0.
2025-10-05 18:48:24 - [INFO] - [512280345618546699] [é•·æœŸè¨˜æ†¶å¯«å…¥] æ­£åœ¨ä¿å­˜é ç”Ÿæˆçš„å®‰å…¨æ‘˜è¦...
2025-10-05 18:48:24 - [INFO] - [512280345618546699] [é•·æœŸè¨˜æ†¶å¯«å…¥] äº’å‹•è¨˜éŒ„å·²æˆåŠŸä¿å­˜åˆ° SQL è³‡æ–™åº«ã€‚
2025-10-05 18:48:24 - [INFO] - [512280345618546699] [é•·æœŸè¨˜æ†¶å¯«å…¥] å®‰å…¨æ‘˜è¦ä¿å­˜å®Œç•¢ã€‚
2025-10-05 18:48:24 - [INFO] - [512280345618546699] [äº‹å¾Œåˆ†æ] èƒŒæ™¯åˆ†æèˆ‡åˆ†æµä»»å‹™å®Œæˆã€‚
2025-10-05 19:38:33 - [INFO] - [512280345618546699] [Admin Command] æ‰‹å‹•è§¸ç™¼å¼·åˆ¶æ›´æ–°èˆ‡é‡å•Ÿæµç¨‹...
2025-10-05 19:38:33 - [INFO] - [512280345618546699] [Admin Command] å·²ç²å– Git é–ï¼Œé–‹å§‹åŸ·è¡ŒåŒæ­¥...
2025-10-05 19:38:38 - [INFO] - [512280345618546699] [Admin Command] Git é–å·²é‡‹æ”¾ã€‚
2025-10-05 19:44:07 - [INFO] - æ­£åœ¨åŠ è¼‰æ ¸å¿ƒ Cog (core_cog)...
2025-10-05 19:44:10 - [INFO] - âœ… æ ¸å¿ƒ Cog (core_cog) å·²åŠ è¼‰ï¼Œä¸¦ä¸”æ‰€æœ‰æŒä¹…åŒ–è¦–åœ–å·²æˆåŠŸè¨»å†Šã€‚
2025-10-05 19:44:10 - [INFO] - âœ… æ ¸å¿ƒ Cog åŠ è¼‰æˆåŠŸã€‚
2025-10-05 19:44:10 - [INFO] - æ­£åœ¨å…¨åŸŸåŒæ­¥æ‡‰ç”¨ç¨‹å¼æŒ‡ä»¤...
2025-10-05 19:44:11 - [INFO] - âœ… æŒ‡ä»¤å·²å…¨åŸŸåŒæ­¥ï¼
2025-10-05 19:44:11 - [INFO] - Discord Bot setup hook finished!
2025-10-05 19:44:13 - [INFO] - Logged in as AI#4450 (ID: 1358417100250808531)
2025-10-05 19:44:14 - [INFO] - å·²æˆåŠŸç™¼é€å•Ÿå‹•æˆåŠŸé€šçŸ¥çµ¦ç®¡ç†å“¡ã€‚
2025-10-05 20:29:32 - [INFO] - [512280345618546699] [Data Reset] æ­£åœ¨å•Ÿå‹•ä½¿ç”¨è€…è³‡æ–™é‡ç½®æµç¨‹...
2025-10-05 20:29:32 - [INFO] - [512280345618546699] [Data Reset] æ‰€æœ‰ç›¸é—œçš„è³‡æ–™åº«è¨˜éŒ„å·²æˆåŠŸåˆªé™¤ã€‚
2025-10-05 20:29:32 - [INFO] - [512280345618546699] [Data Reset] å‘é‡å„²å­˜ç›®éŒ„ 'D:\DINO\SD\ComfyUI\personal_server\ai_lover_service\data\vector_stores\512280345618546699' å·²æˆåŠŸåˆªé™¤ã€‚
2025-10-05 20:29:32 - [INFO] - [512280345618546699] [Data Reset] è³‡æ–™é‡ç½®æµç¨‹å·²å…¨éƒ¨å®Œæˆã€‚
2025-10-05 20:29:34 - [INFO] - [512280345618546699] (UI Event) Persistent 'StartSetupView' button clicked.
2025-10-05 20:29:39 - [INFO] - ä½¿ç”¨è€… 512280345618546699 æ²’æœ‰æ´»èºçš„ AI å¯¦ä¾‹ï¼Œå˜—è©¦å‰µå»º...
2025-10-05 20:29:39 - [INFO] - [512280345618546699] è™•æ–¼è¨­å®šæµç¨‹ä¸­ï¼Œå³ä½¿è³‡æ–™åº«ç„¡è¨˜éŒ„ï¼Œä¹Ÿå‰µå»ºä¸€å€‹è‡¨æ™‚çš„è¨˜æ†¶é«”å¯¦ä¾‹ã€‚
2025-10-05 20:29:39 - [INFO] - [512280345618546699] æ ¸å¿ƒæ•¸æ“šæ¨¡æ¿ 'world_snapshot_template.txt' å·²æˆåŠŸåŠ è¼‰ã€‚
2025-10-05 20:29:39 - [INFO] - [512280345618546699] æ ¸å¿ƒå”è­° '00_supreme_directive.txt' å·²æˆåŠŸåŠ è¼‰ã€‚
2025-10-05 20:29:39 - [INFO] - âœ… [Embedding Loader] æª¢æ¸¬åˆ°æœ¬åœ°æ¨¡å‹è·¯å¾‘ï¼Œæ­£åœ¨å˜—è©¦å¾ 'D:\DINO\SD\ComfyUI\personal_server\ai_lover_service\models\stella-base-zh-v2' åŠ è¼‰...
2025-10-05 20:29:41 - [INFO] - âœ… [Embedding Loader] æœ¬åœ° Embedding æ¨¡å‹å¯¦ä¾‹å‰µå»ºæˆåŠŸã€‚
2025-10-05 20:29:41 - [INFO] - [512280345618546699] æ‰€æœ‰è¼•é‡ç´šå‰ç½®è³‡æºå·²æº–å‚™å°±ç·’ (RAG å‰µå»ºå·²å»¶é²)ã€‚
2025-10-05 20:29:41 - [INFO] - [512280345618546699] æ¥æ”¶åˆ° profile æ›´æ–°è«‹æ±‚: ['world_settings']
2025-10-05 20:29:41 - [WARNING] - [512280345618546699] åœ¨æŒä¹…åŒ–æ›´æ–°æ™‚æ‰¾ä¸åˆ°ä½¿ç”¨è€…è³‡æ–™ï¼Œå°‡å‰µå»ºæ–°è¨˜éŒ„ã€‚
2025-10-05 20:29:41 - [INFO] - [512280345618546699] Profile æ›´æ–°ä¸¦æŒä¹…åŒ–æˆåŠŸã€‚
2025-10-05 20:29:43 - [INFO] - [512280345618546699] (UI Event) Persistent 'ContinueToUserSetupView' button clicked.
2025-10-05 20:29:54 - [INFO] - [512280345618546699] (UI Event) CharacterSettingsModal submitted for profile_type: 'user', is_setup_flow: True
2025-10-05 20:29:55 - [INFO] - [512280345618546699] æ¥æ”¶åˆ° profile æ›´æ–°è«‹æ±‚: ['user_profile']
2025-10-05 20:29:55 - [INFO] - [512280345618546699] Profile æ›´æ–°ä¸¦æŒä¹…åŒ–æˆåŠŸã€‚
2025-10-05 20:29:56 - [INFO] - [512280345618546699] (UI Event) Persistent 'ContinueToAiSetupView' button clicked.
2025-10-05 20:30:09 - [INFO] - [512280345618546699] (UI Event) CharacterSettingsModal submitted for profile_type: 'ai', is_setup_flow: True
2025-10-05 20:30:09 - [INFO] - [512280345618546699] æ¥æ”¶åˆ° profile æ›´æ–°è«‹æ±‚: ['ai_profile']
2025-10-05 20:30:09 - [INFO] - [512280345618546699] Profile æ›´æ–°ä¸¦æŒä¹…åŒ–æˆåŠŸã€‚
2025-10-05 20:30:11 - [INFO] - [512280345618546699] [å‰µä¸–æµç¨‹] æª”æ¡ˆä¸Šå‚³é–‹å§‹ï¼Œå·²è¨­å®š active_setups ç‹€æ…‹é–ã€‚
2025-10-05 20:30:19 - [INFO] - [512280345618546699] (on_message) åµæ¸¬åˆ°ç”¨æˆ¶è™•æ–¼æ´»èºçš„å‰µä¸–æµç¨‹ä¸­ï¼Œå·²å¿½ç•¥å¸¸è¦è¨Šæ¯ '...' ä»¥é˜²æ­¢ç«¶çˆ­ã€‚
2025-10-05 20:30:21 - [INFO] - [512280345618546699] [å‰µä¸–æµç¨‹ v65.1] åŸç”Ÿ Python é©…å‹•çš„æµç¨‹å·²å•Ÿå‹•ã€‚
2025-10-05 20:30:21 - [INFO] - [512280345618546699] [å¾Œå°å‰µä¸–] æ­£åœ¨å°‡ä¸–ç•Œè–ç¶“åŸæ–‡åˆ†å‰²æˆæ–‡æª”...
2025-10-05 20:30:21 - [INFO] - [512280345618546699] [å¾Œå°å‰µä¸–] æ­£åœ¨è§¸ç™¼ RAG ç´¢å¼•å‰µå§‹æ§‹å»º...
2025-10-05 20:30:21 - [INFO] - [512280345618546699] (Retriever Builder) é€²å…¥å¤–éƒ¨æ–‡æª”æ³¨å…¥æ¨¡å¼ï¼Œå°‡ä½¿ç”¨ 36 æ¢å‚³å…¥æ–‡æª”æ§‹å»ºç´”å‘é‡ç´¢å¼•...
2025-10-05 20:31:05 - [INFO] - [512280345618546699] (Retriever Builder) âœ… ç´”å‘é‡æª¢ç´¢å™¨å·²æˆåŠŸå¾å¤–éƒ¨æ–‡æª”æ§‹å»ºã€‚
2025-10-05 20:31:05 - [INFO] - [512280345618546699] [å¾Œå°å‰µä¸–] RAG ç´¢å¼•æ§‹å»ºå®Œæˆï¼Œæº–å‚™åŸ·è¡ŒåŸç”Ÿå‰µä¸–æ­¥é©Ÿ...
2025-10-05 20:31:05 - [INFO] - [512280345618546699] [å¾Œå°å‰µä¸–-åŸç”Ÿ] æ­¥é©Ÿ 1/2: æ­£åœ¨è£œå®Œè§’è‰²æª”æ¡ˆ...
2025-10-05 20:31:08 - [INFO] - [512280345618546699] [LLM Success] Generation successful using model 'gemini-2.5-flash-lite' with API Key #0.
2025-10-05 20:31:09 - [INFO] - [512280345618546699] [LLM Success] Generation successful using model 'gemini-2.5-flash-lite' with API Key #0.
2025-10-05 20:31:09 - [INFO] - [512280345618546699] æ¥æ”¶åˆ° profile æ›´æ–°è«‹æ±‚: ['user_profile', 'ai_profile']
2025-10-05 20:31:09 - [INFO] - [512280345618546699] Profile æ›´æ–°ä¸¦æŒä¹…åŒ–æˆåŠŸã€‚
2025-10-05 20:31:09 - [INFO] - [512280345618546699] [å¾Œå°å‰µä¸–-åŸç”Ÿ] è§’è‰²æª”æ¡ˆè£œå®ŒæˆåŠŸã€‚
2025-10-05 20:31:09 - [INFO] - [512280345618546699] [å¾Œå°å‰µä¸–-åŸç”Ÿ] æ­¥é©Ÿ 2/2: æ­£åœ¨ç”Ÿæˆé–‹å ´ç™½...
2025-10-05 20:31:09 - [INFO] - [512280345618546699] [/start] æ­£åœ¨ä½¿ç”¨ RAG æ™ºèƒ½é¸æ“‡ä¸¦å‰µä½œé–‹å ´å ´æ™¯...
2025-10-05 20:31:09 - [INFO] - [512280345618546699] [å®ä½“åç§°æå– (v2.2)] æ­£åœ¨ä»æŸ¥è¯¢ 'æ ¹æ“šé€™å€‹ä¸–ç•Œçš„æ ¸å¿ƒè¨­å®š(é€™æ˜¯ä¸€å€‹é­”æ³•çš„å¹»æƒ³ä¸–ç•Œã€‚)ä»¥åŠä¸»è§’ DINO å’Œ ç¢§ çš„èƒŒæ™¯ï¼Œç‚ºä»–å€‘çš„æ•…äº‹å°‹...' ä¸­åˆ†æå®ä½“...
2025-10-05 20:31:09 - [INFO] - [512280345618546699] [RAG åŸæ–‡ç›´é€š] æŸ¥è©¢å·²æ“´å±•ç‚º: 'çš„èƒŒæ™¯ï¼Œç‚ºä»–å€‘çš„æ•…äº‹å°‹æ‰¾ä¸€å€‹æœ€å¯Œæœ‰æˆ²åŠ‡æ€§ã€æœ€ç¬¦åˆä¸–ç•Œè§€çš„ã€é©åˆäºŒäººå‡ºå ´çš„ã€é é›¢æ¬ŠåŠ›ä¸­å¿ƒçš„éœæ…‹åˆå§‹å ´æ™¯æˆ–æƒ…å¢ƒã€‚ æ ¹æ“šé€™å€‹ä¸–ç•Œçš„æ ¸å¿ƒè¨­å®š(é€™æ˜¯ä¸€å€‹é­”æ³•çš„å¹»æƒ³ä¸–ç•Œã€‚)ä»¥åŠä¸»è§’ DINO å’Œ ç¢§'
2025-10-05 20:31:09 - [INFO] - [512280345618546699] [RAG åŸæ–‡ç›´é€š] ç²—ç•¥æª¢ç´¢æˆåŠŸï¼Œç²å¾— 20 ä»½å€™é¸æ–‡æª”ã€‚
2025-10-05 20:31:09 - [INFO] - [512280345618546699] [RAG åŸæ–‡ç›´é€š] âœ… æˆåŠŸæ‹¼æ¥å…¨éƒ¨ 20 æ¢åŸå§‹æ–‡æª”ä½œç‚º summary_contextã€‚
2025-10-05 20:31:37 - [INFO] - [512280345618546699] [LLM Success] Generation successful using model 'gemini-2.5-pro' with API Key #0.
2025-10-05 20:31:37 - [INFO] - [512280345618546699] [/start] é–‹å ´ç™½å·²ç”Ÿæˆï¼Œæ­£åœ¨å¾ä¸­åå‘æå–æ¬Šå¨åœ°é»...
2025-10-05 20:31:38 - [INFO] - [512280345618546699] [LLM Success] Generation successful using model 'gemini-2.5-flash-lite' with API Key #0.
2025-10-05 20:31:38 - [INFO] - [512280345618546699] [/start] âœ… åœ°é»æå–æˆåŠŸ: è–å‡±ç‘Ÿç³å­¸é™¢ > è—æ›¸åº«ã€‚æ­£åœ¨æ›´æ–° GameState...
2025-10-05 20:31:38 - [INFO] - [512280345618546699] æ¥æ”¶åˆ° profile æ›´æ–°è«‹æ±‚: ['game_state']
2025-10-05 20:31:38 - [INFO] - [512280345618546699] Profile æ›´æ–°ä¸¦æŒä¹…åŒ–æˆåŠŸã€‚
2025-10-05 20:31:38 - [INFO] - [512280345618546699] [å¾Œå°å‰µä¸–-åŸç”Ÿ] é–‹å ´ç™½ç”ŸæˆæˆåŠŸã€‚
2025-10-05 20:31:38 - [INFO] - [512280345618546699] [å¾Œå°å‰µä¸–] æ­£åœ¨å‘ä½¿ç”¨è€…ç§è¨Šç™¼é€æœ€çµ‚é–‹å ´ç™½...
2025-10-05 20:31:39 - [INFO] - [512280345618546699] [å¾Œå°å‰µä¸–] é–‹å ´ç™½ç™¼é€å®Œç•¢ã€‚
2025-10-05 20:31:39 - [INFO] - [512280345618546699] å¾Œå°å‰µä¸–æµç¨‹çµæŸï¼Œç‹€æ…‹é–å·²é‡‹æ”¾ã€‚
2025-10-05 20:32:42 - [INFO] - [512280345618546699] å•Ÿå‹• RAG ç›´é€šå°è©±æµç¨‹...
2025-10-05 20:32:42 - [INFO] - [512280345618546699] [Direct RAG] å•ŸåŠ¨ LORE ä¼˜å…ˆçš„ RAG ç›´é€šç”Ÿæˆæµç¨‹...
2025-10-05 20:32:42 - [INFO] - [512280345618546699] [LORE æ“´å±•] æ­£åœ¨æª¢æŸ¥æ˜¯å¦éœ€è¦æ“´å±• LORE...
2025-10-05 20:32:44 - [INFO] - [512280345618546699] [LLM Success] Generation successful using model 'gemini-2.5-flash-lite' with API Key #0.
2025-10-05 20:32:44 - [INFO] - [512280345618546699] [LORE æ“´å±•] âœ… æª¢æ¸¬åˆ°æ–°å¯¦é«”éª¨æ¶ï¼Œå•Ÿå‹•ã€è³‡è¨Šå›å¡«ã€‘æµç¨‹...
2025-10-05 20:32:44 - [INFO] - [512280345618546699] [LORE å›å¡«] æ­£åœ¨ç‚ºæ–° NPC 'ç±³å©­' æª¢ç´¢èƒŒæ™¯è³‡è¨Š...
2025-10-05 20:32:44 - [INFO] - [512280345618546699] [Raw RAG] æ­£åœ¨ç‚ºå…§éƒ¨æµç¨‹åŸ·è¡ŒåŸå§‹æ–‡æª”æª¢ç´¢ï¼ŒæŸ¥è©¢: 'é—œæ–¼è§’è‰² 'ç±³å©­' çš„æ‰€æœ‰å·²çŸ¥è³‡è¨Šã€èƒŒæ™¯æ•…äº‹ã€å¤–è²Œã€æ€§æ ¼å’Œèƒ½åŠ›ã€‚'
2025-10-05 20:32:44 - [INFO] - [512280345618546699] [Raw RAG] âœ… æˆåŠŸæª¢ç´¢åˆ° 20 ä»½åŸå§‹æ–‡æª”ã€‚
2025-10-05 20:32:44 - [INFO] - [512280345618546699] [LORE å›å¡«-L1] æ­£åœ¨ç‚º 'ç±³å©­' å˜—è©¦é›²ç«¯ç²¾ç…‰...
2025-10-05 20:32:44 - [WARNING] - [512280345618546699] æ¨¡å‹ 'gemini-2.5-flash-lite' (Key #0) é­é‡å…§å®¹å¯©æŸ¥æˆ–å®‰å…¨éŒ¯èª¤: BlockedPromptExceptionã€‚
2025-10-05 20:32:44 - [WARNING] - [512280345618546699] [LORE å›å¡«-L1] é›²ç«¯ç²¾ç…‰é­é‡å¯©æŸ¥ (Prompt blocked due to 4)ã€‚é™ç´šè‡³ L2 (æœ¬åœ°æ¨¡å‹)ã€‚
2025-10-05 20:32:44 - [INFO] - [512280345618546699] [LOREç²¾ç…‰-L2] æ­£åœ¨ä½¿ç”¨æœ¬åœ°æ¨¡å‹ 'HammerAI/llama-3-lexi-uncensored:latest' ç‚º 'ç±³å©­' é€²è¡Œç²¾ç…‰ (Attempt 1/2)...
2025-10-05 20:37:45 - [ERROR] - [512280345618546699] [LOREç²¾ç…‰-L2] ğŸ”¥ å‘¼å«æœ¬åœ°æ¨¡å‹é€²è¡Œç²¾ç…‰æ™‚ç™¼ç”ŸæœªçŸ¥éŒ¯èª¤: 
Traceback (most recent call last):
  File "C:\Users\USER\AppData\Local\Programs\Python\Python310\lib\site-packages\httpx\_transports\default.py", line 69, in map_httpcore_exceptions
    yield
  File "C:\Users\USER\AppData\Local\Programs\Python\Python310\lib\site-packages\httpx\_transports\default.py", line 373, in handle_async_request
    resp = await self._pool.handle_async_request(req)
  File "C:\Users\USER\AppData\Local\Programs\Python\Python310\lib\site-packages\httpcore\_async\connection_pool.py", line 256, in handle_async_request
    raise exc from None
  File "C:\Users\USER\AppData\Local\Programs\Python\Python310\lib\site-packages\httpcore\_async\connection_pool.py", line 236, in handle_async_request
    response = await connection.handle_async_request(
  File "C:\Users\USER\AppData\Local\Programs\Python\Python310\lib\site-packages\httpcore\_async\connection.py", line 103, in handle_async_request
    return await self._connection.handle_async_request(request)
  File "C:\Users\USER\AppData\Local\Programs\Python\Python310\lib\site-packages\httpcore\_async\http11.py", line 136, in handle_async_request
    raise exc
  File "C:\Users\USER\AppData\Local\Programs\Python\Python310\lib\site-packages\httpcore\_async\http11.py", line 106, in handle_async_request
    ) = await self._receive_response_headers(**kwargs)
  File "C:\Users\USER\AppData\Local\Programs\Python\Python310\lib\site-packages\httpcore\_async\http11.py", line 177, in _receive_response_headers
    event = await self._receive_event(timeout=timeout)
  File "C:\Users\USER\AppData\Local\Programs\Python\Python310\lib\site-packages\httpcore\_async\http11.py", line 217, in _receive_event
    data = await self._network_stream.read(
  File "C:\Users\USER\AppData\Local\Programs\Python\Python310\lib\site-packages\httpcore\_backends\anyio.py", line 32, in read
    with map_exceptions(exc_map):
  File "C:\Users\USER\AppData\Local\Programs\Python\Python310\lib\contextlib.py", line 153, in __exit__
    self.gen.throw(typ, value, traceback)
  File "C:\Users\USER\AppData\Local\Programs\Python\Python310\lib\site-packages\httpcore\_exceptions.py", line 14, in map_exceptions
    raise to_exc(exc) from exc
httpcore.ReadTimeout

The above exception was the direct cause of the following exception:

Traceback (most recent call last):
  File "D:\DINO\SD\ComfyUI\personal_server\ai_lover_service\src\ai_core.py", line 3917, in _invoke_local_ollama_refiner
    response = await client.post("http://localhost:11434/api/generate", json=payload)
  File "C:\Users\USER\AppData\Local\Programs\Python\Python310\lib\site-packages\httpx\_client.py", line 1892, in post
    return await self.request(
  File "C:\Users\USER\AppData\Local\Programs\Python\Python310\lib\site-packages\httpx\_client.py", line 1574, in request
    return await self.send(request, auth=auth, follow_redirects=follow_redirects)
  File "C:\Users\USER\AppData\Local\Programs\Python\Python310\lib\site-packages\httpx\_client.py", line 1661, in send
    response = await self._send_handling_auth(
  File "C:\Users\USER\AppData\Local\Programs\Python\Python310\lib\site-packages\httpx\_client.py", line 1689, in _send_handling_auth
    response = await self._send_handling_redirects(
  File "C:\Users\USER\AppData\Local\Programs\Python\Python310\lib\site-packages\httpx\_client.py", line 1726, in _send_handling_redirects
    response = await self._send_single_request(request)
  File "C:\Users\USER\AppData\Local\Programs\Python\Python310\lib\site-packages\httpx\_client.py", line 1763, in _send_single_request
    response = await transport.handle_async_request(request)
  File "C:\Users\USER\AppData\Local\Programs\Python\Python310\lib\site-packages\httpx\_transports\default.py", line 372, in handle_async_request
    with map_httpcore_exceptions():
  File "C:\Users\USER\AppData\Local\Programs\Python\Python310\lib\contextlib.py", line 153, in __exit__
    self.gen.throw(typ, value, traceback)
  File "C:\Users\USER\AppData\Local\Programs\Python\Python310\lib\site-packages\httpx\_transports\default.py", line 86, in map_httpcore_exceptions
    raise mapped_exc(message) from exc
httpx.ReadTimeout
2025-10-05 20:37:45 - [ERROR] - [512280345618546699] [LORE å›å¡«-L3] æ‰€æœ‰ LLM ç²¾ç…‰å±¤ç´šå‡å¤±æ•—ï¼ç‚º 'ç±³å©­' è§¸ç™¼ç¨‹å¼ç´šå‚™æ´ï¼Œåƒ…ä¿å­˜åŸºç¤éª¨æ¶ã€‚
2025-10-05 20:37:45 - [INFO] - [512280345618546699] [LORE å›å¡«] æ­£åœ¨ç‚ºæ–° NPC 'å‹›çˆµ' æª¢ç´¢èƒŒæ™¯è³‡è¨Š...
2025-10-05 20:37:45 - [INFO] - [512280345618546699] [Raw RAG] æ­£åœ¨ç‚ºå…§éƒ¨æµç¨‹åŸ·è¡ŒåŸå§‹æ–‡æª”æª¢ç´¢ï¼ŒæŸ¥è©¢: 'é—œæ–¼è§’è‰² 'å‹›çˆµ' çš„æ‰€æœ‰å·²çŸ¥è³‡è¨Šã€èƒŒæ™¯æ•…äº‹ã€å¤–è²Œã€æ€§æ ¼å’Œèƒ½åŠ›ã€‚'
2025-10-05 20:37:45 - [INFO] - [512280345618546699] [Raw RAG] âœ… æˆåŠŸæª¢ç´¢åˆ° 20 ä»½åŸå§‹æ–‡æª”ã€‚
2025-10-05 20:37:45 - [INFO] - [512280345618546699] [LORE å›å¡«-L1] æ­£åœ¨ç‚º 'å‹›çˆµ' å˜—è©¦é›²ç«¯ç²¾ç…‰...
2025-10-05 20:37:47 - [INFO] - [512280345618546699] [LLM Success] Generation successful using model 'gemini-2.5-flash-lite' with API Key #0.
2025-10-05 20:37:47 - [INFO] - [512280345618546699] [LORE å›å¡«-L1] âœ… é›²ç«¯ç²¾ç…‰æˆåŠŸã€‚
2025-10-05 20:37:47 - [INFO] - [512280345618546699] (_resolve_and_save) æ­£åœ¨ç‚º 'npc_profile' é¡åˆ¥è™•ç† 2 å€‹å¯¦é«”...
2025-10-05 20:37:59 - [INFO] - [512280345618546699] [LLM Success] Generation successful using model 'gemini-2.5-pro' with API Key #0.
2025-10-05 20:37:59 - [INFO] - [512280345618546699] (_resolve_and_save) æ­£åœ¨ç‚º 'location_info' é¡åˆ¥è™•ç† 1 å€‹å¯¦é«”...
2025-10-05 20:37:59 - [INFO] - [512280345618546699] [LORE æ“´å±•] æ–°çš„ LORE (åŒ…å«å·²å›å¡«è³‡è¨Š) å·²æˆåŠŸå‰µå»ºä¸¦å­˜å…¥è³‡æ–™åº«ã€‚
2025-10-05 20:37:59 - [INFO] - [512280345618546699] [æŸ¥è©¢æ“´å±•] æ­£åœ¨æ•´åˆçŸ­æœŸè¨˜æ†¶ä»¥æ„ŸçŸ¥å ´æ™¯ä¸Šä¸‹æ–‡...
2025-10-05 20:38:00 - [INFO] - [512280345618546699] [é›™å¼•æ“å¯¦é«”æå–] æˆåŠŸæå–é«˜è³ªé‡å¯¦é«”: {'é€™æ°¸æ†', 'è­˜è–', 'å½©ç¹ªç»ç’ƒçª—', 'è—æ›¸åº«'}
2025-10-05 20:38:01 - [INFO] - [512280345618546699] [è¼¸å…¥åˆ†æ-L1] æ­£åœ¨å˜—è©¦ä½¿ç”¨ LLM é€²è¡Œèªç¾©åˆ†æ...
2025-10-05 20:38:01 - [INFO] - [512280345618546699] [LLM Success] Generation successful using model 'gemini-2.5-flash-lite' with API Key #0.
2025-10-05 20:38:01 - [INFO] - [512280345618546699] [è¼¸å…¥åˆ†æ-L1] âœ… LLM åˆ†ææˆåŠŸã€‚æå–å¯¦é«”: ['ç±³å©­', 'å®…é‚¸', 'å‹›çˆµ']
2025-10-05 20:38:01 - [INFO] - [512280345618546699] [æŸ¥è©¢æ“´å±•] æª¢æ¸¬åˆ°ç‚ºæœ¬åœ°å ´æ™¯ï¼Œæ­£åœ¨å°‡ä¸»è§’æ·»åŠ è‡³æ ¸å¿ƒå¯¦é«”åˆ—è¡¨ã€‚
2025-10-05 20:38:01 - [INFO] - [512280345618546699] [æŸ¥è©¢æ“´å±•] å ´æ™¯æ„ŸçŸ¥å®Œæˆï¼Œæœ€çµ‚æ ¸å¿ƒå¯¦é«”: ['å½©ç¹ªç»ç’ƒçª—', 'DINO', 'é€™æ°¸æ†', 'è—æ›¸åº«', 'ç±³å©­', 'å®…é‚¸', 'å‹›çˆµ', 'è­˜è–', 'ç¢§']
2025-10-05 20:38:01 - [INFO] - [512280345618546699] [LORE å„ªå…ˆ] å·²æˆåŠŸæ³¨å…¥ 2 æ¢çµ•å°äº‹å¯¦ã€‚
2025-10-05 20:38:01 - [INFO] - [512280345618546699] [å®ä½“åç§°æå– (v2.2)] æ­£åœ¨ä»æŸ¥è¯¢ 'æè¿°ç±³å©­åœ¨å®…é‚¸é‡åˆ°å‹›çˆµ å½©ç¹ªç»ç’ƒçª— DINO é€™æ°¸æ† è—æ›¸åº« ç±³å©­ å®…é‚¸ å‹›çˆµ è­˜è– ç¢§...' ä¸­åˆ†æå®ä½“...
2025-10-05 20:38:01 - [INFO] - [512280345618546699] [RAG åŸæ–‡ç›´é€š] æŸ¥è©¢å·²æ“´å±•ç‚º: 'æè¿°ç±³å©­åœ¨å®…é‚¸é‡åˆ°å‹›çˆµ å½©ç¹ªç»ç’ƒçª— DINO é€™æ°¸æ† è—æ›¸åº« ç±³å©­ å®…é‚¸ å‹›çˆµ è­˜è– ç¢§'
2025-10-05 20:38:02 - [INFO] - [512280345618546699] [RAG åŸæ–‡ç›´é€š] ç²—ç•¥æª¢ç´¢æˆåŠŸï¼Œç²å¾— 20 ä»½å€™é¸æ–‡æª”ã€‚
2025-10-05 20:38:02 - [INFO] - [512280345618546699] [RAG åŸæ–‡ç›´é€š] âœ… æˆåŠŸæ‹¼æ¥å…¨éƒ¨ 20 æ¢åŸå§‹æ–‡æª”ä½œç‚º summary_contextã€‚
2025-10-05 20:38:03 - [INFO] - [512280345618546699] [LLM Success] Generation successful using model 'gemini-2.5-flash-lite' with API Key #0.
2025-10-05 20:38:45 - [INFO] - [512280345618546699] [LLM Success] Generation successful using model 'gemini-2.5-pro' with API Key #0.
2025-10-05 20:38:47 - [INFO] - [512280345618546699] RAG ç›´é€šæµç¨‹åŸ·è¡Œå®Œç•¢ï¼Œå›æ‡‰å·²ç™¼é€ã€‚äº‹å¾Œå­¸ç¿’ä»»å‹™å·²åœ¨èƒŒæ™¯å•Ÿå‹•ã€‚
2025-10-05 20:38:49 - [INFO] - [512280345618546699] [äº‹å¾Œåˆ†æ] æ­£åœ¨å•Ÿå‹•èƒŒæ™¯åˆ†æèˆ‡åˆ†æµä»»å‹™...
2025-10-05 20:38:52 - [INFO] - [512280345618546699] [LLM Success] Generation successful using model 'gemini-2.5-flash-lite' with API Key #0.
2025-10-05 20:38:52 - [INFO] - [512280345618546699] [äº‹å¾Œåˆ†æ] èƒŒæ™¯åˆ†æèˆ‡åˆ†æµä»»å‹™å®Œæˆã€‚
