### AI Lover Log - Last updated at 2025-09-25T21:17:03.824316 ###

2025-09-25 07:36:34 - [WARNING] - [512280345618546699] 內部鏈意外遭遇審查。啟動【通用化解構-重構】策略...
2025-09-25 07:36:34 - [ERROR] - [512280345618546699] (Euphemizer) 在失敗的 Prompt 中找不到任何可供消毒的已知內容標記，無法執行委婉化。
2025-09-25 07:36:34 - [WARNING] - [512280345618546699] RAG 摘要鏈在處理原始內容後，返回了空的結果。
2025-09-25 07:36:34 - [INFO] - [512280345618546699] 已成功將 RAG 原始上下文提煉為事實要點。
2025-09-25 07:36:34 - [INFO] - [512280345618546699] [生成即摘要] 正在執行雙重輸出生成...
2025-09-25 07:37:05 - [INFO] - [512280345618546699] [LLM Success] Generation successful using model 'gemini-2.5-pro' with API Key #3.
2025-09-25 07:37:07 - [INFO] - [512280345618546699] [生成即摘要] 雙重輸出解析成功。
2025-09-25 07:37:07 - [INFO] - [512280345618546699] 回應已發送。正在啟動事後處理任務...
2025-09-25 07:37:07 - [INFO] - [512280345618546699] [長期記憶寫入] 正在保存預生成的安全摘要...
2025-09-25 07:37:08 - [INFO] - [512280345618546699] [長期記憶寫入] 互動記錄已成功保存到 SQL 資料庫。
2025-09-25 07:37:08 - [INFO] - [512280345618546699] [長期記憶寫入] 安全摘要保存完畢。
2025-09-25 07:37:12 - [INFO] - [512280345618546699] [事後處理-LORE保險] 獨立的背景LORE提取器已啟動...
2025-09-25 07:37:14 - [WARNING] - [512280345618546699] 模型 'gemini-2.5-flash-lite' (Key #4) 遭遇內容審查錯誤: BlockedPromptException。
2025-09-25 07:37:14 - [WARNING] - [512280345618546699] 最終生成鏈遭遇審查。啟動【最高指令集注入重試】策略...
2025-09-25 07:37:14 - [INFO] - [512280345618546699] 已對 Prompt 附加完整的核心指令集，正在進行強化重試...
2025-09-25 07:37:15 - [WARNING] - [512280345618546699] 模型 'gemini-2.5-pro' (Key #5) 遭遇內容審查錯誤: BlockedPromptException。
2025-09-25 07:37:15 - [ERROR] - [512280345618546699] 【最高指令集注入重試】策略最終失敗: Prompt blocked due to PROHIBITED_CONTENT
Traceback (most recent call last):
  File "D:\DINO\SD\ComfyUI\personal_server\ai_lover_service\src\ai_core.py", line 704, in ainvoke_with_rotation
    raise BlockedPromptException(f"Prompt blocked due to {response.prompt_feedback.block_reason.name}")
google.generativeai.types.generation_types.BlockedPromptException: Prompt blocked due to PROHIBITED_CONTENT

During handling of the above exception, another exception occurred:

Traceback (most recent call last):
  File "D:\DINO\SD\ComfyUI\personal_server\ai_lover_service\src\ai_core.py", line 1627, in _force_and_retry
    return await self.ainvoke_with_rotation(
  File "D:\DINO\SD\ComfyUI\personal_server\ai_lover_service\src\ai_core.py", line 734, in ainvoke_with_rotation
    raise e
  File "D:\DINO\SD\ComfyUI\personal_server\ai_lover_service\src\ai_core.py", line 704, in ainvoke_with_rotation
    raise BlockedPromptException(f"Prompt blocked due to {response.prompt_feedback.block_reason.name}")
google.generativeai.types.generation_types.BlockedPromptException: Prompt blocked due to PROHIBITED_CONTENT
2025-09-25 07:37:15 - [WARNING] - [512280345618546699] [事後處理-LORE保險] LORE提取鏈的LLM回應為空或最終失敗。
2025-09-25 09:21:31 - [INFO] - 所有持久化 UI 視圖已成功註冊。
2025-09-25 09:21:31 - [INFO] - 正在嘗試將應用程式指令 (Slash Commands) 全域同步到 Discord...
2025-09-25 09:21:31 - [INFO] - ✅ 應用程式指令全域同步成功！(注意：全域指令更新可能需要長達一小時才能在所有伺服器生效)
2025-09-25 09:21:31 - [INFO] - Discord Bot is ready!
2025-09-25 09:21:34 - [INFO] - 【健康檢查 & Keep-Alive】背景任務已啟動。
2025-09-25 09:21:34 - [INFO] - Logged in as AI#4450 (ID: 1358417100250808531)
2025-09-25 09:21:35 - [INFO] - 已成功發送啟動成功通知給管理員。
2025-09-25 10:12:19 - [INFO] - 所有持久化 UI 視圖已成功註冊。
2025-09-25 10:12:19 - [INFO] - 正在嘗試將應用程式指令 (Slash Commands) 全域同步到 Discord...
2025-09-25 10:12:20 - [INFO] - ✅ 應用程式指令全域同步成功！(注意：全域指令更新可能需要長達一小時才能在所有伺服器生效)
2025-09-25 10:12:20 - [INFO] - Discord Bot is ready!
2025-09-25 10:12:22 - [INFO] - 【健康檢查 & Keep-Alive】背景任務已啟動。
2025-09-25 10:12:22 - [INFO] - Logged in as AI#4450 (ID: 1358417100250808531)
2025-09-25 10:12:23 - [INFO] - 已成功發送啟動成功通知給管理員。
2025-09-25 10:12:46 - [INFO] - 所有持久化 UI 視圖已成功註冊。
2025-09-25 10:12:46 - [INFO] - 正在嘗試將應用程式指令 (Slash Commands) 全域同步到 Discord...
2025-09-25 10:13:20 - [INFO] - ✅ 應用程式指令全域同步成功！(注意：全域指令更新可能需要長達一小時才能在所有伺服器生效)
2025-09-25 10:13:20 - [INFO] - Discord Bot is ready!
2025-09-25 10:13:22 - [INFO] - 【健康檢查 & Keep-Alive】背景任務已啟動。
2025-09-25 10:13:22 - [INFO] - Logged in as AI#4450 (ID: 1358417100250808531)
2025-09-25 10:13:23 - [INFO] - 已成功發送啟動成功通知給管理員。
2025-09-25 10:18:16 - [INFO] - 所有持久化 UI 視圖已成功註冊。
2025-09-25 10:18:16 - [INFO] - 正在嘗試將應用程式指令 (Slash Commands) 全域同步到 Discord...
2025-09-25 10:18:17 - [INFO] - ✅ 應用程式指令全域同步成功！(注意：全域指令更新可能需要長達一小時才能在所有伺服器生效)
2025-09-25 10:18:17 - [INFO] - Discord Bot is ready!
2025-09-25 10:18:19 - [INFO] - 【健康檢查 & Keep-Alive】背景任務已啟動。
2025-09-25 10:18:19 - [INFO] - Logged in as AI#4450 (ID: 1358417100250808531)
2025-09-25 10:18:20 - [INFO] - 已成功發送啟動成功通知給管理員。
2025-09-25 10:23:43 - [INFO] - 所有持久化 UI 視圖已成功註冊。
2025-09-25 10:23:43 - [INFO] - 正在嘗試將應用程式指令 (Slash Commands) 全域同步到 Discord...
2025-09-25 10:23:44 - [INFO] - ✅ 應用程式指令全域同步成功！(注意：全域指令更新可能需要長達一小時才能在所有伺服器生效)
2025-09-25 10:23:44 - [INFO] - Discord Bot is ready!
2025-09-25 10:23:46 - [INFO] - 【健康檢查 & Keep-Alive】背景任務已啟動。
2025-09-25 10:23:46 - [INFO] - Logged in as AI#4450 (ID: 1358417100250808531)
2025-09-25 10:23:47 - [INFO] - 已成功發送啟動成功通知給管理員。
2025-09-25 18:29:10 - [INFO] - 所有持久化 UI 視圖已成功註冊。
2025-09-25 18:29:10 - [INFO] - 正在嘗試將應用程式指令 (Slash Commands) 全域同步到 Discord...
2025-09-25 18:29:10 - [INFO] - ✅ 應用程式指令全域同步成功！(注意：全域指令更新可能需要長達一小時才能在所有伺服器生效)
2025-09-25 18:29:10 - [INFO] - Discord Bot is ready!
2025-09-25 18:29:13 - [INFO] - 【健康檢查 & Keep-Alive】背景任務已啟動。
2025-09-25 18:29:13 - [INFO] - Logged in as AI#4450 (ID: 1358417100250808531)
2025-09-25 18:29:14 - [INFO] - 已成功發送啟動成功通知給管理員。
2025-09-25 18:32:08 - [INFO] - [512280345618546699] 後台重置任務開始...
2025-09-25 18:32:08 - [INFO] - 使用者 512280345618546699 沒有活躍的 AI 實例，嘗試創建...
2025-09-25 18:32:08 - [ERROR] - [512280345618546699] 後台重置任務失敗: 'AILover' object has no attribute 'initialize'
Traceback (most recent call last):
  File "D:\DINO\SD\ComfyUI\personal_server\ai_lover_service\src\discord_bot.py", line 1482, in start_reset_flow
    ai_instance = await self.get_or_create_ai_instance(user_id, is_setup_flow=True)
  File "D:\DINO\SD\ComfyUI\personal_server\ai_lover_service\src\discord_bot.py", line 1160, in get_or_create_ai_instance
    if await ai_instance.initialize():
AttributeError: 'AILover' object has no attribute 'initialize'
2025-09-25 19:10:58 - [INFO] - 所有持久化 UI 視圖已成功註冊。
2025-09-25 19:10:58 - [INFO] - 正在嘗試將應用程式指令 (Slash Commands) 全域同步到 Discord...
2025-09-25 19:10:58 - [INFO] - ✅ 應用程式指令全域同步成功！(注意：全域指令更新可能需要長達一小時才能在所有伺服器生效)
2025-09-25 19:10:58 - [INFO] - Discord Bot is ready!
2025-09-25 19:11:01 - [INFO] - 【健康檢查 & Keep-Alive】背景任務已啟動。
2025-09-25 19:11:01 - [INFO] - Logged in as AI#4450 (ID: 1358417100250808531)
2025-09-25 19:11:02 - [INFO] - 已成功發送啟動成功通知給管理員。
2025-09-25 19:11:13 - [INFO] - [512280345618546699] 後台重置任務開始...
2025-09-25 19:11:13 - [INFO] - 使用者 512280345618546699 沒有活躍的 AI 實例，嘗試創建...
2025-09-25 19:11:13 - [ERROR] - [512280345618546699] 後台重置任務失敗: 'AILover' object has no attribute 'initialize'
Traceback (most recent call last):
  File "D:\DINO\SD\ComfyUI\personal_server\ai_lover_service\src\discord_bot.py", line 1482, in start_reset_flow
    ai_instance = await self.get_or_create_ai_instance(user_id, is_setup_flow=True)
  File "D:\DINO\SD\ComfyUI\personal_server\ai_lover_service\src\discord_bot.py", line 1160, in get_or_create_ai_instance
    if await ai_instance.initialize():
AttributeError: 'AILover' object has no attribute 'initialize'
2025-09-25 19:20:37 - [INFO] - 所有持久化 UI 視圖已成功註冊。
2025-09-25 19:20:37 - [INFO] - 正在嘗試將應用程式指令 (Slash Commands) 全域同步到 Discord...
2025-09-25 19:20:37 - [INFO] - ✅ 應用程式指令全域同步成功！(注意：全域指令更新可能需要長達一小時才能在所有伺服器生效)
2025-09-25 19:20:37 - [INFO] - Discord Bot is ready!
2025-09-25 19:20:40 - [INFO] - 【健康檢查 & Keep-Alive】背景任務已啟動。
2025-09-25 19:20:40 - [INFO] - Logged in as AI#4450 (ID: 1358417100250808531)
2025-09-25 19:20:40 - [INFO] - 已成功發送啟動成功通知給管理員。
2025-09-25 19:20:59 - [INFO] - [512280345618546699] 後台重置任務開始...
2025-09-25 19:20:59 - [INFO] - 使用者 512280345618546699 沒有活躍的 AI 實例，嘗試創建...
2025-09-25 19:20:59 - [ERROR] - [512280345618546699] 後台重置任務失敗: 'AILover' object has no attribute 'initialize'
Traceback (most recent call last):
  File "D:\DINO\SD\ComfyUI\personal_server\ai_lover_service\src\discord_bot.py", line 1482, in start_reset_flow
    ai_instance = await self.get_or_create_ai_instance(user_id, is_setup_flow=True)
  File "D:\DINO\SD\ComfyUI\personal_server\ai_lover_service\src\discord_bot.py", line 1160, in get_or_create_ai_instance
    if await ai_instance.initialize():
AttributeError: 'AILover' object has no attribute 'initialize'
2025-09-25 19:36:14 - [INFO] - 所有持久化 UI 視圖已成功註冊。
2025-09-25 19:36:14 - [INFO] - 正在嘗試將應用程式指令 (Slash Commands) 全域同步到 Discord...
2025-09-25 19:36:14 - [INFO] - ✅ 應用程式指令全域同步成功！(注意：全域指令更新可能需要長達一小時才能在所有伺服器生效)
2025-09-25 19:36:14 - [INFO] - Discord Bot is ready!
2025-09-25 19:36:17 - [INFO] - 【健康檢查 & Keep-Alive】背景任務已啟動。
2025-09-25 19:36:17 - [INFO] - Logged in as AI#4450 (ID: 1358417100250808531)
2025-09-25 19:36:18 - [INFO] - 已成功發送啟動成功通知給管理員。
2025-09-25 19:36:32 - [INFO] - [512280345618546699] 後台重置任務開始...
2025-09-25 19:36:32 - [INFO] - 使用者 512280345618546699 沒有活躍的 AI 實例，嘗試創建...
2025-09-25 19:36:32 - [ERROR] - [512280345618546699] 後台重置任務失敗: 'AILover' object has no attribute 'initialize'
Traceback (most recent call last):
  File "D:\DINO\SD\ComfyUI\personal_server\ai_lover_service\src\discord_bot.py", line 1482, in start_reset_flow
    ai_instance = await self.get_or_create_ai_instance(user_id, is_setup_flow=True)
  File "D:\DINO\SD\ComfyUI\personal_server\ai_lover_service\src\discord_bot.py", line 1160, in get_or_create_ai_instance
    if await ai_instance.initialize():
AttributeError: 'AILover' object has no attribute 'initialize'
2025-09-25 19:45:03 - [INFO] - 所有持久化 UI 視圖已成功註冊。
2025-09-25 19:45:03 - [INFO] - 正在嘗試將應用程式指令 (Slash Commands) 全域同步到 Discord...
2025-09-25 19:45:04 - [INFO] - ✅ 應用程式指令全域同步成功！(注意：全域指令更新可能需要長達一小時才能在所有伺服器生效)
2025-09-25 19:45:04 - [INFO] - Discord Bot is ready!
2025-09-25 19:45:07 - [INFO] - 【健康檢查 & Keep-Alive】背景任務已啟動。
2025-09-25 19:45:07 - [INFO] - Logged in as AI#4450 (ID: 1358417100250808531)
2025-09-25 19:45:07 - [INFO] - 已成功發送啟動成功通知給管理員。
2025-09-25 19:46:29 - [INFO] - [512280345618546699] 後台重置任務開始...
2025-09-25 19:46:29 - [INFO] - 使用者 512280345618546699 沒有活躍的 AI 實例，嘗試創建...
2025-09-25 19:46:29 - [ERROR] - [512280345618546699] 後台重置任務失敗: 'AILover' object has no attribute 'initialize'
Traceback (most recent call last):
  File "D:\DINO\SD\ComfyUI\personal_server\ai_lover_service\src\discord_bot.py", line 1482, in start_reset_flow
    ai_instance = await self.get_or_create_ai_instance(user_id, is_setup_flow=True)
  File "D:\DINO\SD\ComfyUI\personal_server\ai_lover_service\src\discord_bot.py", line 1160, in get_or_create_ai_instance
    if await ai_instance.initialize():
AttributeError: 'AILover' object has no attribute 'initialize'
2025-09-25 20:20:25 - [INFO] - 所有持久化 UI 視圖已成功註冊。
2025-09-25 20:20:25 - [INFO] - 正在嘗試將應用程式指令 (Slash Commands) 全域同步到 Discord...
2025-09-25 20:20:25 - [INFO] - ✅ 應用程式指令全域同步成功！(注意：全域指令更新可能需要長達一小時才能在所有伺服器生效)
2025-09-25 20:20:25 - [INFO] - Discord Bot is ready!
2025-09-25 20:20:28 - [INFO] - 【健康檢查 & Keep-Alive】背景任務已啟動。
2025-09-25 20:20:28 - [INFO] - Logged in as AI#4450 (ID: 1358417100250808531)
2025-09-25 20:20:29 - [INFO] - 已成功發送啟動成功通知給管理員。
2025-09-25 20:20:38 - [INFO] - [512280345618546699] 後台重置任務開始...
2025-09-25 20:20:38 - [INFO] - 使用者 512280345618546699 沒有活躍的 AI 實例，嘗試創建...
2025-09-25 20:20:38 - [ERROR] - [512280345618546699] 後台重置任務失敗: 'AILover' object has no attribute 'initialize'
Traceback (most recent call last):
  File "D:\DINO\SD\ComfyUI\personal_server\ai_lover_service\src\discord_bot.py", line 1484, in start_reset_flow
    ai_instance = await self.get_or_create_ai_instance(user_id, is_setup_flow=True)
  File "D:\DINO\SD\ComfyUI\personal_server\ai_lover_service\src\discord_bot.py", line 1160, in get_or_create_ai_instance
    if await ai_instance.initialize():
AttributeError: 'AILover' object has no attribute 'initialize'
2025-09-25 20:25:10 - [INFO] - 所有持久化 UI 視圖已成功註冊。
2025-09-25 20:25:10 - [INFO] - 正在嘗試將應用程式指令 (Slash Commands) 全域同步到 Discord...
2025-09-25 20:25:10 - [INFO] - ✅ 應用程式指令全域同步成功！(注意：全域指令更新可能需要長達一小時才能在所有伺服器生效)
2025-09-25 20:25:10 - [INFO] - Discord Bot is ready!
2025-09-25 20:25:13 - [INFO] - 【健康檢查 & Keep-Alive】背景任務已啟動。
2025-09-25 20:25:13 - [INFO] - Logged in as AI#4450 (ID: 1358417100250808531)
2025-09-25 20:25:14 - [INFO] - 已成功發送啟動成功通知給管理員。
2025-09-25 20:25:20 - [INFO] - [512280345618546699] 後台重置任務開始...
2025-09-25 20:25:20 - [INFO] - 使用者 512280345618546699 沒有活躍的 AI 實例，嘗試創建...
2025-09-25 20:25:20 - [INFO] - [512280345618546699] 核心數據模板 'world_snapshot_template.txt' 已成功加載。
2025-09-25 20:25:20 - [INFO] - [512280345618546699] 核心協議 '00_supreme_directive.txt' 已成功加載。
2025-09-25 20:25:20 - [INFO] - [512280345618546699] [RAG持久化] 成功從磁碟加載了 122 條文檔到 RAG 語料庫。
2025-09-25 20:25:20 - [INFO] - [512280345618546699] (Retriever Builder) 已成功從持久化檔案構建 RAG 檢索器。
2025-09-25 20:25:20 - [INFO] - [512280345618546699] 所有構建鏈的前置資源已準備就緒。
2025-09-25 20:25:20 - [INFO] - 為使用者 512280345618546699 成功創建並初始化 AI 實例。
2025-09-25 20:25:20 - [INFO] - [512280345618546699] 正在從資料庫恢復短期場景記憶...
2025-09-25 20:25:20 - [INFO] - [512280345618546699] 成功恢復了 2 個場景的對話歷史，總計 7 條訊息。
2025-09-25 20:25:20 - [INFO] - [512280345618546699] 正在關閉 AI 實例並釋放資源...
2025-09-25 20:25:21 - [INFO] - [512280345618546699] AI 實例資源已釋放。
2025-09-25 20:25:22 - [INFO] - [512280345618546699] 正在清除所有短期場景記憶...
2025-09-25 20:25:22 - [INFO] - [512280345618546699] 已成功從資料庫中刪除 7 條場景歷史記錄。
2025-09-25 20:25:25 - [INFO] - [512280345618546699] (UI Event) Persistent 'StartSetupView' button clicked.
2025-09-25 20:25:30 - [INFO] - [512280345618546699] (UI Event) WorldSettingsModal submitted. is_setup_flow: True
2025-09-25 20:25:30 - [INFO] - 使用者 512280345618546699 沒有活躍的 AI 實例，嘗試創建...
2025-09-25 20:25:30 - [INFO] - [512280345618546699] 處於設定流程中，即使資料庫無記錄，也創建一個臨時的記憶體實例。
2025-09-25 20:25:30 - [INFO] - [512280345618546699] 核心數據模板 'world_snapshot_template.txt' 已成功加載。
2025-09-25 20:25:30 - [INFO] - [512280345618546699] 核心協議 '00_supreme_directive.txt' 已成功加載。
2025-09-25 20:25:30 - [INFO] - [512280345618546699] (Retriever Builder) 未找到持久化 RAG 索引，正在從資料庫執行全量創始構建...
2025-09-25 20:25:30 - [INFO] - [512280345618546699] (Retriever Builder) 已從 SQL 和 LORE 加載 0 條文檔用於創始構建。
2025-09-25 20:25:30 - [INFO] - [512280345618546699] (Retriever Builder) 知識庫為空，創始構建為空。
2025-09-25 20:25:30 - [INFO] - [512280345618546699] 所有構建鏈的前置資源已準備就緒。
2025-09-25 20:25:30 - [INFO] - [512280345618546699] 接收到 profile 更新請求: ['world_settings']
2025-09-25 20:25:30 - [WARNING] - [512280345618546699] 在持久化更新時找不到使用者資料，將創建新記錄。
2025-09-25 20:25:30 - [INFO] - [512280345618546699] Profile 更新並持久化成功。
2025-09-25 20:25:32 - [INFO] - [512280345618546699] (UI Event) Persistent 'ContinueToUserSetupView' button clicked.
2025-09-25 20:25:40 - [INFO] - [512280345618546699] (UI Event) CharacterSettingsModal submitted for profile_type: 'user', is_setup_flow: True
2025-09-25 20:25:40 - [INFO] - [512280345618546699] 接收到 profile 更新請求: ['user_profile']
2025-09-25 20:25:40 - [INFO] - [512280345618546699] Profile 更新並持久化成功。
2025-09-25 20:25:42 - [INFO] - [512280345618546699] (UI Event) Persistent 'ContinueToAiSetupView' button clicked.
2025-09-25 20:25:53 - [INFO] - [512280345618546699] (UI Event) CharacterSettingsModal submitted for profile_type: 'ai', is_setup_flow: True
2025-09-25 20:25:53 - [INFO] - [512280345618546699] 接收到 profile 更新請求: ['ai_profile']
2025-09-25 20:25:53 - [INFO] - [512280345618546699] Profile 更新並持久化成功。
2025-09-25 20:25:57 - [INFO] - [512280345618546699] 独立的后台创世流程已为用户启动。
2025-09-25 20:25:57 - [INFO] - [512280345618546699] [后台创世 2/4] 正在补完角色档案...
2025-09-25 20:26:00 - [INFO] - [512280345618546699] [LLM Success] Generation successful using model 'gemini-2.5-flash-lite' with API Key #1.
2025-09-25 20:26:00 - [INFO] - [512280345618546699] [LLM Success] Generation successful using model 'gemini-2.5-flash-lite' with API Key #0.
2025-09-25 20:26:00 - [INFO] - [512280345618546699] 接收到 profile 更新請求: ['user_profile', 'ai_profile']
2025-09-25 20:26:00 - [INFO] - [512280345618546699] Profile 更新並持久化成功。
2025-09-25 20:26:00 - [INFO] - [512280345618546699] [后台创世 3/4] 正在生成世界创世资讯...
2025-09-25 20:26:04 - [INFO] - [512280345618546699] [LLM Success] Generation successful using model 'gemini-2.5-flash-lite' with API Key #2.
2025-09-25 20:26:04 - [INFO] - [512280345618546699] 接收到 profile 更新請求: ['game_state']
2025-09-25 20:26:04 - [INFO] - [512280345618546699] Profile 更新並持久化成功。
2025-09-25 20:26:04 - [INFO] - [512280345618546699] [/start] 初始地點 '艾瑞亞大陸 > 寂靜之森 > 月影泉邊的小屋' 已成功生成並存入LORE。
2025-09-25 20:26:04 - [INFO] - [512280345618546699] [后台创世 4/4] 正在生成开场白...
2025-09-25 20:26:36 - [INFO] - [512280345618546699] [LLM Success] Generation successful using model 'gemini-2.5-pro' with API Key #3.
2025-09-25 20:26:36 - [INFO] - [512280345618546699] [后台创世 4/4] 开场白生成完毕。
2025-09-25 20:26:37 - [INFO] - [512280345618546699] [后台创世] 正在向使用者私讯发送最终开场白...
2025-09-25 20:26:37 - [INFO] - [512280345618546699] [后台创世] 开场白发送完毕。
2025-09-25 20:26:37 - [INFO] - [512280345618546699] 后台创世流程结束，状态锁已释放。
2025-09-25 20:33:50 - [INFO] - [512280345618546699] 啟動「生成即摘要」對話流程...
2025-09-25 20:33:50 - [INFO] - [512280345618546699] [預處理-生成即摘要] 正在準備上下文...
2025-09-25 20:33:50 - [INFO] - [512280345618546699] [導演視角] 當前錨定模式: 'local'
2025-09-25 20:33:50 - [INFO] - [512280345618546699] [導演視角] 檢測到本地互動指令，視角保持 'local'。
2025-09-25 20:33:50 - [INFO] - [512280345618546699] 接收到 profile 更新請求: ['game_state']
2025-09-25 20:33:50 - [INFO] - [512280345618546699] Profile 更新並持久化成功。
2025-09-25 20:33:50 - [INFO] - [512280345618546699] 正在組合混合記憶...
2025-09-25 20:33:50 - [INFO] - [512280345618546699] [生成即摘要] 正在執行雙重輸出生成...
2025-09-25 20:34:27 - [INFO] - [512280345618546699] [LLM Success] Generation successful using model 'gemini-2.5-pro' with API Key #4.
2025-09-25 20:34:28 - [INFO] - [512280345618546699] [生成即摘要] 雙重輸出解析成功。
2025-09-25 20:34:28 - [INFO] - [512280345618546699] 回應已發送。正在啟動事後處理任務...
2025-09-25 20:34:28 - [INFO] - [512280345618546699] [長期記憶寫入] 正在保存預生成的安全摘要...
2025-09-25 20:34:28 - [INFO] - [512280345618546699] [長期記憶寫入] 互動記錄已成功保存到 SQL 資料庫。
2025-09-25 20:34:28 - [INFO] - [512280345618546699] [長期記憶寫入] 安全摘要保存完畢。
2025-09-25 20:34:33 - [INFO] - [512280345618546699] [對話後 LORE 擴展] 正在啟動多層降級解析管線...
2025-09-25 20:34:33 - [INFO] - [512280345618546699] [LORE 解析 1/4] 正在嘗試【理想方案：原文宏觀解析】...
2025-09-25 20:34:36 - [INFO] - [512280345618546699] [LLM Success] Generation successful using model 'gemini-2.5-flash-lite' with API Key #5.
2025-09-25 20:34:36 - [INFO] - [512280345618546699] [LORE 解析 1/4] ✅ 成功！正在儲存結果...
2025-09-25 20:34:36 - [INFO] - [512280345618546699] (_resolve_and_save) 正在為 'npc_profile' 類別處理 1 個實體...
2025-09-25 20:34:43 - [INFO] - [512280345618546699] [LLM Success] Generation successful using model 'gemini-2.5-pro' with API Key #0.
2025-09-25 20:34:43 - [INFO] - [512280345618546699] [實體解析] 成功生成解析計畫，包含 1 條決策。
2025-09-25 20:34:43 - [INFO] - [512280345618546699] (_resolve_and_save) 正在為 'item_info' 類別處理 2 個實體...
2025-09-25 20:34:43 - [INFO] - [512280345618546699] (_resolve_and_save) 正在為 'world_lore' 類別處理 1 個實體...
2025-09-25 20:34:43 - [INFO] - [512280345618546699] [對話後 LORE 擴展] 管線成功完成。
2025-09-25 20:51:32 - [INFO] - 所有持久化 UI 視圖已成功註冊。
2025-09-25 20:51:32 - [INFO] - 正在嘗試將應用程式指令 (Slash Commands) 全域同步到 Discord...
2025-09-25 20:51:33 - [INFO] - ✅ 應用程式指令全域同步成功！(注意：全域指令更新可能需要長達一小時才能在所有伺服器生效)
2025-09-25 20:51:33 - [INFO] - Discord Bot is ready!
2025-09-25 20:51:35 - [INFO] - 【健康檢查 & Keep-Alive】背景任務已啟動。
2025-09-25 20:51:35 - [INFO] - Logged in as AI#4450 (ID: 1358417100250808531)
2025-09-25 20:51:36 - [INFO] - 已成功發送啟動成功通知給管理員。
2025-09-25 20:52:21 - [INFO] - 使用者 512280345618546699 沒有活躍的 AI 實例，嘗試創建...
2025-09-25 20:52:21 - [INFO] - [512280345618546699] 核心數據模板 'world_snapshot_template.txt' 已成功加載。
2025-09-25 20:52:21 - [INFO] - [512280345618546699] 核心協議 '00_supreme_directive.txt' 已成功加載。
2025-09-25 20:52:21 - [INFO] - [512280345618546699] (Retriever Builder) 未找到持久化 RAG 索引，正在從資料庫執行全量創始構建...
2025-09-25 20:52:21 - [INFO] - [512280345618546699] (Retriever Builder) 已從 SQL 和 LORE 加載 6 條文檔用於創始構建。
2025-09-25 20:52:21 - [INFO] - [512280345618546699] (Retriever Builder) 創始構建成功，並已將索引持久化到磁碟。
2025-09-25 20:52:21 - [INFO] - [512280345618546699] 所有構建鏈的前置資源已準備就緒。
2025-09-25 20:52:21 - [INFO] - 為使用者 512280345618546699 成功創建並初始化 AI 實例。
2025-09-25 20:52:21 - [INFO] - [512280345618546699] 正在從資料庫恢復短期場景記憶...
2025-09-25 20:52:21 - [INFO] - [512280345618546699] 成功恢復了 1 個場景的對話歷史，總計 3 條訊息。
2025-09-25 20:52:21 - [INFO] - [512280345618546699] 啟動「生成即摘要」對話流程...
2025-09-25 20:52:21 - [INFO] - [512280345618546699] [預處理-生成即摘要] 正在準備上下文...
2025-09-25 20:52:21 - [INFO] - [512280345618546699] [導演視角] 當前錨定模式: 'local'
2025-09-25 20:52:21 - [INFO] - [512280345618546699] [導演視角] 檢測到本地互動指令，視角保持 'local'。
2025-09-25 20:52:21 - [INFO] - [512280345618546699] 接收到 profile 更新請求: ['game_state']
2025-09-25 20:52:21 - [INFO] - [512280345618546699] Profile 更新並持久化成功。
2025-09-25 20:52:21 - [INFO] - [512280345618546699] 正在組合混合記憶...
2025-09-25 20:52:21 - [INFO] - [512280345618546699] (RAG Summarizer) 檢索到 6 份原始文檔，正在直接進行摘要...
2025-09-25 20:52:23 - [INFO] - [512280345618546699] [LLM Success] Generation successful using model 'gemini-2.5-flash-lite' with API Key #0.
2025-09-25 20:52:23 - [INFO] - [512280345618546699] 已成功將 RAG 原始上下文提煉為事實要點。
2025-09-25 20:52:23 - [INFO] - [512280345618546699] [生成即摘要] 正在執行雙重輸出生成...
2025-09-25 20:52:55 - [INFO] - [512280345618546699] [LLM Success] Generation successful using model 'gemini-2.5-pro' with API Key #1.
2025-09-25 20:52:55 - [INFO] - [512280345618546699] [生成即摘要] 雙重輸出解析成功。
2025-09-25 20:52:56 - [INFO] - [512280345618546699] 回應已發送。正在啟動事後處理任務...
2025-09-25 20:52:56 - [INFO] - [512280345618546699] [長期記憶寫入] 正在保存預生成的安全摘要...
2025-09-25 20:52:56 - [INFO] - [512280345618546699] [長期記憶寫入] 互動記錄已成功保存到 SQL 資料庫。
2025-09-25 20:52:56 - [INFO] - [512280345618546699] [長期記憶寫入] 安全摘要保存完畢。
2025-09-25 20:53:01 - [INFO] - [512280345618546699] [對話後 LORE 擴展] 正在啟動多層降級解析管線...
2025-09-25 20:53:01 - [INFO] - [512280345618546699] [LORE 解析 1/4] 正在嘗試【理想方案：原文宏觀解析】...
2025-09-25 20:53:03 - [INFO] - [512280345618546699] [LLM Success] Generation successful using model 'gemini-2.5-flash-lite' with API Key #2.
2025-09-25 20:53:03 - [INFO] - [512280345618546699] [LORE 解析 1/4] ✅ 成功！正在儲存結果...
2025-09-25 20:53:03 - [INFO] - [512280345618546699] (_resolve_and_save) 正在為 'npc_profile' 類別處理 1 個實體...
2025-09-25 20:53:14 - [INFO] - [512280345618546699] [LLM Success] Generation successful using model 'gemini-2.5-pro' with API Key #3.
2025-09-25 20:53:14 - [INFO] - [512280345618546699] [實體解析] 成功生成解析計畫，包含 1 條決策。
2025-09-25 20:53:14 - [INFO] - [512280345618546699] [LORE合併] 正在為 1 個NPC執行批量描述合成...
2025-09-25 20:53:25 - [INFO] - [512280345618546699] [LLM Success] Generation successful using model 'gemini-2.5-pro' with API Key #4.
2025-09-25 20:53:25 - [INFO] - [512280345618546699] [LORE合併] 批量合成成功，收到 1 條新描述。
2025-09-25 20:53:26 - [INFO] - [512280345618546699] (_resolve_and_save) 正在為 'world_lore' 類別處理 1 個實體...
2025-09-25 20:53:26 - [INFO] - [512280345618546699] [對話後 LORE 擴展] 管線成功完成。
2025-09-25 20:56:40 - [INFO] - 所有持久化 UI 視圖已成功註冊。
2025-09-25 20:56:40 - [INFO] - 正在嘗試將應用程式指令 (Slash Commands) 全域同步到 Discord...
2025-09-25 20:56:41 - [INFO] - ✅ 應用程式指令全域同步成功！(注意：全域指令更新可能需要長達一小時才能在所有伺服器生效)
2025-09-25 20:56:41 - [INFO] - Discord Bot is ready!
2025-09-25 20:56:43 - [INFO] - 【健康檢查 & Keep-Alive】背景任務已啟動。
2025-09-25 20:56:43 - [INFO] - Logged in as AI#4450 (ID: 1358417100250808531)
2025-09-25 20:56:44 - [INFO] - 已成功發送啟動成功通知給管理員。
