### AI Lover Log - Last updated at 2025-10-03T23:20:29.242474 ###

2025-10-03 22:16:58 - [INFO] - [512280345618546699] [LLM Success] Generation successful using model 'gemini-2.5-flash-lite' with API Key #3.
2025-10-03 22:16:58 - [INFO] - [512280345618546699] [自我修正] ✅ 修正流程成功，正在重新驗證...
2025-10-03 22:16:58 - [WARNING] - [512280345618546699] [抗幻覺] 事實查核裁定為 IGNORE。已跳過操作。
2025-10-03 22:16:58 - [WARNING] - [512280345618546699] [抗幻覺] 檢測到對不存在實體 '未知實體' 的更新。啟動事實查核...
2025-10-03 22:17:00 - [INFO] - [512280345618546699] [LLM Success] Generation successful using model 'gemini-2.5-flash-lite' with API Key #3.
2025-10-03 22:17:00 - [INFO] - [512280345618546699] [抗幻覺] 事實查核裁定為 MERGE。正在合併到 '維利爾斯莊園 > 莊園周邊 > 俯瞰莊園的廢棄哨塔 > 蛇人女奴'...
2025-10-03 22:17:00 - [INFO] - --- [512280345618546699] (LORE Executor) LORE 扩展計畫执行完毕 ---
2025-10-03 22:17:00 - [INFO] - [512280345618546699] 背景任務：LORE更新執行完畢。摘要: 任務成功 (修正後合併): 已將信息合併到 '維利爾斯莊園 > 莊園周邊 > 俯瞰莊園的廢棄哨塔 > 蛇人女奴'。
2025-10-03 22:17:00 - [INFO] - [512280345618546699] [精煉觸發器] 檢測到 1 條新/陳舊 LORE，正在異步觸發背景精煉服務...
2025-10-03 22:17:00 - [INFO] - [512280345618546699] [事後分析] 背景分析與處理任務完成。
2025-10-03 22:17:03 - [INFO] - [512280345618546699] [LORE精煉 v7.1] 背景精煉服務已啟動，收到 1 個精煉任務。
2025-10-03 22:17:03 - [INFO] - [512280345618546699] [單體精煉 v11.0] 正在為角色 '蛇人女奴' 啟動三層降級精煉流程...
2025-10-03 22:17:03 - [INFO] - [512280345618546699] [實體名稱提取] 正在從查詢 ''蛇人女奴' 的所有身份、頭銜、綽號和狀態是什麼？...' 中分析實體...
2025-10-03 22:17:03 - [INFO] - [512280345618546699] [輸入分析-L1] 正在嘗試使用 LLM 進行語義分析...
2025-10-03 22:17:03 - [INFO] - [512280345618546699] [實體名稱提取] 正在從查詢 '關於 '蛇人女奴' 的背景故事、起源和關鍵經歷的詳細描述。...' 中分析實體...
2025-10-03 22:17:03 - [INFO] - [512280345618546699] [輸入分析-L1] 正在嘗試使用 LLM 進行語義分析...
2025-10-03 22:17:03 - [INFO] - [512280345618546699] [實體名稱提取] 正在從查詢 '對 '蛇人女奴' 外貌的詳細描寫。...' 中分析實體...
2025-10-03 22:17:03 - [INFO] - [512280345618546699] [輸入分析-L1] 正在嘗試使用 LLM 進行語義分析...
2025-10-03 22:17:03 - [INFO] - [512280345618546699] [實體名稱提取] 正在從查詢 ''蛇人女奴' 擁有哪些技能或能力？...' 中分析實體...
2025-10-03 22:17:03 - [INFO] - [512280345618546699] [輸入分析-L1] 正在嘗試使用 LLM 進行語義分析...
2025-10-03 22:17:03 - [INFO] - [512280345618546699] [實體名稱提取] 正在從查詢 ''蛇人女奴' 與其他角色的關係是什麼？...' 中分析實體...
2025-10-03 22:17:03 - [INFO] - [512280345618546699] [輸入分析-L1] 正在嘗試使用 LLM 進行語義分析...
2025-10-03 22:17:04 - [INFO] - [512280345618546699] [LLM Success] Generation successful using model 'gemini-2.5-flash-lite' with API Key #3.
2025-10-03 22:17:04 - [WARNING] - [512280345618546699] 模型 'gemini-2.5-flash-lite' (Key #3) 遭遇解析或驗證錯誤: JSONDecodeError。啟動【自我修正】流程...
2025-10-03 22:17:04 - [INFO] - [512280345618546699] [LLM Success] Generation successful using model 'gemini-2.5-flash-lite' with API Key #3.
2025-10-03 22:17:04 - [WARNING] - [512280345618546699] 模型 'gemini-2.5-flash-lite' (Key #3) 遭遇解析或驗證錯誤: JSONDecodeError。啟動【自我修正】流程...
2025-10-03 22:17:04 - [INFO] - [512280345618546699] [LLM Success] Generation successful using model 'gemini-2.5-flash-lite' with API Key #3.
2025-10-03 22:17:04 - [INFO] - [512280345618546699] [輸入分析-L1] ✅ LLM 分析成功。提取實體: ['蛇人女奴']
2025-10-03 22:17:04 - [INFO] - [512280345618546699] [實體名稱提取] 查詢分析完成，共識別出 3 個核心實體: ['蛇人女奴', 'DINO', '碧']。
2025-10-03 22:17:04 - [INFO] - [512280345618546699] [RAG Re-ranker 1/3] 查詢已擴展為: '外貌的詳細描寫。 '蛇人女奴' 蛇人女奴 DINO 碧 對'
2025-10-03 22:17:04 - [INFO] - [512280345618546699] [RAG Re-ranker 1/3] 粗略檢索成功，獲得 20 份候選文檔。
2025-10-03 22:17:04 - [INFO] - [512280345618546699] [RAG Re-ranker 2/3] 正在啟動 L1/L2: 雲端 LLM 智能重排...
2025-10-03 22:17:05 - [INFO] - [512280345618546699] [LLM Success] Generation successful using model 'gemini-2.5-flash-lite' with API Key #3.
2025-10-03 22:17:05 - [WARNING] - [512280345618546699] 模型 'gemini-2.5-flash-lite' (Key #3) 遭遇解析或驗證錯誤: JSONDecodeError。啟動【自我修正】流程...
2025-10-03 22:17:05 - [INFO] - [512280345618546699] [LLM Success] Generation successful using model 'gemini-2.5-flash-lite' with API Key #3.
2025-10-03 22:17:05 - [WARNING] - [512280345618546699] 模型 'gemini-2.5-flash-lite' (Key #3) 遭遇解析或驗證錯誤: JSONDecodeError。啟動【自我修正】流程...
2025-10-03 22:17:05 - [WARNING] - [512280345618546699] 模型 'gemini-2.5-flash-lite' (Key #3) 遭遇內容審查或安全錯誤: BlockedPromptException。
2025-10-03 22:17:05 - [WARNING] - [512280345618546699] 內部鏈意外遭遇審查。啟動【通用化解構-重構】策略...
2025-10-03 22:17:05 - [ERROR] - [512280345618546699] (Euphemizer) 在失敗的 Prompt 中找不到任何可供消毒的已知內容標記，無法執行委婉化。
2025-10-03 22:17:05 - [WARNING] - [512280345618546699] [RAG Re-ranker 2/3] 正在啟動 L3: 本地 Ollama 重排備援...
2025-10-03 22:17:05 - [WARNING] - [512280345618546699] [RAG Re-ranker 2/3] 所有重排層級均失敗或未返回任何相關文檔。啟動 L4: 原文直通備援。
2025-10-03 22:17:05 - [INFO] - [512280345618546699] [RAG Re-ranker 3/3] ✅ 成功拼接 20 條精選文檔作為 summary_context。
2025-10-03 22:17:05 - [INFO] - [512280345618546699] [LLM Success] Generation successful using model 'gemini-2.5-flash-lite' with API Key #3.
2025-10-03 22:17:05 - [INFO] - [512280345618546699] [自我修正] ✅ 修正流程成功，正在重新驗證...
2025-10-03 22:17:05 - [INFO] - [512280345618546699] [輸入分析-L1] ✅ LLM 分析成功。提取實體: ['蛇人女奴']
2025-10-03 22:17:05 - [INFO] - [512280345618546699] [實體名稱提取] 查詢分析完成，共識別出 3 個核心實體: ['蛇人女奴', 'DINO', '碧']。
2025-10-03 22:17:05 - [INFO] - [512280345618546699] [RAG Re-ranker 1/3] 查詢已擴展為: '擁有哪些技能或能力？ '蛇人女奴' 蛇人女奴 DINO 碧'
2025-10-03 22:17:05 - [INFO] - [512280345618546699] [RAG Re-ranker 1/3] 粗略檢索成功，獲得 20 份候選文檔。
2025-10-03 22:17:05 - [INFO] - [512280345618546699] [RAG Re-ranker 2/3] 正在啟動 L1/L2: 雲端 LLM 智能重排...
2025-10-03 22:17:05 - [INFO] - [512280345618546699] [LLM Success] Generation successful using model 'gemini-2.5-flash-lite' with API Key #3.
2025-10-03 22:17:05 - [INFO] - [512280345618546699] [自我修正] ✅ 修正流程成功，正在重新驗證...
2025-10-03 22:17:05 - [INFO] - [512280345618546699] [輸入分析-L1] ✅ LLM 分析成功。提取實體: ['蛇人女奴']
2025-10-03 22:17:05 - [INFO] - [512280345618546699] [實體名稱提取] 查詢分析完成，共識別出 3 個核心實體: ['蛇人女奴', 'DINO', '碧']。
2025-10-03 22:17:05 - [INFO] - [512280345618546699] [RAG Re-ranker 1/3] 查詢已擴展為: '的背景故事、起源和關鍵經歷的詳細描述。 '蛇人女奴' 蛇人女奴 DINO 關於 碧'
2025-10-03 22:17:05 - [INFO] - [512280345618546699] [RAG Re-ranker 1/3] 粗略檢索成功，獲得 20 份候選文檔。
2025-10-03 22:17:05 - [INFO] - [512280345618546699] [RAG Re-ranker 2/3] 正在啟動 L1/L2: 雲端 LLM 智能重排...
2025-10-03 22:17:05 - [INFO] - [512280345618546699] [LLM Success] Generation successful using model 'gemini-2.5-flash-lite' with API Key #3.
2025-10-03 22:17:05 - [INFO] - [512280345618546699] [自我修正] ✅ 修正流程成功，正在重新驗證...
2025-10-03 22:17:05 - [INFO] - [512280345618546699] [輸入分析-L1] ✅ LLM 分析成功。提取實體: ['蛇人女奴']
2025-10-03 22:17:05 - [INFO] - [512280345618546699] [實體名稱提取] 查詢分析完成，共識別出 3 個核心實體: ['蛇人女奴', 'DINO', '碧']。
2025-10-03 22:17:05 - [INFO] - [512280345618546699] [RAG Re-ranker 1/3] 查詢已擴展為: '的所有身份、頭銜、綽號和狀態是什麼？ '蛇人女奴' 蛇人女奴 DINO 碧'
2025-10-03 22:17:05 - [INFO] - [512280345618546699] [RAG Re-ranker 1/3] 粗略檢索成功，獲得 20 份候選文檔。
2025-10-03 22:17:05 - [INFO] - [512280345618546699] [RAG Re-ranker 2/3] 正在啟動 L1/L2: 雲端 LLM 智能重排...
2025-10-03 22:17:06 - [INFO] - [512280345618546699] [LLM Success] Generation successful using model 'gemini-2.5-flash-lite' with API Key #3.
2025-10-03 22:17:06 - [INFO] - [512280345618546699] [自我修正] ✅ 修正流程成功，正在重新驗證...
2025-10-03 22:17:06 - [INFO] - [512280345618546699] [輸入分析-L1] ✅ LLM 分析成功。提取實體: ['蛇人女奴']
2025-10-03 22:17:06 - [INFO] - [512280345618546699] [實體名稱提取] 查詢分析完成，共識別出 3 個核心實體: ['蛇人女奴', 'DINO', '碧']。
2025-10-03 22:17:06 - [INFO] - [512280345618546699] [RAG Re-ranker 1/3] 查詢已擴展為: '與其他角色的關係是什麼？ '蛇人女奴' 蛇人女奴 DINO 碧'
2025-10-03 22:17:06 - [INFO] - [512280345618546699] [RAG Re-ranker 1/3] 粗略檢索成功，獲得 20 份候選文檔。
2025-10-03 22:17:06 - [INFO] - [512280345618546699] [RAG Re-ranker 2/3] 正在啟動 L1/L2: 雲端 LLM 智能重排...
2025-10-03 22:17:06 - [WARNING] - [512280345618546699] Key #3 (模型: gemini-2.5-flash-lite) 遭遇臨時性 API 錯誤 (ResourceExhausted)。將在 1.36 秒後進行第 2 次嘗試...
2025-10-03 22:17:06 - [WARNING] - [512280345618546699] Key #3 (模型: gemini-2.5-flash-lite) 遭遇臨時性 API 錯誤 (ResourceExhausted)。將在 1.31 秒後進行第 2 次嘗試...
2025-10-03 22:17:07 - [WARNING] - [512280345618546699] Key #3 (模型: gemini-2.5-flash-lite) 遭遇臨時性 API 錯誤 (ResourceExhausted)。將在 2.47 秒後進行第 3 次嘗試...
2025-10-03 22:17:07 - [INFO] - [512280345618546699] [LLM Success] Generation successful using model 'gemini-2.5-flash-lite' with API Key #3.
2025-10-03 22:17:07 - [WARNING] - [512280345618546699] [RAG Re-ranker 2/3] 所有重排層級均失敗或未返回任何相關文檔。啟動 L4: 原文直通備援。
2025-10-03 22:17:07 - [INFO] - [512280345618546699] [RAG Re-ranker 3/3] ✅ 成功拼接 20 條精選文檔作為 summary_context。
2025-10-03 22:17:08 - [WARNING] - [512280345618546699] Key #3 (模型: gemini-2.5-flash-lite) 遭遇臨時性 API 錯誤 (ResourceExhausted)。將在 2.16 秒後進行第 3 次嘗試...
2025-10-03 22:17:10 - [ERROR] - [512280345618546699] Key #3 (模型: gemini-2.5-flash-lite) 在 3 次內部重試後仍然失敗 (ResourceExhausted)。將輪換到下一個金鑰並觸發持久化冷卻。
2025-10-03 22:17:10 - [ERROR] - [512280345618546699] Key #3 (模型: gemini-2.5-flash-lite) 在 3 次內部重試後仍然失敗 (ResourceExhausted)。將輪換到下一個金鑰並觸發持久化冷卻。
2025-10-03 22:17:11 - [WARNING] - [512280345618546699] 模型 'gemini-2.5-flash-lite' (Key #4) 遭遇內容審查或安全錯誤: BlockedPromptException。
2025-10-03 22:17:11 - [WARNING] - [512280345618546699] 內部鏈意外遭遇審查。啟動【通用化解構-重構】策略...
2025-10-03 22:17:11 - [ERROR] - [512280345618546699] (Euphemizer) 在失敗的 Prompt 中找不到任何可供消毒的已知內容標記，無法執行委婉化。
2025-10-03 22:17:11 - [WARNING] - [512280345618546699] [RAG Re-ranker 2/3] 正在啟動 L3: 本地 Ollama 重排備援...
2025-10-03 22:17:11 - [WARNING] - [512280345618546699] [RAG Re-ranker 2/3] 所有重排層級均失敗或未返回任何相關文檔。啟動 L4: 原文直通備援。
2025-10-03 22:17:11 - [INFO] - [512280345618546699] [RAG Re-ranker 3/3] ✅ 成功拼接 20 條精選文檔作為 summary_context。
2025-10-03 22:17:21 - [WARNING] - [512280345618546699] 模型 'gemini-2.5-flash-lite' (Key #4) 遭遇靜默失敗，生成因 '8' 而提前終止。
2025-10-03 22:17:21 - [WARNING] - [512280345618546699] 模型 'gemini-2.5-flash-lite' (Key #4) 遭遇內容審查或安全錯誤: BlockedPromptException。
2025-10-03 22:17:21 - [WARNING] - [512280345618546699] 內部鏈意外遭遇審查。啟動【通用化解構-重構】策略...
2025-10-03 22:17:21 - [ERROR] - [512280345618546699] (Euphemizer) 在失敗的 Prompt 中找不到任何可供消毒的已知內容標記，無法執行委婉化。
2025-10-03 22:17:21 - [WARNING] - [512280345618546699] [RAG Re-ranker 2/3] 正在啟動 L3: 本地 Ollama 重排備援...
2025-10-03 22:17:21 - [WARNING] - [512280345618546699] [RAG Re-ranker 2/3] 所有重排層級均失敗或未返回任何相關文檔。啟動 L4: 原文直通備援。
2025-10-03 22:17:21 - [INFO] - [512280345618546699] [RAG Re-ranker 3/3] ✅ 成功拼接 20 條精選文檔作為 summary_context。
2025-10-03 22:17:48 - [INFO] - [512280345618546699] [LLM Success] Generation successful using model 'gemini-2.5-flash-lite' with API Key #3.
2025-10-03 22:17:48 - [WARNING] - [512280345618546699] 模型 'gemini-2.5-flash-lite' (Key #3) 遭遇解析或驗證錯誤: JSONDecodeError。啟動【自我修正】流程...
2025-10-03 22:17:48 - [WARNING] - [512280345618546699] 模型 'gemini-2.5-flash-lite' (Key #3) 遭遇內容審查或安全錯誤: BlockedPromptException。
2025-10-03 22:17:48 - [ERROR] - [512280345618546699] [自我修正] 🔥 自我修正流程最終失敗: Prompt blocked due to 4
Traceback (most recent call last):
  File "D:\DINO\SD\ComfyUI\personal_server\ai_lover_service\src\ai_core.py", line 1186, in ainvoke_with_rotation
    return output_schema.model_validate(json.loads(repaired_str))
  File "C:\Users\USER\AppData\Local\Programs\Python\Python310\lib\json\__init__.py", line 346, in loads
    return _default_decoder.decode(s)
  File "C:\Users\USER\AppData\Local\Programs\Python\Python310\lib\json\decoder.py", line 337, in decode
    obj, end = self.raw_decode(s, idx=_w(s, 0).end())
  File "C:\Users\USER\AppData\Local\Programs\Python\Python310\lib\json\decoder.py", line 353, in raw_decode
    obj, end = self.scan_once(s, idx)
json.decoder.JSONDecodeError: Expecting ',' delimiter: line 25 column 1021 (char 6013)

During handling of the above exception, another exception occurred:

Traceback (most recent call last):
  File "D:\DINO\SD\ComfyUI\personal_server\ai_lover_service\src\ai_core.py", line 1216, in ainvoke_with_rotation
    corrected_response = await self.ainvoke_with_rotation(
  File "D:\DINO\SD\ComfyUI\personal_server\ai_lover_service\src\ai_core.py", line 1194, in ainvoke_with_rotation
    raise e
  File "D:\DINO\SD\ComfyUI\personal_server\ai_lover_service\src\ai_core.py", line 1151, in ainvoke_with_rotation
    raise BlockedPromptException(f"Prompt blocked due to {reason_str}")
google.generativeai.types.generation_types.BlockedPromptException: Prompt blocked due to 4
2025-10-03 22:17:48 - [WARNING] - [512280345618546699] [RAG Re-ranker 2/3] L1/L2 雲端重排最終失敗: Expecting ',' delimiter: line 25 column 1021 (char 6013)。
2025-10-03 22:17:48 - [WARNING] - [512280345618546699] [RAG Re-ranker 2/3] 正在啟動 L3: 本地 Ollama 重排備援...
2025-10-03 22:17:48 - [WARNING] - [512280345618546699] [RAG Re-ranker 2/3] 所有重排層級均失敗或未返回任何相關文檔。啟動 L4: 原文直通備援。
2025-10-03 22:17:48 - [INFO] - [512280345618546699] [RAG Re-ranker 3/3] ✅ 成功拼接 20 條精選文檔作為 summary_context。
2025-10-03 22:17:48 - [INFO] - [512280345618546699] [LORE精煉-L1] 正在嘗試使用雲端模型 (gemini-2.5-flash-lite) 進行完整精煉...
2025-10-03 22:17:49 - [WARNING] - [512280345618546699] 模型 'gemini-2.5-flash-lite' (Key #3) 遭遇內容審查或安全錯誤: BlockedPromptException。
2025-10-03 22:17:49 - [WARNING] - [512280345618546699] [LORE精煉-L1] 雲端完整精煉被審查 (Prompt blocked due to 4)。降級至 L2 (本地模型)。
2025-10-03 22:17:49 - [INFO] - [512280345618546699] [LORE精煉-本地] 正在使用本地模型 'HammerAI/llama-3-lexi-uncensored:latest' 為角色 '蛇人女奴' 進行精煉...
2025-10-03 22:23:04 - [INFO] - 正在編譯主對話圖 (main_graph)...
2025-10-03 22:23:04 - [INFO] - ✅ 主對話圖編譯成功。
2025-10-03 22:23:04 - [INFO] - 正在編譯創世流程圖 (setup_graph)...
2025-10-03 22:23:04 - [INFO] - ✅ 創世流程圖編譯成功。
2025-10-03 22:23:04 - [INFO] - 所有持久化 UI 視圖已成功註冊。
2025-10-03 22:23:04 - [INFO] - 正在嘗試將應用程式指令 (Slash Commands) 全域同步到 Discord...
2025-10-03 22:23:05 - [INFO] - ✅ 應用程式指令全域同步成功！(注意：全域指令更新可能需要長達一小時才能在所有伺服器生效)
2025-10-03 22:23:05 - [INFO] - Discord Bot is ready!
2025-10-03 22:23:08 - [INFO] - 【健康檢查 & Keep-Alive】背景任務已啟動。
2025-10-03 22:23:08 - [INFO] - Logged in as AI#4450 (ID: 1358417100250808531)
2025-10-03 22:23:08 - [INFO] - 已成功發送啟動成功通知給管理員。
2025-10-03 22:28:51 - [INFO] - 正在編譯主對話圖 (main_graph)...
2025-10-03 22:28:51 - [INFO] - ✅ 主對話圖編譯成功。
2025-10-03 22:28:51 - [INFO] - 正在編譯創世流程圖 (setup_graph)...
2025-10-03 22:28:51 - [INFO] - ✅ 創世流程圖編譯成功。
2025-10-03 22:28:51 - [INFO] - 所有持久化 UI 視圖已成功註冊。
2025-10-03 22:28:51 - [INFO] - 正在嘗試將應用程式指令 (Slash Commands) 全域同步到 Discord...
2025-10-03 22:28:52 - [INFO] - ✅ 應用程式指令全域同步成功！(注意：全域指令更新可能需要長達一小時才能在所有伺服器生效)
2025-10-03 22:28:52 - [INFO] - Discord Bot is ready!
2025-10-03 22:28:54 - [INFO] - 【健康檢查 & Keep-Alive】背景任務已啟動。
2025-10-03 22:28:54 - [INFO] - Logged in as AI#4450 (ID: 1358417100250808531)
2025-10-03 22:28:55 - [INFO] - 已成功發送啟動成功通知給管理員。
2025-10-03 22:40:17 - [INFO] - 正在編譯主對話圖 (main_graph)...
2025-10-03 22:40:17 - [INFO] - ✅ 主對話圖編譯成功。
2025-10-03 22:40:17 - [INFO] - 正在編譯創世流程圖 (setup_graph)...
2025-10-03 22:40:17 - [INFO] - ✅ 創世流程圖編譯成功。
2025-10-03 22:40:17 - [INFO] - 所有持久化 UI 視圖已成功註冊。
2025-10-03 22:40:17 - [INFO] - 正在嘗試將應用程式指令 (Slash Commands) 全域同步到 Discord...
2025-10-03 22:40:17 - [INFO] - ✅ 應用程式指令全域同步成功！(注意：全域指令更新可能需要長達一小時才能在所有伺服器生效)
2025-10-03 22:40:17 - [INFO] - Discord Bot is ready!
2025-10-03 22:40:20 - [INFO] - 【健康檢查 & Keep-Alive】背景任務已啟動。
2025-10-03 22:40:20 - [INFO] - Logged in as AI#4450 (ID: 1358417100250808531)
2025-10-03 22:40:20 - [INFO] - 已成功發送啟動成功通知給管理員。
2025-10-03 22:40:46 - [INFO] - [512280345618546699] 後台重置任務開始...
2025-10-03 22:40:46 - [INFO] - [512280345618546699] 未檢測到活躍的 AI 實例，直接進行清理。
2025-10-03 22:40:46 - [INFO] - [512280345618546699] 正在清除所有資料庫記錄...
2025-10-03 22:40:46 - [INFO] - [512280345618546699] 所有資料庫記錄已成功清除。
2025-10-03 22:40:46 - [INFO] - [512280345618546699] (Robust Delete) 正在啟動對目錄 data\vector_stores\512280345618546699 的健壯刪除流程...
2025-10-03 22:40:46 - [INFO] - [512280345618546699] (Robust Delete) ✅ 在第 1 次嘗試中成功刪除目錄: data\vector_stores\512280345618546699
2025-10-03 22:40:48 - [INFO] - [512280345618546699] (UI Event) Persistent 'StartSetupView' button clicked.
2025-10-03 22:40:52 - [INFO] - [512280345618546699] (UI Event) WorldSettingsModal submitted. is_setup_flow: True
2025-10-03 22:40:52 - [INFO] - 使用者 512280345618546699 沒有活躍的 AI 實例，嘗試創建...
2025-10-03 22:40:52 - [INFO] - [512280345618546699] 處於設定流程中，即使資料庫無記錄，也創建一個臨時的記憶體實例。
2025-10-03 22:40:52 - [INFO] - [512280345618546699] 核心數據模板 'world_snapshot_template.txt' 已成功加載。
2025-10-03 22:40:52 - [INFO] - [512280345618546699] 核心協議 '00_supreme_directive.txt' 已成功加載。
2025-10-03 22:40:52 - [INFO] - ✅ [Embedding Loader] 檢測到本地模型路徑，正在嘗試從 'D:\DINO\SD\ComfyUI\personal_server\ai_lover_service\models\stella-base-zh-v2' 加載...
2025-10-03 22:41:02 - [INFO] - ✅ [Embedding Loader] 本地 Embedding 模型實例創建成功。
2025-10-03 22:41:02 - [INFO] - [512280345618546699] 所有輕量級前置資源已準備就緒 (RAG 創建已延遲)。
2025-10-03 22:41:02 - [INFO] - [512280345618546699] 接收到 profile 更新請求: ['world_settings']
2025-10-03 22:41:02 - [WARNING] - [512280345618546699] 在持久化更新時找不到使用者資料，將創建新記錄。
2025-10-03 22:41:02 - [INFO] - [512280345618546699] Profile 更新並持久化成功。
2025-10-03 22:41:05 - [INFO] - [512280345618546699] (UI Event) Persistent 'ContinueToUserSetupView' button clicked.
2025-10-03 22:41:14 - [INFO] - [512280345618546699] (UI Event) CharacterSettingsModal submitted for profile_type: 'user', is_setup_flow: True
2025-10-03 22:41:14 - [INFO] - [512280345618546699] 接收到 profile 更新請求: ['user_profile']
2025-10-03 22:41:14 - [INFO] - [512280345618546699] Profile 更新並持久化成功。
2025-10-03 22:41:18 - [INFO] - [512280345618546699] (UI Event) Persistent 'ContinueToAiSetupView' button clicked.
2025-10-03 22:41:31 - [INFO] - [512280345618546699] (UI Event) CharacterSettingsModal submitted for profile_type: 'ai', is_setup_flow: True
2025-10-03 22:41:31 - [INFO] - [512280345618546699] 接收到 profile 更新請求: ['ai_profile']
2025-10-03 22:41:31 - [INFO] - [512280345618546699] Profile 更新並持久化成功。
2025-10-03 22:41:33 - [INFO] - [512280345618546699] [創世流程] 檔案上傳開始，已設定 active_setups 狀態鎖。
2025-10-03 22:41:41 - [INFO] - [512280345618546699] (on_message) 偵測到用戶處於活躍的創世流程中，已忽略常規訊息 '...' 以防止競爭。
2025-10-03 22:41:44 - [INFO] - [512280345618546699] [創世流程 v64.0] Graph 驅動的流程已啟動。
2025-10-03 22:41:44 - [INFO] - [512280345618546699] [後台創世] 正在將世界聖經原文分割成文檔...
2025-10-03 22:41:44 - [INFO] - [512280345618546699] [後台創世] 正在觸發 RAG 索引創始構建...
2025-10-03 22:41:44 - [INFO] - [512280345618546699] (Retriever Builder) 進入外部文檔注入模式，將使用 34 條傳入文檔構建純向量索引...
2025-10-03 22:42:25 - [INFO] - [512280345618546699] (Retriever Builder) ✅ 純向量檢索器已成功從外部文檔構建。
2025-10-03 22:42:25 - [INFO] - [512280345618546699] [後台創世] RAG 索引構建完成，準備執行創世圖...
2025-10-03 22:42:25 - [INFO] - [512280345618546699] (Setup Graph|2/4) Node: complete_profiles_node -> 節點已啟動，準備補完角色檔案...
2025-10-03 22:42:29 - [INFO] - [512280345618546699] [LLM Success] Generation successful using model 'gemini-2.5-flash-lite' with API Key #0.
2025-10-03 22:42:30 - [INFO] - [512280345618546699] [LLM Success] Generation successful using model 'gemini-2.5-flash-lite' with API Key #0.
2025-10-03 22:42:30 - [INFO] - [512280345618546699] 接收到 profile 更新請求: ['user_profile', 'ai_profile']
2025-10-03 22:42:30 - [INFO] - [512280345618546699] Profile 更新並持久化成功。
2025-10-03 22:42:30 - [INFO] - [512280345618546699] (Setup Graph|2/4) Node: complete_profiles_node -> 節點執行成功。
2025-10-03 22:42:30 - [INFO] - [512280345618546699] (Setup Graph|3/4) Node: world_genesis -> 節點已啟動...
2025-10-03 22:42:32 - [INFO] - [512280345618546699] [LLM Success] Generation successful using model 'gemini-2.5-flash-lite' with API Key #0.
2025-10-03 22:42:32 - [INFO] - [512280345618546699] 接收到 profile 更新請求: ['game_state']
2025-10-03 22:42:32 - [INFO] - [512280345618546699] Profile 更新並持久化成功。
2025-10-03 22:42:32 - [INFO] - [512280345618546699] [/start] 初始地點 '王國 > 王都 > 維利爾斯莊園 > 莊園領地邊緣森林 > 被遺忘的古老神龕' 已成功生成並存入LORE。
2025-10-03 22:42:32 - [INFO] - [512280345618546699] (Setup Graph|3/4) Node: world_genesis -> 節點執行成功。
2025-10-03 22:42:32 - [INFO] - [512280345618546699] (Setup Graph|4/4) Node: generate_opening_scene -> 節點已啟動...
2025-10-03 22:42:32 - [INFO] - [512280345618546699] [/start] 正在使用 RAG 智能選擇開場場景...
2025-10-03 22:42:32 - [INFO] - [512280345618546699] [實體名稱提取] 正在從查詢 '根據這個世界的核心設定(這是一個魔法的幻想世界。)以及主角 DINO 和 碧 的背景，為他們的故事尋...' 中分析實體...
2025-10-03 22:42:32 - [INFO] - [512280345618546699] [輸入分析-L1] 正在嘗試使用 LLM 進行語義分析...
2025-10-03 22:42:33 - [INFO] - [512280345618546699] [LLM Success] Generation successful using model 'gemini-2.5-flash-lite' with API Key #0.
2025-10-03 22:42:33 - [INFO] - [512280345618546699] [輸入分析-L1] ✅ LLM 分析成功。提取實體: ['DINO', '碧']
2025-10-03 22:42:33 - [INFO] - [512280345618546699] [實體名稱提取] 查詢分析完成，共識別出 2 個核心實體: ['DINO', '碧']。
2025-10-03 22:42:33 - [INFO] - [512280345618546699] [RAG Re-ranker 1/3] 查詢已擴展為: '的背景，為他們的故事尋找一個最富有戲劇性、最符合世界觀的、適合二人出場的初始場景或情境。 根據這個世界的核心設定(這是一個魔法的幻想世界。)以及主角 DINO 和 碧'
2025-10-03 22:42:33 - [INFO] - [512280345618546699] [RAG Re-ranker 1/3] 粗略檢索成功，獲得 20 份候選文檔。
2025-10-03 22:42:33 - [INFO] - [512280345618546699] [RAG Re-ranker 2/3] 正在啟動 L1/L2: 雲端 LLM 智能重排...
2025-10-03 22:43:16 - [WARNING] - [512280345618546699] 模型 'gemini-2.5-flash-lite' (Key #0) 遭遇靜默失敗，生成因 '8' 而提前終止。
2025-10-03 22:43:16 - [WARNING] - [512280345618546699] 模型 'gemini-2.5-flash-lite' (Key #0) 遭遇內容審查或安全錯誤: BlockedPromptException。
2025-10-03 22:43:16 - [WARNING] - [512280345618546699] 內部鏈意外遭遇審查。啟動【通用化解構-重構】策略...
2025-10-03 22:43:16 - [ERROR] - [512280345618546699] (Euphemizer) 在失敗的 Prompt 中找不到任何可供消毒的已知內容標記，無法執行委婉化。
2025-10-03 22:43:16 - [WARNING] - [512280345618546699] [RAG Re-ranker 2/3] 正在啟動 L3: 本地 Ollama 重排備援...
2025-10-03 22:43:16 - [INFO] - [512280345618546699] [RAG Re-ranker L3] 正在使用本地模型 'HammerAI/llama-3-lexi-uncensored:latest' 進行重排...
2025-10-03 22:43:29 - [INFO] - [512280345618546699] [RAG Re-ranker L3] ✅ 本地模型重排成功。
2025-10-03 22:43:29 - [WARNING] - [512280345618546699] [RAG Re-ranker 2/3] 所有重排層級均失敗或未返回任何相關文檔。啟動 L4: 原文直通備援。
2025-10-03 22:43:29 - [INFO] - [512280345618546699] [RAG Re-ranker 3/3] ✅ 成功拼接 20 條精選文檔作為 summary_context。
2025-10-03 22:44:02 - [INFO] - [512280345618546699] [LLM Success] Generation successful using model 'gemini-2.5-pro' with API Key #0.
2025-10-03 22:44:02 - [INFO] - [512280345618546699] (Setup Graph|4/4) Node: generate_opening_scene -> 節點執行成功。
2025-10-03 22:44:02 - [INFO] - [512280345618546699] [後台創世] 正在向使用者私訊發送最終開場白...
2025-10-03 22:44:03 - [INFO] - [512280345618546699] [後台創世] 開場白發送完畢。
2025-10-03 22:44:03 - [INFO] - [512280345618546699] 後台創世流程結束，狀態鎖已釋放。
2025-10-03 23:10:09 - [INFO] - 正在編譯主對話圖 (main_graph)...
2025-10-03 23:10:09 - [INFO] - ✅ 主對話圖編譯成功。
2025-10-03 23:10:09 - [INFO] - 正在編譯創世流程圖 (setup_graph)...
2025-10-03 23:10:09 - [INFO] - ✅ 創世流程圖編譯成功。
2025-10-03 23:10:09 - [INFO] - 所有持久化 UI 視圖已成功註冊。
2025-10-03 23:10:09 - [INFO] - 正在嘗試將應用程式指令 (Slash Commands) 全域同步到 Discord...
2025-10-03 23:10:09 - [INFO] - ✅ 應用程式指令全域同步成功！(注意：全域指令更新可能需要長達一小時才能在所有伺服器生效)
2025-10-03 23:10:09 - [INFO] - Discord Bot is ready!
2025-10-03 23:10:12 - [INFO] - 【健康檢查 & Keep-Alive】背景任務已啟動。
2025-10-03 23:10:12 - [INFO] - Logged in as AI#4450 (ID: 1358417100250808531)
2025-10-03 23:10:12 - [INFO] - 已成功發送啟動成功通知給管理員。
2025-10-03 23:11:19 - [INFO] - [512280345618546699] 後台重置任務開始...
2025-10-03 23:11:19 - [INFO] - [512280345618546699] 未檢測到活躍的 AI 實例，直接進行清理。
2025-10-03 23:11:19 - [INFO] - [512280345618546699] 正在清除所有資料庫記錄...
2025-10-03 23:11:21 - [INFO] - [512280345618546699] 所有資料庫記錄已成功清除。
2025-10-03 23:11:21 - [INFO] - [512280345618546699] (Robust Delete) 正在啟動對目錄 data\vector_stores\512280345618546699 的健壯刪除流程...
2025-10-03 23:11:21 - [INFO] - [512280345618546699] (Robust Delete) ✅ 在第 1 次嘗試中成功刪除目錄: data\vector_stores\512280345618546699
2025-10-03 23:11:23 - [INFO] - [512280345618546699] (UI Event) Persistent 'StartSetupView' button clicked.
2025-10-03 23:11:29 - [INFO] - [512280345618546699] (UI Event) WorldSettingsModal submitted. is_setup_flow: True
2025-10-03 23:11:29 - [INFO] - 使用者 512280345618546699 沒有活躍的 AI 實例，嘗試創建...
2025-10-03 23:11:29 - [INFO] - [512280345618546699] 處於設定流程中，即使資料庫無記錄，也創建一個臨時的記憶體實例。
2025-10-03 23:11:29 - [INFO] - [512280345618546699] 核心數據模板 'world_snapshot_template.txt' 已成功加載。
2025-10-03 23:11:29 - [INFO] - [512280345618546699] 核心協議 '00_supreme_directive.txt' 已成功加載。
2025-10-03 23:11:29 - [INFO] - ✅ [Embedding Loader] 檢測到本地模型路徑，正在嘗試從 'D:\DINO\SD\ComfyUI\personal_server\ai_lover_service\models\stella-base-zh-v2' 加載...
2025-10-03 23:11:39 - [INFO] - ✅ [Embedding Loader] 本地 Embedding 模型實例創建成功。
2025-10-03 23:11:39 - [INFO] - [512280345618546699] 所有輕量級前置資源已準備就緒 (RAG 創建已延遲)。
2025-10-03 23:11:39 - [INFO] - [512280345618546699] 接收到 profile 更新請求: ['world_settings']
2025-10-03 23:11:39 - [WARNING] - [512280345618546699] 在持久化更新時找不到使用者資料，將創建新記錄。
2025-10-03 23:11:39 - [INFO] - [512280345618546699] Profile 更新並持久化成功。
2025-10-03 23:11:41 - [INFO] - [512280345618546699] (UI Event) Persistent 'ContinueToUserSetupView' button clicked.
2025-10-03 23:11:52 - [INFO] - [512280345618546699] (UI Event) CharacterSettingsModal submitted for profile_type: 'user', is_setup_flow: True
2025-10-03 23:11:53 - [INFO] - [512280345618546699] 接收到 profile 更新請求: ['user_profile']
2025-10-03 23:11:53 - [INFO] - [512280345618546699] Profile 更新並持久化成功。
2025-10-03 23:11:54 - [INFO] - [512280345618546699] (UI Event) Persistent 'ContinueToAiSetupView' button clicked.
2025-10-03 23:12:09 - [INFO] - [512280345618546699] (UI Event) CharacterSettingsModal submitted for profile_type: 'ai', is_setup_flow: True
2025-10-03 23:12:09 - [INFO] - [512280345618546699] 接收到 profile 更新請求: ['ai_profile']
2025-10-03 23:12:09 - [INFO] - [512280345618546699] Profile 更新並持久化成功。
2025-10-03 23:12:11 - [INFO] - [512280345618546699] [創世流程] 檔案上傳開始，已設定 active_setups 狀態鎖。
2025-10-03 23:12:16 - [INFO] - [512280345618546699] (on_message) 偵測到用戶處於活躍的創世流程中，已忽略常規訊息 '...' 以防止競爭。
2025-10-03 23:12:17 - [INFO] - [512280345618546699] [創世流程 v64.0] Graph 驅動的流程已啟動。
2025-10-03 23:12:17 - [INFO] - [512280345618546699] [後台創世] 正在將世界聖經原文分割成文檔...
2025-10-03 23:12:17 - [INFO] - [512280345618546699] [後台創世] 正在觸發 RAG 索引創始構建...
2025-10-03 23:12:17 - [INFO] - [512280345618546699] (Retriever Builder) 進入外部文檔注入模式，將使用 34 條傳入文檔構建純向量索引...
2025-10-03 23:12:57 - [INFO] - [512280345618546699] (Retriever Builder) ✅ 純向量檢索器已成功從外部文檔構建。
2025-10-03 23:12:57 - [INFO] - [512280345618546699] [後台創世] RAG 索引構建完成，準備執行創世圖...
2025-10-03 23:12:57 - [INFO] - [512280345618546699] (Setup Graph|2/4) Node: complete_profiles_node -> 節點已啟動，準備補完角色檔案...
2025-10-03 23:13:01 - [INFO] - [512280345618546699] [LLM Success] Generation successful using model 'gemini-2.5-flash-lite' with API Key #0.
2025-10-03 23:13:03 - [INFO] - [512280345618546699] [LLM Success] Generation successful using model 'gemini-2.5-flash-lite' with API Key #0.
2025-10-03 23:13:03 - [INFO] - [512280345618546699] 接收到 profile 更新請求: ['user_profile', 'ai_profile']
2025-10-03 23:13:03 - [INFO] - [512280345618546699] Profile 更新並持久化成功。
2025-10-03 23:13:03 - [INFO] - [512280345618546699] (Setup Graph|2/4) Node: complete_profiles_node -> 節點執行成功。
2025-10-03 23:13:03 - [INFO] - [512280345618546699] (Setup Graph|3/4) Node: world_genesis -> 節點已啟動...
2025-10-03 23:13:07 - [INFO] - [512280345618546699] [LLM Success] Generation successful using model 'gemini-2.5-flash-lite' with API Key #0.
2025-10-03 23:13:07 - [INFO] - [512280345618546699] 接收到 profile 更新請求: ['game_state']
2025-10-03 23:13:07 - [INFO] - [512280345618546699] Profile 更新並持久化成功。
2025-10-03 23:13:07 - [INFO] - [512280345618546699] [/start] 初始地點 '王國 > 維利爾斯莊園 > 莊園外圍 > 俯瞰維利爾斯莊園的一處懸崖邊的廢棄哨塔' 已成功生成並存入LORE。
2025-10-03 23:13:07 - [INFO] - [512280345618546699] (Setup Graph|3/4) Node: world_genesis -> 節點執行成功。
2025-10-03 23:13:07 - [INFO] - [512280345618546699] (Setup Graph|4/4) Node: generate_opening_scene -> 節點已啟動...
2025-10-03 23:13:07 - [INFO] - [512280345618546699] [/start] 正在使用 RAG 智能選擇開場場景...
2025-10-03 23:13:07 - [INFO] - [512280345618546699] [實體名稱提取] 正在從查詢 '根據這個世界的核心設定(這是一個魔法的幻想世界。)以及主角 DINO 和 碧 的背景，為他們的故事尋...' 中分析實體...
2025-10-03 23:13:07 - [INFO] - [512280345618546699] [輸入分析-L1] 正在嘗試使用 LLM 進行語義分析...
2025-10-03 23:13:08 - [INFO] - [512280345618546699] [LLM Success] Generation successful using model 'gemini-2.5-flash-lite' with API Key #0.
2025-10-03 23:13:08 - [INFO] - [512280345618546699] [輸入分析-L1] ✅ LLM 分析成功。提取實體: ['DINO', '碧']
2025-10-03 23:13:08 - [INFO] - [512280345618546699] [實體名稱提取] 查詢分析完成，共識別出 2 個核心實體: ['DINO', '碧']。
2025-10-03 23:13:08 - [INFO] - [512280345618546699] [RAG 原文直通] 查詢已擴展為: '的背景，為他們的故事尋找一個最富有戲劇性、最符合世界觀的、適合二人出場的初始場景或情境。 根據這個世界的核心設定(這是一個魔法的幻想世界。)以及主角 DINO 和 碧'
2025-10-03 23:13:09 - [INFO] - [512280345618546699] [RAG 原文直通] 粗略檢索成功，獲得 20 份候選文檔。
2025-10-03 23:13:09 - [INFO] - [512280345618546699] [RAG 原文直通] ✅ 成功拼接全部 20 條原始文檔作為 summary_context。
2025-10-03 23:13:55 - [INFO] - [512280345618546699] [LLM Success] Generation successful using model 'gemini-2.5-pro' with API Key #0.
2025-10-03 23:13:55 - [INFO] - [512280345618546699] (Setup Graph|4/4) Node: generate_opening_scene -> 節點執行成功。
2025-10-03 23:13:57 - [INFO] - [512280345618546699] [後台創世] 正在向使用者私訊發送最終開場白...
2025-10-03 23:13:57 - [INFO] - [512280345618546699] [後台創世] 開場白發送完畢。
2025-10-03 23:13:57 - [INFO] - [512280345618546699] 後台創世流程結束，狀態鎖已釋放。
