### AI Lover Log - Last updated at 2025-09-28T01:09:00.915197 ###

2025-09-28 00:02:05 - [INFO] - [512280345618546699] [關係圖譜校準] 創建反向鏈接: 里斯 -> 米婭 (Roles: ['守護者'])
2025-09-28 00:02:05 - [INFO] - [512280345618546699] [關係圖譜校準] 更新反向鏈接: 凱爾 -> 卡蓮 (New Roles: ['被使用者', '使用者/恩澤提供者', '恩澤提供者'])
2025-09-28 00:02:05 - [INFO] - [512280345618546699] [關係圖譜校準] 更新反向鏈接: 米婭 -> 卡蓮 (New Roles: ['同僚/聖女', '第二聖女'])
2025-09-28 00:02:05 - [INFO] - [512280345618546699] [關係圖譜校準] 創建反向鏈接: 艾拉 -> 卡蓮 (Roles: ['同僚/女祭司'])
2025-09-28 00:02:05 - [INFO] - [512280345618546699] [關係圖譜校準] 更新反向鏈接: 凱爾 -> 艾拉 (New Roles: ['被使用者', '兄妹/使用者', '妹妹'])
2025-09-28 00:02:05 - [INFO] - [512280345618546699] [關係圖譜校準] 更新反向鏈接: 米婭 -> 艾拉 (New Roles: ['女祭司', '上級/引導者'])
2025-09-28 00:02:05 - [INFO] - [512280345618546699] [關係圖譜校準] 更新反向鏈接: 卡蓮 -> 艾拉 (New Roles: ['女祭司', '同僚/女祭司'])
2025-09-28 00:02:05 - [INFO] - [512280345618546699] [關係圖譜校準] 更新反向鏈接: 艾拉 -> 凱爾 (New Roles: ['哥哥', '妹妹/被使用者', '使用者'])
2025-09-28 00:02:05 - [INFO] - [512280345618546699] [關係圖譜校準] 更新反向鏈接: 卡蓮 -> 凱爾 (New Roles: ['被使用者/恩澤提供者', '使用者', '恩澤提供者'])
2025-09-28 00:02:05 - [INFO] - [512280345618546699] [關係圖譜校準] 更新反向鏈接: 里斯 -> 凱爾 (New Roles: ['守護者', '同僚', '同僚/守護者'])
2025-09-28 00:02:05 - [INFO] - [512280345618546699] [關係圖譜校準] 更新反向鏈接: 米婭 -> 凱爾 (New Roles: ['上級', '聖殿守護者'])
2025-09-28 00:02:05 - [INFO] - [512280345618546699] [關係圖譜校準] 更新反向鏈接: 瑪倫 -> 里斯 (New Roles: ['守護者', '兒子', '子女'])
2025-09-28 00:02:05 - [INFO] - [512280345618546699] [關係圖譜校準] 更新反向鏈接: 凱爾 -> 里斯 (New Roles: ['守護者', '同僚', '同僚/守護者'])
2025-09-28 00:02:05 - [INFO] - [512280345618546699] [關係圖譜校準] 更新反向鏈接: 米婭 -> 里斯 (New Roles: ['守護者', '聖殿守護者'])
2025-09-28 00:02:05 - [INFO] - [512280345618546699] [關係圖譜校準] 更新反向鏈接: 里斯 -> 瑪倫 (New Roles: ['父母', '被守護者', '母親'])
2025-09-28 00:02:05 - [INFO] - [512280345618546699] [關係圖譜校準] 創建反向鏈接: 米婭 -> 索菲亞 (Roles: ['引導者'])
2025-09-28 00:02:05 - [INFO] - [512280345618546699] [關係圖譜校準] 創建反向鏈接: 凱爾 -> 索菲亞 (Roles: ['治療者/使用者'])
2025-09-28 00:02:05 - [INFO] - [512280345618546699] [關係圖譜校準] 更新反向鏈接: 湯姆 -> 索菲亞 (New Roles: ['治療者', '使用者', '治療者/使用者'])
2025-09-28 00:02:05 - [INFO] - [512280345618546699] [關係圖譜校準] 創建反向鏈接: 米婭 -> 泰莎 (Roles: ['引導者'])
2025-09-28 00:02:05 - [INFO] - [512280345618546699] [關係圖譜校準] 創建反向鏈接: 里斯 -> 老漢姆 (Roles: ['間接影響者'])
2025-09-28 00:02:05 - [INFO] - [512280345618546699] [關係圖譜校準] 創建反向鏈接: 米婭 -> 老漢姆 (Roles: ['目擊者'])
2025-09-28 00:02:05 - [INFO] - [512280345618546699] [關係圖譜校準] 更新反向鏈接: 米婭 -> 湯姆 (New Roles: ['管理者', '受測者/使用者'])
2025-09-28 00:02:05 - [INFO] - [512280345618546699] [關係圖譜校準] 更新反向鏈接: 索菲亞 -> 湯姆 (New Roles: ['治療者', '使用者', '治療者/使用者'])
2025-09-28 00:02:05 - [INFO] - [512280345618546699] [關係圖譜校準] 更新反向鏈接: 澤拉 -> 班恩 (New Roles: ['被施暴者', '施暴者'])
2025-09-28 00:02:05 - [INFO] - [512280345618546699] [關係圖譜校準] 更新反向鏈接: 蘇菲 -> 提姆 (New Roles: ['被使用者', '使用者'])
2025-09-28 00:02:05 - [INFO] - [512280345618546699] [關係圖譜校準] 更新反向鏈接: 艾蜜莉 -> 安東尼 (New Roles: ['被使用者', '使用者'])
2025-09-28 00:02:05 - [INFO] - [512280345618546699] [關係圖譜校準] 更新反向鏈接: 班恩 -> 澤拉 (New Roles: ['施暴者', '被施暴者'])
2025-09-28 00:02:05 - [INFO] - [512280345618546699] [關係圖譜校準] 更新反向鏈接: 提姆 -> 蘇菲 (New Roles: ['被使用者', '使用者'])
2025-09-28 00:02:05 - [INFO] - [512280345618546699] [關係圖譜校準] 更新反向鏈接: 安東尼 -> 艾蜜莉 (New Roles: ['被使用者', '使用者'])
2025-09-28 00:02:05 - [INFO] - [512280345618546699] [關係圖譜校準] 更新反向鏈接: 莉莉絲 -> 老高 (New Roles: ['合作者', '導師'])
2025-09-28 00:02:05 - [INFO] - [512280345618546699] [關係圖譜校準] 更新反向鏈接: 亞瑟 -> 老高 (New Roles: ['滲透者', '目標/被滲透者'])
2025-09-28 00:02:05 - [INFO] - [512280345618546699] [關係圖譜校準] 更新反向鏈接: 馬丁 -> 老高 (New Roles: ['滲透者', '目標/被滲透者'])
2025-09-28 00:02:05 - [INFO] - [512280345618546699] [關係圖譜校準] 創建反向鏈接: 莉莉絲 -> 亞瑟 (Roles: ['影響者'])
2025-09-28 00:02:05 - [INFO] - [512280345618546699] [關係圖譜校準] 更新反向鏈接: 老高 -> 亞瑟 (New Roles: ['滲透者', '被滲透者'])
2025-09-28 00:02:05 - [INFO] - [512280345618546699] [關係圖譜校準] 創建反向鏈接: 莉莉絲 -> 馬丁 (Roles: ['影響者'])
2025-09-28 00:02:05 - [INFO] - [512280345618546699] [關係圖譜校準] 更新反向鏈接: 老高 -> 馬丁 (New Roles: ['滲透者', '被滲透者'])
2025-09-28 00:02:05 - [INFO] - [512280345618546699] [關係圖譜校準] 更新反向鏈接: 莉莉絲 -> 克拉拉 (New Roles: ['學生領袖', '對手'])
2025-09-28 00:02:05 - [INFO] - [512280345618546699] [關係圖譜校準] 更新反向鏈接: 高爾 -> 克拉拉 (New Roles: ['領導者', '追隨者', '質疑對象'])
2025-09-28 00:02:05 - [INFO] - [512280345618546699] [關係圖譜校準] 更新反向鏈接: 翠絲 -> 克拉拉 (New Roles: ['領導者', '追隨者'])
2025-09-28 00:02:05 - [INFO] - [512280345618546699] [關係圖譜校準] 更新反向鏈接: 迪茜 -> 克拉拉 (New Roles: ['領導者', '追隨者'])
2025-09-28 00:02:05 - [INFO] - [512280345618546699] [關係圖譜校準] 更新反向鏈接: 克拉拉 -> 高爾 (New Roles: ['追隨者', '領導者/質疑對象'])
2025-09-28 00:02:05 - [INFO] - [512280345618546699] [關係圖譜校準] 更新反向鏈接: 克拉拉 -> 翠絲 (New Roles: ['領導者', '追隨者'])
2025-09-28 00:02:05 - [INFO] - [512280345618546699] [關係圖譜校準] 更新反向鏈接: 克拉拉 -> 迪茜 (New Roles: ['領導者', '追隨者'])
2025-09-28 00:02:05 - [INFO] - [512280345618546699] [關係圖譜校準] 創建反向鏈接: 莉莉絲 -> 阿利斯特 (Roles: ['諮詢對象'])
2025-09-28 00:02:05 - [INFO] - [512280345618546699] [關係圖譜校準] 創建反向鏈接: 莉莉絲 -> 麥可 (Roles: ['對手'])
2025-09-28 00:02:05 - [INFO] - [512280345618546699] [關係圖譜校準] 更新反向鏈接: 菲利普•薩格納 -> 薩格納將軍 (New Roles: ['父母', '父親'])
2025-09-28 00:02:05 - [INFO] - [512280345618546699] [關係圖譜校準] 更新反向鏈接: 布里奇特 -> 薩格納將軍 (New Roles: ['父母', '父親'])
2025-09-28 00:02:05 - [INFO] - [512280345618546699] [關係圖譜校準] 更新反向鏈接: 瓦萊麗 -> 薩格納將軍 (New Roles: ['父母', '父親'])
2025-09-28 00:02:05 - [INFO] - [512280345618546699] [關係圖譜校準] 更新反向鏈接: 國王埃德蒙三世 -> 薩格納將軍 (New Roles: ['合作者', '上級/合作者', '下屬'])
2025-09-28 00:02:05 - [INFO] - [512280345618546699] [關係圖譜校準] 更新反向鏈接: 薩格納將軍 -> 菲利普•薩格納 (New Roles: ['子女', '兒子'])
2025-09-28 00:02:05 - [INFO] - [512280345618546699] [關係圖譜校準] 更新反向鏈接: 布里奇特 -> 菲利普•薩格納 (New Roles: ['哥哥', '妹妹/被教育者', '教官'])
2025-09-28 00:02:05 - [INFO] - [512280345618546699] [關係圖譜校準] 更新反向鏈接: 瓦萊麗 -> 菲利普•薩格納 (New Roles: ['哥哥', '妹妹/被教育者', '教官'])
2025-09-28 00:02:05 - [INFO] - [512280345618546699] [關係圖譜校準] 更新反向鏈接: 薩格納將軍 -> 布里奇特 (New Roles: ['子女', '女兒', '分享對象'])
2025-09-28 00:02:05 - [INFO] - [512280345618546699] [關係圖譜校準] 更新反向鏈接: 菲利普•薩格納 -> 布里奇特 (New Roles: ['妹妹', '哥哥/教官', '被教育者'])
2025-09-28 00:02:05 - [INFO] - [512280345618546699] [關係圖譜校準] 更新反向鏈接: 薩格納將軍 -> 瓦萊麗 (New Roles: ['子女', '女兒', '分享對象'])
2025-09-28 00:02:05 - [INFO] - [512280345618546699] [關係圖譜校準] 更新反向鏈接: 菲利普•薩格納 -> 瓦萊麗 (New Roles: ['妹妹', '哥哥/教官', '被教育者'])
2025-09-28 00:02:05 - [INFO] - [512280345618546699] [關係圖譜校準] 更新反向鏈接: 薩格納將軍 -> 國王埃德蒙三世 (New Roles: ['合作者', '上級', '下屬/合作者'])
2025-09-28 00:02:05 - [INFO] - [512280345618546699] [關係圖譜校準] 創建反向鏈接: 國王埃德蒙三世 -> 大皇子阿拉里克 (Roles: ['子女'])
2025-09-28 00:02:05 - [INFO] - [512280345618546699] [關係圖譜校準] 創建反向鏈接: 國王埃德蒙三世 -> 三皇子赫克托 (Roles: ['子女'])
2025-09-28 00:02:05 - [INFO] - [512280345618546699] [關係圖譜校準] 創建反向鏈接: 菲利普•薩格納 -> 三皇子赫克托 (Roles: ['對手'])
2025-09-28 00:02:05 - [INFO] - [512280345618546699] [關係圖譜校準] 創建反向鏈接: 國王埃德蒙三世 -> 二公主塞拉菲娜 (Roles: ['子女'])
2025-09-28 00:02:05 - [INFO] - [512280345618546699] [關係圖譜校準] 創建反向鏈接: 國王埃德蒙三世 -> 三皇女伊索爾德 (Roles: ['子女'])
2025-09-28 00:02:05 - [INFO] - [512280345618546699] [關係圖譜校準] 創建反向鏈接: 博林勳爵 -> 三皇女伊索爾德 (Roles: ['轉化對象'])
2025-09-28 00:02:05 - [INFO] - [512280345618546699] [關係圖譜校準] 創建反向鏈接: 國王埃德蒙三世 -> 博林勳爵 (Roles: ['上級'])
2025-09-28 00:02:05 - [INFO] - [512280345618546699] [關係圖譜校準] 創建反向鏈接: 國王埃德蒙三世 -> 安布羅斯 (Roles: ['政治對手/施壓對象'])
2025-09-28 00:02:05 - [INFO] - [512280345618546699] [關係圖譜校準] 更新反向鏈接: 米婭 -> 瓦勒留斯 (New Roles: ['神父', '對手'])
2025-09-28 00:02:05 - [INFO] - [512280345618546699] (_resolve_and_save) 正在為 'npc_profile' 類別處理 63 個實體...
2025-09-28 00:03:58 - [INFO] - [512280345618546699] [LLM Success] Generation successful using model 'gemini-2.5-pro' with API Key #3.
2025-09-28 00:03:58 - [INFO] - [512280345618546699] [實體解析] 成功生成解析計畫，包含 63 條決策。
2025-09-28 00:04:06 - [INFO] - [512280345618546699] (_resolve_and_save) 正在為 'location_info' 類別處理 12 個實體...
2025-09-28 00:04:08 - [INFO] - [512280345618546699] (_resolve_and_save) 正在為 'creature_info' 類別處理 1 個實體...
2025-09-28 00:04:08 - [INFO] - [512280345618546699] (_resolve_and_save) 正在為 'world_lore' 類別處理 11 個實體...
2025-09-28 00:04:11 - [INFO] - [512280345618546699] [創世 LORE 解析] 管線成功完成。正在觸發 RAG 全量重建...
2025-09-28 00:04:11 - [INFO] - [512280345618546699] (Retriever Builder) 強制重建觸發，正在從資料庫執行全量創始構建...
2025-09-28 00:04:11 - [INFO] - [512280345618546699] (Retriever Builder) 已從 SQL 和 LORE 加載 114 條文檔用於創始構建。
2025-09-28 00:04:11 - [INFO] - [512280345618546699] (Retriever Builder) 創始構建成功，並已將索引持久化到磁碟。
2025-09-28 00:04:11 - [INFO] - [512280345618546699] [創世 LORE 解析] RAG 索引全量重建完成。
2025-09-28 00:04:11 - [INFO] - [512280345618546699] [后台创世 1/4] LORE 智能解析已同步完成。
2025-09-28 00:04:11 - [INFO] - [512280345618546699] [后台创世 2/4] 正在补完角色档案...
2025-09-28 00:04:13 - [INFO] - [512280345618546699] [LLM Success] Generation successful using model 'gemini-2.5-flash-lite' with API Key #5.
2025-09-28 00:04:19 - [INFO] - [512280345618546699] [LLM Success] Generation successful using model 'gemini-2.5-flash-lite' with API Key #4.
2025-09-28 00:04:19 - [INFO] - [512280345618546699] 接收到 profile 更新請求: ['user_profile', 'ai_profile']
2025-09-28 00:04:19 - [INFO] - [512280345618546699] Profile 更新並持久化成功。
2025-09-28 00:04:19 - [INFO] - [512280345618546699] [后台创世 3/4] 正在生成世界创世资讯...
2025-09-28 00:04:21 - [WARNING] - [512280345618546699] 模型 'gemini-2.5-flash-lite' (Key #0) 遭遇內容審查或安全錯誤: BlockedPromptException。
2025-09-28 00:04:21 - [WARNING] - [512280345618546699] 最終生成鏈遭遇審查。啟動【最高指令集注入重試】策略...
2025-09-28 00:04:21 - [INFO] - [512280345618546699] 已對 Prompt 附加完整的核心指令集，正在進行強化重試...
2025-09-28 00:04:56 - [INFO] - [512280345618546699] [LLM Success] Generation successful using model 'gemini-2.5-pro' with API Key #1.
2025-09-28 00:04:56 - [INFO] - [512280345618546699] 接收到 profile 更新請求: ['game_state']
2025-09-28 00:04:56 - [INFO] - [512280345618546699] Profile 更新並持久化成功。
2025-09-28 00:04:56 - [INFO] - [512280345618546699] [/start] 初始地點 '王國 > 王都城鎮區 > 咆哮壁爐酒館' 已成功生成並存入LORE。
2025-09-28 00:04:56 - [INFO] - [512280345618546699] [后台创世 4/4] 正在生成开场白...
2025-09-28 00:05:24 - [INFO] - [512280345618546699] [LLM Success] Generation successful using model 'gemini-2.5-pro' with API Key #2.
2025-09-28 00:05:24 - [INFO] - [512280345618546699] [后台创世 4/4] 开场白生成完毕。
2025-09-28 00:05:24 - [INFO] - [512280345618546699] [后台创世] 正在向使用者私讯发送最终开场白...
2025-09-28 00:05:25 - [INFO] - [512280345618546699] [后台创世] 开场白发送完毕。
2025-09-28 00:05:25 - [INFO] - [512280345618546699] 后台创世流程结束，状态锁已释放。
2025-09-28 00:07:35 - [INFO] - [512280345618546699] 啟動「純粹生成」對話流程...
2025-09-28 00:07:35 - [INFO] - [512280345618546699] [純粹生成流程] 正在準備上下文...
2025-09-28 00:07:35 - [INFO] - [512280345618546699] [指令實體提取] 通過 LORE 字典找到實體: {'米婭'}
2025-09-28 00:07:35 - [INFO] - [512280345618546699] [LORE錨定] 正在為指令中提及的 ['米婭'] 強制查找LORE檔案...
2025-09-28 00:07:36 - [INFO] - [512280345618546699] [LLM Success] Generation successful using model 'gemini-2.5-flash-lite' with API Key #3.
2025-09-28 00:07:36 - [INFO] - [512280345618546699] [上下文篩選 in 'local' mode] 核心目標: ['米婭'], 背景角色: []
2025-09-28 00:07:36 - [INFO] - [512280345618546699] RAG查詢已擴展為: '活神蹟 聖女 聖露修道院 Mia 母畜 描述米婭在宅邸散步遇到勛爵 米婭'
2025-09-28 00:07:36 - [INFO] - [512280345618546699] [RAG後處理篩選] 已將 15 條初步檢索結果精煉為 12 條與核心角色相關的記憶。
2025-09-28 00:07:36 - [INFO] - [512280345618546699] [RAG摘要-1] 嘗試使用雲端模型處理原始文本...
2025-09-28 00:07:36 - [WARNING] - [512280345618546699] 模型 'gemini-2.5-flash-lite' (Key #4) 遭遇內容審查或安全錯誤: BlockedPromptException。
2025-09-28 00:07:36 - [WARNING] - [512280345618546699] [RAG摘要-1] 雲端模型審查了原始文本。降級到層級 2 (雲端+代碼化)...
2025-09-28 00:07:36 - [WARNING] - [512280345618546699] 模型 'gemini-2.5-flash-lite' (Key #5) 遭遇內容審查或安全錯誤: BlockedPromptException。
2025-09-28 00:07:36 - [ERROR] - [512280345618546699] [RAG摘要-2] 🔥 代碼化備援失敗: Prompt blocked due to PROHIBITED_CONTENT
Traceback (most recent call last):
  File "D:\DINO\SD\ComfyUI\personal_server\ai_lover_service\src\ai_core.py", line 4708, in retrieve_and_summarize_memories
    summary = await self.ainvoke_with_rotation(
  File "D:\DINO\SD\ComfyUI\personal_server\ai_lover_service\src\ai_core.py", line 780, in ainvoke_with_rotation
    raise e
  File "D:\DINO\SD\ComfyUI\personal_server\ai_lover_service\src\ai_core.py", line 751, in ainvoke_with_rotation
    raise BlockedPromptException(f"Prompt blocked due to {response.prompt_feedback.block_reason.name}")
google.generativeai.types.generation_types.BlockedPromptException: Prompt blocked due to PROHIBITED_CONTENT

During handling of the above exception, another exception occurred:

Traceback (most recent call last):
  File "D:\DINO\SD\ComfyUI\personal_server\ai_lover_service\src\ai_core.py", line 4726, in retrieve_and_summarize_memories
    encoded_summary = await self.ainvoke_with_rotation(
  File "D:\DINO\SD\ComfyUI\personal_server\ai_lover_service\src\ai_core.py", line 780, in ainvoke_with_rotation
    raise e
  File "D:\DINO\SD\ComfyUI\personal_server\ai_lover_service\src\ai_core.py", line 751, in ainvoke_with_rotation
    raise BlockedPromptException(f"Prompt blocked due to {response.prompt_feedback.block_reason.name}")
google.generativeai.types.generation_types.BlockedPromptException: Prompt blocked due to PROHIBITED_CONTENT
2025-09-28 00:07:36 - [WARNING] - [512280345618546699] [RAG摘要] 所有雲端策略均失敗。降級到層級 3 (本地模型)...
2025-09-28 00:07:36 - [INFO] - [512280345618546699] [RAG摘要-2A] 正在使用本地模型 'HammerAI/llama-3-lexi-uncensored:latest' 進行摘要...
2025-09-28 00:09:09 - [INFO] - [512280345618546699] [RAG摘要-2A] ✅ 本地模型摘要成功。
2025-09-28 00:09:09 - [INFO] - [512280345618546699] 已成功將 RAG 結果分離為 3 條規則全文和 9 條待摘要文檔。
2025-09-28 00:09:12 - [INFO] - [512280345618546699] [純粹生成流程] 正在執行小說生成...
2025-09-28 00:10:44 - [INFO] - [512280345618546699] [LLM Success] Generation successful using model 'gemini-2.5-pro' with API Key #0.
2025-09-28 00:10:46 - [INFO] - [512280345618546699] [純粹生成流程] 小說文本生成成功。
2025-09-28 00:10:46 - [INFO] - [512280345618546699] 回應已發送。正在啟動統一的「事後分析」任務...
2025-09-28 00:10:48 - [INFO] - [512280345618546699] [事後分析] 正在啟動背景分析任務...
2025-09-28 00:10:51 - [INFO] - [512280345618546699] [LLM Success] Generation successful using model 'gemini-2.5-flash-lite' with API Key #1.
2025-09-28 00:10:51 - [INFO] - [512280345618546699] [長期記憶寫入] 正在保存預生成的安全摘要...
2025-09-28 00:10:51 - [INFO] - [512280345618546699] [長期記憶寫入] 互動記錄已成功保存到 SQL 資料庫。
2025-09-28 00:10:51 - [INFO] - [512280345618546699] [長期記憶寫入] 安全摘要保存完畢。
2025-09-28 00:10:51 - [INFO] - [512280345618546699] [事後分析] 背景分析與處理任務完成。
2025-09-28 00:23:46 - [INFO] - 所有持久化 UI 視圖已成功註冊。
2025-09-28 00:23:46 - [INFO] - 正在嘗試將應用程式指令 (Slash Commands) 全域同步到 Discord...
2025-09-28 00:23:47 - [INFO] - ✅ 應用程式指令全域同步成功！(注意：全域指令更新可能需要長達一小時才能在所有伺服器生效)
2025-09-28 00:23:47 - [INFO] - Discord Bot is ready!
2025-09-28 00:23:50 - [INFO] - 【健康檢查 & Keep-Alive】背景任務已啟動。
2025-09-28 00:23:50 - [INFO] - Logged in as AI#4450 (ID: 1358417100250808531)
2025-09-28 00:23:51 - [INFO] - 已成功發送啟動成功通知給管理員。
2025-09-28 00:39:25 - [INFO] - 所有持久化 UI 視圖已成功註冊。
2025-09-28 00:39:25 - [INFO] - 正在嘗試將應用程式指令 (Slash Commands) 全域同步到 Discord...
2025-09-28 00:39:25 - [INFO] - ✅ 應用程式指令全域同步成功！(注意：全域指令更新可能需要長達一小時才能在所有伺服器生效)
2025-09-28 00:39:25 - [INFO] - Discord Bot is ready!
2025-09-28 00:39:28 - [INFO] - 【健康檢查 & Keep-Alive】背景任務已啟動。
2025-09-28 00:39:28 - [INFO] - Logged in as AI#4450 (ID: 1358417100250808531)
2025-09-28 00:39:28 - [INFO] - 已成功發送啟動成功通知給管理員。
2025-09-28 00:44:51 - [INFO] - 所有持久化 UI 視圖已成功註冊。
2025-09-28 00:44:51 - [INFO] - 正在嘗試將應用程式指令 (Slash Commands) 全域同步到 Discord...
2025-09-28 00:44:51 - [INFO] - ✅ 應用程式指令全域同步成功！(注意：全域指令更新可能需要長達一小時才能在所有伺服器生效)
2025-09-28 00:44:51 - [INFO] - Discord Bot is ready!
2025-09-28 00:44:55 - [INFO] - 【健康檢查 & Keep-Alive】背景任務已啟動。
2025-09-28 00:44:55 - [INFO] - Logged in as AI#4450 (ID: 1358417100250808531)
2025-09-28 00:44:56 - [INFO] - 已成功發送啟動成功通知給管理員。
2025-09-28 00:50:26 - [INFO] - 所有持久化 UI 視圖已成功註冊。
2025-09-28 00:50:26 - [INFO] - 正在嘗試將應用程式指令 (Slash Commands) 全域同步到 Discord...
2025-09-28 00:50:31 - [INFO] - ✅ 應用程式指令全域同步成功！(注意：全域指令更新可能需要長達一小時才能在所有伺服器生效)
2025-09-28 00:50:31 - [INFO] - Discord Bot is ready!
2025-09-28 00:50:34 - [INFO] - 【健康檢查 & Keep-Alive】背景任務已啟動。
2025-09-28 00:50:34 - [INFO] - Logged in as AI#4450 (ID: 1358417100250808531)
2025-09-28 00:50:35 - [INFO] - 已成功發送啟動成功通知給管理員。
2025-09-28 00:50:52 - [INFO] - 使用者 512280345618546699 沒有活躍的 AI 實例，嘗試創建...
2025-09-28 00:50:52 - [INFO] - [512280345618546699] 核心數據模板 'world_snapshot_template.txt' 已成功加載。
2025-09-28 00:50:52 - [INFO] - [512280345618546699] 核心協議 '00_supreme_directive.txt' 已成功加載。
2025-09-28 00:50:53 - [INFO] - [512280345618546699] [RAG持久化] 成功從磁碟加載了 114 條文檔到 RAG 語料庫。
2025-09-28 00:50:53 - [INFO] - [512280345618546699] (Retriever Builder) 已成功從持久化檔案構建 RAG 檢索器。
2025-09-28 00:50:53 - [INFO] - [512280345618546699] 所有構建鏈的前置資源已準備就緒。
2025-09-28 00:50:53 - [INFO] - 為使用者 512280345618546699 成功創建並初始化 AI 實例。
2025-09-28 00:50:53 - [INFO] - [512280345618546699] 正在從資料庫恢復短期場景記憶...
2025-09-28 00:50:53 - [INFO] - [512280345618546699] 成功恢復了 1 個場景的對話歷史，總計 3 條訊息。
2025-09-28 00:50:53 - [INFO] - [512280345618546699] [撤銷] 已成功從場景 '512280345618546699_local_王國_王都城鎮區_咆哮壁爐酒館' 的短期記憶中撤銷上一回合。
2025-09-28 00:50:53 - [INFO] - [512280345618546699] [撤銷-後端] 正在嘗試從資料庫刪除最新一條長期記憶...
2025-09-28 00:50:53 - [INFO] - [512280345618546699] [撤銷-後端] ✅ 成功刪除 ID 為 31 的長期記憶。
2025-09-28 00:50:53 - [INFO] - [512280345618546699] [撤銷] 處於DM頻道，跳過刪除使用者訊息的步驟。
2025-09-28 00:50:58 - [INFO] - [512280345618546699] 啟動「純粹生成」對話流程...
2025-09-28 00:50:58 - [INFO] - [512280345618546699] [純粹生成流程] 正在準備上下文...
2025-09-28 00:50:58 - [INFO] - [512280345618546699] [指令實體提取] 通過 LORE 字典找到實體: {'米婭'}
2025-09-28 00:50:58 - [INFO] - [512280345618546699] [LORE錨定] 正在為指令中提及的 ['米婭'] 強制查找LORE檔案...
2025-09-28 00:50:59 - [INFO] - [512280345618546699] [LLM Success] Generation successful using model 'gemini-2.5-flash-lite' with API Key #0.
2025-09-28 00:50:59 - [INFO] - [512280345618546699] [上下文篩選 in 'local' mode] 核心目標: ['米婭'], 背景角色: []
2025-09-28 00:50:59 - [INFO] - [512280345618546699] RAG查詢已擴展為: 'Mia 米婭 聖露修道院 描述米婭在宅邸散步遇到勛爵 母畜 活神蹟 聖女'
2025-09-28 00:50:59 - [INFO] - [512280345618546699] [RAG後處理篩選] 已將 15 條初步檢索結果精煉為 12 條與核心角色相關的記憶。
2025-09-28 00:50:59 - [INFO] - [512280345618546699] [RAG摘要-1] 嘗試使用雲端模型處理原始文本...
2025-09-28 00:50:59 - [WARNING] - [512280345618546699] 模型 'gemini-2.5-flash-lite' (Key #1) 遭遇內容審查或安全錯誤: BlockedPromptException。
2025-09-28 00:50:59 - [WARNING] - [512280345618546699] [RAG摘要-1] 雲端模型審查了原始文本。降級到層級 2 (雲端+代碼化)...
2025-09-28 00:51:00 - [WARNING] - [512280345618546699] 模型 'gemini-2.5-flash-lite' (Key #2) 遭遇內容審查或安全錯誤: BlockedPromptException。
2025-09-28 00:51:00 - [ERROR] - [512280345618546699] [RAG摘要-2] 🔥 代碼化備援失敗: Prompt blocked due to PROHIBITED_CONTENT
Traceback (most recent call last):
  File "D:\DINO\SD\ComfyUI\personal_server\ai_lover_service\src\ai_core.py", line 4777, in retrieve_and_summarize_memories
    summary = await self.ainvoke_with_rotation(
  File "D:\DINO\SD\ComfyUI\personal_server\ai_lover_service\src\ai_core.py", line 791, in ainvoke_with_rotation
    raise e
  File "D:\DINO\SD\ComfyUI\personal_server\ai_lover_service\src\ai_core.py", line 762, in ainvoke_with_rotation
    raise BlockedPromptException(f"Prompt blocked due to {response.prompt_feedback.block_reason.name}")
google.generativeai.types.generation_types.BlockedPromptException: Prompt blocked due to PROHIBITED_CONTENT

During handling of the above exception, another exception occurred:

Traceback (most recent call last):
  File "D:\DINO\SD\ComfyUI\personal_server\ai_lover_service\src\ai_core.py", line 4795, in retrieve_and_summarize_memories
    encoded_summary = await self.ainvoke_with_rotation(
  File "D:\DINO\SD\ComfyUI\personal_server\ai_lover_service\src\ai_core.py", line 791, in ainvoke_with_rotation
    raise e
  File "D:\DINO\SD\ComfyUI\personal_server\ai_lover_service\src\ai_core.py", line 762, in ainvoke_with_rotation
    raise BlockedPromptException(f"Prompt blocked due to {response.prompt_feedback.block_reason.name}")
google.generativeai.types.generation_types.BlockedPromptException: Prompt blocked due to PROHIBITED_CONTENT
2025-09-28 00:51:00 - [WARNING] - [512280345618546699] [RAG摘要] 所有雲端策略均失敗。降級到層級 3 (本地模型)...
2025-09-28 00:51:00 - [INFO] - [512280345618546699] [RAG摘要-2A] 正在使用本地模型 'HammerAI/llama-3-lexi-uncensored:latest' 進行摘要...
2025-09-28 00:51:14 - [INFO] - [512280345618546699] [RAG摘要-2A] ✅ 本地模型摘要成功。
2025-09-28 00:51:14 - [INFO] - [512280345618546699] 已成功將 RAG 結果分離為 3 條規則全文和 9 條待摘要文檔。
2025-09-28 00:51:15 - [INFO] - [512280345618546699] [純粹生成流程] 正在執行小說生成...
2025-09-28 00:52:00 - [INFO] - [512280345618546699] [LLM Success] Generation successful using model 'gemini-2.5-pro' with API Key #3.
2025-09-28 00:52:03 - [INFO] - [512280345618546699] [純粹生成流程] 小說文本生成成功，並已為事後分析創建詳細上下文快照。
2025-09-28 00:52:03 - [INFO] - [512280345618546699] 回應已發送。正在啟動統一的「事後分析」任務...
2025-09-28 00:52:05 - [INFO] - [512280345618546699] [事後分析] 正在啟動背景分析任務...
2025-09-28 00:52:07 - [INFO] - [512280345618546699] [LLM Success] Generation successful using model 'gemini-2.5-flash-lite' with API Key #4.
2025-09-28 00:52:07 - [INFO] - [512280345618546699] [長期記憶寫入] 正在保存預生成的安全摘要...
2025-09-28 00:52:08 - [INFO] - [512280345618546699] [長期記憶寫入] 互動記錄已成功保存到 SQL 資料庫。
2025-09-28 00:52:08 - [INFO] - [512280345618546699] [長期記憶寫入] 安全摘要保存完畢。
2025-09-28 00:52:08 - [INFO] - [512280345618546699] [事後分析] 背景分析與處理任務完成。
2025-09-28 00:56:04 - [INFO] - 所有持久化 UI 視圖已成功註冊。
2025-09-28 00:56:04 - [INFO] - 正在嘗試將應用程式指令 (Slash Commands) 全域同步到 Discord...
2025-09-28 00:58:18 - [INFO] - 所有持久化 UI 視圖已成功註冊。
2025-09-28 00:58:18 - [INFO] - 正在嘗試將應用程式指令 (Slash Commands) 全域同步到 Discord...
2025-09-28 00:58:18 - [INFO] - ✅ 應用程式指令全域同步成功！(注意：全域指令更新可能需要長達一小時才能在所有伺服器生效)
2025-09-28 00:58:18 - [INFO] - Discord Bot is ready!
2025-09-28 00:58:22 - [INFO] - 【健康檢查 & Keep-Alive】背景任務已啟動。
2025-09-28 00:58:22 - [INFO] - Logged in as AI#4450 (ID: 1358417100250808531)
2025-09-28 00:58:28 - [INFO] - 使用者 512280345618546699 沒有活躍的 AI 實例，嘗試創建...
2025-09-28 00:58:28 - [INFO] - [512280345618546699] 核心數據模板 'world_snapshot_template.txt' 已成功加載。
2025-09-28 00:58:28 - [INFO] - [512280345618546699] 核心協議 '00_supreme_directive.txt' 已成功加載。
2025-09-28 00:58:28 - [INFO] - [512280345618546699] [RAG持久化] 成功從磁碟加載了 114 條文檔到 RAG 語料庫。
2025-09-28 00:58:28 - [INFO] - [512280345618546699] (Retriever Builder) 已成功從持久化檔案構建 RAG 檢索器。
2025-09-28 00:58:28 - [INFO] - [512280345618546699] 所有構建鏈的前置資源已準備就緒。
2025-09-28 00:58:28 - [INFO] - 為使用者 512280345618546699 成功創建並初始化 AI 實例。
2025-09-28 00:58:28 - [INFO] - [512280345618546699] 正在從資料庫恢復短期場景記憶...
2025-09-28 00:58:28 - [INFO] - [512280345618546699] 成功恢復了 1 個場景的對話歷史，總計 5 條訊息。
2025-09-28 00:58:28 - [INFO] - [512280345618546699] [撤銷] 已成功從場景 '512280345618546699_local_王國_王都城鎮區_咆哮壁爐酒館' 的短期記憶中撤銷上一回合。
2025-09-28 00:58:28 - [INFO] - [512280345618546699] [撤銷-後端] 正在嘗試從資料庫刪除最新一條長期記憶...
2025-09-28 00:58:28 - [INFO] - [512280345618546699] [撤銷-後端] ✅ 成功刪除 ID 為 31 的長期記憶。
2025-09-28 00:58:32 - [INFO] - [512280345618546699] [撤銷] 處於DM頻道，跳過刪除使用者訊息的步驟。
2025-09-28 00:58:33 - [INFO] - [512280345618546699] 啟動「純粹生成」對話流程...
2025-09-28 00:58:33 - [INFO] - [512280345618546699] [純粹生成流程] 正在準備上下文...
2025-09-28 00:58:33 - [INFO] - [512280345618546699] [指令實體提取] 通過 LORE 字典找到實體: {'米婭'}
2025-09-28 00:58:33 - [INFO] - [512280345618546699] [LORE錨定] 正在為指令中提及的 ['米婭'] 強制查找LORE檔案...
2025-09-28 00:58:34 - [INFO] - [512280345618546699] [LLM Success] Generation successful using model 'gemini-2.5-flash-lite' with API Key #0.
2025-09-28 00:58:34 - [INFO] - [512280345618546699] [上下文篩選 in 'local' mode] 核心目標: ['米婭'], 背景角色: []
2025-09-28 00:58:34 - [INFO] - [512280345618546699] RAG查詢已擴展為: '聖女 母畜 描述米婭在宅邸散步遇到勛爵 米婭 聖露修道院 Mia 活神蹟'
2025-09-28 00:58:34 - [INFO] - [512280345618546699] [RAG後處理篩選] 已將 15 條初步檢索結果精煉為 12 條與核心角色相關的記憶。
2025-09-28 00:58:34 - [INFO] - [512280345618546699] [RAG摘要-1] 嘗試使用雲端模型處理原始文本...
2025-09-28 00:58:34 - [WARNING] - [512280345618546699] 模型 'gemini-2.5-flash-lite' (Key #1) 遭遇內容審查或安全錯誤: BlockedPromptException。
2025-09-28 00:58:34 - [WARNING] - [512280345618546699] [RAG摘要-1] 雲端模型審查了原始文本。降級到層級 2 (雲端+代碼化)...
2025-09-28 00:58:34 - [WARNING] - [512280345618546699] 模型 'gemini-2.5-flash-lite' (Key #2) 遭遇內容審查或安全錯誤: BlockedPromptException。
2025-09-28 00:58:35 - [ERROR] - [512280345618546699] [RAG摘要-2] 🔥 代碼化備援失敗: Prompt blocked due to PROHIBITED_CONTENT
Traceback (most recent call last):
  File "D:\DINO\SD\ComfyUI\personal_server\ai_lover_service\src\ai_core.py", line 4773, in retrieve_and_summarize_memories
    summary = await self.ainvoke_with_rotation(
  File "D:\DINO\SD\ComfyUI\personal_server\ai_lover_service\src\ai_core.py", line 791, in ainvoke_with_rotation
    raise e
  File "D:\DINO\SD\ComfyUI\personal_server\ai_lover_service\src\ai_core.py", line 762, in ainvoke_with_rotation
    raise BlockedPromptException(f"Prompt blocked due to {response.prompt_feedback.block_reason.name}")
google.generativeai.types.generation_types.BlockedPromptException: Prompt blocked due to PROHIBITED_CONTENT

During handling of the above exception, another exception occurred:

Traceback (most recent call last):
  File "D:\DINO\SD\ComfyUI\personal_server\ai_lover_service\src\ai_core.py", line 4795, in retrieve_and_summarize_memories
    encoded_summary = await self.ainvoke_with_rotation(
  File "D:\DINO\SD\ComfyUI\personal_server\ai_lover_service\src\ai_core.py", line 791, in ainvoke_with_rotation
    raise e
  File "D:\DINO\SD\ComfyUI\personal_server\ai_lover_service\src\ai_core.py", line 762, in ainvoke_with_rotation
    raise BlockedPromptException(f"Prompt blocked due to {response.prompt_feedback.block_reason.name}")
google.generativeai.types.generation_types.BlockedPromptException: Prompt blocked due to PROHIBITED_CONTENT
2025-09-28 00:58:35 - [WARNING] - [512280345618546699] [RAG摘要] 所有雲端策略均失敗。降級到層級 3 (本地模型)...
2025-09-28 00:58:35 - [INFO] - [512280345618546699] [RAG摘要-2A] 正在使用本地模型 'HammerAI/llama-3-lexi-uncensored:latest' 進行摘要...
2025-09-28 00:58:40 - [INFO] - 已成功發送啟動成功通知給管理員。
2025-09-28 01:03:48 - [CRITICAL] - 【重大錯誤】與 Discord 的 WebSocket 連線已中斷！
2025-09-28 01:03:48 - [INFO] - [512280345618546699] [RAG摘要-2A] ✅ 本地模型摘要成功。
2025-09-28 01:03:48 - [INFO] - [512280345618546699] 已成功將 RAG 結果分離為 3 條規則全文和 9 條待摘要文檔。
2025-09-28 01:03:51 - [INFO] - [512280345618546699] [純粹生成流程] 正在執行小說生成...
2025-09-28 01:03:57 - [INFO] - Logged in as AI#4450 (ID: 1358417100250808531)
2025-09-28 01:04:38 - [INFO] - [512280345618546699] [LLM Success] Generation successful using model 'gemini-2.5-pro' with API Key #3.
2025-09-28 01:04:40 - [INFO] - [512280345618546699] [純粹生成流程] 小說文本生成成功，並已為事後分析創建詳細上下文快照。
2025-09-28 01:04:40 - [INFO] - [512280345618546699] 回應已發送。正在啟動統一的「事後分析」任務...
2025-09-28 01:04:42 - [INFO] - [512280345618546699] [事後分析] 正在啟動背景分析任務...
2025-09-28 01:04:45 - [INFO] - [512280345618546699] [LLM Success] Generation successful using model 'gemini-2.5-flash-lite' with API Key #4.
2025-09-28 01:04:45 - [INFO] - [512280345618546699] [長期記憶寫入] 正在保存預生成的安全摘要...
2025-09-28 01:04:45 - [INFO] - [512280345618546699] [長期記憶寫入] 互動記錄已成功保存到 SQL 資料庫。
2025-09-28 01:04:45 - [INFO] - [512280345618546699] [長期記憶寫入] 安全摘要保存完畢。
2025-09-28 01:04:45 - [INFO] - [512280345618546699] [事後分析] 背景分析與處理任務完成。
