### AI Lover Log - Last updated at 2025-09-28T00:39:34.971223 ###

2025-09-27 23:40:24 - [INFO] - [512280345618546699] [指令實體提取] 通過 LORE 字典找到實體: {'神宮花開', '絲月'}
2025-09-27 23:40:24 - [INFO] - [512280345618546699] [LORE錨定] 正在為指令中提及的 ['神宮花開', '絲月'] 強制查找LORE檔案...
2025-09-27 23:40:53 - [INFO] - [512280345618546699] [LLM Success] Generation successful using model 'gemini-2.5-flash-lite' with API Key #0.
2025-09-27 23:40:53 - [INFO] - [512280345618546699] [上下文篩選 in 'remote' mode] 核心目標: ['絲月'], 背景角色: ['卡爾•維利爾斯勳爵', '莉莉絲', '提姆', '班恩', '賈斯伯', '安東尼', '瑪莎', '瑪莉', '愛莉莎', '安娜', '澤拉', '蘇菲', '貝拉', '莉娜', '諾拉', '艾蜜莉', '卡萊兒', '湯姆']
2025-09-27 23:40:53 - [INFO] - [512280345618546699] RAG查詢已擴展為: '艾莉諾 啟蒙者 Siyue 描述絲月在神宮花開 性神教徒 絲月 勳爵夫人 母畜 Eleonora 第一母畜'
2025-09-27 23:40:53 - [INFO] - [512280345618546699] [RAG後處理篩選] 已將 15 條初步檢索結果精煉為 14 條與核心角色相關的記憶。
2025-09-27 23:40:53 - [INFO] - [512280345618546699] [RAG摘要-1] 嘗試使用雲端模型處理原始文本...
2025-09-27 23:40:54 - [WARNING] - [512280345618546699] 模型 'gemini-2.5-flash-lite' (Key #1) 遭遇內容審查錯誤: BlockedPromptException。
2025-09-27 23:40:54 - [WARNING] - [512280345618546699] [RAG摘要-1] 雲端模型審查了原始文本。降級到層級 2 (雲端+代碼化)...
2025-09-27 23:43:51 - [WARNING] - [512280345618546699] 模型 'gemini-2.5-flash-lite' (Key #2) 遭遇內容審查錯誤: BlockedPromptException。
2025-09-27 23:43:51 - [ERROR] - [512280345618546699] [RAG摘要-2] 🔥 代碼化備援失敗: Generation stopped due to finish_reason: MAX_TOKENS
Traceback (most recent call last):
  File "D:\DINO\SD\ComfyUI\personal_server\ai_lover_service\src\ai_core.py", line 4669, in retrieve_and_summarize_memories
    summary = await self.ainvoke_with_rotation(full_prompt, retry_strategy='none')
  File "D:\DINO\SD\ComfyUI\personal_server\ai_lover_service\src\ai_core.py", line 772, in ainvoke_with_rotation
    raise e
  File "D:\DINO\SD\ComfyUI\personal_server\ai_lover_service\src\ai_core.py", line 747, in ainvoke_with_rotation
    raise BlockedPromptException(f"Prompt blocked due to {response.prompt_feedback.block_reason.name}")
google.generativeai.types.generation_types.BlockedPromptException: Prompt blocked due to PROHIBITED_CONTENT

During handling of the above exception, another exception occurred:

Traceback (most recent call last):
  File "D:\DINO\SD\ComfyUI\personal_server\ai_lover_service\src\ai_core.py", line 4683, in retrieve_and_summarize_memories
    encoded_summary = await self.ainvoke_with_rotation(encoded_prompt, retry_strategy='none')
  File "D:\DINO\SD\ComfyUI\personal_server\ai_lover_service\src\ai_core.py", line 772, in ainvoke_with_rotation
    raise e
  File "D:\DINO\SD\ComfyUI\personal_server\ai_lover_service\src\ai_core.py", line 750, in ainvoke_with_rotation
    raise BlockedPromptException(f"Generation stopped due to finish_reason: {finish_reason_name}")
google.generativeai.types.generation_types.BlockedPromptException: Generation stopped due to finish_reason: MAX_TOKENS
2025-09-27 23:43:51 - [WARNING] - [512280345618546699] [RAG摘要] 所有雲端策略均失敗。降級到層級 3 (本地模型)...
2025-09-27 23:43:51 - [INFO] - [512280345618546699] [RAG摘要-2A] 正在使用本地模型 'HammerAI/llama-3-lexi-uncensored:latest' 進行摘要...
2025-09-27 23:44:58 - [INFO] - [512280345618546699] [RAG摘要-2A] ✅ 本地模型摘要成功。
2025-09-27 23:44:58 - [INFO] - [512280345618546699] 已成功將 RAG 結果分離為 3 條規則全文和 11 條待摘要文檔。
2025-09-27 23:45:00 - [INFO] - [512280345618546699] [純粹生成流程] 正在執行小說生成...
2025-09-27 23:45:40 - [INFO] - [512280345618546699] [LLM Success] Generation successful using model 'gemini-2.5-pro' with API Key #3.
2025-09-27 23:45:43 - [INFO] - [512280345618546699] [純粹生成流程] 小說文本生成成功。
2025-09-27 23:45:45 - [INFO] - [512280345618546699] 回應已發送。正在啟動統一的「事後分析」任務...
2025-09-27 23:45:47 - [INFO] - [512280345618546699] [事後分析] 正在啟動背景分析任務...
2025-09-27 23:45:52 - [INFO] - [512280345618546699] [LLM Success] Generation successful using model 'gemini-2.5-flash-lite' with API Key #4.
2025-09-27 23:45:52 - [INFO] - [512280345618546699] [長期記憶寫入] 正在保存預生成的安全摘要...
2025-09-27 23:45:52 - [INFO] - [512280345618546699] [長期記憶寫入] 互動記錄已成功保存到 SQL 資料庫。
2025-09-27 23:45:52 - [INFO] - [512280345618546699] [長期記憶寫入] 安全摘要保存完畢。
2025-09-27 23:45:52 - [INFO] - [512280345618546699] [事後分析] 背景分析與處理任務完成。
2025-09-27 23:52:08 - [INFO] - 所有持久化 UI 視圖已成功註冊。
2025-09-27 23:52:08 - [INFO] - 正在嘗試將應用程式指令 (Slash Commands) 全域同步到 Discord...
2025-09-27 23:52:09 - [INFO] - ✅ 應用程式指令全域同步成功！(注意：全域指令更新可能需要長達一小時才能在所有伺服器生效)
2025-09-27 23:52:09 - [INFO] - Discord Bot is ready!
2025-09-27 23:52:12 - [INFO] - 【健康檢查 & Keep-Alive】背景任務已啟動。
2025-09-27 23:52:12 - [INFO] - Logged in as AI#4450 (ID: 1358417100250808531)
2025-09-27 23:52:12 - [INFO] - 已成功發送啟動成功通知給管理員。
2025-09-27 23:57:21 - [INFO] - 所有持久化 UI 視圖已成功註冊。
2025-09-27 23:57:21 - [INFO] - 正在嘗試將應用程式指令 (Slash Commands) 全域同步到 Discord...
2025-09-27 23:57:22 - [INFO] - ✅ 應用程式指令全域同步成功！(注意：全域指令更新可能需要長達一小時才能在所有伺服器生效)
2025-09-27 23:57:22 - [INFO] - Discord Bot is ready!
2025-09-27 23:57:26 - [INFO] - 【健康檢查 & Keep-Alive】背景任務已啟動。
2025-09-27 23:57:26 - [INFO] - Logged in as AI#4450 (ID: 1358417100250808531)
2025-09-27 23:57:26 - [INFO] - 已成功發送啟動成功通知給管理員。
2025-09-27 23:57:38 - [INFO] - [512280345618546699] 後台重置任務開始...
2025-09-27 23:57:38 - [INFO] - 使用者 512280345618546699 沒有活躍的 AI 實例，嘗試創建...
2025-09-27 23:57:38 - [INFO] - [512280345618546699] 核心數據模板 'world_snapshot_template.txt' 已成功加載。
2025-09-27 23:57:38 - [INFO] - [512280345618546699] 核心協議 '00_supreme_directive.txt' 已成功加載。
2025-09-27 23:57:38 - [INFO] - [512280345618546699] [RAG持久化] 成功從磁碟加載了 124 條文檔到 RAG 語料庫。
2025-09-27 23:57:38 - [INFO] - [512280345618546699] (Retriever Builder) 已成功從持久化檔案構建 RAG 檢索器。
2025-09-27 23:57:38 - [INFO] - [512280345618546699] 所有構建鏈的前置資源已準備就緒。
2025-09-27 23:57:38 - [INFO] - 為使用者 512280345618546699 成功創建並初始化 AI 實例。
2025-09-27 23:57:38 - [INFO] - [512280345618546699] 正在從資料庫恢復短期場景記憶...
2025-09-27 23:57:38 - [INFO] - [512280345618546699] 成功恢復了 2 個場景的對話歷史，總計 9 條訊息。
2025-09-27 23:57:38 - [INFO] - [512280345618546699] 正在關閉 AI 實例並釋放資源...
2025-09-27 23:57:39 - [INFO] - [512280345618546699] AI 實例資源已釋放。
2025-09-27 23:57:41 - [INFO] - [512280345618546699] 正在清除所有短期場景記憶...
2025-09-27 23:57:41 - [INFO] - [512280345618546699] 已成功從資料庫中刪除 9 條場景歷史記錄。
2025-09-27 23:57:42 - [INFO] - [512280345618546699] (UI Event) Persistent 'StartSetupView' button clicked.
2025-09-27 23:57:52 - [INFO] - [512280345618546699] (UI Event) WorldSettingsModal submitted. is_setup_flow: True
2025-09-27 23:57:52 - [INFO] - 使用者 512280345618546699 沒有活躍的 AI 實例，嘗試創建...
2025-09-27 23:57:52 - [INFO] - [512280345618546699] 處於設定流程中，即使資料庫無記錄，也創建一個臨時的記憶體實例。
2025-09-27 23:57:52 - [INFO] - [512280345618546699] 核心數據模板 'world_snapshot_template.txt' 已成功加載。
2025-09-27 23:57:52 - [INFO] - [512280345618546699] 核心協議 '00_supreme_directive.txt' 已成功加載。
2025-09-27 23:57:52 - [INFO] - [512280345618546699] (Retriever Builder) 未找到持久化 RAG 索引，正在從資料庫執行全量創始構建...
2025-09-27 23:57:52 - [INFO] - [512280345618546699] (Retriever Builder) 已從 SQL 和 LORE 加載 0 條文檔用於創始構建。
2025-09-27 23:57:52 - [INFO] - [512280345618546699] (Retriever Builder) 知識庫為空，創始構建為空。
2025-09-27 23:57:52 - [INFO] - [512280345618546699] 所有構建鏈的前置資源已準備就緒。
2025-09-27 23:57:52 - [INFO] - [512280345618546699] 接收到 profile 更新請求: ['world_settings']
2025-09-27 23:57:52 - [WARNING] - [512280345618546699] 在持久化更新時找不到使用者資料，將創建新記錄。
2025-09-27 23:57:53 - [INFO] - [512280345618546699] Profile 更新並持久化成功。
2025-09-27 23:57:55 - [INFO] - [512280345618546699] (UI Event) Persistent 'ContinueToUserSetupView' button clicked.
2025-09-27 23:58:07 - [INFO] - [512280345618546699] (UI Event) CharacterSettingsModal submitted for profile_type: 'user', is_setup_flow: True
2025-09-27 23:58:07 - [INFO] - [512280345618546699] 接收到 profile 更新請求: ['user_profile']
2025-09-27 23:58:07 - [INFO] - [512280345618546699] Profile 更新並持久化成功。
2025-09-27 23:58:08 - [INFO] - [512280345618546699] (UI Event) Persistent 'ContinueToAiSetupView' button clicked.
2025-09-27 23:58:20 - [INFO] - [512280345618546699] (UI Event) CharacterSettingsModal submitted for profile_type: 'ai', is_setup_flow: True
2025-09-27 23:58:20 - [INFO] - [512280345618546699] 接收到 profile 更新請求: ['ai_profile']
2025-09-27 23:58:20 - [INFO] - [512280345618546699] Profile 更新並持久化成功。
2025-09-27 23:58:27 - [INFO] - [512280345618546699] [创世流程] 档案上传开始，已设置 active_setups 状态锁。
2025-09-27 23:58:34 - [INFO] - [512280345618546699] (on_message) 偵測到用戶處於活躍的創世流程中，已忽略常規訊息 '...' 以防止競爭。
2025-09-27 23:58:37 - [INFO] - [512280345618546699] 独立的后台创世流程已为用户启动。
2025-09-27 23:58:37 - [INFO] - [512280345618546699] [后台创世 1/4] 正在处理世界圣经...
2025-09-27 23:58:37 - [INFO] - [512280345618546699] (Canon Processor) 正在啟動敘事提取安全管線...
2025-09-27 23:58:37 - [INFO] - [512280345618546699] [敘事提取 1/4] 正在嘗試【理想方案：雲端宏觀提取】...
2025-09-27 23:58:38 - [WARNING] - [512280345618546699] [创世流程] 档案上传流程结束/异常，但后台任务未接管状态锁，在此处释放。
2025-09-27 23:59:38 - [INFO] - [512280345618546699] [LLM Success] Generation successful using model 'gemini-2.5-flash-lite' with API Key #0.
2025-09-27 23:59:38 - [INFO] - [512280345618546699] [敘事提取 1/4] ✅ 成功！
2025-09-27 23:59:39 - [INFO] - [512280345618546699] (Canon Processor) ✅ 智能敘事RAG注入成功！已將 30 個劇情摘要文本塊存入長期記憶。
2025-09-27 23:59:39 - [INFO] - [512280345618546699] [后台创世 1/4] 正在进行 LORE 智能解析...
2025-09-27 23:59:39 - [INFO] - [512280345618546699] [創世 LORE 解析] 正在啟動多層降級解析管線...
2025-09-27 23:59:39 - [INFO] - [512280345618546699] [LORE 解析 1/5] 正在嘗試【理想方案：雲端宏觀解析】...
2025-09-28 00:00:36 - [INFO] - [512280345618546699] [LLM Success] Generation successful using model 'gemini-2.5-flash-lite' with API Key #1.
2025-09-28 00:00:36 - [INFO] - [512280345618546699] [LORE 解析 1/5] ✅ 成功！
2025-09-28 00:00:36 - [INFO] - [512280345618546699] [混合式安全驗證器] 正在啟動，對 63 個NPC檔案進行【分批】最終校驗...
2025-09-28 00:00:36 - [INFO] - [512280345618546699] [別名驗證] 正在處理批次 1/7...
2025-09-28 00:00:39 - [INFO] - [512280345618546699] [LLM Success] Generation successful using model 'gemini-2.5-flash-lite' with API Key #2.
2025-09-28 00:00:40 - [WARNING] - [512280345618546699] [混合式安全驗證器] 檢測到角色 '絲月' 的身份遺漏或偏差，已強制從原文交叉驗證後修正 aliases 列表。
2025-09-28 00:00:40 - [WARNING] - [512280345618546699] [混合式安全驗證器] 檢測到角色 '莉莉絲' 的身份遺漏或偏差，已強制從原文交叉驗證後修正 aliases 列表。
2025-09-28 00:00:42 - [INFO] - [512280345618546699] [別名驗證] 正在處理批次 2/7...
2025-09-28 00:01:41 - [INFO] - [512280345618546699] [LLM Success] Generation successful using model 'gemini-2.5-flash-lite' with API Key #3.
2025-09-28 00:01:43 - [INFO] - [512280345618546699] [別名驗證] 正在處理批次 3/7...
2025-09-28 00:01:47 - [INFO] - [512280345618546699] [LLM Success] Generation successful using model 'gemini-2.5-flash-lite' with API Key #4.
2025-09-28 00:01:49 - [INFO] - [512280345618546699] [別名驗證] 正在處理批次 4/7...
2025-09-28 00:01:51 - [INFO] - [512280345618546699] [LLM Success] Generation successful using model 'gemini-2.5-flash-lite' with API Key #5.
2025-09-28 00:01:51 - [WARNING] - [512280345618546699] [混合式安全驗證器] 檢測到角色 '阿利斯特' 的身份遺漏或偏差，已強制從原文交叉驗證後修正 aliases 列表。
2025-09-28 00:01:53 - [INFO] - [512280345618546699] [別名驗證] 正在處理批次 5/7...
2025-09-28 00:01:55 - [INFO] - [512280345618546699] [LLM Success] Generation successful using model 'gemini-2.5-flash-lite' with API Key #0.
2025-09-28 00:01:57 - [INFO] - [512280345618546699] [別名驗證] 正在處理批次 6/7...
2025-09-28 00:02:00 - [INFO] - [512280345618546699] [LLM Success] Generation successful using model 'gemini-2.5-flash-lite' with API Key #1.
2025-09-28 00:02:00 - [WARNING] - [512280345618546699] [混合式安全驗證器] 檢測到角色 '博林勳爵' 的身份遺漏或偏差，已強制從原文交叉驗證後修正 aliases 列表。
2025-09-28 00:02:02 - [INFO] - [512280345618546699] [別名驗證] 正在處理批次 7/7...
2025-09-28 00:02:03 - [INFO] - [512280345618546699] [LLM Success] Generation successful using model 'gemini-2.5-flash-lite' with API Key #2.
2025-09-28 00:02:03 - [WARNING] - [512280345618546699] [混合式安全驗證器] 檢測到角色 '博林勳爵' 的身份遺漏或偏差，已強制從原文交叉驗證後修正 aliases 列表。
2025-09-28 00:02:05 - [INFO] - [512280345618546699] [混合式安全驗證器] 所有批次的校驗已全部完成。
2025-09-28 00:02:05 - [INFO] - [512280345618546699] [LORE自動鏈接] 正在啟動規則模板自動識別與鏈接模塊...
2025-09-28 00:02:05 - [INFO] - [512280345618546699] [LORE自動鏈接] ✅ 成功！已自動為規則 '母畜在宅邸的禮儀' 鏈接到身份: ['母畜']
2025-09-28 00:02:05 - [INFO] - [512280345618546699] [關係圖譜校準] 正在啟動事後關係校準模塊...
2025-09-28 00:02:05 - [INFO] - [512280345618546699] [關係圖譜校準] 更新反向鏈接: 莉莉絲 -> 絲月 (New Roles: ['子女', '母畜', '母親'])
2025-09-28 00:02:05 - [INFO] - [512280345618546699] [關係圖譜校準] 更新反向鏈接: 里奧 -> 絲月 (New Roles: ['被使用者', '僕人'])
2025-09-28 00:02:05 - [INFO] - [512280345618546699] [關係圖譜校準] 創建反向鏈接: 湯姆 -> 絲月 (Roles: ['僕人'])
2025-09-28 00:02:05 - [INFO] - [512280345618546699] [關係圖譜校準] 創建反向鏈接: 賈斯伯 -> 絲月 (Roles: ['僕人'])
2025-09-28 00:02:05 - [INFO] - [512280345618546699] [關係圖譜校準] 更新反向鏈接: 絲月 -> 莉莉絲 (New Roles: ['子女', '母親', '聖女'])
2025-09-28 00:02:05 - [INFO] - [512280345618546699] [關係圖譜校準] 更新反向鏈接: 克拉拉 -> 莉莉絲 (New Roles: ['對手/被質疑者', '對手'])
2025-09-28 00:02:05 - [INFO] - [512280345618546699] [關係圖譜校準] 更新反向鏈接: 湯姆 -> 米婭 (New Roles: ['受測者', '合作者/管理者', '使用者'])
2025-09-28 00:02:05 - [INFO] - [512280345618546699] [關係圖譜校準] 創建反向鏈接: 絲月 -> 米婭 (Roles: ['引導者'])
2025-09-28 00:02:05 - [INFO] - [512280345618546699] [關係圖譜校準] 更新反向鏈接: 卡蓮 -> 米婭 (New Roles: ['同僚/聖女', '聖女'])
2025-09-28 00:02:05 - [INFO] - [512280345618546699] [關係圖譜校準] 更新反向鏈接: 艾拉 -> 米婭 (New Roles: ['引導者', '下屬/女祭司'])
2025-09-28 00:02:05 - [INFO] - [512280345618546699] [關係圖譜校準] 更新反向鏈接: 凱爾 -> 米婭 (New Roles: ['守護者', '上級'])
2025-09-28 00:02:05 - [INFO] - [512280345618546699] [關係圖譜校準] 創建反向鏈接: 里斯 -> 米婭 (Roles: ['守護者'])
2025-09-28 00:02:05 - [INFO] - [512280345618546699] [關係圖譜校準] 更新反向鏈接: 凱爾 -> 卡蓮 (New Roles: ['被使用者', '使用者/恩澤提供者', '恩澤提供者'])
2025-09-28 00:02:05 - [INFO] - [512280345618546699] [關係圖譜校準] 更新反向鏈接: 米婭 -> 卡蓮 (New Roles: ['同僚/聖女', '第二聖女'])
2025-09-28 00:02:05 - [INFO] - [512280345618546699] [關係圖譜校準] 創建反向鏈接: 艾拉 -> 卡蓮 (Roles: ['同僚/女祭司'])
2025-09-28 00:02:05 - [INFO] - [512280345618546699] [關係圖譜校準] 更新反向鏈接: 凱爾 -> 艾拉 (New Roles: ['被使用者', '兄妹/使用者', '妹妹'])
2025-09-28 00:02:05 - [INFO] - [512280345618546699] [關係圖譜校準] 更新反向鏈接: 米婭 -> 艾拉 (New Roles: ['女祭司', '上級/引導者'])
2025-09-28 00:02:05 - [INFO] - [512280345618546699] [關係圖譜校準] 更新反向鏈接: 卡蓮 -> 艾拉 (New Roles: ['女祭司', '同僚/女祭司'])
2025-09-28 00:02:05 - [INFO] - [512280345618546699] [關係圖譜校準] 更新反向鏈接: 艾拉 -> 凱爾 (New Roles: ['哥哥', '妹妹/被使用者', '使用者'])
2025-09-28 00:02:05 - [INFO] - [512280345618546699] [關係圖譜校準] 更新反向鏈接: 卡蓮 -> 凱爾 (New Roles: ['被使用者/恩澤提供者', '使用者', '恩澤提供者'])
2025-09-28 00:02:05 - [INFO] - [512280345618546699] [關係圖譜校準] 更新反向鏈接: 里斯 -> 凱爾 (New Roles: ['守護者', '同僚', '同僚/守護者'])
2025-09-28 00:02:05 - [INFO] - [512280345618546699] [關係圖譜校準] 更新反向鏈接: 米婭 -> 凱爾 (New Roles: ['上級', '聖殿守護者'])
2025-09-28 00:02:05 - [INFO] - [512280345618546699] [關係圖譜校準] 更新反向鏈接: 瑪倫 -> 里斯 (New Roles: ['守護者', '兒子', '子女'])
2025-09-28 00:02:05 - [INFO] - [512280345618546699] [關係圖譜校準] 更新反向鏈接: 凱爾 -> 里斯 (New Roles: ['守護者', '同僚', '同僚/守護者'])
2025-09-28 00:02:05 - [INFO] - [512280345618546699] [關係圖譜校準] 更新反向鏈接: 米婭 -> 里斯 (New Roles: ['守護者', '聖殿守護者'])
2025-09-28 00:02:05 - [INFO] - [512280345618546699] [關係圖譜校準] 更新反向鏈接: 里斯 -> 瑪倫 (New Roles: ['父母', '被守護者', '母親'])
2025-09-28 00:02:05 - [INFO] - [512280345618546699] [關係圖譜校準] 創建反向鏈接: 米婭 -> 索菲亞 (Roles: ['引導者'])
2025-09-28 00:02:05 - [INFO] - [512280345618546699] [關係圖譜校準] 創建反向鏈接: 凱爾 -> 索菲亞 (Roles: ['治療者/使用者'])
2025-09-28 00:02:05 - [INFO] - [512280345618546699] [關係圖譜校準] 更新反向鏈接: 湯姆 -> 索菲亞 (New Roles: ['治療者', '使用者', '治療者/使用者'])
2025-09-28 00:02:05 - [INFO] - [512280345618546699] [關係圖譜校準] 創建反向鏈接: 米婭 -> 泰莎 (Roles: ['引導者'])
2025-09-28 00:02:05 - [INFO] - [512280345618546699] [關係圖譜校準] 創建反向鏈接: 里斯 -> 老漢姆 (Roles: ['間接影響者'])
2025-09-28 00:02:05 - [INFO] - [512280345618546699] [關係圖譜校準] 創建反向鏈接: 米婭 -> 老漢姆 (Roles: ['目擊者'])
2025-09-28 00:02:05 - [INFO] - [512280345618546699] [關係圖譜校準] 更新反向鏈接: 米婭 -> 湯姆 (New Roles: ['管理者', '受測者/使用者'])
2025-09-28 00:02:05 - [INFO] - [512280345618546699] [關係圖譜校準] 更新反向鏈接: 索菲亞 -> 湯姆 (New Roles: ['治療者', '使用者', '治療者/使用者'])
2025-09-28 00:02:05 - [INFO] - [512280345618546699] [關係圖譜校準] 更新反向鏈接: 澤拉 -> 班恩 (New Roles: ['被施暴者', '施暴者'])
2025-09-28 00:02:05 - [INFO] - [512280345618546699] [關係圖譜校準] 更新反向鏈接: 蘇菲 -> 提姆 (New Roles: ['被使用者', '使用者'])
2025-09-28 00:02:05 - [INFO] - [512280345618546699] [關係圖譜校準] 更新反向鏈接: 艾蜜莉 -> 安東尼 (New Roles: ['被使用者', '使用者'])
2025-09-28 00:02:05 - [INFO] - [512280345618546699] [關係圖譜校準] 更新反向鏈接: 班恩 -> 澤拉 (New Roles: ['施暴者', '被施暴者'])
2025-09-28 00:02:05 - [INFO] - [512280345618546699] [關係圖譜校準] 更新反向鏈接: 提姆 -> 蘇菲 (New Roles: ['被使用者', '使用者'])
2025-09-28 00:02:05 - [INFO] - [512280345618546699] [關係圖譜校準] 更新反向鏈接: 安東尼 -> 艾蜜莉 (New Roles: ['被使用者', '使用者'])
2025-09-28 00:02:05 - [INFO] - [512280345618546699] [關係圖譜校準] 更新反向鏈接: 莉莉絲 -> 老高 (New Roles: ['合作者', '導師'])
2025-09-28 00:02:05 - [INFO] - [512280345618546699] [關係圖譜校準] 更新反向鏈接: 亞瑟 -> 老高 (New Roles: ['滲透者', '目標/被滲透者'])
2025-09-28 00:02:05 - [INFO] - [512280345618546699] [關係圖譜校準] 更新反向鏈接: 馬丁 -> 老高 (New Roles: ['滲透者', '目標/被滲透者'])
2025-09-28 00:02:05 - [INFO] - [512280345618546699] [關係圖譜校準] 創建反向鏈接: 莉莉絲 -> 亞瑟 (Roles: ['影響者'])
2025-09-28 00:02:05 - [INFO] - [512280345618546699] [關係圖譜校準] 更新反向鏈接: 老高 -> 亞瑟 (New Roles: ['滲透者', '被滲透者'])
2025-09-28 00:02:05 - [INFO] - [512280345618546699] [關係圖譜校準] 創建反向鏈接: 莉莉絲 -> 馬丁 (Roles: ['影響者'])
2025-09-28 00:02:05 - [INFO] - [512280345618546699] [關係圖譜校準] 更新反向鏈接: 老高 -> 馬丁 (New Roles: ['滲透者', '被滲透者'])
2025-09-28 00:02:05 - [INFO] - [512280345618546699] [關係圖譜校準] 更新反向鏈接: 莉莉絲 -> 克拉拉 (New Roles: ['學生領袖', '對手'])
2025-09-28 00:02:05 - [INFO] - [512280345618546699] [關係圖譜校準] 更新反向鏈接: 高爾 -> 克拉拉 (New Roles: ['領導者', '追隨者', '質疑對象'])
2025-09-28 00:02:05 - [INFO] - [512280345618546699] [關係圖譜校準] 更新反向鏈接: 翠絲 -> 克拉拉 (New Roles: ['領導者', '追隨者'])
2025-09-28 00:02:05 - [INFO] - [512280345618546699] [關係圖譜校準] 更新反向鏈接: 迪茜 -> 克拉拉 (New Roles: ['領導者', '追隨者'])
2025-09-28 00:02:05 - [INFO] - [512280345618546699] [關係圖譜校準] 更新反向鏈接: 克拉拉 -> 高爾 (New Roles: ['追隨者', '領導者/質疑對象'])
2025-09-28 00:02:05 - [INFO] - [512280345618546699] [關係圖譜校準] 更新反向鏈接: 克拉拉 -> 翠絲 (New Roles: ['領導者', '追隨者'])
2025-09-28 00:02:05 - [INFO] - [512280345618546699] [關係圖譜校準] 更新反向鏈接: 克拉拉 -> 迪茜 (New Roles: ['領導者', '追隨者'])
2025-09-28 00:02:05 - [INFO] - [512280345618546699] [關係圖譜校準] 創建反向鏈接: 莉莉絲 -> 阿利斯特 (Roles: ['諮詢對象'])
2025-09-28 00:02:05 - [INFO] - [512280345618546699] [關係圖譜校準] 創建反向鏈接: 莉莉絲 -> 麥可 (Roles: ['對手'])
2025-09-28 00:02:05 - [INFO] - [512280345618546699] [關係圖譜校準] 更新反向鏈接: 菲利普•薩格納 -> 薩格納將軍 (New Roles: ['父母', '父親'])
2025-09-28 00:02:05 - [INFO] - [512280345618546699] [關係圖譜校準] 更新反向鏈接: 布里奇特 -> 薩格納將軍 (New Roles: ['父母', '父親'])
2025-09-28 00:02:05 - [INFO] - [512280345618546699] [關係圖譜校準] 更新反向鏈接: 瓦萊麗 -> 薩格納將軍 (New Roles: ['父母', '父親'])
2025-09-28 00:02:05 - [INFO] - [512280345618546699] [關係圖譜校準] 更新反向鏈接: 國王埃德蒙三世 -> 薩格納將軍 (New Roles: ['合作者', '上級/合作者', '下屬'])
2025-09-28 00:02:05 - [INFO] - [512280345618546699] [關係圖譜校準] 更新反向鏈接: 薩格納將軍 -> 菲利普•薩格納 (New Roles: ['子女', '兒子'])
2025-09-28 00:02:05 - [INFO] - [512280345618546699] [關係圖譜校準] 更新反向鏈接: 布里奇特 -> 菲利普•薩格納 (New Roles: ['哥哥', '妹妹/被教育者', '教官'])
2025-09-28 00:02:05 - [INFO] - [512280345618546699] [關係圖譜校準] 更新反向鏈接: 瓦萊麗 -> 菲利普•薩格納 (New Roles: ['哥哥', '妹妹/被教育者', '教官'])
2025-09-28 00:02:05 - [INFO] - [512280345618546699] [關係圖譜校準] 更新反向鏈接: 薩格納將軍 -> 布里奇特 (New Roles: ['子女', '女兒', '分享對象'])
2025-09-28 00:02:05 - [INFO] - [512280345618546699] [關係圖譜校準] 更新反向鏈接: 菲利普•薩格納 -> 布里奇特 (New Roles: ['妹妹', '哥哥/教官', '被教育者'])
2025-09-28 00:02:05 - [INFO] - [512280345618546699] [關係圖譜校準] 更新反向鏈接: 薩格納將軍 -> 瓦萊麗 (New Roles: ['子女', '女兒', '分享對象'])
2025-09-28 00:02:05 - [INFO] - [512280345618546699] [關係圖譜校準] 更新反向鏈接: 菲利普•薩格納 -> 瓦萊麗 (New Roles: ['妹妹', '哥哥/教官', '被教育者'])
2025-09-28 00:02:05 - [INFO] - [512280345618546699] [關係圖譜校準] 更新反向鏈接: 薩格納將軍 -> 國王埃德蒙三世 (New Roles: ['合作者', '上級', '下屬/合作者'])
2025-09-28 00:02:05 - [INFO] - [512280345618546699] [關係圖譜校準] 創建反向鏈接: 國王埃德蒙三世 -> 大皇子阿拉里克 (Roles: ['子女'])
2025-09-28 00:02:05 - [INFO] - [512280345618546699] [關係圖譜校準] 創建反向鏈接: 國王埃德蒙三世 -> 三皇子赫克托 (Roles: ['子女'])
2025-09-28 00:02:05 - [INFO] - [512280345618546699] [關係圖譜校準] 創建反向鏈接: 菲利普•薩格納 -> 三皇子赫克托 (Roles: ['對手'])
2025-09-28 00:02:05 - [INFO] - [512280345618546699] [關係圖譜校準] 創建反向鏈接: 國王埃德蒙三世 -> 二公主塞拉菲娜 (Roles: ['子女'])
2025-09-28 00:02:05 - [INFO] - [512280345618546699] [關係圖譜校準] 創建反向鏈接: 國王埃德蒙三世 -> 三皇女伊索爾德 (Roles: ['子女'])
2025-09-28 00:02:05 - [INFO] - [512280345618546699] [關係圖譜校準] 創建反向鏈接: 博林勳爵 -> 三皇女伊索爾德 (Roles: ['轉化對象'])
2025-09-28 00:02:05 - [INFO] - [512280345618546699] [關係圖譜校準] 創建反向鏈接: 國王埃德蒙三世 -> 博林勳爵 (Roles: ['上級'])
2025-09-28 00:02:05 - [INFO] - [512280345618546699] [關係圖譜校準] 創建反向鏈接: 國王埃德蒙三世 -> 安布羅斯 (Roles: ['政治對手/施壓對象'])
2025-09-28 00:02:05 - [INFO] - [512280345618546699] [關係圖譜校準] 更新反向鏈接: 米婭 -> 瓦勒留斯 (New Roles: ['神父', '對手'])
2025-09-28 00:02:05 - [INFO] - [512280345618546699] (_resolve_and_save) 正在為 'npc_profile' 類別處理 63 個實體...
2025-09-28 00:03:58 - [INFO] - [512280345618546699] [LLM Success] Generation successful using model 'gemini-2.5-pro' with API Key #3.
2025-09-28 00:03:58 - [INFO] - [512280345618546699] [實體解析] 成功生成解析計畫，包含 63 條決策。
2025-09-28 00:04:06 - [INFO] - [512280345618546699] (_resolve_and_save) 正在為 'location_info' 類別處理 12 個實體...
2025-09-28 00:04:08 - [INFO] - [512280345618546699] (_resolve_and_save) 正在為 'creature_info' 類別處理 1 個實體...
2025-09-28 00:04:08 - [INFO] - [512280345618546699] (_resolve_and_save) 正在為 'world_lore' 類別處理 11 個實體...
2025-09-28 00:04:11 - [INFO] - [512280345618546699] [創世 LORE 解析] 管線成功完成。正在觸發 RAG 全量重建...
2025-09-28 00:04:11 - [INFO] - [512280345618546699] (Retriever Builder) 強制重建觸發，正在從資料庫執行全量創始構建...
2025-09-28 00:04:11 - [INFO] - [512280345618546699] (Retriever Builder) 已從 SQL 和 LORE 加載 114 條文檔用於創始構建。
2025-09-28 00:04:11 - [INFO] - [512280345618546699] (Retriever Builder) 創始構建成功，並已將索引持久化到磁碟。
2025-09-28 00:04:11 - [INFO] - [512280345618546699] [創世 LORE 解析] RAG 索引全量重建完成。
2025-09-28 00:04:11 - [INFO] - [512280345618546699] [后台创世 1/4] LORE 智能解析已同步完成。
2025-09-28 00:04:11 - [INFO] - [512280345618546699] [后台创世 2/4] 正在补完角色档案...
2025-09-28 00:04:13 - [INFO] - [512280345618546699] [LLM Success] Generation successful using model 'gemini-2.5-flash-lite' with API Key #5.
2025-09-28 00:04:19 - [INFO] - [512280345618546699] [LLM Success] Generation successful using model 'gemini-2.5-flash-lite' with API Key #4.
2025-09-28 00:04:19 - [INFO] - [512280345618546699] 接收到 profile 更新請求: ['user_profile', 'ai_profile']
2025-09-28 00:04:19 - [INFO] - [512280345618546699] Profile 更新並持久化成功。
2025-09-28 00:04:19 - [INFO] - [512280345618546699] [后台创世 3/4] 正在生成世界创世资讯...
2025-09-28 00:04:21 - [WARNING] - [512280345618546699] 模型 'gemini-2.5-flash-lite' (Key #0) 遭遇內容審查或安全錯誤: BlockedPromptException。
2025-09-28 00:04:21 - [WARNING] - [512280345618546699] 最終生成鏈遭遇審查。啟動【最高指令集注入重試】策略...
2025-09-28 00:04:21 - [INFO] - [512280345618546699] 已對 Prompt 附加完整的核心指令集，正在進行強化重試...
2025-09-28 00:04:56 - [INFO] - [512280345618546699] [LLM Success] Generation successful using model 'gemini-2.5-pro' with API Key #1.
2025-09-28 00:04:56 - [INFO] - [512280345618546699] 接收到 profile 更新請求: ['game_state']
2025-09-28 00:04:56 - [INFO] - [512280345618546699] Profile 更新並持久化成功。
2025-09-28 00:04:56 - [INFO] - [512280345618546699] [/start] 初始地點 '王國 > 王都城鎮區 > 咆哮壁爐酒館' 已成功生成並存入LORE。
2025-09-28 00:04:56 - [INFO] - [512280345618546699] [后台创世 4/4] 正在生成开场白...
2025-09-28 00:05:24 - [INFO] - [512280345618546699] [LLM Success] Generation successful using model 'gemini-2.5-pro' with API Key #2.
2025-09-28 00:05:24 - [INFO] - [512280345618546699] [后台创世 4/4] 开场白生成完毕。
2025-09-28 00:05:24 - [INFO] - [512280345618546699] [后台创世] 正在向使用者私讯发送最终开场白...
2025-09-28 00:05:25 - [INFO] - [512280345618546699] [后台创世] 开场白发送完毕。
2025-09-28 00:05:25 - [INFO] - [512280345618546699] 后台创世流程结束，状态锁已释放。
2025-09-28 00:07:35 - [INFO] - [512280345618546699] 啟動「純粹生成」對話流程...
2025-09-28 00:07:35 - [INFO] - [512280345618546699] [純粹生成流程] 正在準備上下文...
2025-09-28 00:07:35 - [INFO] - [512280345618546699] [指令實體提取] 通過 LORE 字典找到實體: {'米婭'}
2025-09-28 00:07:35 - [INFO] - [512280345618546699] [LORE錨定] 正在為指令中提及的 ['米婭'] 強制查找LORE檔案...
2025-09-28 00:07:36 - [INFO] - [512280345618546699] [LLM Success] Generation successful using model 'gemini-2.5-flash-lite' with API Key #3.
2025-09-28 00:07:36 - [INFO] - [512280345618546699] [上下文篩選 in 'local' mode] 核心目標: ['米婭'], 背景角色: []
2025-09-28 00:07:36 - [INFO] - [512280345618546699] RAG查詢已擴展為: '活神蹟 聖女 聖露修道院 Mia 母畜 描述米婭在宅邸散步遇到勛爵 米婭'
2025-09-28 00:07:36 - [INFO] - [512280345618546699] [RAG後處理篩選] 已將 15 條初步檢索結果精煉為 12 條與核心角色相關的記憶。
2025-09-28 00:07:36 - [INFO] - [512280345618546699] [RAG摘要-1] 嘗試使用雲端模型處理原始文本...
2025-09-28 00:07:36 - [WARNING] - [512280345618546699] 模型 'gemini-2.5-flash-lite' (Key #4) 遭遇內容審查或安全錯誤: BlockedPromptException。
2025-09-28 00:07:36 - [WARNING] - [512280345618546699] [RAG摘要-1] 雲端模型審查了原始文本。降級到層級 2 (雲端+代碼化)...
2025-09-28 00:07:36 - [WARNING] - [512280345618546699] 模型 'gemini-2.5-flash-lite' (Key #5) 遭遇內容審查或安全錯誤: BlockedPromptException。
2025-09-28 00:07:36 - [ERROR] - [512280345618546699] [RAG摘要-2] 🔥 代碼化備援失敗: Prompt blocked due to PROHIBITED_CONTENT
Traceback (most recent call last):
  File "D:\DINO\SD\ComfyUI\personal_server\ai_lover_service\src\ai_core.py", line 4708, in retrieve_and_summarize_memories
    summary = await self.ainvoke_with_rotation(
  File "D:\DINO\SD\ComfyUI\personal_server\ai_lover_service\src\ai_core.py", line 780, in ainvoke_with_rotation
    raise e
  File "D:\DINO\SD\ComfyUI\personal_server\ai_lover_service\src\ai_core.py", line 751, in ainvoke_with_rotation
    raise BlockedPromptException(f"Prompt blocked due to {response.prompt_feedback.block_reason.name}")
google.generativeai.types.generation_types.BlockedPromptException: Prompt blocked due to PROHIBITED_CONTENT

During handling of the above exception, another exception occurred:

Traceback (most recent call last):
  File "D:\DINO\SD\ComfyUI\personal_server\ai_lover_service\src\ai_core.py", line 4726, in retrieve_and_summarize_memories
    encoded_summary = await self.ainvoke_with_rotation(
  File "D:\DINO\SD\ComfyUI\personal_server\ai_lover_service\src\ai_core.py", line 780, in ainvoke_with_rotation
    raise e
  File "D:\DINO\SD\ComfyUI\personal_server\ai_lover_service\src\ai_core.py", line 751, in ainvoke_with_rotation
    raise BlockedPromptException(f"Prompt blocked due to {response.prompt_feedback.block_reason.name}")
google.generativeai.types.generation_types.BlockedPromptException: Prompt blocked due to PROHIBITED_CONTENT
2025-09-28 00:07:36 - [WARNING] - [512280345618546699] [RAG摘要] 所有雲端策略均失敗。降級到層級 3 (本地模型)...
2025-09-28 00:07:36 - [INFO] - [512280345618546699] [RAG摘要-2A] 正在使用本地模型 'HammerAI/llama-3-lexi-uncensored:latest' 進行摘要...
2025-09-28 00:09:09 - [INFO] - [512280345618546699] [RAG摘要-2A] ✅ 本地模型摘要成功。
2025-09-28 00:09:09 - [INFO] - [512280345618546699] 已成功將 RAG 結果分離為 3 條規則全文和 9 條待摘要文檔。
2025-09-28 00:09:12 - [INFO] - [512280345618546699] [純粹生成流程] 正在執行小說生成...
2025-09-28 00:10:44 - [INFO] - [512280345618546699] [LLM Success] Generation successful using model 'gemini-2.5-pro' with API Key #0.
2025-09-28 00:10:46 - [INFO] - [512280345618546699] [純粹生成流程] 小說文本生成成功。
2025-09-28 00:10:46 - [INFO] - [512280345618546699] 回應已發送。正在啟動統一的「事後分析」任務...
2025-09-28 00:10:48 - [INFO] - [512280345618546699] [事後分析] 正在啟動背景分析任務...
2025-09-28 00:10:51 - [INFO] - [512280345618546699] [LLM Success] Generation successful using model 'gemini-2.5-flash-lite' with API Key #1.
2025-09-28 00:10:51 - [INFO] - [512280345618546699] [長期記憶寫入] 正在保存預生成的安全摘要...
2025-09-28 00:10:51 - [INFO] - [512280345618546699] [長期記憶寫入] 互動記錄已成功保存到 SQL 資料庫。
2025-09-28 00:10:51 - [INFO] - [512280345618546699] [長期記憶寫入] 安全摘要保存完畢。
2025-09-28 00:10:51 - [INFO] - [512280345618546699] [事後分析] 背景分析與處理任務完成。
2025-09-28 00:23:46 - [INFO] - 所有持久化 UI 視圖已成功註冊。
2025-09-28 00:23:46 - [INFO] - 正在嘗試將應用程式指令 (Slash Commands) 全域同步到 Discord...
2025-09-28 00:23:47 - [INFO] - ✅ 應用程式指令全域同步成功！(注意：全域指令更新可能需要長達一小時才能在所有伺服器生效)
2025-09-28 00:23:47 - [INFO] - Discord Bot is ready!
2025-09-28 00:23:50 - [INFO] - 【健康檢查 & Keep-Alive】背景任務已啟動。
2025-09-28 00:23:50 - [INFO] - Logged in as AI#4450 (ID: 1358417100250808531)
2025-09-28 00:23:51 - [INFO] - 已成功發送啟動成功通知給管理員。
2025-09-28 00:39:25 - [INFO] - 所有持久化 UI 視圖已成功註冊。
2025-09-28 00:39:25 - [INFO] - 正在嘗試將應用程式指令 (Slash Commands) 全域同步到 Discord...
2025-09-28 00:39:25 - [INFO] - ✅ 應用程式指令全域同步成功！(注意：全域指令更新可能需要長達一小時才能在所有伺服器生效)
2025-09-28 00:39:25 - [INFO] - Discord Bot is ready!
2025-09-28 00:39:28 - [INFO] - 【健康檢查 & Keep-Alive】背景任務已啟動。
2025-09-28 00:39:28 - [INFO] - Logged in as AI#4450 (ID: 1358417100250808531)
2025-09-28 00:39:28 - [INFO] - 已成功發送啟動成功通知給管理員。
