### AI Lover Log - Last updated at 2025-10-07T00:47:00.113024 ###

2025-10-06 23:57:50 - [INFO] - âœ… æ ¸å¿ƒ Cog (core_cog) å·²åŠ è¼‰ï¼Œä¸¦ä¸”æ‰€æœ‰æŒä¹…åŒ–è¦–åœ–å·²æˆåŠŸè¨»å†Šã€‚
2025-10-06 23:57:50 - [INFO] - âœ… æ ¸å¿ƒ Cog åŠ è¼‰æˆåŠŸã€‚
2025-10-06 23:57:50 - [INFO] - æ­£åœ¨å…¨åŸŸåŒæ­¥æ‡‰ç”¨ç¨‹å¼æŒ‡ä»¤...
2025-10-06 23:57:50 - [INFO] - âœ… æŒ‡ä»¤å·²å…¨åŸŸåŒæ­¥ï¼
2025-10-06 23:57:50 - [INFO] - Discord Bot setup hook finished!
2025-10-06 23:57:53 - [INFO] - Logged in as AI#4450 (ID: 1358417100250808531)
2025-10-06 23:57:54 - [INFO] - å·²æˆåŠŸç™¼é€å•Ÿå‹•æˆåŠŸé€šçŸ¥çµ¦ç®¡ç†å“¡ã€‚
2025-10-06 23:58:08 - [INFO] - ä½¿ç”¨è€… 512280345618546699 æ²’æœ‰æ´»èºçš„ AI å¯¦ä¾‹ï¼Œå˜—è©¦å‰µå»º...
2025-10-06 23:58:08 - [INFO] - ç‚ºä½¿ç”¨è€… 512280345618546699 æˆåŠŸå‰µå»ºä¸¦åˆå§‹åŒ– AI å¯¦ä¾‹ã€‚
2025-10-06 23:58:08 - [INFO] - [512280345618546699] æ ¸å¿ƒæ•¸æ“šæ¨¡æ¿ 'world_snapshot_template.txt' å·²æˆåŠŸåŠ è¼‰ã€‚
2025-10-06 23:58:08 - [INFO] - [512280345618546699] æ ¸å¿ƒå”è­° '00_supreme_directive.txt' å·²æˆåŠŸåŠ è¼‰ã€‚
2025-10-06 23:58:08 - [INFO] - âœ… [Embedding Loader] æª¢æ¸¬åˆ°æœ¬åœ°æ¨¡å‹è·¯å¾‘ï¼Œæ­£åœ¨å˜—è©¦å¾ 'D:\DINO\SD\ComfyUI\personal_server\ai_lover_service\models\stella-base-zh-v2' åŠ è¼‰...
2025-10-06 23:58:10 - [INFO] - âœ… [Embedding Loader] æœ¬åœ° Embedding æ¨¡å‹å¯¦ä¾‹å‰µå»ºæˆåŠŸã€‚
2025-10-06 23:58:10 - [INFO] - [512280345618546699] æ‰€æœ‰è¼•é‡ç´šå‰ç½®è³‡æºå·²æº–å‚™å°±ç·’ (RAG å‰µå»ºå·²å»¶é²)ã€‚
2025-10-06 23:58:10 - [INFO] - [512280345618546699] (Retriever Builder) æª¢æ¸¬åˆ°ç¾æœ‰ RAG ç´¢å¼•ï¼Œæ­£åœ¨åŠ è¼‰...
2025-10-06 23:58:10 - [INFO] - [512280345618546699] [RAGæŒä¹…åŒ–] æˆåŠŸå¾ç£ç¢ŸåŠ è¼‰äº† 2 æ¢æ–‡æª”åˆ° RAG èªæ–™åº«ã€‚
2025-10-06 23:58:10 - [INFO] - [512280345618546699] (Retriever Builder) âœ… æ··åˆæª¢ç´¢å™¨å·²æˆåŠŸå¾æŒä¹…åŒ–ç´¢å¼•åŠ è¼‰ã€‚
2025-10-06 23:58:10 - [INFO] - [512280345618546699] æ­£åœ¨å¾è³‡æ–™åº«æ¢å¾©çŸ­æœŸå ´æ™¯è¨˜æ†¶...
2025-10-06 23:58:10 - [INFO] - [512280345618546699] æˆåŠŸæ¢å¾©äº† 1 å€‹å ´æ™¯çš„å°è©±æ­·å²ï¼Œç¸½è¨ˆ 7 æ¢è¨Šæ¯ã€‚
2025-10-06 23:58:11 - [INFO] - [512280345618546699] å•Ÿå‹• RAG ç›´é€šå°è©±æµç¨‹...
2025-10-06 23:58:11 - [INFO] - [512280345618546699] [Direct RAG] å•ŸåŠ¨ LORE ä¼˜å…ˆçš„ RAG ç›´é€šç”Ÿæˆæµç¨‹...
2025-10-06 23:58:11 - [INFO] - [512280345618546699] [å‰ç½® LORE-1/4] æ­£åœ¨è­˜åˆ¥æ–°å¯¦é«”...
2025-10-06 23:58:12 - [INFO] - [512280345618546699] [LLM Success] Generation successful using model 'gemini-2.5-flash-lite' with API Key #0.
2025-10-06 23:58:12 - [INFO] - [512280345618546699] [å‰ç½® LORE-1/4å‚™æ´] ä½¿ç”¨ spaCy NER + å­—å…¸åŒ¹é…è¿›è¡Œå®ä½“è¯†åˆ«...
2025-10-06 23:58:12 - [INFO] - [512280345618546699] [é›™å¼•æ“å¯¦é«”æå–] æˆåŠŸæå–é«˜è³ªé‡å¯¦é«”: ['ç±³å©­', 'å‹›çˆµ']
2025-10-06 23:58:13 - [INFO] - [512280345618546699] [å‰ç½® LORE] ç„¡éœ€å‰µå»ºæˆ–æ›´æ–° LOREã€‚
2025-10-06 23:58:13 - [INFO] - [512280345618546699] [ä¸»ç”Ÿæˆ] é–‹å§‹åŸ·è¡Œå°è©±ç”Ÿæˆ...
2025-10-06 23:58:14 - [INFO] - [512280345618546699] [é›™å¼•æ“å¯¦é«”æå–] æˆåŠŸæå–é«˜è³ªé‡å¯¦é«”: ['çˆµå¾', 'æ‹±å½¢', 'ç±³å©­', 'æ³›èµ·', 'é€™æ­£', 'å°‡ç©è“„', 'æ¡è‘—', 'å‹›çˆµ', 'ç±³å©­çº–ç´°', 'è–å¥³']
2025-10-06 23:58:14 - [INFO] - [512280345618546699] [è¼¸å…¥åˆ†æ-L1] æ­£åœ¨å˜—è©¦ä½¿ç”¨ LLM é€²è¡Œèªç¾©åˆ†æ...
2025-10-06 23:58:15 - [INFO] - [512280345618546699] [LLM Success] Generation successful using model 'gemini-2.5-flash-lite' with API Key #0.
2025-10-06 23:58:15 - [INFO] - [512280345618546699] [è¼¸å…¥åˆ†æ-L1] âœ… LLM åˆ†ææˆåŠŸã€‚æå–å¯¦é«”: ['ç±³å©­', 'å‹›çˆµ']
2025-10-06 23:58:15 - [INFO] - [512280345618546699] [ä¸»ç”Ÿæˆ] æŸ¥è©¢æ“´å±•å®Œæˆï¼Œæœ€çµ‚æ ¸å¿ƒå¯¦é«”: ['DINO', 'ç±³å©­çº–ç´°', 'å°‡ç©è“„', 'çˆµå¾', 'æ‹±å½¢', 'ç±³å©­', 'é€™æ­£', 'æ³›èµ·', 'æ¡è‘—', 'å‹›çˆµ', 'è–å¥³', 'ç¢§']
2025-10-06 23:58:15 - [INFO] - [512280345618546699] [RAG åŸæ–‡ç›´é€š] æ­£åœ¨ä½¿ç”¨æŸ¥è¯¢: 'ç±³å©­æ˜¯æ¯ç•œï¼Œæœƒç«‹åˆ»èµ·èº«ç”¨å£èˆŒç‚ºå‹›çˆµæ¸…æ½”è‚‰æ£’ DINO ç±³å©­çº–ç´° å°‡ç©è“„ çˆµå¾ æ‹±å½¢ ç±³å©­ é€™æ­£ æ³›èµ· æ¡è‘— å‹›çˆµ è–å¥³ ç¢§'
2025-10-06 23:58:16 - [INFO] - [512280345618546699] [RAG åŸæ–‡ç›´é€š] æª¢ç´¢æˆåŠŸï¼Œç²å¾— 17 ä»½å€™é¸æ–‡æª”ã€‚
2025-10-06 23:58:16 - [INFO] - [512280345618546699] [RAG åŸæ–‡ç›´é€š] âœ… æˆåŠŸæ‹¼æ¥å…¨éƒ¨ 17 æ¢åŸå§‹æ–‡æª”ä½œç‚º summary_contextã€‚
2025-10-06 23:58:17 - [INFO] - [512280345618546699] [LLM Success] Generation successful using model 'gemini-2.5-flash-lite' with API Key #0.
2025-10-06 23:58:19 - [ERROR] - [512280345618546699] åœ¨ ainvoke æœŸé–“ç™¼ç”ŸæœªçŸ¥éŒ¯èª¤ (æ¨¡å‹: gemini-2.5-pro): 'int' object has no attribute 'name'
Traceback (most recent call last):
  File "D:\DINO\SD\ComfyUI\personal_server\ai_lover_service\src\ai_core.py", line 1673, in ainvoke_with_rotation
    raise BlockedPromptException(f"Prompt blocked due to {response.prompt_feedback.block_reason.name}")
AttributeError: 'int' object has no attribute 'name'
2025-10-06 23:58:19 - [ERROR] - è™•ç†ä½¿ç”¨è€… 512280345618546699 çš„ RAG ç›´é€šæµç¨‹æ™‚ç™¼ç”Ÿç•°å¸¸: 'int' object has no attribute 'name'
Traceback (most recent call last):
  File "D:\DINO\SD\ComfyUI\personal_server\ai_lover_service\src\cogs\core_cog.py", line 1303, in on_message
    final_response = await ai_instance.direct_rag_generate(user_input)
  File "D:\DINO\SD\ComfyUI\personal_server\ai_lover_service\src\ai_core.py", line 631, in direct_rag_generate
    final_response = await self.ainvoke_with_rotation(
  File "D:\DINO\SD\ComfyUI\personal_server\ai_lover_service\src\ai_core.py", line 1792, in ainvoke_with_rotation
    raise e
  File "D:\DINO\SD\ComfyUI\personal_server\ai_lover_service\src\ai_core.py", line 1673, in ainvoke_with_rotation
    raise BlockedPromptException(f"Prompt blocked due to {response.prompt_feedback.block_reason.name}")
AttributeError: 'int' object has no attribute 'name'
2025-10-07 00:01:12 - [INFO] - æ­£åœ¨åŠ è¼‰æ ¸å¿ƒ Cog (core_cog)...
2025-10-07 00:01:15 - [INFO] - âœ… æ ¸å¿ƒ Cog (core_cog) å·²åŠ è¼‰ï¼Œä¸¦ä¸”æ‰€æœ‰æŒä¹…åŒ–è¦–åœ–å·²æˆåŠŸè¨»å†Šã€‚
2025-10-07 00:01:15 - [INFO] - âœ… æ ¸å¿ƒ Cog åŠ è¼‰æˆåŠŸã€‚
2025-10-07 00:01:15 - [INFO] - æ­£åœ¨å…¨åŸŸåŒæ­¥æ‡‰ç”¨ç¨‹å¼æŒ‡ä»¤...
2025-10-07 00:01:15 - [INFO] - âœ… æŒ‡ä»¤å·²å…¨åŸŸåŒæ­¥ï¼
2025-10-07 00:01:15 - [INFO] - Discord Bot setup hook finished!
2025-10-07 00:01:18 - [INFO] - Logged in as AI#4450 (ID: 1358417100250808531)
2025-10-07 00:01:19 - [INFO] - å·²æˆåŠŸç™¼é€å•Ÿå‹•æˆåŠŸé€šçŸ¥çµ¦ç®¡ç†å“¡ã€‚
2025-10-07 00:01:20 - [INFO] - ä½¿ç”¨è€… 512280345618546699 æ²’æœ‰æ´»èºçš„ AI å¯¦ä¾‹ï¼Œå˜—è©¦å‰µå»º...
2025-10-07 00:01:20 - [INFO] - ç‚ºä½¿ç”¨è€… 512280345618546699 æˆåŠŸå‰µå»ºä¸¦åˆå§‹åŒ– AI å¯¦ä¾‹ã€‚
2025-10-07 00:01:20 - [INFO] - [512280345618546699] æ ¸å¿ƒæ•¸æ“šæ¨¡æ¿ 'world_snapshot_template.txt' å·²æˆåŠŸåŠ è¼‰ã€‚
2025-10-07 00:01:20 - [INFO] - [512280345618546699] æ ¸å¿ƒå”è­° '00_supreme_directive.txt' å·²æˆåŠŸåŠ è¼‰ã€‚
2025-10-07 00:01:20 - [INFO] - âœ… [Embedding Loader] æª¢æ¸¬åˆ°æœ¬åœ°æ¨¡å‹è·¯å¾‘ï¼Œæ­£åœ¨å˜—è©¦å¾ 'D:\DINO\SD\ComfyUI\personal_server\ai_lover_service\models\stella-base-zh-v2' åŠ è¼‰...
2025-10-07 00:01:23 - [INFO] - âœ… [Embedding Loader] æœ¬åœ° Embedding æ¨¡å‹å¯¦ä¾‹å‰µå»ºæˆåŠŸã€‚
2025-10-07 00:01:23 - [INFO] - [512280345618546699] æ‰€æœ‰è¼•é‡ç´šå‰ç½®è³‡æºå·²æº–å‚™å°±ç·’ (RAG å‰µå»ºå·²å»¶é²)ã€‚
2025-10-07 00:01:23 - [INFO] - [512280345618546699] (Retriever Builder) æª¢æ¸¬åˆ°ç¾æœ‰ RAG ç´¢å¼•ï¼Œæ­£åœ¨åŠ è¼‰...
2025-10-07 00:01:23 - [INFO] - [512280345618546699] [RAGæŒä¹…åŒ–] æˆåŠŸå¾ç£ç¢ŸåŠ è¼‰äº† 2 æ¢æ–‡æª”åˆ° RAG èªæ–™åº«ã€‚
2025-10-07 00:01:23 - [INFO] - [512280345618546699] (Retriever Builder) âœ… æ··åˆæª¢ç´¢å™¨å·²æˆåŠŸå¾æŒä¹…åŒ–ç´¢å¼•åŠ è¼‰ã€‚
2025-10-07 00:01:23 - [INFO] - [512280345618546699] æ­£åœ¨å¾è³‡æ–™åº«æ¢å¾©çŸ­æœŸå ´æ™¯è¨˜æ†¶...
2025-10-07 00:01:23 - [INFO] - [512280345618546699] æˆåŠŸæ¢å¾©äº† 1 å€‹å ´æ™¯çš„å°è©±æ­·å²ï¼Œç¸½è¨ˆ 7 æ¢è¨Šæ¯ã€‚
2025-10-07 00:01:23 - [INFO] - [512280345618546699] å•Ÿå‹• RAG ç›´é€šå°è©±æµç¨‹...
2025-10-07 00:01:23 - [INFO] - [512280345618546699] [Direct RAG] å•ŸåŠ¨ LORE ä¼˜å…ˆçš„ RAG ç›´é€šç”Ÿæˆæµç¨‹...
2025-10-07 00:01:23 - [INFO] - [512280345618546699] [å‰ç½® LORE-1/4] æ­£åœ¨è­˜åˆ¥æ–°å¯¦é«”...
2025-10-07 00:01:24 - [INFO] - [512280345618546699] [LLM Success] Generation successful using model 'gemini-2.5-flash-lite' with API Key #0.
2025-10-07 00:01:24 - [INFO] - [512280345618546699] [å‰ç½® LORE-1/4å‚™æ´] ä½¿ç”¨ spaCy NER + å­—å…¸åŒ¹é…è¿›è¡Œå®ä½“è¯†åˆ«...
2025-10-07 00:01:25 - [INFO] - [512280345618546699] [é›™å¼•æ“å¯¦é«”æå–] æˆåŠŸæå–é«˜è³ªé‡å¯¦é«”: ['å‹›çˆµ', 'ç±³å©­']
2025-10-07 00:01:25 - [INFO] - [512280345618546699] [å‰ç½® LORE] ç„¡éœ€å‰µå»ºæˆ–æ›´æ–° LOREã€‚
2025-10-07 00:01:25 - [INFO] - [512280345618546699] [ä¸»ç”Ÿæˆ] é–‹å§‹åŸ·è¡Œå°è©±ç”Ÿæˆ...
2025-10-07 00:01:26 - [INFO] - [512280345618546699] [é›™å¼•æ“å¯¦é«”æå–] æˆåŠŸæå–é«˜è³ªé‡å¯¦é«”: ['çˆµå¾', 'æ¡è‘—', 'æ‹±å½¢', 'ç±³å©­çº–ç´°', 'å‹›çˆµ', 'é€™æ­£', 'å°‡ç©è“„', 'æ³›èµ·', 'è–å¥³', 'ç±³å©­']
2025-10-07 00:01:26 - [INFO] - [512280345618546699] [è¼¸å…¥åˆ†æ-L1] æ­£åœ¨å˜—è©¦ä½¿ç”¨ LLM é€²è¡Œèªç¾©åˆ†æ...
2025-10-07 00:01:27 - [INFO] - [512280345618546699] [LLM Success] Generation successful using model 'gemini-2.5-flash-lite' with API Key #0.
2025-10-07 00:01:27 - [INFO] - [512280345618546699] [è¼¸å…¥åˆ†æ-L1] âœ… LLM åˆ†ææˆåŠŸã€‚æå–å¯¦é«”: ['ç±³å©­', 'å‹›çˆµ']
2025-10-07 00:01:27 - [INFO] - [512280345618546699] [ä¸»ç”Ÿæˆ] æŸ¥è©¢æ“´å±•å®Œæˆï¼Œæœ€çµ‚æ ¸å¿ƒå¯¦é«”: ['DINO', 'ç±³å©­çº–ç´°', 'å°‡ç©è“„', 'çˆµå¾', 'æ¡è‘—', 'æ‹±å½¢', 'å‹›çˆµ', 'é€™æ­£', 'æ³›èµ·', 'è–å¥³', 'ç±³å©­', 'ç¢§']
2025-10-07 00:01:27 - [INFO] - [512280345618546699] [RAG åŸæ–‡ç›´é€š] æ­£åœ¨ä½¿ç”¨æŸ¥è¯¢: 'ç±³å©­æ˜¯æ¯ç•œï¼Œæœƒç«‹åˆ»èµ·èº«ç”¨å£èˆŒç‚ºå‹›çˆµæ¸…æ½”è‚‰æ£’ DINO ç±³å©­çº–ç´° å°‡ç©è“„ çˆµå¾ æ¡è‘— æ‹±å½¢ å‹›çˆµ é€™æ­£ æ³›èµ· è–å¥³ ç±³å©­ ç¢§'
2025-10-07 00:01:28 - [INFO] - [512280345618546699] [RAG åŸæ–‡ç›´é€š] æª¢ç´¢æˆåŠŸï¼Œç²å¾— 17 ä»½å€™é¸æ–‡æª”ã€‚
2025-10-07 00:01:28 - [INFO] - [512280345618546699] [RAG åŸæ–‡ç›´é€š] âœ… æˆåŠŸæ‹¼æ¥å…¨éƒ¨ 17 æ¢åŸå§‹æ–‡æª”ä½œç‚º summary_contextã€‚
2025-10-07 00:01:30 - [INFO] - [512280345618546699] [LLM Success] Generation successful using model 'gemini-2.5-flash-lite' with API Key #0.
2025-10-07 00:01:31 - [WARNING] - [512280345618546699] æ¨¡å‹ 'gemini-2.5-pro' (Key #0) é­é‡å…§å®¹å¯©æŸ¥æˆ–å®‰å…¨éŒ¯èª¤: BlockedPromptExceptionã€‚
2025-10-07 00:01:31 - [WARNING] - [512280345618546699] é­é‡å¯©æŸ¥ (Prompt blocked due to 4)ã€‚å•Ÿå‹•ã€æœ€é«˜æŒ‡ä»¤é›†æ³¨å…¥ & å¼·åˆ¶ Key è¼ªæ›é‡è©¦ã€‘ç­–ç•¥...
2025-10-07 00:01:31 - [INFO] - [512280345618546699] [å¼·åˆ¶é‡è©¦] å·²æº–å‚™ 3 å€‹å‚™ç”¨ API Keys é€²è¡Œé‡è©¦ã€‚
2025-10-07 00:01:31 - [INFO] - [512280345618546699] [å¼·åˆ¶é‡è©¦ 1/3] ä½¿ç”¨ API Key #0 é€²è¡Œå˜—è©¦...
2025-10-07 00:01:33 - [WARNING] - [512280345618546699] æ¨¡å‹ 'gemini-2.5-pro' (Key #0) é­é‡å…§å®¹å¯©æŸ¥æˆ–å®‰å…¨éŒ¯èª¤: BlockedPromptExceptionã€‚
2025-10-07 00:01:33 - [WARNING] - [512280345618546699] [å¼·åˆ¶é‡è©¦ 1/3] ä½¿ç”¨ Key #0 çš„å˜—è©¦å¤±æ•—: Prompt blocked due to 4
2025-10-07 00:01:33 - [INFO] -    -> å°‡åœ¨ 0.5 ç§’å¾Œä½¿ç”¨ä¸‹ä¸€å€‹ Key é€²è¡Œå˜—è©¦...
2025-10-07 00:01:34 - [INFO] - [512280345618546699] [å¼·åˆ¶é‡è©¦ 2/3] ä½¿ç”¨ API Key #1 é€²è¡Œå˜—è©¦...
2025-10-07 00:01:36 - [WARNING] - [512280345618546699] æ¨¡å‹ 'gemini-2.5-pro' (Key #1) é­é‡å…§å®¹å¯©æŸ¥æˆ–å®‰å…¨éŒ¯èª¤: BlockedPromptExceptionã€‚
2025-10-07 00:01:36 - [WARNING] - [512280345618546699] [å¼·åˆ¶é‡è©¦ 2/3] ä½¿ç”¨ Key #1 çš„å˜—è©¦å¤±æ•—: Prompt blocked due to 4
2025-10-07 00:01:36 - [INFO] -    -> å°‡åœ¨ 1.0 ç§’å¾Œä½¿ç”¨ä¸‹ä¸€å€‹ Key é€²è¡Œå˜—è©¦...
2025-10-07 00:01:37 - [INFO] - [512280345618546699] [å¼·åˆ¶é‡è©¦ 3/3] ä½¿ç”¨ API Key #2 é€²è¡Œå˜—è©¦...
2025-10-07 00:01:39 - [WARNING] - [512280345618546699] æ¨¡å‹ 'gemini-2.5-pro' (Key #2) é­é‡å…§å®¹å¯©æŸ¥æˆ–å®‰å…¨éŒ¯èª¤: BlockedPromptExceptionã€‚
2025-10-07 00:01:39 - [WARNING] - [512280345618546699] [å¼·åˆ¶é‡è©¦ 3/3] ä½¿ç”¨ Key #2 çš„å˜—è©¦å¤±æ•—: Prompt blocked due to 4
2025-10-07 00:01:39 - [ERROR] - [512280345618546699] ã€å¼·åˆ¶ Key è¼ªæ›é‡è©¦ã€‘ç­–ç•¥åœ¨ 3 æ¬¡å˜—è©¦å¾Œæœ€çµ‚å¤±æ•—ã€‚
Traceback (most recent call last):
  File "D:\DINO\SD\ComfyUI\personal_server\ai_lover_service\src\ai_core.py", line 1680, in ainvoke_with_rotation
    raise BlockedPromptException(f"Prompt blocked due to {reason_str}")
google.generativeai.types.generation_types.BlockedPromptException: Prompt blocked due to 4

During handling of the above exception, another exception occurred:

Traceback (most recent call last):
  File "D:\DINO\SD\ComfyUI\personal_server\ai_lover_service\src\ai_core.py", line 3306, in _force_and_retry
    return await self.ainvoke_with_rotation(
  File "D:\DINO\SD\ComfyUI\personal_server\ai_lover_service\src\ai_core.py", line 1736, in ainvoke_with_rotation
    raise e
  File "D:\DINO\SD\ComfyUI\personal_server\ai_lover_service\src\ai_core.py", line 1680, in ainvoke_with_rotation
    raise BlockedPromptException(f"Prompt blocked due to {reason_str}")
google.generativeai.types.generation_types.BlockedPromptException: Prompt blocked due to 4
2025-10-07 00:01:39 - [CRITICAL] - [512280345618546699] [Direct RAG] æ ¸å¿ƒç”Ÿæˆé“¾åœ¨æ‰€æœ‰ç­–ç•¥ä¹‹å¾Œæœ€çµ‚å¤±æ•—ï¼
2025-10-07 00:01:40 - [INFO] - [512280345618546699] RAG ç›´é€šæµç¨‹åŸ·è¡Œå®Œç•¢ï¼Œå›æ‡‰å·²ç™¼é€ã€‚äº‹å¾Œå­¸ç¿’ä»»å‹™å·²åœ¨èƒŒæ™¯å•Ÿå‹•ã€‚
2025-10-07 00:01:41 - [INFO] - [512280345618546699] [äº‹å¾Œåˆ†æ] æ­£åœ¨å•Ÿå‹•èƒŒæ™¯åˆ†æèˆ‡åˆ†æµä»»å‹™...
2025-10-07 00:01:43 - [INFO] - [512280345618546699] [LLM Success] Generation successful using model 'gemini-2.5-flash-lite' with API Key #0.
2025-10-07 00:01:43 - [INFO] - [512280345618546699] [é•·æœŸè¨˜æ†¶å¯«å…¥] æ­£åœ¨ä¿å­˜é ç”Ÿæˆçš„å®‰å…¨æ‘˜è¦...
2025-10-07 00:01:43 - [INFO] - [512280345618546699] [é•·æœŸè¨˜æ†¶å¯«å…¥] äº’å‹•è¨˜éŒ„å·²æˆåŠŸä¿å­˜åˆ° SQL è³‡æ–™åº«ã€‚
2025-10-07 00:01:43 - [INFO] - [512280345618546699] [é•·æœŸè¨˜æ†¶å¯«å…¥] å®‰å…¨æ‘˜è¦ä¿å­˜å®Œç•¢ã€‚
2025-10-07 00:01:43 - [INFO] - [512280345618546699] [äº‹å¾Œåˆ†æ] æœ¬æ¬¡åˆ†ææœªæª¢æ¸¬åˆ°éœ€è¦æ›´æ–°æˆ–å‰µå»ºçš„ LOREã€‚
2025-10-07 00:01:43 - [INFO] - [512280345618546699] [äº‹å¾Œåˆ†æ] èƒŒæ™¯åˆ†æèˆ‡åˆ†æµä»»å‹™å®Œæˆã€‚
2025-10-07 00:14:35 - [INFO] - æ­£åœ¨åŠ è¼‰æ ¸å¿ƒ Cog (core_cog)...
2025-10-07 00:14:38 - [INFO] - âœ… æ ¸å¿ƒ Cog (core_cog) å·²åŠ è¼‰ï¼Œä¸¦ä¸”æ‰€æœ‰æŒä¹…åŒ–è¦–åœ–å·²æˆåŠŸè¨»å†Šã€‚
2025-10-07 00:14:38 - [INFO] - âœ… æ ¸å¿ƒ Cog åŠ è¼‰æˆåŠŸã€‚
2025-10-07 00:14:38 - [INFO] - æ­£åœ¨å…¨åŸŸåŒæ­¥æ‡‰ç”¨ç¨‹å¼æŒ‡ä»¤...
2025-10-07 00:14:39 - [INFO] - âœ… æŒ‡ä»¤å·²å…¨åŸŸåŒæ­¥ï¼
2025-10-07 00:14:39 - [INFO] - Discord Bot setup hook finished!
2025-10-07 00:14:41 - [INFO] - Logged in as AI#4450 (ID: 1358417100250808531)
2025-10-07 00:14:42 - [INFO] - å·²æˆåŠŸç™¼é€å•Ÿå‹•æˆåŠŸé€šçŸ¥çµ¦ç®¡ç†å“¡ã€‚
2025-10-07 00:14:54 - [INFO] - ä½¿ç”¨è€… 512280345618546699 æ²’æœ‰æ´»èºçš„ AI å¯¦ä¾‹ï¼Œå˜—è©¦å‰µå»º...
2025-10-07 00:14:54 - [INFO] - ç‚ºä½¿ç”¨è€… 512280345618546699 æˆåŠŸå‰µå»ºä¸¦åˆå§‹åŒ– AI å¯¦ä¾‹ã€‚
2025-10-07 00:14:54 - [INFO] - [512280345618546699] æ ¸å¿ƒæ•¸æ“šæ¨¡æ¿ 'world_snapshot_template.txt' å·²æˆåŠŸåŠ è¼‰ã€‚
2025-10-07 00:14:54 - [INFO] - [512280345618546699] æ ¸å¿ƒå”è­° '00_supreme_directive.txt' å·²æˆåŠŸåŠ è¼‰ã€‚
2025-10-07 00:14:54 - [INFO] - âœ… [Embedding Loader] æª¢æ¸¬åˆ°æœ¬åœ°æ¨¡å‹è·¯å¾‘ï¼Œæ­£åœ¨å˜—è©¦å¾ 'D:\DINO\SD\ComfyUI\personal_server\ai_lover_service\models\stella-base-zh-v2' åŠ è¼‰...
2025-10-07 00:14:56 - [INFO] - âœ… [Embedding Loader] æœ¬åœ° Embedding æ¨¡å‹å¯¦ä¾‹å‰µå»ºæˆåŠŸã€‚
2025-10-07 00:14:56 - [INFO] - [512280345618546699] æ‰€æœ‰è¼•é‡ç´šå‰ç½®è³‡æºå·²æº–å‚™å°±ç·’ (RAG å‰µå»ºå·²å»¶é²)ã€‚
2025-10-07 00:14:56 - [INFO] - [512280345618546699] (Retriever Builder) æª¢æ¸¬åˆ°ç¾æœ‰ RAG ç´¢å¼•ï¼Œæ­£åœ¨åŠ è¼‰...
2025-10-07 00:14:56 - [INFO] - [512280345618546699] [RAGæŒä¹…åŒ–] æˆåŠŸå¾ç£ç¢ŸåŠ è¼‰äº† 2 æ¢æ–‡æª”åˆ° RAG èªæ–™åº«ã€‚
2025-10-07 00:14:56 - [INFO] - [512280345618546699] (Retriever Builder) âœ… æ··åˆæª¢ç´¢å™¨å·²æˆåŠŸå¾æŒä¹…åŒ–ç´¢å¼•åŠ è¼‰ã€‚
2025-10-07 00:14:56 - [INFO] - [512280345618546699] æ­£åœ¨å¾è³‡æ–™åº«æ¢å¾©çŸ­æœŸå ´æ™¯è¨˜æ†¶...
2025-10-07 00:14:56 - [INFO] - [512280345618546699] æˆåŠŸæ¢å¾©äº† 1 å€‹å ´æ™¯çš„å°è©±æ­·å²ï¼Œç¸½è¨ˆ 9 æ¢è¨Šæ¯ã€‚
2025-10-07 00:14:57 - [INFO] - [512280345618546699] å•Ÿå‹• RAG ç›´é€šå°è©±æµç¨‹...
2025-10-07 00:14:57 - [INFO] - [512280345618546699] [Direct RAG] å•ŸåŠ¨ LORE ä¼˜å…ˆçš„ RAG ç›´é€šç”Ÿæˆæµç¨‹...
2025-10-07 00:14:57 - [INFO] - [512280345618546699] [å‰ç½® LORE-1/4] æ­£åœ¨è­˜åˆ¥æ–°å¯¦é«”...
2025-10-07 00:14:58 - [INFO] - [512280345618546699] [LLM Success] Generation successful using model 'gemini-2.5-flash-lite' with API Key #0.
2025-10-07 00:14:58 - [INFO] - [512280345618546699] [å‰ç½® LORE-1/4å‚™æ´] ä½¿ç”¨ spaCy NER + å­—å…¸åŒ¹é…è¿›è¡Œå®ä½“è¯†åˆ«...
2025-10-07 00:14:59 - [INFO] - [512280345618546699] [é›™å¼•æ“å¯¦é«”æå–] æˆåŠŸæå–é«˜è³ªé‡å¯¦é«”: ['å‹›çˆµ', 'ç±³å©­']
2025-10-07 00:14:59 - [INFO] - [512280345618546699] [å‰ç½® LORE] ç„¡éœ€å‰µå»ºæˆ–æ›´æ–° LOREã€‚
2025-10-07 00:14:59 - [INFO] - [512280345618546699] [ä¸»ç”Ÿæˆ] é–‹å§‹åŸ·è¡Œå°è©±ç”Ÿæˆ...
2025-10-07 00:15:00 - [INFO] - [512280345618546699] [é›™å¼•æ“å¯¦é«”æå–] æˆåŠŸæå–é«˜è³ªé‡å¯¦é«”: ['å‹›çˆµ', 'ç±³å©­']
2025-10-07 00:15:00 - [INFO] - [512280345618546699] [è¼¸å…¥åˆ†æ-L1] æ­£åœ¨å˜—è©¦ä½¿ç”¨ LLM é€²è¡Œèªç¾©åˆ†æ...
2025-10-07 00:15:01 - [INFO] - [512280345618546699] [LLM Success] Generation successful using model 'gemini-2.5-flash-lite' with API Key #0.
2025-10-07 00:15:01 - [INFO] - [512280345618546699] [è¼¸å…¥åˆ†æ-L1] âœ… LLM åˆ†ææˆåŠŸã€‚æå–å¯¦é«”: ['ç±³å©­', 'å‹›çˆµ']
2025-10-07 00:15:01 - [INFO] - [512280345618546699] [ä¸»ç”Ÿæˆ] æŸ¥è©¢æ“´å±•å®Œæˆï¼Œæœ€çµ‚æ ¸å¿ƒå¯¦é«”: ['DINO', 'å‹›çˆµ', 'ç±³å©­', 'ç¢§']
2025-10-07 00:15:01 - [INFO] - [512280345618546699] [RAG åŸæ–‡ç›´é€š] æ­£åœ¨ä½¿ç”¨æŸ¥è¯¢: 'ç±³å©­æ˜¯æ¯ç•œï¼Œæœƒç«‹åˆ»èµ·èº«ç”¨å£èˆŒç‚ºå‹›çˆµæ¸…æ½”è‚‰æ£’ DINO å‹›çˆµ ç±³å©­ ç¢§'
2025-10-07 00:15:02 - [INFO] - [512280345618546699] [RAG åŸæ–‡ç›´é€š] æª¢ç´¢æˆåŠŸï¼Œç²å¾— 17 ä»½å€™é¸æ–‡æª”ã€‚
2025-10-07 00:15:02 - [INFO] - [512280345618546699] [RAG åŸæ–‡ç›´é€š] âœ… æˆåŠŸæ‹¼æ¥å…¨éƒ¨ 17 æ¢åŸå§‹æ–‡æª”ä½œç‚º summary_contextã€‚
2025-10-07 00:15:02 - [INFO] - [512280345618546699] [History Summarizer] å˜—è©¦ä¸»è·¯å¾‘ï¼šéš”é›¢ç·¨ç¢¼æ‘˜è¦...
2025-10-07 00:15:03 - [INFO] - [512280345618546699] [LLM Success] Generation successful using model 'gemini-2.5-flash-lite' with API Key #0.
2025-10-07 00:15:03 - [INFO] - [512280345618546699] [History Summarizer] âœ… ä¸»è·¯å¾‘æˆåŠŸã€‚
2025-10-07 00:15:05 - [WARNING] - [512280345618546699] æ¨¡å‹ 'gemini-2.5-pro' (Key #0) é­é‡å…§å®¹å¯©æŸ¥æˆ–å®‰å…¨éŒ¯èª¤: BlockedPromptExceptionã€‚
2025-10-07 00:15:05 - [WARNING] - [512280345618546699] é­é‡å¯©æŸ¥ (Prompt blocked due to 4)ã€‚å•Ÿå‹•ã€æœ€é«˜æŒ‡ä»¤é›†æ³¨å…¥ & å¼·åˆ¶ Key è¼ªæ›é‡è©¦ã€‘ç­–ç•¥...
2025-10-07 00:15:05 - [INFO] - [512280345618546699] [å¼·åˆ¶é‡è©¦] å·²æº–å‚™ 3 å€‹å‚™ç”¨ API Keys é€²è¡Œé‡è©¦ã€‚
2025-10-07 00:15:05 - [INFO] - [512280345618546699] [å¼·åˆ¶é‡è©¦ 1/3] ä½¿ç”¨ API Key #0 é€²è¡Œå˜—è©¦...
2025-10-07 00:15:07 - [WARNING] - [512280345618546699] æ¨¡å‹ 'gemini-2.5-pro' (Key #0) é­é‡å…§å®¹å¯©æŸ¥æˆ–å®‰å…¨éŒ¯èª¤: BlockedPromptExceptionã€‚
2025-10-07 00:15:07 - [WARNING] - [512280345618546699] [å¼·åˆ¶é‡è©¦ 1/3] ä½¿ç”¨ Key #0 çš„å˜—è©¦å¤±æ•—: Prompt blocked due to 4
2025-10-07 00:15:07 - [INFO] -    -> å°‡åœ¨ 0.5 ç§’å¾Œä½¿ç”¨ä¸‹ä¸€å€‹ Key é€²è¡Œå˜—è©¦...
2025-10-07 00:15:08 - [INFO] - [512280345618546699] [å¼·åˆ¶é‡è©¦ 2/3] ä½¿ç”¨ API Key #1 é€²è¡Œå˜—è©¦...
2025-10-07 00:15:10 - [WARNING] - [512280345618546699] æ¨¡å‹ 'gemini-2.5-pro' (Key #1) é­é‡å…§å®¹å¯©æŸ¥æˆ–å®‰å…¨éŒ¯èª¤: BlockedPromptExceptionã€‚
2025-10-07 00:15:10 - [WARNING] - [512280345618546699] [å¼·åˆ¶é‡è©¦ 2/3] ä½¿ç”¨ Key #1 çš„å˜—è©¦å¤±æ•—: Prompt blocked due to 4
2025-10-07 00:15:10 - [INFO] -    -> å°‡åœ¨ 1.0 ç§’å¾Œä½¿ç”¨ä¸‹ä¸€å€‹ Key é€²è¡Œå˜—è©¦...
2025-10-07 00:15:11 - [INFO] - [512280345618546699] [å¼·åˆ¶é‡è©¦ 3/3] ä½¿ç”¨ API Key #2 é€²è¡Œå˜—è©¦...
2025-10-07 00:15:13 - [WARNING] - [512280345618546699] æ¨¡å‹ 'gemini-2.5-pro' (Key #2) é­é‡å…§å®¹å¯©æŸ¥æˆ–å®‰å…¨éŒ¯èª¤: BlockedPromptExceptionã€‚
2025-10-07 00:15:13 - [WARNING] - [512280345618546699] [å¼·åˆ¶é‡è©¦ 3/3] ä½¿ç”¨ Key #2 çš„å˜—è©¦å¤±æ•—: Prompt blocked due to 4
2025-10-07 00:15:13 - [ERROR] - [512280345618546699] ã€å¼·åˆ¶ Key è¼ªæ›é‡è©¦ã€‘ç­–ç•¥åœ¨ 3 æ¬¡å˜—è©¦å¾Œæœ€çµ‚å¤±æ•—ã€‚
Traceback (most recent call last):
  File "D:\DINO\SD\ComfyUI\personal_server\ai_lover_service\src\ai_core.py", line 1794, in ainvoke_with_rotation
    raise BlockedPromptException(f"Prompt blocked due to {reason_str}")
google.generativeai.types.generation_types.BlockedPromptException: Prompt blocked due to 4

During handling of the above exception, another exception occurred:

Traceback (most recent call last):
  File "D:\DINO\SD\ComfyUI\personal_server\ai_lover_service\src\ai_core.py", line 3420, in _force_and_retry
    return await self.ainvoke_with_rotation(
  File "D:\DINO\SD\ComfyUI\personal_server\ai_lover_service\src\ai_core.py", line 1850, in ainvoke_with_rotation
    raise e
  File "D:\DINO\SD\ComfyUI\personal_server\ai_lover_service\src\ai_core.py", line 1794, in ainvoke_with_rotation
    raise BlockedPromptException(f"Prompt blocked due to {reason_str}")
google.generativeai.types.generation_types.BlockedPromptException: Prompt blocked due to 4
2025-10-07 00:15:13 - [CRITICAL] - [512280345618546699] [Direct RAG] æ ¸å¿ƒç”Ÿæˆé“¾åœ¨æ‰€æœ‰ç­–ç•¥ä¹‹å¾Œæœ€çµ‚å¤±æ•—ï¼
2025-10-07 00:15:14 - [INFO] - [512280345618546699] RAG ç›´é€šæµç¨‹åŸ·è¡Œå®Œç•¢ï¼Œå›æ‡‰å·²ç™¼é€ã€‚äº‹å¾Œå­¸ç¿’ä»»å‹™å·²åœ¨èƒŒæ™¯å•Ÿå‹•ã€‚
2025-10-07 00:15:15 - [INFO] - [512280345618546699] [äº‹å¾Œåˆ†æ] æ­£åœ¨å•Ÿå‹•èƒŒæ™¯åˆ†æèˆ‡åˆ†æµä»»å‹™...
2025-10-07 00:15:16 - [INFO] - [512280345618546699] [LLM Success] Generation successful using model 'gemini-2.5-flash-lite' with API Key #0.
2025-10-07 00:15:16 - [INFO] - [512280345618546699] [é•·æœŸè¨˜æ†¶å¯«å…¥] æ­£åœ¨ä¿å­˜é ç”Ÿæˆçš„å®‰å…¨æ‘˜è¦...
2025-10-07 00:15:17 - [INFO] - [512280345618546699] [é•·æœŸè¨˜æ†¶å¯«å…¥] äº’å‹•è¨˜éŒ„å·²æˆåŠŸä¿å­˜åˆ° SQL è³‡æ–™åº«ã€‚
2025-10-07 00:15:17 - [INFO] - [512280345618546699] [é•·æœŸè¨˜æ†¶å¯«å…¥] å®‰å…¨æ‘˜è¦ä¿å­˜å®Œç•¢ã€‚
2025-10-07 00:15:19 - [INFO] - [512280345618546699] èƒŒæ™¯ä»»å‹™ï¼šæª¢æ¸¬åˆ° 2 æ¢ LORE æ›´æ–°ï¼Œæº–å‚™åŸ·è¡Œ...
2025-10-07 00:15:19 - [INFO] - --- [512280345618546699] (LORE Executor) é–‹å§‹ä¸²è¡ŒåŸ·è¡Œ 2 å€‹ä¿®æ­£å¾Œçš„LOREä»»åŠ¡ ---
2025-10-07 00:15:19 - [INFO] - [512280345618546699] [RAGå¢é‡æ›´æ–°] å·²æˆåŠŸ æ›´æ–° LORE 'å®…é‚¸ > ç±³å©­' åˆ° RAG ç´¢å¼•ã€‚ç•¶å‰ç¸½æ–‡æª”æ•¸: 2
2025-10-07 00:15:19 - [INFO] - [512280345618546699] [RAGå¢é‡æ›´æ–°] å·²æˆåŠŸ æ›´æ–° LORE 'å®…é‚¸ > å‹›çˆµ' åˆ° RAG ç´¢å¼•ã€‚ç•¶å‰ç¸½æ–‡æª”æ•¸: 2
2025-10-07 00:15:19 - [INFO] - --- [512280345618546699] (LORE Executor) LORE æ‰©å±•è¨ˆç•«æ‰§è¡Œå®Œæ¯• ---
2025-10-07 00:15:19 - [INFO] - [512280345618546699] èƒŒæ™¯ä»»å‹™ï¼šLOREæ›´æ–°åŸ·è¡Œå®Œç•¢ã€‚æ‘˜è¦: ä»»å‹™æˆåŠŸ: å·²æˆåŠŸæ›´æ–° NPC 'ç±³å©­' çš„æª”æ¡ˆã€‚
ä»»å‹™æˆåŠŸ: å·²æˆåŠŸæ›´æ–° NPC 'å‹›çˆµ' çš„æª”æ¡ˆã€‚
2025-10-07 00:15:19 - [INFO] - [512280345618546699] [äº‹å¾Œåˆ†æ] èƒŒæ™¯åˆ†æèˆ‡åˆ†æµä»»å‹™å®Œæˆã€‚
2025-10-07 00:28:48 - [INFO] - æ­£åœ¨åŠ è¼‰æ ¸å¿ƒ Cog (core_cog)...
2025-10-07 00:28:52 - [ERROR] - ğŸ”¥ æ ¸å¿ƒ Cog åŠ è¼‰å¤±æ•—: Extension 'src.cogs.core_cog' raised an error: NameError: name 'Union' is not defined
Traceback (most recent call last):
  File "C:\Users\USER\AppData\Local\Programs\Python\Python310\lib\site-packages\discord\ext\commands\bot.py", line 935, in _load_from_module_spec
    spec.loader.exec_module(lib)  # type: ignore
  File "<frozen importlib._bootstrap_external>", line 883, in exec_module
  File "<frozen importlib._bootstrap>", line 241, in _call_with_frames_removed
  File "D:\DINO\SD\ComfyUI\personal_server\ai_lover_service\src\cogs\core_cog.py", line 28, in <module>
    from ..ai_core import AILover, GENERATION_MODEL_PRIORITY
  File "D:\DINO\SD\ComfyUI\personal_server\ai_lover_service\src\ai_core.py", line 100, in <module>
    class AILover:
  File "D:\DINO\SD\ComfyUI\personal_server\ai_lover_service\src\ai_core.py", line 1588, in AILover
    prompt_or_messages: Union[str, List[Dict[str, Any]]], # <--- æ ¸å¿ƒæ”¹åŠ¨ï¼šæ¥å—å­—ç¬¦ä¸²æˆ–æ¶ˆæ¯åˆ—è¡¨
NameError: name 'Union' is not defined

The above exception was the direct cause of the following exception:

Traceback (most recent call last):
  File "D:\DINO\SD\ComfyUI\personal_server\ai_lover_service\src\discord_bot.py", line 41, in setup_hook
    await self.load_extension("src.cogs.core_cog")
  File "C:\Users\USER\AppData\Local\Programs\Python\Python310\lib\site-packages\discord\ext\commands\bot.py", line 1013, in load_extension
    await self._load_from_module_spec(spec, name)
  File "C:\Users\USER\AppData\Local\Programs\Python\Python310\lib\site-packages\discord\ext\commands\bot.py", line 938, in _load_from_module_spec
    raise errors.ExtensionFailed(key, e) from e
discord.ext.commands.errors.ExtensionFailed: Extension 'src.cogs.core_cog' raised an error: NameError: name 'Union' is not defined
2025-10-07 00:35:57 - [INFO] - æ­£åœ¨åŠ è¼‰æ ¸å¿ƒ Cog (core_cog)...
2025-10-07 00:36:01 - [INFO] - âœ… æ ¸å¿ƒ Cog (core_cog) å·²åŠ è¼‰ï¼Œä¸¦ä¸”æ‰€æœ‰æŒä¹…åŒ–è¦–åœ–å·²æˆåŠŸè¨»å†Šã€‚
2025-10-07 00:36:01 - [INFO] - âœ… æ ¸å¿ƒ Cog åŠ è¼‰æˆåŠŸã€‚
2025-10-07 00:36:01 - [INFO] - æ­£åœ¨å…¨åŸŸåŒæ­¥æ‡‰ç”¨ç¨‹å¼æŒ‡ä»¤...
2025-10-07 00:36:01 - [INFO] - âœ… æŒ‡ä»¤å·²å…¨åŸŸåŒæ­¥ï¼
2025-10-07 00:36:01 - [INFO] - Discord Bot setup hook finished!
2025-10-07 00:36:04 - [INFO] - Logged in as AI#4450 (ID: 1358417100250808531)
2025-10-07 00:36:05 - [INFO] - å·²æˆåŠŸç™¼é€å•Ÿå‹•æˆåŠŸé€šçŸ¥çµ¦ç®¡ç†å“¡ã€‚
2025-10-07 00:39:11 - [INFO] - ä½¿ç”¨è€… 512280345618546699 æ²’æœ‰æ´»èºçš„ AI å¯¦ä¾‹ï¼Œå˜—è©¦å‰µå»º...
2025-10-07 00:39:11 - [INFO] - ç‚ºä½¿ç”¨è€… 512280345618546699 æˆåŠŸå‰µå»ºä¸¦åˆå§‹åŒ– AI å¯¦ä¾‹ã€‚
2025-10-07 00:39:11 - [INFO] - [512280345618546699] æ ¸å¿ƒæ•¸æ“šæ¨¡æ¿ 'world_snapshot_template.txt' å·²æˆåŠŸåŠ è¼‰ã€‚
2025-10-07 00:39:11 - [INFO] - [512280345618546699] æ ¸å¿ƒå”è­° '00_supreme_directive.txt' å·²æˆåŠŸåŠ è¼‰ã€‚
2025-10-07 00:39:11 - [INFO] - âœ… [Embedding Loader] æª¢æ¸¬åˆ°æœ¬åœ°æ¨¡å‹è·¯å¾‘ï¼Œæ­£åœ¨å˜—è©¦å¾ 'D:\DINO\SD\ComfyUI\personal_server\ai_lover_service\models\stella-base-zh-v2' åŠ è¼‰...
2025-10-07 00:39:13 - [INFO] - âœ… [Embedding Loader] æœ¬åœ° Embedding æ¨¡å‹å¯¦ä¾‹å‰µå»ºæˆåŠŸã€‚
2025-10-07 00:39:13 - [INFO] - [512280345618546699] æ‰€æœ‰è¼•é‡ç´šå‰ç½®è³‡æºå·²æº–å‚™å°±ç·’ (RAG å‰µå»ºå·²å»¶é²)ã€‚
2025-10-07 00:39:13 - [INFO] - [512280345618546699] (Retriever Builder) æª¢æ¸¬åˆ°ç¾æœ‰ RAG ç´¢å¼•ï¼Œæ­£åœ¨åŠ è¼‰...
2025-10-07 00:39:14 - [INFO] - [512280345618546699] [RAGæŒä¹…åŒ–] æˆåŠŸå¾ç£ç¢ŸåŠ è¼‰äº† 2 æ¢æ–‡æª”åˆ° RAG èªæ–™åº«ã€‚
2025-10-07 00:39:14 - [INFO] - [512280345618546699] (Retriever Builder) âœ… æ··åˆæª¢ç´¢å™¨å·²æˆåŠŸå¾æŒä¹…åŒ–ç´¢å¼•åŠ è¼‰ã€‚
2025-10-07 00:39:14 - [INFO] - [512280345618546699] æ­£åœ¨å¾è³‡æ–™åº«æ¢å¾©çŸ­æœŸå ´æ™¯è¨˜æ†¶...
2025-10-07 00:39:14 - [INFO] - [512280345618546699] æˆåŠŸæ¢å¾©äº† 1 å€‹å ´æ™¯çš„å°è©±æ­·å²ï¼Œç¸½è¨ˆ 11 æ¢è¨Šæ¯ã€‚
2025-10-07 00:39:14 - [INFO] - [512280345618546699] å•Ÿå‹• RAG ç›´é€šå°è©±æµç¨‹...
2025-10-07 00:39:14 - [INFO] - [512280345618546699] [Direct RAG] å•ŸåŠ¨ LORE ä¼˜å…ˆçš„ RAG ç›´é€šç”Ÿæˆæµç¨‹...
2025-10-07 00:39:14 - [INFO] - [512280345618546699] [å‰ç½® LORE-1/5] æ­£åœ¨é€²è¡Œæ„åœ–åˆ†é¡...
2025-10-07 00:39:15 - [INFO] - [512280345618546699] [LLM Success] Generation successful using model 'gemini-2.5-flash-lite' with API Key #0.
2025-10-07 00:39:16 - [INFO] - [512280345618546699] [å‰ç½® LORE-2/5] æ­£åœ¨åŸ·è¡Œæ„åœ–é©…å‹•çš„å ´æ™¯é¸è§’...
2025-10-07 00:39:17 - [INFO] - [512280345618546699] [LLM Success] Generation successful using model 'gemini-2.5-flash-lite' with API Key #0.
2025-10-07 00:39:18 - [INFO] - [512280345618546699] [LLM Success] Generation successful using model 'gemini-2.5-flash-lite' with API Key #0.
2025-10-07 00:39:18 - [INFO] - [512280345618546699] [å‰ç½® LORE] ç„¡éœ€å‰µå»ºæˆ–æ›´æ–° LOREã€‚
2025-10-07 00:39:18 - [INFO] - [512280345618546699] [ä¸»ç”Ÿæˆ] é–‹å§‹æ§‹å»ºçµæ§‹åŒ–çš„æ¶ˆæ¯åˆ—è¡¨...
2025-10-07 00:39:18 - [INFO] - [512280345618546699] [é›™å¼•æ“å¯¦é«”æå–] æˆåŠŸæå–é«˜è³ªé‡å¯¦é«”: ['å‹›çˆµ', 'ç±³å©­']
2025-10-07 00:39:19 - [INFO] - [512280345618546699] [RAG åŸæ–‡ç›´é€š] æ­£åœ¨ä½¿ç”¨æŸ¥è¯¢: 'ç±³å©­æ˜¯æ¯ç•œï¼Œæœƒç«‹åˆ»èµ·èº«ç”¨å£èˆŒç‚ºå‹›çˆµæ¸…æ½”è‚‰æ£’ å‹›çˆµ ç¢§ ç±³å©­ DINO'
2025-10-07 00:39:20 - [INFO] - [512280345618546699] [RAG åŸæ–‡ç›´é€š] æª¢ç´¢æˆåŠŸï¼Œç²å¾— 17 ä»½å€™é¸æ–‡æª”ã€‚
2025-10-07 00:39:20 - [INFO] - [512280345618546699] [RAG åŸæ–‡ç›´é€š] âœ… æˆåŠŸæ‹¼æ¥å…¨éƒ¨ 17 æ¢åŸå§‹æ–‡æª”ä½œç‚º summary_contextã€‚
2025-10-07 00:39:20 - [INFO] - [512280345618546699] [History Summarizer] å˜—è©¦ä¸»è·¯å¾‘ï¼šæ–‡å­¸åŒ–æ‘˜è¦...
2025-10-07 00:39:21 - [INFO] - [512280345618546699] [LLM Success] Generation successful using model 'gemini-2.5-flash-lite' with API Key #0.
2025-10-07 00:39:21 - [INFO] - [512280345618546699] [History Summarizer] âœ… ä¸»è·¯å¾‘æˆåŠŸã€‚
2025-10-07 00:39:54 - [INFO] - [512280345618546699] [LLM Success] Generation successful using model 'gemini-2.5-pro' with API Key #0.
2025-10-07 00:39:56 - [INFO] - [512280345618546699] RAG ç›´é€šæµç¨‹åŸ·è¡Œå®Œç•¢ï¼Œå›æ‡‰å·²ç™¼é€ã€‚äº‹å¾Œå­¸ç¿’ä»»å‹™å·²åœ¨èƒŒæ™¯å•Ÿå‹•ã€‚
2025-10-07 00:39:57 - [INFO] - [512280345618546699] [äº‹å¾Œåˆ†æ] æ­£åœ¨å•Ÿå‹•èƒŒæ™¯åˆ†æèˆ‡åˆ†æµä»»å‹™...
2025-10-07 00:39:59 - [INFO] - [512280345618546699] [LLM Success] Generation successful using model 'gemini-2.5-flash-lite' with API Key #0.
2025-10-07 00:39:59 - [INFO] - [512280345618546699] [é•·æœŸè¨˜æ†¶å¯«å…¥] æ­£åœ¨ä¿å­˜é ç”Ÿæˆçš„å®‰å…¨æ‘˜è¦...
2025-10-07 00:39:59 - [INFO] - [512280345618546699] [é•·æœŸè¨˜æ†¶å¯«å…¥] äº’å‹•è¨˜éŒ„å·²æˆåŠŸä¿å­˜åˆ° SQL è³‡æ–™åº«ã€‚
2025-10-07 00:39:59 - [INFO] - [512280345618546699] [é•·æœŸè¨˜æ†¶å¯«å…¥] å®‰å…¨æ‘˜è¦ä¿å­˜å®Œç•¢ã€‚
2025-10-07 00:40:01 - [INFO] - [512280345618546699] èƒŒæ™¯ä»»å‹™ï¼šæª¢æ¸¬åˆ° 2 æ¢ LORE æ›´æ–°ï¼Œæº–å‚™åŸ·è¡Œ...
2025-10-07 00:40:01 - [INFO] - --- [512280345618546699] (LORE Executor) é–‹å§‹ä¸²è¡ŒåŸ·è¡Œ 2 å€‹ä¿®æ­£å¾Œçš„LOREä»»åŠ¡ ---
2025-10-07 00:40:01 - [WARNING] - [512280345618546699] [æŠ—å¹»è¦º] æª¢æ¸¬åˆ°å°ä¸å­˜åœ¨å¯¦é«” 'ç±³å©­' çš„æ›´æ–°ã€‚å•Ÿå‹•äº‹å¯¦æŸ¥æ ¸...
2025-10-07 00:40:02 - [INFO] - [512280345618546699] [LLM Success] Generation successful using model 'gemini-2.5-flash-lite' with API Key #0.
2025-10-07 00:40:02 - [INFO] - [512280345618546699] [æŠ—å¹»è¦º] äº‹å¯¦æŸ¥æ ¸è£å®šç‚º CREATEã€‚æ­£åœ¨å‰µå»ºæ–°çš„ LORE...
2025-10-07 00:40:02 - [WARNING] - [512280345618546699] [æŠ—å¹»è¦º] æª¢æ¸¬åˆ°å°ä¸å­˜åœ¨å¯¦é«” 'å‹›çˆµ' çš„æ›´æ–°ã€‚å•Ÿå‹•äº‹å¯¦æŸ¥æ ¸...
2025-10-07 00:40:03 - [INFO] - [512280345618546699] [LLM Success] Generation successful using model 'gemini-2.5-flash-lite' with API Key #0.
2025-10-07 00:40:03 - [INFO] - [512280345618546699] [æŠ—å¹»è¦º] äº‹å¯¦æŸ¥æ ¸è£å®šç‚º MERGEã€‚æ­£åœ¨åˆä½µåˆ° 'å®…é‚¸ > å‹›çˆµ'...
2025-10-07 00:40:04 - [INFO] - --- [512280345618546699] (LORE Executor) LORE æ‰©å±•è¨ˆç•«æ‰§è¡Œå®Œæ¯• ---
2025-10-07 00:40:04 - [INFO] - [512280345618546699] èƒŒæ™¯ä»»å‹™ï¼šLOREæ›´æ–°åŸ·è¡Œå®Œç•¢ã€‚æ‘˜è¦: ä»»å‹™æˆåŠŸ (ä¿®æ­£å¾Œå‰µå»º): å·²ç‚ºæ–°å¯¦é«” 'ç±³å©­' å‰µå»ºæª”æ¡ˆã€‚
ä»»å‹™æˆåŠŸ (ä¿®æ­£å¾Œåˆä½µ): å·²å°‡ä¿¡æ¯åˆä½µåˆ° 'å®…é‚¸ > å‹›çˆµ'ã€‚
2025-10-07 00:40:04 - [INFO] - [512280345618546699] [äº‹å¾Œåˆ†æ] èƒŒæ™¯åˆ†æèˆ‡åˆ†æµä»»å‹™å®Œæˆã€‚
2025-10-07 00:46:45 - [INFO] - æ­£åœ¨åŠ è¼‰æ ¸å¿ƒ Cog (core_cog)...
2025-10-07 00:46:49 - [INFO] - âœ… æ ¸å¿ƒ Cog (core_cog) å·²åŠ è¼‰ï¼Œä¸¦ä¸”æ‰€æœ‰æŒä¹…åŒ–è¦–åœ–å·²æˆåŠŸè¨»å†Šã€‚
2025-10-07 00:46:49 - [INFO] - âœ… æ ¸å¿ƒ Cog åŠ è¼‰æˆåŠŸã€‚
2025-10-07 00:46:49 - [INFO] - æ­£åœ¨å…¨åŸŸåŒæ­¥æ‡‰ç”¨ç¨‹å¼æŒ‡ä»¤...
2025-10-07 00:46:49 - [INFO] - âœ… æŒ‡ä»¤å·²å…¨åŸŸåŒæ­¥ï¼
2025-10-07 00:46:49 - [INFO] - Discord Bot setup hook finished!
2025-10-07 00:46:52 - [INFO] - Logged in as AI#4450 (ID: 1358417100250808531)
2025-10-07 00:46:53 - [INFO] - å·²æˆåŠŸç™¼é€å•Ÿå‹•æˆåŠŸé€šçŸ¥çµ¦ç®¡ç†å“¡ã€‚
